[INFO] 
NOTE: Maven is executing in offline mode. Any artifacts not already in your local
repository will be inaccessible.

[INFO] Scanning for projects...
[INFO] Reactor build order: 
[INFO]   Nuxeo Services Parent
[INFO]   Nuxeo Platform API
[INFO]   Nuxeo Platform Base
[INFO]   Nuxeo Actions Service - Core
[INFO]   Nuxeo CommandLine executor service
[INFO]   Nuxeo Platform directory service parent
[INFO]   Nuxeo Directory Management Service - API
[INFO]   Nuxeo Directory Management Service - Core
[INFO]   Nuxeo Directory - SQL Storage
[INFO]   Nuxeo Directory Management Service - Types contribution
[INFO]   Nuxeo Directory - Facade
[INFO]   Nuxeo Directory - LDAP Storage
[INFO]   Nuxeo Directory - Multi-Directory Storage
[INFO]   Nuxeo Directory Management Service - Web
[INFO]   Nuxeo Dublin Core Support
[INFO]   Nuxeo MimeType Service - API
[INFO]   Nuxeo Platform File Manager API
[INFO]   Nuxeo Search Service - API
[INFO]   Nuxeo Versioning Service - API
[INFO]   Nuxeo Forms Layout API
[INFO]   Nuxeo Content Types Service - API
[INFO]   Nuxeo MimeType Service - Core
[INFO]   Nuxeo Content Types Service - Core
[INFO]   Nuxeo Content Template Managager
[INFO]   Nuxeo EP Versioning Service Core
[INFO]   Nuxeo Platform File Manager
[INFO]   Nuxeo Platform File Manager Core Listener
[INFO]   Nuxeo Lock Service - API
[INFO]   Nuxeo Lock Service - Core and service implementation
[INFO]   Nuxeo User Manager - Api
[INFO]   Nuxeo Login Manager
[INFO]   Nuxeo URL Service - API
[INFO]   Nuxeo Common Web Framework
[INFO]   Nuxeo Scheduler - Core
[INFO]   Nuxeo User Manager - Core
[INFO]   Nuxeo Platform Management
[INFO]   Nuxeo HeartBeat Service - API
[INFO]   Nuxeo Heartbeat Service - Core Implementation
[INFO]   Nuxeo Platform EL
[INFO]   Nuxeo Conversion Platform service
[INFO]   Nuxeo Search Service - Core
[INFO]   Nuxeo Rendering Service
[INFO]   Nuxeo URL Service - Core
[INFO]   Nuxeo Platform API Tests
[INFO]   Nuxeo Search Service - Facade
[INFO]   Nuxeo Core Search Backend
[INFO]   Nuxeo Search Service Tests
[INFO]   Nuxeo Platform File Manager Facade
[INFO]   Nuxeo Login Manager JBoss extension
[INFO]   Nuxeo JbossSX Web Authentication
[INFO]   Nuxeo MimeType Service - Facade
[INFO]   Nuxeo Placeful Configuration Service - API
[INFO]   Nuxeo Placeful Configuration Service - Core
[INFO]   Nuxeo Placeful Configuration Service - Facade
[INFO]   Nuxeo Placeful Configuration Service - Theme
[INFO]   Nuxeo Content Types Service - Facade
[INFO]   Nuxeo UID Generator Service
[INFO]   Nuxeo URL Service - Facade
[INFO]   Nuxeo User Manager - Facade
[INFO]   Nuxeo Platform WebService
[INFO]   Nuxeo HTML Sanitizer Service
[INFO]   Nuxeo Shell Base Commands
[INFO]   Nuxeo Platform Test Framework
[INFO] ------------------------------------------------------------------------
[INFO] Building Nuxeo Services Parent
[INFO]    task-segment: [clean, install]
[INFO] ------------------------------------------------------------------------
[INFO] [clean:clean {execution: default-clean}]
[INFO] [buildnumber:create {execution: default}]
[INFO] Storing buildNumber: 20100722-082913 at timestamp: 1279780153348
[INFO] [nuxeo:eclipse-version {execution: eclipsize-version}]
[INFO] eclipseVersion:5.3.2.-APG-240-SNAPSHOT
[INFO] [site:attach-descriptor {execution: default-attach-descriptor}]
[INFO] Preparing source:jar
[WARNING] Removing: jar from forked lifecycle, to prevent recursive invocation.
[INFO] [buildnumber:create {execution: default}]
[INFO] Storing buildNumber: 20100722-082916 at timestamp: 1279780156993
[INFO] [source:jar {execution: attach-sources}]
[INFO] [install:install {execution: default-install}]
[INFO] Installing /usr/local/src/org.nuxeo.tests/nuxeo-service/pom.xml to /home/matic/.m2/repository/org/nuxeo/ecm/platform/nuxeo-services-parent/5.3.2-APG-240-SNAPSHOT/nuxeo-services-parent-5.3.2-APG-240-SNAPSHOT.pom
[INFO] ------------------------------------------------------------------------
[INFO] Building Nuxeo Platform API
[INFO]    task-segment: [clean, install]
[INFO] ------------------------------------------------------------------------
[INFO] [clean:clean {execution: default-clean}]
[INFO] Deleting /usr/local/src/org.nuxeo.tests/nuxeo-service/nuxeo-platform-api/target
[INFO] [buildnumber:create {execution: default}]
[INFO] Storing buildNumber: 20100722-082917 at timestamp: 1279780157294
[INFO] [nuxeo:eclipse-version {execution: eclipsize-version}]
[INFO] eclipseVersion:5.3.2.-APG-240-SNAPSHOT
[INFO] [resources:resources {execution: default-resources}]
[INFO] Using 'UTF-8' encoding to copy filtered resources.
[INFO] Copying 3 resources
[INFO] [compiler:compile {execution: default-compile}]
[INFO] Compiling 17 source files to /usr/local/src/org.nuxeo.tests/nuxeo-service/nuxeo-platform-api/target/classes
[INFO] [resources:testResources {execution: default-testResources}]
[INFO] Using 'UTF-8' encoding to copy filtered resources.
[INFO] skip non existing resourceDirectory /usr/local/src/org.nuxeo.tests/nuxeo-service/nuxeo-platform-api/src/test/resources
[INFO] [compiler:testCompile {execution: default-testCompile}]
[INFO] No sources to compile
[INFO] [surefire:test {execution: default-test}]
[INFO] No tests to run.
[INFO] [jar:jar {execution: default-jar}]
[INFO] Building jar: /usr/local/src/org.nuxeo.tests/nuxeo-service/nuxeo-platform-api/target/nuxeo-platform-api-5.3.2-APG-240-SNAPSHOT.jar
[INFO] Preparing source:jar
[WARNING] Removing: jar from forked lifecycle, to prevent recursive invocation.
[INFO] [buildnumber:create {execution: default}]
[INFO] Storing buildNumber: 20100722-082920 at timestamp: 1279780160861
[INFO] [source:jar {execution: attach-sources}]
[INFO] Building jar: /usr/local/src/org.nuxeo.tests/nuxeo-service/nuxeo-platform-api/target/nuxeo-platform-api-5.3.2-APG-240-SNAPSHOT-sources.jar
[INFO] [install:install {execution: default-install}]
[INFO] Installing /usr/local/src/org.nuxeo.tests/nuxeo-service/nuxeo-platform-api/target/nuxeo-platform-api-5.3.2-APG-240-SNAPSHOT.jar to /home/matic/.m2/repository/org/nuxeo/ecm/platform/nuxeo-platform-api/5.3.2-APG-240-SNAPSHOT/nuxeo-platform-api-5.3.2-APG-240-SNAPSHOT.jar
[INFO] Installing /usr/local/src/org.nuxeo.tests/nuxeo-service/nuxeo-platform-api/target/nuxeo-platform-api-5.3.2-APG-240-SNAPSHOT-sources.jar to /home/matic/.m2/repository/org/nuxeo/ecm/platform/nuxeo-platform-api/5.3.2-APG-240-SNAPSHOT/nuxeo-platform-api-5.3.2-APG-240-SNAPSHOT-sources.jar
[INFO] ------------------------------------------------------------------------
[INFO] Building Nuxeo Platform Base
[INFO]    task-segment: [clean, install]
[INFO] ------------------------------------------------------------------------
[INFO] [clean:clean {execution: default-clean}]
[INFO] Deleting /usr/local/src/org.nuxeo.tests/nuxeo-service/nuxeo-platform/target
[INFO] [buildnumber:create {execution: default}]
[INFO] Storing buildNumber: 20100722-082920 at timestamp: 1279780160981
[INFO] [nuxeo:eclipse-version {execution: eclipsize-version}]
[INFO] eclipseVersion:5.3.2.-APG-240-SNAPSHOT
[INFO] [resources:resources {execution: default-resources}]
[INFO] Using 'UTF-8' encoding to copy filtered resources.
[INFO] Copying 7 resources
[INFO] [compiler:compile {execution: default-compile}]
[INFO] Compiling 15 source files to /usr/local/src/org.nuxeo.tests/nuxeo-service/nuxeo-platform/target/classes
[INFO] [resources:testResources {execution: default-testResources}]
[INFO] Using 'UTF-8' encoding to copy filtered resources.
[INFO] skip non existing resourceDirectory /usr/local/src/org.nuxeo.tests/nuxeo-service/nuxeo-platform/src/test/resources
[INFO] [compiler:testCompile {execution: default-testCompile}]
[INFO] No sources to compile
[INFO] [surefire:test {execution: default-test}]
[INFO] No tests to run.
[INFO] [jar:jar {execution: default-jar}]
[INFO] Building jar: /usr/local/src/org.nuxeo.tests/nuxeo-service/nuxeo-platform/target/nuxeo-platform-5.3.2-APG-240-SNAPSHOT.jar
[INFO] Preparing source:jar
[WARNING] Removing: jar from forked lifecycle, to prevent recursive invocation.
[INFO] [buildnumber:create {execution: default}]
[INFO] Storing buildNumber: 20100722-082923 at timestamp: 1279780163462
[INFO] [source:jar {execution: attach-sources}]
[INFO] Building jar: /usr/local/src/org.nuxeo.tests/nuxeo-service/nuxeo-platform/target/nuxeo-platform-5.3.2-APG-240-SNAPSHOT-sources.jar
[INFO] [install:install {execution: default-install}]
[INFO] Installing /usr/local/src/org.nuxeo.tests/nuxeo-service/nuxeo-platform/target/nuxeo-platform-5.3.2-APG-240-SNAPSHOT.jar to /home/matic/.m2/repository/org/nuxeo/ecm/platform/nuxeo-platform/5.3.2-APG-240-SNAPSHOT/nuxeo-platform-5.3.2-APG-240-SNAPSHOT.jar
[INFO] Installing /usr/local/src/org.nuxeo.tests/nuxeo-service/nuxeo-platform/target/nuxeo-platform-5.3.2-APG-240-SNAPSHOT-sources.jar to /home/matic/.m2/repository/org/nuxeo/ecm/platform/nuxeo-platform/5.3.2-APG-240-SNAPSHOT/nuxeo-platform-5.3.2-APG-240-SNAPSHOT-sources.jar
[INFO] ------------------------------------------------------------------------
[INFO] Building Nuxeo Actions Service - Core
[INFO]    task-segment: [clean, install]
[INFO] ------------------------------------------------------------------------
[INFO] [clean:clean {execution: default-clean}]
[INFO] Deleting /usr/local/src/org.nuxeo.tests/nuxeo-service/nuxeo-platform-actions-core/target
[INFO] [buildnumber:create {execution: default}]
[INFO] Storing buildNumber: 20100722-082923 at timestamp: 1279780163498
[INFO] [nuxeo:eclipse-version {execution: eclipsize-version}]
[INFO] eclipseVersion:5.3.2.-APG-240-SNAPSHOT
[INFO] [resources:resources {execution: default-resources}]
[INFO] Using 'UTF-8' encoding to copy filtered resources.
[INFO] Copying 3 resources
[INFO] [compiler:compile {execution: default-compile}]
[INFO] Compiling 15 source files to /usr/local/src/org.nuxeo.tests/nuxeo-service/nuxeo-platform-actions-core/target/classes
[INFO] [resources:testResources {execution: default-testResources}]
[INFO] Using 'UTF-8' encoding to copy filtered resources.
[INFO] Copying 7 resources
[INFO] [compiler:testCompile {execution: default-testCompile}]
[INFO] Compiling 4 source files to /usr/local/src/org.nuxeo.tests/nuxeo-service/nuxeo-platform-actions-core/target/test-classes
[INFO] [surefire:test {execution: default-test}]
[INFO] Surefire report directory: /usr/local/src/org.nuxeo.tests/nuxeo-service/nuxeo-platform-actions-core/target/surefire-reports

-------------------------------------------------------
 T E S T S
-------------------------------------------------------
Running org.nuxeo.ecm.platform.actions.TestActionFilter
08:29:28,058 ERROR [DefaultActionFilter] evaluation of condition foo failed: returning false
Tests run: 14, Failures: 0, Errors: 0, Skipped: 0, Time elapsed: 1.913 sec
Running org.nuxeo.ecm.platform.actions.TestAction
Tests run: 6, Failures: 0, Errors: 0, Skipped: 0, Time elapsed: 0.47 sec

Results :

Tests run: 20, Failures: 0, Errors: 0, Skipped: 0

[INFO] [jar:jar {execution: default-jar}]
[INFO] Building jar: /usr/local/src/org.nuxeo.tests/nuxeo-service/nuxeo-platform-actions-core/target/nuxeo-platform-actions-core-5.3.2-APG-240-SNAPSHOT.jar
[INFO] Preparing source:jar
[WARNING] Removing: jar from forked lifecycle, to prevent recursive invocation.
[INFO] [buildnumber:create {execution: default}]
[INFO] Storing buildNumber: 20100722-082929 at timestamp: 1279780169865
[INFO] [source:jar {execution: attach-sources}]
[INFO] Building jar: /usr/local/src/org.nuxeo.tests/nuxeo-service/nuxeo-platform-actions-core/target/nuxeo-platform-actions-core-5.3.2-APG-240-SNAPSHOT-sources.jar
[INFO] [install:install {execution: default-install}]
[INFO] Installing /usr/local/src/org.nuxeo.tests/nuxeo-service/nuxeo-platform-actions-core/target/nuxeo-platform-actions-core-5.3.2-APG-240-SNAPSHOT.jar to /home/matic/.m2/repository/org/nuxeo/ecm/platform/nuxeo-platform-actions-core/5.3.2-APG-240-SNAPSHOT/nuxeo-platform-actions-core-5.3.2-APG-240-SNAPSHOT.jar
[INFO] Installing /usr/local/src/org.nuxeo.tests/nuxeo-service/nuxeo-platform-actions-core/target/nuxeo-platform-actions-core-5.3.2-APG-240-SNAPSHOT-sources.jar to /home/matic/.m2/repository/org/nuxeo/ecm/platform/nuxeo-platform-actions-core/5.3.2-APG-240-SNAPSHOT/nuxeo-platform-actions-core-5.3.2-APG-240-SNAPSHOT-sources.jar
[INFO] ------------------------------------------------------------------------
[INFO] Building Nuxeo CommandLine executor service
[INFO]    task-segment: [clean, install]
[INFO] ------------------------------------------------------------------------
[INFO] [clean:clean {execution: default-clean}]
[INFO] Deleting /usr/local/src/org.nuxeo.tests/nuxeo-service/nuxeo-platform-commandline-executor/target
[INFO] [buildnumber:create {execution: default}]
[INFO] Storing buildNumber: 20100722-082929 at timestamp: 1279780169939
[INFO] [nuxeo:eclipse-version {execution: eclipsize-version}]
[INFO] eclipseVersion:5.3.2.-APG-240-SNAPSHOT
[INFO] [resources:resources {execution: default-resources}]
[INFO] Using 'UTF-8' encoding to copy filtered resources.
[INFO] Copying 8 resources
[INFO] [compiler:compile {execution: default-compile}]
[INFO] Compiling 15 source files to /usr/local/src/org.nuxeo.tests/nuxeo-service/nuxeo-platform-commandline-executor/target/classes
[INFO] [resources:testResources {execution: default-testResources}]
[INFO] Using 'UTF-8' encoding to copy filtered resources.
[INFO] Copying 2 resources
[INFO] [compiler:testCompile {execution: default-testCompile}]
[INFO] Compiling 4 source files to /usr/local/src/org.nuxeo.tests/nuxeo-service/nuxeo-platform-commandline-executor/target/test-classes
[INFO] [surefire:test {execution: default-test}]
[INFO] Surefire report directory: /usr/local/src/org.nuxeo.tests/nuxeo-service/nuxeo-platform-commandline-executor/target/surefire-reports

-------------------------------------------------------
 T E S T S
-------------------------------------------------------
Running org.nuxeo.ecm.platform.commandline.executor.tests.TestService
Tests run: 4, Failures: 0, Errors: 0, Skipped: 0, Time elapsed: 1.053 sec
Running org.nuxeo.ecm.platform.commandline.executor.tests.TestCommands
Tests run: 1, Failures: 0, Errors: 0, Skipped: 0, Time elapsed: 0.124 sec

Results :

Tests run: 5, Failures: 0, Errors: 0, Skipped: 0

[INFO] [jar:jar {execution: default-jar}]
[INFO] Building jar: /usr/local/src/org.nuxeo.tests/nuxeo-service/nuxeo-platform-commandline-executor/target/nuxeo-platform-commandline-executor-5.3.2-APG-240-SNAPSHOT.jar
[INFO] Preparing source:jar
[WARNING] Removing: jar from forked lifecycle, to prevent recursive invocation.
[INFO] [buildnumber:create {execution: default}]
[INFO] Storing buildNumber: 20100722-082934 at timestamp: 1279780174282
[INFO] [source:jar {execution: attach-sources}]
[INFO] Building jar: /usr/local/src/org.nuxeo.tests/nuxeo-service/nuxeo-platform-commandline-executor/target/nuxeo-platform-commandline-executor-5.3.2-APG-240-SNAPSHOT-sources.jar
[INFO] [install:install {execution: default-install}]
[INFO] Installing /usr/local/src/org.nuxeo.tests/nuxeo-service/nuxeo-platform-commandline-executor/target/nuxeo-platform-commandline-executor-5.3.2-APG-240-SNAPSHOT.jar to /home/matic/.m2/repository/org/nuxeo/ecm/platform/nuxeo-platform-commandline-executor/5.3.2-APG-240-SNAPSHOT/nuxeo-platform-commandline-executor-5.3.2-APG-240-SNAPSHOT.jar
[INFO] Installing /usr/local/src/org.nuxeo.tests/nuxeo-service/nuxeo-platform-commandline-executor/target/nuxeo-platform-commandline-executor-5.3.2-APG-240-SNAPSHOT-sources.jar to /home/matic/.m2/repository/org/nuxeo/ecm/platform/nuxeo-platform-commandline-executor/5.3.2-APG-240-SNAPSHOT/nuxeo-platform-commandline-executor-5.3.2-APG-240-SNAPSHOT-sources.jar
[INFO] ------------------------------------------------------------------------
[INFO] Building Nuxeo Platform directory service parent
[INFO]    task-segment: [clean, install]
[INFO] ------------------------------------------------------------------------
[INFO] [clean:clean {execution: default-clean}]
[INFO] [buildnumber:create {execution: default}]
[INFO] Storing buildNumber: 20100722-082934 at timestamp: 1279780174332
[INFO] [nuxeo:eclipse-version {execution: eclipsize-version}]
[INFO] eclipseVersion:5.3.2.-APG-240-SNAPSHOT
[INFO] [site:attach-descriptor {execution: default-attach-descriptor}]
[INFO] Preparing source:jar
[WARNING] Removing: jar from forked lifecycle, to prevent recursive invocation.
[INFO] [buildnumber:create {execution: default}]
[INFO] Storing buildNumber: 20100722-082934 at timestamp: 1279780174404
[INFO] [source:jar {execution: attach-sources}]
[INFO] [install:install {execution: default-install}]
[INFO] Installing /usr/local/src/org.nuxeo.tests/nuxeo-service/nuxeo-platform-directory/pom.xml to /home/matic/.m2/repository/org/nuxeo/ecm/platform/nuxeo-platform-directory-parent/5.3.2-APG-240-SNAPSHOT/nuxeo-platform-directory-parent-5.3.2-APG-240-SNAPSHOT.pom
[INFO] ------------------------------------------------------------------------
[INFO] Building Nuxeo Directory Management Service - API
[INFO]    task-segment: [clean, install]
[INFO] ------------------------------------------------------------------------
[INFO] [clean:clean {execution: default-clean}]
[INFO] Deleting /usr/local/src/org.nuxeo.tests/nuxeo-service/nuxeo-platform-directory/nuxeo-platform-directory-api/target
[INFO] [buildnumber:create {execution: default}]
[INFO] Storing buildNumber: 20100722-082934 at timestamp: 1279780174437
[INFO] [nuxeo:eclipse-version {execution: eclipsize-version}]
[INFO] eclipseVersion:5.3.2.-APG-240-SNAPSHOT
[INFO] [resources:resources {execution: default-resources}]
[INFO] Using 'UTF-8' encoding to copy filtered resources.
[INFO] Copying 2 resources
[INFO] [compiler:compile {execution: default-compile}]
[INFO] Compiling 17 source files to /usr/local/src/org.nuxeo.tests/nuxeo-service/nuxeo-platform-directory/nuxeo-platform-directory-api/target/classes
[INFO] [resources:testResources {execution: default-testResources}]
[INFO] Using 'UTF-8' encoding to copy filtered resources.
[INFO] skip non existing resourceDirectory /usr/local/src/org.nuxeo.tests/nuxeo-service/nuxeo-platform-directory/nuxeo-platform-directory-api/src/test/resources
[INFO] [compiler:testCompile {execution: default-testCompile}]
[INFO] No sources to compile
[INFO] [surefire:test {execution: default-test}]
[INFO] No tests to run.
[INFO] [jar:jar {execution: default-jar}]
[INFO] Building jar: /usr/local/src/org.nuxeo.tests/nuxeo-service/nuxeo-platform-directory/nuxeo-platform-directory-api/target/nuxeo-platform-directory-api-5.3.2-APG-240-SNAPSHOT.jar
[INFO] Preparing source:jar
[WARNING] Removing: jar from forked lifecycle, to prevent recursive invocation.
[INFO] [buildnumber:create {execution: default}]
[INFO] Storing buildNumber: 20100722-082935 at timestamp: 1279780175811
[INFO] [source:jar {execution: attach-sources}]
[INFO] Building jar: /usr/local/src/org.nuxeo.tests/nuxeo-service/nuxeo-platform-directory/nuxeo-platform-directory-api/target/nuxeo-platform-directory-api-5.3.2-APG-240-SNAPSHOT-sources.jar
[INFO] [install:install {execution: default-install}]
[INFO] Installing /usr/local/src/org.nuxeo.tests/nuxeo-service/nuxeo-platform-directory/nuxeo-platform-directory-api/target/nuxeo-platform-directory-api-5.3.2-APG-240-SNAPSHOT.jar to /home/matic/.m2/repository/org/nuxeo/ecm/platform/nuxeo-platform-directory-api/5.3.2-APG-240-SNAPSHOT/nuxeo-platform-directory-api-5.3.2-APG-240-SNAPSHOT.jar
[INFO] Installing /usr/local/src/org.nuxeo.tests/nuxeo-service/nuxeo-platform-directory/nuxeo-platform-directory-api/target/nuxeo-platform-directory-api-5.3.2-APG-240-SNAPSHOT-sources.jar to /home/matic/.m2/repository/org/nuxeo/ecm/platform/nuxeo-platform-directory-api/5.3.2-APG-240-SNAPSHOT/nuxeo-platform-directory-api-5.3.2-APG-240-SNAPSHOT-sources.jar
[INFO] ------------------------------------------------------------------------
[INFO] Building Nuxeo Directory Management Service - Core
[INFO]    task-segment: [clean, install]
[INFO] ------------------------------------------------------------------------
[INFO] [clean:clean {execution: default-clean}]
[INFO] Deleting /usr/local/src/org.nuxeo.tests/nuxeo-service/nuxeo-platform-directory/nuxeo-platform-directory-core/target
[INFO] [buildnumber:create {execution: default}]
[INFO] Storing buildNumber: 20100722-082935 at timestamp: 1279780175872
[INFO] [nuxeo:eclipse-version {execution: eclipsize-version}]
[INFO] eclipseVersion:5.3.2.-APG-240-SNAPSHOT
[INFO] [resources:resources {execution: default-resources}]
[INFO] Using 'UTF-8' encoding to copy filtered resources.
[INFO] Copying 3 resources
[INFO] [compiler:compile {execution: default-compile}]
[INFO] Compiling 15 source files to /usr/local/src/org.nuxeo.tests/nuxeo-service/nuxeo-platform-directory/nuxeo-platform-directory-core/target/classes
[INFO] [resources:testResources {execution: default-testResources}]
[INFO] Using 'UTF-8' encoding to copy filtered resources.
[INFO] Copying 2 resources
[INFO] [compiler:testCompile {execution: default-testCompile}]
[INFO] Compiling 1 source file to /usr/local/src/org.nuxeo.tests/nuxeo-service/nuxeo-platform-directory/nuxeo-platform-directory-core/target/test-classes
[INFO] [surefire:test {execution: default-test}]
[INFO] Surefire report directory: /usr/local/src/org.nuxeo.tests/nuxeo-service/nuxeo-platform-directory/nuxeo-platform-directory-core/target/surefire-reports

-------------------------------------------------------
 T E S T S
-------------------------------------------------------
Running org.nuxeo.ecm.directory.memory.TestMemoryDirectory
Tests run: 13, Failures: 0, Errors: 0, Skipped: 0, Time elapsed: 1.754 sec

Results :

Tests run: 13, Failures: 0, Errors: 0, Skipped: 0

[INFO] [jar:jar {execution: default-jar}]
[INFO] Building jar: /usr/local/src/org.nuxeo.tests/nuxeo-service/nuxeo-platform-directory/nuxeo-platform-directory-core/target/nuxeo-platform-directory-core-5.3.2-APG-240-SNAPSHOT.jar
[INFO] Preparing source:jar
[WARNING] Removing: jar from forked lifecycle, to prevent recursive invocation.
[INFO] [buildnumber:create {execution: default}]
[INFO] Storing buildNumber: 20100722-082941 at timestamp: 1279780181354
[INFO] [source:jar {execution: attach-sources}]
[INFO] Building jar: /usr/local/src/org.nuxeo.tests/nuxeo-service/nuxeo-platform-directory/nuxeo-platform-directory-core/target/nuxeo-platform-directory-core-5.3.2-APG-240-SNAPSHOT-sources.jar
[INFO] [install:install {execution: default-install}]
[INFO] Installing /usr/local/src/org.nuxeo.tests/nuxeo-service/nuxeo-platform-directory/nuxeo-platform-directory-core/target/nuxeo-platform-directory-core-5.3.2-APG-240-SNAPSHOT.jar to /home/matic/.m2/repository/org/nuxeo/ecm/platform/nuxeo-platform-directory-core/5.3.2-APG-240-SNAPSHOT/nuxeo-platform-directory-core-5.3.2-APG-240-SNAPSHOT.jar
[INFO] Installing /usr/local/src/org.nuxeo.tests/nuxeo-service/nuxeo-platform-directory/nuxeo-platform-directory-core/target/nuxeo-platform-directory-core-5.3.2-APG-240-SNAPSHOT-sources.jar to /home/matic/.m2/repository/org/nuxeo/ecm/platform/nuxeo-platform-directory-core/5.3.2-APG-240-SNAPSHOT/nuxeo-platform-directory-core-5.3.2-APG-240-SNAPSHOT-sources.jar
[INFO] ------------------------------------------------------------------------
[INFO] Building Nuxeo Directory - SQL Storage
[INFO]    task-segment: [clean, install]
[INFO] ------------------------------------------------------------------------
[INFO] [clean:clean {execution: default-clean}]
[INFO] Deleting /usr/local/src/org.nuxeo.tests/nuxeo-service/nuxeo-platform-directory/nuxeo-platform-directory-sql/target
[INFO] [buildnumber:create {execution: default}]
[INFO] Storing buildNumber: 20100722-082941 at timestamp: 1279780181437
[INFO] [nuxeo:eclipse-version {execution: eclipsize-version}]
[INFO] eclipseVersion:5.3.2.-APG-240-SNAPSHOT
[INFO] [resources:resources {execution: default-resources}]
[INFO] Using 'UTF-8' encoding to copy filtered resources.
[INFO] Copying 7 resources
[INFO] [compiler:compile {execution: default-compile}]
[INFO] Compiling 19 source files to /usr/local/src/org.nuxeo.tests/nuxeo-service/nuxeo-platform-directory/nuxeo-platform-directory-sql/target/classes
[INFO] [resources:testResources {execution: default-testResources}]
[INFO] Using 'UTF-8' encoding to copy filtered resources.
[INFO] Copying 22 resources
[INFO] [compiler:testCompile {execution: default-testCompile}]
[INFO] Compiling 7 source files to /usr/local/src/org.nuxeo.tests/nuxeo-service/nuxeo-platform-directory/nuxeo-platform-directory-sql/target/test-classes
[INFO] [surefire:test {execution: default-test}]
[INFO] Surefire report directory: /usr/local/src/org.nuxeo.tests/nuxeo-service/nuxeo-platform-directory/nuxeo-platform-directory-sql/target/surefire-reports

-------------------------------------------------------
 T E S T S
-------------------------------------------------------
Running org.nuxeo.ecm.directory.sql.TestDescriptorOverride
Tests run: 1, Failures: 0, Errors: 0, Skipped: 0, Time elapsed: 1.507 sec
Running org.nuxeo.ecm.directory.sql.TestCachedSQLDirectory
Tests run: 17, Failures: 0, Errors: 0, Skipped: 0, Time elapsed: 2.576 sec
Running org.nuxeo.ecm.directory.sql.TestFilterDirectories
Tests run: 1, Failures: 0, Errors: 0, Skipped: 0, Time elapsed: 0.115 sec
Running org.nuxeo.ecm.directory.sql.TestSQLDirectory
Tests run: 17, Failures: 0, Errors: 0, Skipped: 0, Time elapsed: 1.629 sec
Running org.nuxeo.ecm.directory.sql.TestIntIdField
Tests run: 1, Failures: 0, Errors: 0, Skipped: 0, Time elapsed: 0.152 sec
Running org.nuxeo.ecm.directory.sql.TestPasswordHelper
Bad Base64 input character at 11: 42(decimal)
Tests run: 3, Failures: 0, Errors: 0, Skipped: 0, Time elapsed: 0.044 sec

Results :

Tests run: 40, Failures: 0, Errors: 0, Skipped: 0

[INFO] [jar:jar {execution: default-jar}]
[INFO] Building jar: /usr/local/src/org.nuxeo.tests/nuxeo-service/nuxeo-platform-directory/nuxeo-platform-directory-sql/target/nuxeo-platform-directory-sql-5.3.2-APG-240-SNAPSHOT.jar
[INFO] Preparing source:jar
[WARNING] Removing: jar from forked lifecycle, to prevent recursive invocation.
[INFO] [buildnumber:create {execution: default}]
[INFO] Storing buildNumber: 20100722-082951 at timestamp: 1279780191833
[INFO] [source:jar {execution: attach-sources}]
[INFO] Building jar: /usr/local/src/org.nuxeo.tests/nuxeo-service/nuxeo-platform-directory/nuxeo-platform-directory-sql/target/nuxeo-platform-directory-sql-5.3.2-APG-240-SNAPSHOT-sources.jar
[INFO] [install:install {execution: default-install}]
[INFO] Installing /usr/local/src/org.nuxeo.tests/nuxeo-service/nuxeo-platform-directory/nuxeo-platform-directory-sql/target/nuxeo-platform-directory-sql-5.3.2-APG-240-SNAPSHOT.jar to /home/matic/.m2/repository/org/nuxeo/ecm/platform/nuxeo-platform-directory-sql/5.3.2-APG-240-SNAPSHOT/nuxeo-platform-directory-sql-5.3.2-APG-240-SNAPSHOT.jar
[INFO] Installing /usr/local/src/org.nuxeo.tests/nuxeo-service/nuxeo-platform-directory/nuxeo-platform-directory-sql/target/nuxeo-platform-directory-sql-5.3.2-APG-240-SNAPSHOT-sources.jar to /home/matic/.m2/repository/org/nuxeo/ecm/platform/nuxeo-platform-directory-sql/5.3.2-APG-240-SNAPSHOT/nuxeo-platform-directory-sql-5.3.2-APG-240-SNAPSHOT-sources.jar
[INFO] ------------------------------------------------------------------------
[INFO] Building Nuxeo Directory Management Service - Types contribution
[INFO]    task-segment: [clean, install]
[INFO] ------------------------------------------------------------------------
[INFO] [clean:clean {execution: default-clean}]
[INFO] Deleting /usr/local/src/org.nuxeo.tests/nuxeo-service/nuxeo-platform-directory/nuxeo-platform-directory-types-contrib/target
[INFO] [buildnumber:create {execution: default}]
[INFO] Storing buildNumber: 20100722-082951 at timestamp: 1279780191892
[INFO] [nuxeo:eclipse-version {execution: eclipsize-version}]
[INFO] eclipseVersion:5.3.2.-APG-240-SNAPSHOT
[INFO] [resources:resources {execution: default-resources}]
[INFO] Using 'UTF-8' encoding to copy filtered resources.
[INFO] Copying 8 resources
[INFO] [compiler:compile {execution: default-compile}]
[INFO] No sources to compile
[INFO] [resources:testResources {execution: default-testResources}]
[INFO] Using 'UTF-8' encoding to copy filtered resources.
[INFO] skip non existing resourceDirectory /usr/local/src/org.nuxeo.tests/nuxeo-service/nuxeo-platform-directory/nuxeo-platform-directory-types-contrib/src/test/resources
[INFO] [compiler:testCompile {execution: default-testCompile}]
[INFO] No sources to compile
[INFO] [surefire:test {execution: default-test}]
[INFO] No tests to run.
[INFO] [jar:jar {execution: default-jar}]
[INFO] Building jar: /usr/local/src/org.nuxeo.tests/nuxeo-service/nuxeo-platform-directory/nuxeo-platform-directory-types-contrib/target/nuxeo-platform-directory-types-contrib-5.3.2-APG-240-SNAPSHOT.jar
[INFO] Preparing source:jar
[WARNING] Removing: jar from forked lifecycle, to prevent recursive invocation.
[INFO] [buildnumber:create {execution: default}]
[INFO] Storing buildNumber: 20100722-082952 at timestamp: 1279780192744
[INFO] [source:jar {execution: attach-sources}]
[INFO] Building jar: /usr/local/src/org.nuxeo.tests/nuxeo-service/nuxeo-platform-directory/nuxeo-platform-directory-types-contrib/target/nuxeo-platform-directory-types-contrib-5.3.2-APG-240-SNAPSHOT-sources.jar
[INFO] [install:install {execution: default-install}]
[INFO] Installing /usr/local/src/org.nuxeo.tests/nuxeo-service/nuxeo-platform-directory/nuxeo-platform-directory-types-contrib/target/nuxeo-platform-directory-types-contrib-5.3.2-APG-240-SNAPSHOT.jar to /home/matic/.m2/repository/org/nuxeo/ecm/platform/nuxeo-platform-directory-types-contrib/5.3.2-APG-240-SNAPSHOT/nuxeo-platform-directory-types-contrib-5.3.2-APG-240-SNAPSHOT.jar
[INFO] Installing /usr/local/src/org.nuxeo.tests/nuxeo-service/nuxeo-platform-directory/nuxeo-platform-directory-types-contrib/target/nuxeo-platform-directory-types-contrib-5.3.2-APG-240-SNAPSHOT-sources.jar to /home/matic/.m2/repository/org/nuxeo/ecm/platform/nuxeo-platform-directory-types-contrib/5.3.2-APG-240-SNAPSHOT/nuxeo-platform-directory-types-contrib-5.3.2-APG-240-SNAPSHOT-sources.jar
[INFO] ------------------------------------------------------------------------
[INFO] Building Nuxeo Directory - Facade
[INFO]    task-segment: [clean, install]
[INFO] ------------------------------------------------------------------------
[INFO] [clean:clean {execution: default-clean}]
[INFO] Deleting /usr/local/src/org.nuxeo.tests/nuxeo-service/nuxeo-platform-directory/nuxeo-platform-directory-facade/target
[INFO] [buildnumber:create {execution: default}]
[INFO] Storing buildNumber: 20100722-082952 at timestamp: 1279780192766
[INFO] [nuxeo:eclipse-version {execution: eclipsize-version}]
[INFO] eclipseVersion:5.3.2.-APG-240-SNAPSHOT
[INFO] [resources:resources {execution: default-resources}]
[INFO] Using 'UTF-8' encoding to copy filtered resources.
[INFO] Copying 3 resources
[INFO] [compiler:compile {execution: default-compile}]
[INFO] Compiling 1 source file to /usr/local/src/org.nuxeo.tests/nuxeo-service/nuxeo-platform-directory/nuxeo-platform-directory-facade/target/classes
[INFO] [resources:testResources {execution: default-testResources}]
[INFO] Using 'UTF-8' encoding to copy filtered resources.
[INFO] skip non existing resourceDirectory /usr/local/src/org.nuxeo.tests/nuxeo-service/nuxeo-platform-directory/nuxeo-platform-directory-facade/src/test/resources
[INFO] [compiler:testCompile {execution: default-testCompile}]
[INFO] No sources to compile
[INFO] [surefire:test {execution: default-test}]
[INFO] No tests to run.
[INFO] [jar:jar {execution: default-jar}]
[INFO] Building jar: /usr/local/src/org.nuxeo.tests/nuxeo-service/nuxeo-platform-directory/nuxeo-platform-directory-facade/target/nuxeo-platform-directory-facade-5.3.2-APG-240-SNAPSHOT.jar
[INFO] Preparing source:jar
[WARNING] Removing: jar from forked lifecycle, to prevent recursive invocation.
[INFO] [buildnumber:create {execution: default}]
[INFO] Storing buildNumber: 20100722-082954 at timestamp: 1279780194387
[INFO] [source:jar {execution: attach-sources}]
[INFO] Building jar: /usr/local/src/org.nuxeo.tests/nuxeo-service/nuxeo-platform-directory/nuxeo-platform-directory-facade/target/nuxeo-platform-directory-facade-5.3.2-APG-240-SNAPSHOT-sources.jar
[INFO] [install:install {execution: default-install}]
[INFO] Installing /usr/local/src/org.nuxeo.tests/nuxeo-service/nuxeo-platform-directory/nuxeo-platform-directory-facade/target/nuxeo-platform-directory-facade-5.3.2-APG-240-SNAPSHOT.jar to /home/matic/.m2/repository/org/nuxeo/ecm/platform/nuxeo-platform-directory-facade/5.3.2-APG-240-SNAPSHOT/nuxeo-platform-directory-facade-5.3.2-APG-240-SNAPSHOT.jar
[INFO] Installing /usr/local/src/org.nuxeo.tests/nuxeo-service/nuxeo-platform-directory/nuxeo-platform-directory-facade/target/nuxeo-platform-directory-facade-5.3.2-APG-240-SNAPSHOT-sources.jar to /home/matic/.m2/repository/org/nuxeo/ecm/platform/nuxeo-platform-directory-facade/5.3.2-APG-240-SNAPSHOT/nuxeo-platform-directory-facade-5.3.2-APG-240-SNAPSHOT-sources.jar
[INFO] ------------------------------------------------------------------------
[INFO] Building Nuxeo Directory - LDAP Storage
[INFO]    task-segment: [clean, install]
[INFO] ------------------------------------------------------------------------
[INFO] [clean:clean {execution: default-clean}]
[INFO] Deleting /usr/local/src/org.nuxeo.tests/nuxeo-service/nuxeo-platform-directory/nuxeo-platform-directory-ldap/target
[INFO] [buildnumber:create {execution: default}]
[INFO] Storing buildNumber: 20100722-082954 at timestamp: 1279780194410
[INFO] [nuxeo:eclipse-version {execution: eclipsize-version}]
[INFO] eclipseVersion:5.3.2.-APG-240-SNAPSHOT
[INFO] [resources:resources {execution: default-resources}]
[INFO] Using 'UTF-8' encoding to copy filtered resources.
[INFO] Copying 3 resources
[INFO] [compiler:compile {execution: default-compile}]
[INFO] Compiling 18 source files to /usr/local/src/org.nuxeo.tests/nuxeo-service/nuxeo-platform-directory/nuxeo-platform-directory-ldap/target/classes
[WARNING] /usr/local/src/org.nuxeo.tests/nuxeo-service/nuxeo-platform-directory/nuxeo-platform-directory-ldap/src/main/java/org/nuxeo/ecm/directory/ldap/LDAPReference.java:[59,24] com.sun.jndi.ldap.LdapURL is Sun proprietary API and may be removed in a future release

[WARNING] /usr/local/src/org.nuxeo.tests/nuxeo-service/nuxeo-platform-directory/nuxeo-platform-directory-ldap/src/main/java/org/nuxeo/ecm/directory/ldap/LDAPServerDescriptor.java:[43,24] com.sun.jndi.ldap.LdapURL is Sun proprietary API and may be removed in a future release

[WARNING] /usr/local/src/org.nuxeo.tests/nuxeo-service/nuxeo-platform-directory/nuxeo-platform-directory-ldap/src/main/java/org/nuxeo/ecm/directory/ldap/LDAPReference.java:[582,24] com.sun.jndi.ldap.LdapURL is Sun proprietary API and may be removed in a future release

[WARNING] /usr/local/src/org.nuxeo.tests/nuxeo-service/nuxeo-platform-directory/nuxeo-platform-directory-ldap/src/main/java/org/nuxeo/ecm/directory/ldap/LDAPReference.java:[582,46] com.sun.jndi.ldap.LdapURL is Sun proprietary API and may be removed in a future release

[WARNING] /usr/local/src/org.nuxeo.tests/nuxeo-service/nuxeo-platform-directory/nuxeo-platform-directory-ldap/src/main/java/org/nuxeo/ecm/directory/ldap/LDAPReference.java:[762,20] com.sun.jndi.ldap.LdapURL is Sun proprietary API and may be removed in a future release

[WARNING] /usr/local/src/org.nuxeo.tests/nuxeo-service/nuxeo-platform-directory/nuxeo-platform-directory-ldap/src/main/java/org/nuxeo/ecm/directory/ldap/LDAPReference.java:[762,42] com.sun.jndi.ldap.LdapURL is Sun proprietary API and may be removed in a future release

[WARNING] /usr/local/src/org.nuxeo.tests/nuxeo-service/nuxeo-platform-directory/nuxeo-platform-directory-ldap/src/main/java/org/nuxeo/ecm/directory/ldap/LDAPServerDescriptor.java:[151,12] com.sun.jndi.ldap.LdapURL is Sun proprietary API and may be removed in a future release

[WARNING] /usr/local/src/org.nuxeo.tests/nuxeo-service/nuxeo-platform-directory/nuxeo-platform-directory-ldap/src/main/java/org/nuxeo/ecm/directory/ldap/LDAPServerDescriptor.java:[165,30] com.sun.jndi.ldap.LdapURL is Sun proprietary API and may be removed in a future release

[INFO] [resources:testResources {execution: default-testResources}]
[INFO] Using 'UTF-8' encoding to copy filtered resources.
[INFO] Copying 26 resources
[INFO] [compiler:testCompile {execution: default-testCompile}]
[INFO] Compiling 8 source files to /usr/local/src/org.nuxeo.tests/nuxeo-service/nuxeo-platform-directory/nuxeo-platform-directory-ldap/target/test-classes
[WARNING] /usr/local/src/org.nuxeo.tests/nuxeo-service/nuxeo-platform-directory/nuxeo-platform-directory-ldap/src/test/java/org/nuxeo/ecm/directory/ldap/dns/LDAPServerDescriptorDNSTestCase.java:[28,24] com.sun.jndi.ldap.LdapURL is Sun proprietary API and may be removed in a future release

[WARNING] /usr/local/src/org.nuxeo.tests/nuxeo-service/nuxeo-platform-directory/nuxeo-platform-directory-ldap/src/test/java/org/nuxeo/ecm/directory/ldap/dns/LDAPServerDescriptorDNSTestCase.java:[155,8] com.sun.jndi.ldap.LdapURL is Sun proprietary API and may be removed in a future release

[WARNING] /usr/local/src/org.nuxeo.tests/nuxeo-service/nuxeo-platform-directory/nuxeo-platform-directory-ldap/src/test/java/org/nuxeo/ecm/directory/ldap/dns/LDAPServerDescriptorDNSTestCase.java:[155,26] com.sun.jndi.ldap.LdapURL is Sun proprietary API and may be removed in a future release

[WARNING] /usr/local/src/org.nuxeo.tests/nuxeo-service/nuxeo-platform-directory/nuxeo-platform-directory-ldap/src/test/java/org/nuxeo/ecm/directory/ldap/dns/LDAPServerDescriptorDNSTestCase.java:[158,18] com.sun.jndi.ldap.LdapURL is Sun proprietary API and may be removed in a future release

[INFO] [surefire:test {execution: default-test}]
[INFO] Surefire report directory: /usr/local/src/org.nuxeo.tests/nuxeo-service/nuxeo-platform-directory/nuxeo-platform-directory-ldap/target/surefire-reports

-------------------------------------------------------
 T E S T S
-------------------------------------------------------
Running org.nuxeo.ecm.directory.ldap.TestCachedLDAPSession
08:30:00,146 WARN  [DefaultDirectoryService] Encountered null configuration.
08:30:02,491 WARN  [DefaultDirectoryService] You didn't change the admin password of directory service instance 'default'.  Please update the admin password as soon as possible to prevent a possible security breach.
Tests run: 24, Failures: 0, Errors: 0, Skipped: 0, Time elapsed: 10.65 sec
Running org.nuxeo.ecm.directory.ldap.TestLDAPSessionBBB
Tests run: 24, Failures: 0, Errors: 0, Skipped: 0, Time elapsed: 4.87 sec
Running org.nuxeo.ecm.directory.ldap.TestLDAPDescriptors
Tests run: 19, Failures: 0, Errors: 0, Skipped: 0, Time elapsed: 0.613 sec
Running org.nuxeo.ecm.directory.ldap.TestLDAPSession
Tests run: 24, Failures: 0, Errors: 0, Skipped: 0, Time elapsed: 3.23 sec
Running org.nuxeo.ecm.directory.ldap.TestLDAPSessionWithMissingId
Tests run: 3, Failures: 0, Errors: 0, Skipped: 0, Time elapsed: 0.334 sec

Results :

Tests run: 94, Failures: 0, Errors: 0, Skipped: 0

[INFO] [jar:jar {execution: default-jar}]
[INFO] Building jar: /usr/local/src/org.nuxeo.tests/nuxeo-service/nuxeo-platform-directory/nuxeo-platform-directory-ldap/target/nuxeo-platform-directory-ldap-5.3.2-APG-240-SNAPSHOT.jar
[INFO] Preparing source:jar
[WARNING] Removing: jar from forked lifecycle, to prevent recursive invocation.
[INFO] [buildnumber:create {execution: default}]
[INFO] Storing buildNumber: 20100722-083019 at timestamp: 1279780219980
[INFO] [source:jar {execution: attach-sources}]
[INFO] Building jar: /usr/local/src/org.nuxeo.tests/nuxeo-service/nuxeo-platform-directory/nuxeo-platform-directory-ldap/target/nuxeo-platform-directory-ldap-5.3.2-APG-240-SNAPSHOT-sources.jar
[INFO] [install:install {execution: default-install}]
[INFO] Installing /usr/local/src/org.nuxeo.tests/nuxeo-service/nuxeo-platform-directory/nuxeo-platform-directory-ldap/target/nuxeo-platform-directory-ldap-5.3.2-APG-240-SNAPSHOT.jar to /home/matic/.m2/repository/org/nuxeo/ecm/platform/nuxeo-platform-directory-ldap/5.3.2-APG-240-SNAPSHOT/nuxeo-platform-directory-ldap-5.3.2-APG-240-SNAPSHOT.jar
[INFO] Installing /usr/local/src/org.nuxeo.tests/nuxeo-service/nuxeo-platform-directory/nuxeo-platform-directory-ldap/target/nuxeo-platform-directory-ldap-5.3.2-APG-240-SNAPSHOT-sources.jar to /home/matic/.m2/repository/org/nuxeo/ecm/platform/nuxeo-platform-directory-ldap/5.3.2-APG-240-SNAPSHOT/nuxeo-platform-directory-ldap-5.3.2-APG-240-SNAPSHOT-sources.jar
[INFO] ------------------------------------------------------------------------
[INFO] Building Nuxeo Directory - Multi-Directory Storage
[INFO]    task-segment: [clean, install]
[INFO] ------------------------------------------------------------------------
[INFO] [clean:clean {execution: default-clean}]
[INFO] Deleting /usr/local/src/org.nuxeo.tests/nuxeo-service/nuxeo-platform-directory/nuxeo-platform-directory-multi/target
[INFO] [buildnumber:create {execution: default}]
[INFO] Storing buildNumber: 20100722-083020 at timestamp: 1279780220026
[INFO] [nuxeo:eclipse-version {execution: eclipsize-version}]
[INFO] eclipseVersion:5.3.2.-APG-240-SNAPSHOT
[INFO] [resources:resources {execution: default-resources}]
[INFO] Using 'UTF-8' encoding to copy filtered resources.
[INFO] Copying 3 resources
[INFO] [compiler:compile {execution: default-compile}]
[INFO] Compiling 8 source files to /usr/local/src/org.nuxeo.tests/nuxeo-service/nuxeo-platform-directory/nuxeo-platform-directory-multi/target/classes
[INFO] [resources:testResources {execution: default-testResources}]
[INFO] Using 'UTF-8' encoding to copy filtered resources.
[INFO] Copying 9 resources
[INFO] [compiler:testCompile {execution: default-testCompile}]
[INFO] Compiling 2 source files to /usr/local/src/org.nuxeo.tests/nuxeo-service/nuxeo-platform-directory/nuxeo-platform-directory-multi/target/test-classes
[INFO] [surefire:test {execution: default-test}]
[INFO] Surefire report directory: /usr/local/src/org.nuxeo.tests/nuxeo-service/nuxeo-platform-directory/nuxeo-platform-directory-multi/target/surefire-reports

-------------------------------------------------------
 T E S T S
-------------------------------------------------------
Running org.nuxeo.ecm.directory.multi.TestMultiDirectoryOptional
08:30:24,867 WARN  [MultiDirectorySession] Entry 'baz' for source 'source1' is present in optional directory 'dir1' but not in any required one. It will be skipped.
08:30:25,440 WARN  [MultiDirectorySession] Entry 'baz' for source 'source1' is present in optional directory 'dir1' but not in any required one. It will be skipped.
08:30:25,609 WARN  [MultiDirectorySession] Entry 'baz' for source 'source1' is present in optional directory 'dir1' but not in any required one. It will be skipped.
08:30:25,610 WARN  [MultiDirectorySession] Entry 'baz' for source 'source1' is present in optional directory 'dir1' but not in any required one. It will be skipped.
08:30:25,610 WARN  [MultiDirectorySession] Entry 'baz' for source 'source1' is present in optional directory 'dir1' but not in any required one. It will be skipped.
Tests run: 11, Failures: 0, Errors: 0, Skipped: 0, Time elapsed: 3.363 sec
Running org.nuxeo.ecm.directory.multi.TestMultiDirectory
Tests run: 14, Failures: 0, Errors: 0, Skipped: 0, Time elapsed: 1.411 sec

Results :

Tests run: 25, Failures: 0, Errors: 0, Skipped: 0

[INFO] [jar:jar {execution: default-jar}]
[INFO] Building jar: /usr/local/src/org.nuxeo.tests/nuxeo-service/nuxeo-platform-directory/nuxeo-platform-directory-multi/target/nuxeo-platform-directory-multi-5.3.2-APG-240-SNAPSHOT.jar
[INFO] Preparing source:jar
[WARNING] Removing: jar from forked lifecycle, to prevent recursive invocation.
[INFO] [buildnumber:create {execution: default}]
[INFO] Storing buildNumber: 20100722-083028 at timestamp: 1279780228236
[INFO] [source:jar {execution: attach-sources}]
[INFO] Building jar: /usr/local/src/org.nuxeo.tests/nuxeo-service/nuxeo-platform-directory/nuxeo-platform-directory-multi/target/nuxeo-platform-directory-multi-5.3.2-APG-240-SNAPSHOT-sources.jar
[INFO] [install:install {execution: default-install}]
[INFO] Installing /usr/local/src/org.nuxeo.tests/nuxeo-service/nuxeo-platform-directory/nuxeo-platform-directory-multi/target/nuxeo-platform-directory-multi-5.3.2-APG-240-SNAPSHOT.jar to /home/matic/.m2/repository/org/nuxeo/ecm/platform/nuxeo-platform-directory-multi/5.3.2-APG-240-SNAPSHOT/nuxeo-platform-directory-multi-5.3.2-APG-240-SNAPSHOT.jar
[INFO] Installing /usr/local/src/org.nuxeo.tests/nuxeo-service/nuxeo-platform-directory/nuxeo-platform-directory-multi/target/nuxeo-platform-directory-multi-5.3.2-APG-240-SNAPSHOT-sources.jar to /home/matic/.m2/repository/org/nuxeo/ecm/platform/nuxeo-platform-directory-multi/5.3.2-APG-240-SNAPSHOT/nuxeo-platform-directory-multi-5.3.2-APG-240-SNAPSHOT-sources.jar
[INFO] ------------------------------------------------------------------------
[INFO] Building Nuxeo Directory Management Service - Web
[INFO]    task-segment: [clean, install]
[INFO] ------------------------------------------------------------------------
[INFO] [clean:clean {execution: default-clean}]
[INFO] Deleting /usr/local/src/org.nuxeo.tests/nuxeo-service/nuxeo-platform-directory/nuxeo-platform-directory-web/target
[INFO] [buildnumber:create {execution: default}]
[INFO] Storing buildNumber: 20100722-083028 at timestamp: 1279780228285
[INFO] [nuxeo:eclipse-version {execution: eclipsize-version}]
[INFO] eclipseVersion:5.3.2.-APG-240-SNAPSHOT
[INFO] [resources:resources {execution: default-resources}]
[INFO] Using 'UTF-8' encoding to copy filtered resources.
[INFO] Copying 3 resources
[INFO] [compiler:compile {execution: default-compile}]
[INFO] Compiling 10 source files to /usr/local/src/org.nuxeo.tests/nuxeo-service/nuxeo-platform-directory/nuxeo-platform-directory-web/target/classes
[INFO] [resources:testResources {execution: default-testResources}]
[INFO] Using 'UTF-8' encoding to copy filtered resources.
[INFO] Copying 7 resources
[INFO] [compiler:testCompile {execution: default-testCompile}]
[INFO] Compiling 2 source files to /usr/local/src/org.nuxeo.tests/nuxeo-service/nuxeo-platform-directory/nuxeo-platform-directory-web/target/test-classes
[INFO] [surefire:test {execution: default-test}]
[INFO] Surefire report directory: /usr/local/src/org.nuxeo.tests/nuxeo-service/nuxeo-platform-directory/nuxeo-platform-directory-web/target/surefire-reports

-------------------------------------------------------
 T E S T S
-------------------------------------------------------
Running org.nuxeo.ecm.directory.ui.TestDirectoryUIManagerRegistration
Tests run: 2, Failures: 0, Errors: 0, Skipped: 0, Time elapsed: 0.852 sec
Running org.nuxeo.ecm.directory.ui.TestDirectoryUIManager
Tests run: 2, Failures: 0, Errors: 0, Skipped: 0, Time elapsed: 1.07 sec

Results :

Tests run: 4, Failures: 0, Errors: 0, Skipped: 0

[INFO] [jar:jar {execution: default-jar}]
[INFO] Building jar: /usr/local/src/org.nuxeo.tests/nuxeo-service/nuxeo-platform-directory/nuxeo-platform-directory-web/target/nuxeo-platform-directory-web-5.3.2-APG-240-SNAPSHOT.jar
[INFO] Preparing source:jar
[WARNING] Removing: jar from forked lifecycle, to prevent recursive invocation.
[INFO] [buildnumber:create {execution: default}]
[INFO] Storing buildNumber: 20100722-083033 at timestamp: 1279780233107
[INFO] [source:jar {execution: attach-sources}]
[INFO] Building jar: /usr/local/src/org.nuxeo.tests/nuxeo-service/nuxeo-platform-directory/nuxeo-platform-directory-web/target/nuxeo-platform-directory-web-5.3.2-APG-240-SNAPSHOT-sources.jar
[INFO] [install:install {execution: default-install}]
[INFO] Installing /usr/local/src/org.nuxeo.tests/nuxeo-service/nuxeo-platform-directory/nuxeo-platform-directory-web/target/nuxeo-platform-directory-web-5.3.2-APG-240-SNAPSHOT.jar to /home/matic/.m2/repository/org/nuxeo/ecm/platform/nuxeo-platform-directory-web/5.3.2-APG-240-SNAPSHOT/nuxeo-platform-directory-web-5.3.2-APG-240-SNAPSHOT.jar
[INFO] Installing /usr/local/src/org.nuxeo.tests/nuxeo-service/nuxeo-platform-directory/nuxeo-platform-directory-web/target/nuxeo-platform-directory-web-5.3.2-APG-240-SNAPSHOT-sources.jar to /home/matic/.m2/repository/org/nuxeo/ecm/platform/nuxeo-platform-directory-web/5.3.2-APG-240-SNAPSHOT/nuxeo-platform-directory-web-5.3.2-APG-240-SNAPSHOT-sources.jar
[INFO] ------------------------------------------------------------------------
[INFO] Building Nuxeo Dublin Core Support
[INFO]    task-segment: [clean, install]
[INFO] ------------------------------------------------------------------------
[INFO] [clean:clean {execution: default-clean}]
[INFO] Deleting /usr/local/src/org.nuxeo.tests/nuxeo-service/nuxeo-platform-dublincore/target
[INFO] [buildnumber:create {execution: default}]
[INFO] Storing buildNumber: 20100722-083033 at timestamp: 1279780233146
[INFO] [nuxeo:eclipse-version {execution: eclipsize-version}]
[INFO] eclipseVersion:5.3.2.-APG-240-SNAPSHOT
[INFO] [resources:resources {execution: default-resources}]
[INFO] Using 'UTF-8' encoding to copy filtered resources.
[INFO] Copying 3 resources
[INFO] [compiler:compile {execution: default-compile}]
[INFO] Compiling 3 source files to /usr/local/src/org.nuxeo.tests/nuxeo-service/nuxeo-platform-dublincore/target/classes
[INFO] [resources:testResources {execution: default-testResources}]
[INFO] Using 'UTF-8' encoding to copy filtered resources.
[INFO] Copying 16 resources
[INFO] [compiler:testCompile {execution: default-testCompile}]
[INFO] Compiling 1 source file to /usr/local/src/org.nuxeo.tests/nuxeo-service/nuxeo-platform-dublincore/target/test-classes
[INFO] [surefire:test {execution: default-test}]
[INFO] Surefire report directory: /usr/local/src/org.nuxeo.tests/nuxeo-service/nuxeo-platform-dublincore/target/surefire-reports

-------------------------------------------------------
 T E S T S
-------------------------------------------------------
Running org.nuxeo.ecm.platform.dublincore.TestDublinCoreStorage
DatabaseHelper: Database used for VCS tests: org.nuxeo.ecm.core.storage.sql.DatabaseH2
Tests run: 6, Failures: 0, Errors: 0, Skipped: 0, Time elapsed: 9.362 sec

Results :

Tests run: 6, Failures: 0, Errors: 0, Skipped: 0

[INFO] [jar:jar {execution: default-jar}]
[INFO] Building jar: /usr/local/src/org.nuxeo.tests/nuxeo-service/nuxeo-platform-dublincore/target/nuxeo-platform-dublincore-5.3.2-APG-240-SNAPSHOT.jar
[INFO] Preparing source:jar
[WARNING] Removing: jar from forked lifecycle, to prevent recursive invocation.
[INFO] [buildnumber:create {execution: default}]
[INFO] Storing buildNumber: 20100722-083045 at timestamp: 1279780245968
[INFO] [source:jar {execution: attach-sources}]
[INFO] Building jar: /usr/local/src/org.nuxeo.tests/nuxeo-service/nuxeo-platform-dublincore/target/nuxeo-platform-dublincore-5.3.2-APG-240-SNAPSHOT-sources.jar
[INFO] [install:install {execution: default-install}]
[INFO] Installing /usr/local/src/org.nuxeo.tests/nuxeo-service/nuxeo-platform-dublincore/target/nuxeo-platform-dublincore-5.3.2-APG-240-SNAPSHOT.jar to /home/matic/.m2/repository/org/nuxeo/ecm/platform/nuxeo-platform-dublincore/5.3.2-APG-240-SNAPSHOT/nuxeo-platform-dublincore-5.3.2-APG-240-SNAPSHOT.jar
[INFO] Installing /usr/local/src/org.nuxeo.tests/nuxeo-service/nuxeo-platform-dublincore/target/nuxeo-platform-dublincore-5.3.2-APG-240-SNAPSHOT-sources.jar to /home/matic/.m2/repository/org/nuxeo/ecm/platform/nuxeo-platform-dublincore/5.3.2-APG-240-SNAPSHOT/nuxeo-platform-dublincore-5.3.2-APG-240-SNAPSHOT-sources.jar
[INFO] ------------------------------------------------------------------------
[INFO] Building Nuxeo MimeType Service - API
[INFO]    task-segment: [clean, install]
[INFO] ------------------------------------------------------------------------
[INFO] [clean:clean {execution: default-clean}]
[INFO] Deleting /usr/local/src/org.nuxeo.tests/nuxeo-service/nuxeo-platform-mimetype-api/target
[INFO] [buildnumber:create {execution: default}]
[INFO] Storing buildNumber: 20100722-083046 at timestamp: 1279780246011
[INFO] [nuxeo:eclipse-version {execution: eclipsize-version}]
[INFO] eclipseVersion:5.3.2.-APG-240-SNAPSHOT
[INFO] [resources:resources {execution: default-resources}]
[INFO] Using 'UTF-8' encoding to copy filtered resources.
[INFO] Copying 2 resources
[INFO] [compiler:compile {execution: default-compile}]
[INFO] Compiling 6 source files to /usr/local/src/org.nuxeo.tests/nuxeo-service/nuxeo-platform-mimetype-api/target/classes
[INFO] [resources:testResources {execution: default-testResources}]
[INFO] Using 'UTF-8' encoding to copy filtered resources.
[INFO] skip non existing resourceDirectory /usr/local/src/org.nuxeo.tests/nuxeo-service/nuxeo-platform-mimetype-api/src/test/resources
[INFO] [compiler:testCompile {execution: default-testCompile}]
[INFO] No sources to compile
[INFO] [surefire:test {execution: default-test}]
[INFO] No tests to run.
[INFO] [jar:jar {execution: default-jar}]
[INFO] Building jar: /usr/local/src/org.nuxeo.tests/nuxeo-service/nuxeo-platform-mimetype-api/target/nuxeo-platform-mimetype-api-5.3.2-APG-240-SNAPSHOT.jar
[INFO] Preparing source:jar
[WARNING] Removing: jar from forked lifecycle, to prevent recursive invocation.
[INFO] [buildnumber:create {execution: default}]
[INFO] Storing buildNumber: 20100722-083047 at timestamp: 1279780247311
[INFO] [source:jar {execution: attach-sources}]
[INFO] Building jar: /usr/local/src/org.nuxeo.tests/nuxeo-service/nuxeo-platform-mimetype-api/target/nuxeo-platform-mimetype-api-5.3.2-APG-240-SNAPSHOT-sources.jar
[INFO] [install:install {execution: default-install}]
[INFO] Installing /usr/local/src/org.nuxeo.tests/nuxeo-service/nuxeo-platform-mimetype-api/target/nuxeo-platform-mimetype-api-5.3.2-APG-240-SNAPSHOT.jar to /home/matic/.m2/repository/org/nuxeo/ecm/platform/nuxeo-platform-mimetype-api/5.3.2-APG-240-SNAPSHOT/nuxeo-platform-mimetype-api-5.3.2-APG-240-SNAPSHOT.jar
[INFO] Installing /usr/local/src/org.nuxeo.tests/nuxeo-service/nuxeo-platform-mimetype-api/target/nuxeo-platform-mimetype-api-5.3.2-APG-240-SNAPSHOT-sources.jar to /home/matic/.m2/repository/org/nuxeo/ecm/platform/nuxeo-platform-mimetype-api/5.3.2-APG-240-SNAPSHOT/nuxeo-platform-mimetype-api-5.3.2-APG-240-SNAPSHOT-sources.jar
[INFO] ------------------------------------------------------------------------
[INFO] Building Nuxeo Platform File Manager API
[INFO]    task-segment: [clean, install]
[INFO] ------------------------------------------------------------------------
[INFO] [clean:clean {execution: default-clean}]
[INFO] Deleting /usr/local/src/org.nuxeo.tests/nuxeo-service/nuxeo-platform-filemanager-api/target
[INFO] [buildnumber:create {execution: default}]
[INFO] Storing buildNumber: 20100722-083047 at timestamp: 1279780247351
[INFO] [nuxeo:eclipse-version {execution: eclipsize-version}]
[INFO] eclipseVersion:5.3.2.-APG-240-SNAPSHOT
[INFO] [resources:resources {execution: default-resources}]
[INFO] Using 'UTF-8' encoding to copy filtered resources.
[INFO] Copying 2 resources
[INFO] [compiler:compile {execution: default-compile}]
[INFO] Compiling 3 source files to /usr/local/src/org.nuxeo.tests/nuxeo-service/nuxeo-platform-filemanager-api/target/classes
[INFO] [resources:testResources {execution: default-testResources}]
[INFO] Using 'UTF-8' encoding to copy filtered resources.
[INFO] skip non existing resourceDirectory /usr/local/src/org.nuxeo.tests/nuxeo-service/nuxeo-platform-filemanager-api/src/test/resources
[INFO] [compiler:testCompile {execution: default-testCompile}]
[INFO] No sources to compile
[INFO] [surefire:test {execution: default-test}]
[INFO] No tests to run.
[INFO] [jar:jar {execution: default-jar}]
[INFO] Building jar: /usr/local/src/org.nuxeo.tests/nuxeo-service/nuxeo-platform-filemanager-api/target/nuxeo-platform-filemanager-api-5.3.2-APG-240-SNAPSHOT.jar
[INFO] Preparing source:jar
[WARNING] Removing: jar from forked lifecycle, to prevent recursive invocation.
[INFO] [buildnumber:create {execution: default}]
[INFO] Storing buildNumber: 20100722-083050 at timestamp: 1279780250004
[INFO] [source:jar {execution: attach-sources}]
[INFO] Building jar: /usr/local/src/org.nuxeo.tests/nuxeo-service/nuxeo-platform-filemanager-api/target/nuxeo-platform-filemanager-api-5.3.2-APG-240-SNAPSHOT-sources.jar
[INFO] [install:install {execution: default-install}]
[INFO] Installing /usr/local/src/org.nuxeo.tests/nuxeo-service/nuxeo-platform-filemanager-api/target/nuxeo-platform-filemanager-api-5.3.2-APG-240-SNAPSHOT.jar to /home/matic/.m2/repository/org/nuxeo/ecm/platform/nuxeo-platform-filemanager-api/5.3.2-APG-240-SNAPSHOT/nuxeo-platform-filemanager-api-5.3.2-APG-240-SNAPSHOT.jar
[INFO] Installing /usr/local/src/org.nuxeo.tests/nuxeo-service/nuxeo-platform-filemanager-api/target/nuxeo-platform-filemanager-api-5.3.2-APG-240-SNAPSHOT-sources.jar to /home/matic/.m2/repository/org/nuxeo/ecm/platform/nuxeo-platform-filemanager-api/5.3.2-APG-240-SNAPSHOT/nuxeo-platform-filemanager-api-5.3.2-APG-240-SNAPSHOT-sources.jar
[INFO] ------------------------------------------------------------------------
[INFO] Building Nuxeo Search Service - API
[INFO]    task-segment: [clean, install]
[INFO] ------------------------------------------------------------------------
[INFO] [clean:clean {execution: default-clean}]
[INFO] Deleting /usr/local/src/org.nuxeo.tests/nuxeo-service/nuxeo-platform-search-api/target
[INFO] [buildnumber:create {execution: default}]
[INFO] Storing buildNumber: 20100722-083050 at timestamp: 1279780250108
[INFO] [nuxeo:eclipse-version {execution: eclipsize-version}]
[INFO] eclipseVersion:5.3.2.-APG-240-SNAPSHOT
[INFO] [resources:resources {execution: default-resources}]
[INFO] Using 'UTF-8' encoding to copy filtered resources.
[INFO] Copying 5 resources
[INFO] [compiler:compile {execution: default-compile}]
[INFO] Compiling 90 source files to /usr/local/src/org.nuxeo.tests/nuxeo-service/nuxeo-platform-search-api/target/classes
[INFO] [resources:testResources {execution: default-testResources}]
[INFO] Using 'UTF-8' encoding to copy filtered resources.
[INFO] Copying 10 resources
[INFO] [compiler:testCompile {execution: default-testCompile}]
[INFO] Compiling 5 source files to /usr/local/src/org.nuxeo.tests/nuxeo-service/nuxeo-platform-search-api/target/test-classes
[INFO] [surefire:test {execution: default-test}]
[INFO] Surefire report directory: /usr/local/src/org.nuxeo.tests/nuxeo-service/nuxeo-platform-search-api/target/surefire-reports

-------------------------------------------------------
 T E S T S
-------------------------------------------------------
Running org.nuxeo.ecm.core.search.api.TestSearchPageProvider
08:30:56,802 ERROR [SearchPageProvider] Could not convert result item in DocumentModel
Tests run: 5, Failures: 0, Errors: 0, Skipped: 0, Time elapsed: 2.661 sec
Running org.nuxeo.ecm.core.search.api.client.indexing.resources.document.schemas.TestDefaultSchemaFIeldDescriptorFactory
Tests run: 4, Failures: 0, Errors: 0, Skipped: 0, Time elapsed: 0.28 sec
Running org.nuxeo.ecm.core.search.api.TestResolvedResourcesAPI
Tests run: 1, Failures: 0, Errors: 0, Skipped: 0, Time elapsed: 0.005 sec
Running org.nuxeo.ecm.core.search.api.TestResultSetAPI
Tests run: 2, Failures: 0, Errors: 0, Skipped: 0, Time elapsed: 0.004 sec

Results :

Tests run: 12, Failures: 0, Errors: 0, Skipped: 0

[INFO] [jar:jar {execution: default-jar}]
[INFO] Building jar: /usr/local/src/org.nuxeo.tests/nuxeo-service/nuxeo-platform-search-api/target/nuxeo-platform-search-api-5.3.2-APG-240-SNAPSHOT.jar
[INFO] Preparing source:jar
[WARNING] Removing: jar from forked lifecycle, to prevent recursive invocation.
[INFO] [buildnumber:create {execution: default}]
[INFO] Storing buildNumber: 20100722-083057 at timestamp: 1279780257989
[INFO] [source:jar {execution: attach-sources}]
[INFO] Building jar: /usr/local/src/org.nuxeo.tests/nuxeo-service/nuxeo-platform-search-api/target/nuxeo-platform-search-api-5.3.2-APG-240-SNAPSHOT-sources.jar
[INFO] [install:install {execution: default-install}]
[INFO] Installing /usr/local/src/org.nuxeo.tests/nuxeo-service/nuxeo-platform-search-api/target/nuxeo-platform-search-api-5.3.2-APG-240-SNAPSHOT.jar to /home/matic/.m2/repository/org/nuxeo/ecm/platform/nuxeo-platform-search-api/5.3.2-APG-240-SNAPSHOT/nuxeo-platform-search-api-5.3.2-APG-240-SNAPSHOT.jar
[INFO] Installing /usr/local/src/org.nuxeo.tests/nuxeo-service/nuxeo-platform-search-api/target/nuxeo-platform-search-api-5.3.2-APG-240-SNAPSHOT-sources.jar to /home/matic/.m2/repository/org/nuxeo/ecm/platform/nuxeo-platform-search-api/5.3.2-APG-240-SNAPSHOT/nuxeo-platform-search-api-5.3.2-APG-240-SNAPSHOT-sources.jar
[INFO] ------------------------------------------------------------------------
[INFO] Building Nuxeo Versioning Service - API
[INFO]    task-segment: [clean, install]
[INFO] ------------------------------------------------------------------------
[INFO] [clean:clean {execution: default-clean}]
[INFO] Deleting /usr/local/src/org.nuxeo.tests/nuxeo-service/nuxeo-platform-versioning-api/target
[INFO] [buildnumber:create {execution: default}]
[INFO] Storing buildNumber: 20100722-083058 at timestamp: 1279780258111
[INFO] [nuxeo:eclipse-version {execution: eclipsize-version}]
[INFO] eclipseVersion:5.3.2.-APG-240-SNAPSHOT
[INFO] [resources:resources {execution: default-resources}]
[INFO] Using 'UTF-8' encoding to copy filtered resources.
[INFO] Copying 3 resources
[INFO] [compiler:compile {execution: default-compile}]
[INFO] Compiling 10 source files to /usr/local/src/org.nuxeo.tests/nuxeo-service/nuxeo-platform-versioning-api/target/classes
[INFO] [resources:testResources {execution: default-testResources}]
[INFO] Using 'UTF-8' encoding to copy filtered resources.
[INFO] skip non existing resourceDirectory /usr/local/src/org.nuxeo.tests/nuxeo-service/nuxeo-platform-versioning-api/src/test/resources
[INFO] [compiler:testCompile {execution: default-testCompile}]
[INFO] No sources to compile
[INFO] [surefire:test {execution: default-test}]
[INFO] No tests to run.
[INFO] [jar:jar {execution: default-jar}]
[INFO] Building jar: /usr/local/src/org.nuxeo.tests/nuxeo-service/nuxeo-platform-versioning-api/target/nuxeo-platform-versioning-api-5.3.2-APG-240-SNAPSHOT.jar
[INFO] Preparing source:jar
[WARNING] Removing: jar from forked lifecycle, to prevent recursive invocation.
[INFO] [buildnumber:create {execution: default}]
[INFO] Storing buildNumber: 20100722-083059 at timestamp: 127978025.4.2-HF11
[INFO] [source:jar {execution: attach-sources}]
[INFO] Building jar: /usr/local/src/org.nuxeo.tests/nuxeo-service/nuxeo-platform-versioning-api/target/nuxeo-platform-versioning-api-5.3.2-APG-240-SNAPSHOT-sources.jar
[INFO] [install:install {execution: default-install}]
[INFO] Installing /usr/local/src/org.nuxeo.tests/nuxeo-service/nuxeo-platform-versioning-api/target/nuxeo-platform-versioning-api-5.3.2-APG-240-SNAPSHOT.jar to /home/matic/.m2/repository/org/nuxeo/ecm/platform/nuxeo-platform-versioning-api/5.3.2-APG-240-SNAPSHOT/nuxeo-platform-versioning-api-5.3.2-APG-240-SNAPSHOT.jar
[INFO] Installing /usr/local/src/org.nuxeo.tests/nuxeo-service/nuxeo-platform-versioning-api/target/nuxeo-platform-versioning-api-5.3.2-APG-240-SNAPSHOT-sources.jar to /home/matic/.m2/repository/org/nuxeo/ecm/platform/nuxeo-platform-versioning-api/5.3.2-APG-240-SNAPSHOT/nuxeo-platform-versioning-api-5.3.2-APG-240-SNAPSHOT-sources.jar
[INFO] ------------------------------------------------------------------------
[INFO] Building Nuxeo Forms Layout API
[INFO]    task-segment: [clean, install]
[INFO] ------------------------------------------------------------------------
[INFO] [clean:clean {execution: default-clean}]
[INFO] Deleting /usr/local/src/org.nuxeo.tests/nuxeo-service/nuxeo-platform-forms-layout-api/target
[INFO] [buildnumber:create {execution: default}]
[INFO] Storing buildNumber: 20100722-083059 at timestamp: 1279780259438
[INFO] [nuxeo:eclipse-version {execution: eclipsize-version}]
[INFO] eclipseVersion:5.3.2.-APG-240-SNAPSHOT
[INFO] [resources:resources {execution: default-resources}]
[INFO] Using 'UTF-8' encoding to copy filtered resources.
[INFO] Copying 2 resources
[INFO] [compiler:compile {execution: default-compile}]
[INFO] Compiling 19 source files to /usr/local/src/org.nuxeo.tests/nuxeo-service/nuxeo-platform-forms-layout-api/target/classes
[INFO] [resources:testResources {execution: default-testResources}]
[INFO] Using 'UTF-8' encoding to copy filtered resources.
[INFO] skip non existing resourceDirectory /usr/local/src/org.nuxeo.tests/nuxeo-service/nuxeo-platform-forms-layout-api/src/test/resources
[INFO] [compiler:testCompile {execution: default-testCompile}]
[INFO] No sources to compile
[INFO] [surefire:test {execution: default-test}]
[INFO] No tests to run.
[INFO] [jar:jar {execution: default-jar}]
[INFO] Building jar: /usr/local/src/org.nuxeo.tests/nuxeo-service/nuxeo-platform-forms-layout-api/target/nuxeo-platform-forms-layout-api-5.3.2-APG-240-SNAPSHOT.jar
[INFO] Preparing source:jar
[WARNING] Removing: jar from forked lifecycle, to prevent recursive invocation.
[INFO] [buildnumber:create {execution: default}]
[INFO] Storing buildNumber: 20100722-083100 at timestamp: 1279780260637
[INFO] [source:jar {execution: attach-sources}]
[INFO] Building jar: /usr/local/src/org.nuxeo.tests/nuxeo-service/nuxeo-platform-forms-layout-api/target/nuxeo-platform-forms-layout-api-5.3.2-APG-240-SNAPSHOT-sources.jar
[INFO] [install:install {execution: default-install}]
[INFO] Installing /usr/local/src/org.nuxeo.tests/nuxeo-service/nuxeo-platform-forms-layout-api/target/nuxeo-platform-forms-layout-api-5.3.2-APG-240-SNAPSHOT.jar to /home/matic/.m2/repository/org/nuxeo/ecm/platform/nuxeo-platform-forms-layout-api/5.3.2-APG-240-SNAPSHOT/nuxeo-platform-forms-layout-api-5.3.2-APG-240-SNAPSHOT.jar
[INFO] Installing /usr/local/src/org.nuxeo.tests/nuxeo-service/nuxeo-platform-forms-layout-api/target/nuxeo-platform-forms-layout-api-5.3.2-APG-240-SNAPSHOT-sources.jar to /home/matic/.m2/repository/org/nuxeo/ecm/platform/nuxeo-platform-forms-layout-api/5.3.2-APG-240-SNAPSHOT/nuxeo-platform-forms-layout-api-5.3.2-APG-240-SNAPSHOT-sources.jar
[INFO] ------------------------------------------------------------------------
[INFO] Building Nuxeo Content Types Service - API
[INFO]    task-segment: [clean, install]
[INFO] ------------------------------------------------------------------------
[INFO] [clean:clean {execution: default-clean}]
[INFO] Deleting /usr/local/src/org.nuxeo.tests/nuxeo-service/nuxeo-platform-types-api/target
[INFO] [buildnumber:create {execution: default}]
[INFO] Storing buildNumber: 20100722-083100 at timestamp: 1279780260681
[INFO] [nuxeo:eclipse-version {execution: eclipsize-version}]
[INFO] eclipseVersion:5.3.2.-APG-240-SNAPSHOT
[INFO] [resources:resources {execution: default-resources}]
[INFO] Using 'UTF-8' encoding to copy filtered resources.
[INFO] Copying 3 resources
[INFO] [compiler:compile {execution: default-compile}]
[INFO] Compiling 9 source files to /usr/local/src/org.nuxeo.tests/nuxeo-service/nuxeo-platform-types-api/target/classes
[INFO] [resources:testResources {execution: default-testResources}]
[INFO] Using 'UTF-8' encoding to copy filtered resources.
[INFO] skip non existing resourceDirectory /usr/local/src/org.nuxeo.tests/nuxeo-service/nuxeo-platform-types-api/src/test/resources
[INFO] [compiler:testCompile {execution: default-testCompile}]
[INFO] No sources to compile
[INFO] [surefire:test {execution: default-test}]
[INFO] No tests to run.
[INFO] [jar:jar {execution: default-jar}]
[INFO] Building jar: /usr/local/src/org.nuxeo.tests/nuxeo-service/nuxeo-platform-types-api/target/nuxeo-platform-types-api-5.3.2-APG-240-SNAPSHOT.jar
[INFO] Preparing source:jar
[WARNING] Removing: jar from forked lifecycle, to prevent recursive invocation.
[INFO] [buildnumber:create {execution: default}]
[INFO] Storing buildNumber: 20100722-083102 at timestamp: 1279780262022
[INFO] [source:jar {execution: attach-sources}]
[INFO] Building jar: /usr/local/src/org.nuxeo.tests/nuxeo-service/nuxeo-platform-types-api/target/nuxeo-platform-types-api-5.3.2-APG-240-SNAPSHOT-sources.jar
[INFO] [install:install {execution: default-install}]
[INFO] Installing /usr/local/src/org.nuxeo.tests/nuxeo-service/nuxeo-platform-types-api/target/nuxeo-platform-types-api-5.3.2-APG-240-SNAPSHOT.jar to /home/matic/.m2/repository/org/nuxeo/ecm/platform/nuxeo-platform-types-api/5.3.2-APG-240-SNAPSHOT/nuxeo-platform-types-api-5.3.2-APG-240-SNAPSHOT.jar
[INFO] Installing /usr/local/src/org.nuxeo.tests/nuxeo-service/nuxeo-platform-types-api/target/nuxeo-platform-types-api-5.3.2-APG-240-SNAPSHOT-sources.jar to /home/matic/.m2/repository/org/nuxeo/ecm/platform/nuxeo-platform-types-api/5.3.2-APG-240-SNAPSHOT/nuxeo-platform-types-api-5.3.2-APG-240-SNAPSHOT-sources.jar
[INFO] ------------------------------------------------------------------------
[INFO] Building Nuxeo MimeType Service - Core
[INFO]    task-segment: [clean, install]
[INFO] ------------------------------------------------------------------------
[INFO] [clean:clean {execution: default-clean}]
[INFO] Deleting /usr/local/src/org.nuxeo.tests/nuxeo-service/nuxeo-platform-mimetype-core/target
[INFO] [buildnumber:create {execution: default}]
[INFO] Storing buildNumber: 20100722-083102 at timestamp: 1279780262116
[INFO] [nuxeo:eclipse-version {execution: eclipsize-version}]
[INFO] eclipseVersion:5.3.2.-APG-240-SNAPSHOT
[INFO] [resources:resources {execution: default-resources}]
[INFO] Using 'UTF-8' encoding to copy filtered resources.
[INFO] Copying 67 resources
[INFO] [dependency:copy {execution: copy-installed}]
[INFO] Configured Artifact: jmimemagic:jmimemagic:?:jar
[INFO] Copying jmimemagic-0.1.2.jar to /usr/local/src/org.nuxeo.tests/nuxeo-service/nuxeo-platform-mimetype-core/target/classes/jmimemagic.jar
[INFO] [compiler:compile {execution: default-compile}]
[INFO] Compiling 9 source files to /usr/local/src/org.nuxeo.tests/nuxeo-service/nuxeo-platform-mimetype-core/target/classes
[INFO] [resources:testResources {execution: default-testResources}]
[INFO] Using 'UTF-8' encoding to copy filtered resources.
[INFO] Copying 27 resources
[INFO] [compiler:testCompile {execution: default-testCompile}]
[INFO] Compiling 5 source files to /usr/local/src/org.nuxeo.tests/nuxeo-service/nuxeo-platform-mimetype-core/target/test-classes
[INFO] [surefire:test {execution: default-test}]
[INFO] Surefire report directory: /usr/local/src/org.nuxeo.tests/nuxeo-service/nuxeo-platform-mimetype-core/target/surefire-reports

-------------------------------------------------------
 T E S T S
-------------------------------------------------------
Running org.nuxeo.ecm.platform.mimetype.TestMimetypeSniffing
Tests run: 6, Failures: 0, Errors: 0, Skipped: 0, Time elapsed: 1.358 sec
Running org.nuxeo.ecm.platform.mimetype.TestMimetype
Tests run: 6, Failures: 0, Errors: 0, Skipped: 0, Time elapsed: 0.007 sec
Running org.nuxeo.ecm.platform.mimetype.detectors.TestDetector
Tests run: 14, Failures: 0, Errors: 0, Skipped: 0, Time elapsed: 0.208 sec
Running org.nuxeo.ecm.platform.mimetype.service.TestMimetypeRegistryServiceExtensions
Tests run: 10, Failures: 0, Errors: 0, Skipped: 0, Time elapsed: 0.548 sec
Running org.nuxeo.ecm.platform.mimetype.TestMimetypeRegistryService
Tests run: 7, Failures: 0, Errors: 0, Skipped: 0, Time elapsed: 0.125 sec

Results :

Tests run: 43, Failures: 0, Errors: 0, Skipped: 0

[INFO] [jar:jar {execution: default-jar}]
[INFO] Building jar: /usr/local/src/org.nuxeo.tests/nuxeo-service/nuxeo-platform-mimetype-core/target/nuxeo-platform-mimetype-core-5.3.2-APG-240-SNAPSHOT.jar
[INFO] Preparing source:jar
[WARNING] Removing: jar from forked lifecycle, to prevent recursive invocation.
[INFO] [buildnumber:create {execution: default}]
[INFO] Storing buildNumber: 20100722-083107 at timestamp: 1279780267978
[INFO] [source:jar {execution: attach-sources}]
[INFO] Building jar: /usr/local/src/org.nuxeo.tests/nuxeo-service/nuxeo-platform-mimetype-core/target/nuxeo-platform-mimetype-core-5.3.2-APG-240-SNAPSHOT-sources.jar
[INFO] [install:install {execution: default-install}]
[INFO] Installing /usr/local/src/org.nuxeo.tests/nuxeo-service/nuxeo-platform-mimetype-core/target/nuxeo-platform-mimetype-core-5.3.2-APG-240-SNAPSHOT.jar to /home/matic/.m2/repository/org/nuxeo/ecm/platform/nuxeo-platform-mimetype-core/5.3.2-APG-240-SNAPSHOT/nuxeo-platform-mimetype-core-5.3.2-APG-240-SNAPSHOT.jar
[INFO] Installing /usr/local/src/org.nuxeo.tests/nuxeo-service/nuxeo-platform-mimetype-core/target/nuxeo-platform-mimetype-core-5.3.2-APG-240-SNAPSHOT-sources.jar to /home/matic/.m2/repository/org/nuxeo/ecm/platform/nuxeo-platform-mimetype-core/5.3.2-APG-240-SNAPSHOT/nuxeo-platform-mimetype-core-5.3.2-APG-240-SNAPSHOT-sources.jar
[INFO] ------------------------------------------------------------------------
[INFO] Building Nuxeo Content Types Service - Core
[INFO]    task-segment: [clean, install]
[INFO] ------------------------------------------------------------------------
[INFO] [clean:clean {execution: default-clean}]
[INFO] Deleting /usr/local/src/org.nuxeo.tests/nuxeo-service/nuxeo-platform-types-core/target
[INFO] [buildnumber:create {execution: default}]
[INFO] Storing buildNumber: 20100722-083108 at timestamp: 1279780268046
[INFO] [nuxeo:eclipse-version {execution: eclipsize-version}]
[INFO] eclipseVersion:5.3.2.-APG-240-SNAPSHOT
[INFO] [resources:resources {execution: default-resources}]
[INFO] Using 'UTF-8' encoding to copy filtered resources.
[INFO] Copying 3 resources
[INFO] [compiler:compile {execution: default-compile}]
[INFO] Compiling 4 source files to /usr/local/src/org.nuxeo.tests/nuxeo-service/nuxeo-platform-types-core/target/classes
[INFO] [resources:testResources {execution: default-testResources}]
[INFO] Using 'UTF-8' encoding to copy filtered resources.
[INFO] Copying 5 resources
[INFO] [compiler:testCompile {execution: default-testCompile}]
[INFO] Compiling 1 source file to /usr/local/src/org.nuxeo.tests/nuxeo-service/nuxeo-platform-types-core/target/test-classes
[INFO] [surefire:test {execution: default-test}]
[INFO] Surefire report directory: /usr/local/src/org.nuxeo.tests/nuxeo-service/nuxeo-platform-types-core/target/surefire-reports

-------------------------------------------------------
 T E S T S
-------------------------------------------------------
Running org.nuxeo.ecm.platform.types.TypeTest
08:31:10,318 WARN  [TypeService] The type widget contribution system is deprecated, use the new layout system instead
08:31:10,435 WARN  [TypeService] The type widget contribution system is deprecated, use the new layout system instead
08:31:10,501 WARN  [TypeService] The type widget contribution system is deprecated, use the new layout system instead
08:31:10,571 WARN  [TypeService] The type widget contribution system is deprecated, use the new layout system instead
08:31:10,626 WARN  [TypeService] The type widget contribution system is deprecated, use the new layout system instead
08:31:10,681 WARN  [TypeService] The type widget contribution system is deprecated, use the new layout system instead
08:31:10,726 WARN  [TypeService] The type widget contribution system is deprecated, use the new layout system instead
Tests run: 7, Failures: 0, Errors: 0, Skipped: 0, Time elapsed: 1.024 sec

Results :

Tests run: 7, Failures: 0, Errors: 0, Skipped: 0

[INFO] [jar:jar {execution: default-jar}]
[INFO] Building jar: /usr/local/src/org.nuxeo.tests/nuxeo-service/nuxeo-platform-types-core/target/nuxeo-platform-types-core-5.3.2-APG-240-SNAPSHOT.jar
[INFO] Preparing source:jar
[WARNING] Removing: jar from forked lifecycle, to prevent recursive invocation.
[INFO] [buildnumber:create {execution: default}]
[INFO] Storing buildNumber: 20100722-083111 at timestamp: 1279780271369
[INFO] [source:jar {execution: attach-sources}]
[INFO] Building jar: /usr/local/src/org.nuxeo.tests/nuxeo-service/nuxeo-platform-types-core/target/nuxeo-platform-types-core-5.3.2-APG-240-SNAPSHOT-sources.jar
[INFO] [install:install {execution: default-install}]
[INFO] Installing /usr/local/src/org.nuxeo.tests/nuxeo-service/nuxeo-platform-types-core/target/nuxeo-platform-types-core-5.3.2-APG-240-SNAPSHOT.jar to /home/matic/.m2/repository/org/nuxeo/ecm/platform/nuxeo-platform-types-core/5.3.2-APG-240-SNAPSHOT/nuxeo-platform-types-core-5.3.2-APG-240-SNAPSHOT.jar
[INFO] Installing /usr/local/src/org.nuxeo.tests/nuxeo-service/nuxeo-platform-types-core/target/nuxeo-platform-types-core-5.3.2-APG-240-SNAPSHOT-sources.jar to /home/matic/.m2/repository/org/nuxeo/ecm/platform/nuxeo-platform-types-core/5.3.2-APG-240-SNAPSHOT/nuxeo-platform-types-core-5.3.2-APG-240-SNAPSHOT-sources.jar
[INFO] ------------------------------------------------------------------------
[INFO] Building Nuxeo Content Template Managager
[INFO]    task-segment: [clean, install]
[INFO] ------------------------------------------------------------------------
[INFO] [clean:clean {execution: default-clean}]
[INFO] Deleting /usr/local/src/org.nuxeo.tests/nuxeo-service/nuxeo-platform-content-template-manager/target
[INFO] [buildnumber:create {execution: default}]
[INFO] Storing buildNumber: 20100722-083111 at timestamp: 1279780271396
[INFO] [nuxeo:eclipse-version {execution: eclipsize-version}]
[INFO] eclipseVersion:5.3.2.-APG-240-SNAPSHOT
[INFO] [resources:resources {execution: default-resources}]
[INFO] Using 'UTF-8' encoding to copy filtered resources.
[INFO] Copying 5 resources
[INFO] [compiler:compile {execution: default-compile}]
[INFO] Compiling 15 source files to /usr/local/src/org.nuxeo.tests/nuxeo-service/nuxeo-platform-content-template-manager/target/classes
[INFO] [resources:testResources {execution: default-testResources}]
[INFO] Using 'UTF-8' encoding to copy filtered resources.
[INFO] Copying 26 resources
[INFO] [compiler:testCompile {execution: default-testCompile}]
[INFO] Compiling 3 source files to /usr/local/src/org.nuxeo.tests/nuxeo-service/nuxeo-platform-content-template-manager/target/test-classes
[INFO] [surefire:test {execution: default-test}]
[INFO] Surefire report directory: /usr/local/src/org.nuxeo.tests/nuxeo-service/nuxeo-platform-content-template-manager/target/surefire-reports

-------------------------------------------------------
 T E S T S
-------------------------------------------------------
Running org.nuxeo.ecm.platform.content.template.tests.MultipleDomainsCreationTest
08:31:17,097 ERROR [OSGiRuntimeService] Nuxeo EP Started
======================================================================
= Nuxeo EP Started
======================================================================
= Component Loading Status: Pending: 1 / Unstarted: 0 / Total: 27
  * service:org.nuxeo.ecm.event.management requires [service:org.nuxeo.runtime.management.ResourcePublisher]
======================================================================
DatabaseHelper: Database used for VCS tests: org.nuxeo.ecm.core.storage.sql.DatabaseH2
Tests run: 1, Failures: 0, Errors: 0, Skipped: 0, Time elapsed: 3.31 sec
Running org.nuxeo.ecm.platform.content.template.tests.ContentCreationListenerTest
08:31:21,240 WARN  [ItemStateMap] overwriting map entry 0dc29fff-728e-51cd-f02a-754ca73468fa
08:31:21,302 WARN  [ItemStateMap] overwriting map entry 0dc29fff-728e-51cd-f02a-754ca73468fa
08:31:21,419 WARN  [ItemStateMap] overwriting map entry 0dc29fff-728e-51cd-f02a-754ca73468fa
Tests run: 1, Failures: 0, Errors: 0, Skipped: 0, Time elapsed: 3.752 sec
Running org.nuxeo.ecm.platform.content.template.tests.TestContentTemplateFactory
Tests run: 9, Failures: 0, Errors: 0, Skipped: 0, Time elapsed: 7.628 sec

Results :

Tests run: 11, Failures: 0, Errors: 0, Skipped: 0

[INFO] [jar:jar {execution: default-jar}]
[INFO] Building jar: /usr/local/src/org.nuxeo.tests/nuxeo-service/nuxeo-platform-content-template-manager/target/nuxeo-platform-content-template-manager-5.3.2-APG-240-SNAPSHOT.jar
[INFO] Preparing source:jar
[WARNING] Removing: jar from forked lifecycle, to prevent recursive invocation.
[INFO] [buildnumber:create {execution: default}]
[INFO] Storing buildNumber: 20100722-083131 at timestamp: 1279780291596
[INFO] [source:jar {execution: attach-sources}]
[INFO] Building jar: /usr/local/src/org.nuxeo.tests/nuxeo-service/nuxeo-platform-content-template-manager/target/nuxeo-platform-content-template-manager-5.3.2-APG-240-SNAPSHOT-sources.jar
[INFO] [install:install {execution: default-install}]
[INFO] Installing /usr/local/src/org.nuxeo.tests/nuxeo-service/nuxeo-platform-content-template-manager/target/nuxeo-platform-content-template-manager-5.3.2-APG-240-SNAPSHOT.jar to /home/matic/.m2/repository/org/nuxeo/ecm/platform/nuxeo-platform-content-template-manager/5.3.2-APG-240-SNAPSHOT/nuxeo-platform-content-template-manager-5.3.2-APG-240-SNAPSHOT.jar
[INFO] Installing /usr/local/src/org.nuxeo.tests/nuxeo-service/nuxeo-platform-content-template-manager/target/nuxeo-platform-content-template-manager-5.3.2-APG-240-SNAPSHOT-sources.jar to /home/matic/.m2/repository/org/nuxeo/ecm/platform/nuxeo-platform-content-template-manager/5.3.2-APG-240-SNAPSHOT/nuxeo-platform-content-template-manager-5.3.2-APG-240-SNAPSHOT-sources.jar
[INFO] ------------------------------------------------------------------------
[INFO] Building Nuxeo EP Versioning Service Core
[INFO]    task-segment: [clean, install]
[INFO] ------------------------------------------------------------------------
[INFO] [clean:clean {execution: default-clean}]
[INFO] Deleting /usr/local/src/org.nuxeo.tests/nuxeo-service/nuxeo-platform-versioning-core/target
[INFO] [buildnumber:create {execution: default}]
[INFO] Storing buildNumber: 20100722-083131 at timestamp: 1279780291634
[INFO] [nuxeo:eclipse-version {execution: eclipsize-version}]
[INFO] eclipseVersion:5.3.2.-APG-240-SNAPSHOT
[INFO] [resources:resources {execution: default-resources}]
[INFO] Using 'UTF-8' encoding to copy filtered resources.
[INFO] Copying 9 resources
[INFO] [compiler:compile {execution: default-compile}]
[INFO] Compiling 18 source files to /usr/local/src/org.nuxeo.tests/nuxeo-service/nuxeo-platform-versioning-core/target/classes
[INFO] [resources:testResources {execution: default-testResources}]
[INFO] Using 'UTF-8' encoding to copy filtered resources.
[INFO] Copying 6 resources
[INFO] [compiler:testCompile {execution: default-testCompile}]
[INFO] Compiling 7 source files to /usr/local/src/org.nuxeo.tests/nuxeo-service/nuxeo-platform-versioning-core/target/test-classes
[INFO] [surefire:test {execution: default-test}]
[INFO] Surefire report directory: /usr/local/src/org.nuxeo.tests/nuxeo-service/nuxeo-platform-versioning-core/target/surefire-reports

-------------------------------------------------------
 T E S T S
-------------------------------------------------------
Running org.nuxeo.ecm.platform.versioning.TestVersioningInitialVersionNumber
DatabaseHelper: Database used for VCS tests: org.nuxeo.ecm.core.storage.sql.DatabaseH2
Tests run: 3, Failures: 0, Errors: 0, Skipped: 0, Time elapsed: 4.724 sec
Running org.nuxeo.ecm.platform.versioning.TestVersioningAdapter
Tests run: 2, Failures: 0, Errors: 0, Skipped: 0, Time elapsed: 1.609 sec
Running org.nuxeo.ecm.platform.versioning.TestVersioningDocEdit
Tests run: 6, Failures: 0, Errors: 0, Skipped: 0, Time elapsed: 3.997 sec
Running org.nuxeo.ecm.platform.versioning.TestVersioningRules
Tests run: 4, Failures: 0, Errors: 0, Skipped: 0, Time elapsed: 2.016 sec

Results :

Tests run: 15, Failures: 0, Errors: 0, Skipped: 0

[INFO] [jar:jar {execution: default-jar}]
[INFO] Building jar: /usr/local/src/org.nuxeo.tests/nuxeo-service/nuxeo-platform-versioning-core/target/nuxeo-platform-versioning-core-5.3.2-APG-240-SNAPSHOT.jar
[INFO] Preparing source:jar
[WARNING] Removing: jar from forked lifecycle, to prevent recursive invocation.
[INFO] [buildnumber:create {execution: default}]
[INFO] Storing buildNumber: 20100722-083146 at timestamp: 1279780306626
[INFO] [source:jar {execution: attach-sources}]
[INFO] Building jar: /usr/local/src/org.nuxeo.tests/nuxeo-service/nuxeo-platform-versioning-core/target/nuxeo-platform-versioning-core-5.3.2-APG-240-SNAPSHOT-sources.jar
[INFO] [install:install {execution: default-install}]
[INFO] Installing /usr/local/src/org.nuxeo.tests/nuxeo-service/nuxeo-platform-versioning-core/target/nuxeo-platform-versioning-core-5.3.2-APG-240-SNAPSHOT.jar to /home/matic/.m2/repository/org/nuxeo/ecm/platform/nuxeo-platform-versioning-core/5.3.2-APG-240-SNAPSHOT/nuxeo-platform-versioning-core-5.3.2-APG-240-SNAPSHOT.jar
[INFO] Installing /usr/local/src/org.nuxeo.tests/nuxeo-service/nuxeo-platform-versioning-core/target/nuxeo-platform-versioning-core-5.3.2-APG-240-SNAPSHOT-sources.jar to /home/matic/.m2/repository/org/nuxeo/ecm/platform/nuxeo-platform-versioning-core/5.3.2-APG-240-SNAPSHOT/nuxeo-platform-versioning-core-5.3.2-APG-240-SNAPSHOT-sources.jar
[INFO] ------------------------------------------------------------------------
[INFO] Building Nuxeo Platform File Manager
[INFO]    task-segment: [clean, install]
[INFO] ------------------------------------------------------------------------
[INFO] [clean:clean {execution: default-clean}]
[INFO] Deleting /usr/local/src/org.nuxeo.tests/nuxeo-service/nuxeo-platform-filemanager-core/target
[INFO] [buildnumber:create {execution: default}]
[INFO] Storing buildNumber: 20100722-083146 at timestamp: 1279780306668
[INFO] [nuxeo:eclipse-version {execution: eclipsize-version}]
[INFO] eclipseVersion:5.3.2.-APG-240-SNAPSHOT
[INFO] [resources:resources {execution: default-resources}]
[INFO] Using 'UTF-8' encoding to copy filtered resources.
[INFO] Copying 5 resources
[INFO] [compiler:compile {execution: default-compile}]
[INFO] Compiling 19 source files to /usr/local/src/org.nuxeo.tests/nuxeo-service/nuxeo-platform-filemanager-core/target/classes
[INFO] [resources:testResources {execution: default-testResources}]
[INFO] Using 'UTF-8' encoding to copy filtered resources.
[INFO] Copying 20 resources
[INFO] [compiler:testCompile {execution: default-testCompile}]
[INFO] Compiling 7 source files to /usr/local/src/org.nuxeo.tests/nuxeo-service/nuxeo-platform-filemanager-core/target/test-classes
[INFO] [surefire:test {execution: default-test}]
[INFO] Surefire report directory: /usr/local/src/org.nuxeo.tests/nuxeo-service/nuxeo-platform-filemanager-core/target/surefire-reports

-------------------------------------------------------
 T E S T S
-------------------------------------------------------
Running org.nuxeo.ecm.platform.filemanager.TestFileManagerComponent
Tests run: 1, Failures: 0, Errors: 0, Skipped: 0, Time elapsed: 0.764 sec
Running org.nuxeo.ecm.platform.filemanager.TestFileManagerService
08:31:52,410 WARN  [ItemStateMap] overwriting map entry 0dc29fff-728e-51cd-f02a-754ca73468fa
08:31:52,461 WARN  [ItemStateMap] overwriting map entry 0dc29fff-728e-51cd-f02a-754ca73468fa
08:31:52,553 WARN  [ItemStateMap] overwriting map entry 0dc29fff-728e-51cd-f02a-754ca73468fa
08:31:55,142 WARN  [ItemStateMap] overwriting map entry 0dc29fff-728e-51cd-f02a-754ca73468fa
08:31:55,188 WARN  [ItemStateMap] overwriting map entry 0dc29fff-728e-51cd-f02a-754ca73468fa
08:31:55,240 WARN  [ItemStateMap] overwriting map entry 0dc29fff-728e-51cd-f02a-754ca73468fa
08:31:56,576 WARN  [ItemStateMap] overwriting map entry 0dc29fff-728e-51cd-f02a-754ca73468fa
08:31:56,591 WARN  [ItemStateMap] overwriting map entry 0dc29fff-728e-51cd-f02a-754ca73468fa
08:31:56,617 WARN  [ItemStateMap] overwriting map entry 0dc29fff-728e-51cd-f02a-754ca73468fa
08:31:57,563 WARN  [ItemStateMap] overwriting map entry 0dc29fff-728e-51cd-f02a-754ca73468fa
08:31:57,589 WARN  [ItemStateMap] overwriting map entry 0dc29fff-728e-51cd-f02a-754ca73468fa
08:31:57,620 WARN  [ItemStateMap] overwriting map entry 0dc29fff-728e-51cd-f02a-754ca73468fa
08:31:58,434 WARN  [ItemStateMap] overwriting map entry 0dc29fff-728e-51cd-f02a-754ca73468fa
08:31:58,451 WARN  [ItemStateMap] overwriting map entry 0dc29fff-728e-51cd-f02a-754ca73468fa
08:31:58,480 WARN  [ItemStateMap] overwriting map entry 0dc29fff-728e-51cd-f02a-754ca73468fa
Tests run: 5, Failures: 0, Errors: 0, Skipped: 0, Time elapsed: 9.142 sec
Running org.nuxeo.ecm.platform.filemanager.TestCSVImporter
08:31:59,240 WARN  [ItemStateMap] overwriting map entry 0dc29fff-728e-51cd-f02a-754ca73468fa
08:31:59,252 WARN  [ItemStateMap] overwriting map entry 0dc29fff-728e-51cd-f02a-754ca73468fa
08:31:59,272 WARN  [ItemStateMap] overwriting map entry 0dc29fff-728e-51cd-f02a-754ca73468fa
08:32:00,092 WARN  [ItemStateMap] overwriting map entry 0dc29fff-728e-51cd-f02a-754ca73468fa
08:32:00,104 WARN  [ItemStateMap] overwriting map entry 0dc29fff-728e-51cd-f02a-754ca73468fa
08:32:00,139 WARN  [ItemStateMap] overwriting map entry 0dc29fff-728e-51cd-f02a-754ca73468fa
Tests run: 2, Failures: 0, Errors: 0, Skipped: 0, Time elapsed: 1.837 sec
Running org.nuxeo.ecm.platform.filemanager.TestExportedZipImporterPlugin
08:32:01,090 WARN  [ItemStateMap] overwriting map entry 0dc29fff-728e-51cd-f02a-754ca73468fa
08:32:01,108 WARN  [ItemStateMap] overwriting map entry 0dc29fff-728e-51cd-f02a-754ca73468fa
08:32:01,125 WARN  [ItemStateMap] overwriting map entry 0dc29fff-728e-51cd-f02a-754ca73468fa
08:32:01,843 WARN  [ItemStateMap] overwriting map entry 0dc29fff-728e-51cd-f02a-754ca73468fa
08:32:01,855 WARN  [ItemStateMap] overwriting map entry 0dc29fff-728e-51cd-f02a-754ca73468fa
08:32:01,872 WARN  [ItemStateMap] overwriting map entry 0dc29fff-728e-51cd-f02a-754ca73468fa
08:32:02,847 WARN  [ItemStateMap] overwriting map entry 0dc29fff-728e-51cd-f02a-754ca73468fa
08:32:02,864 WARN  [ItemStateMap] overwriting map entry 0dc29fff-728e-51cd-f02a-754ca73468fa
08:32:02,883 WARN  [ItemStateMap] overwriting map entry 0dc29fff-728e-51cd-f02a-754ca73468fa
Tests run: 3, Failures: 0, Errors: 0, Skipped: 0, Time elapsed: 3.091 sec
Running org.nuxeo.ecm.platform.filemanager.TestVersionning
08:32:04,416 WARN  [ItemStateMap] overwriting map entry 0dc29fff-728e-51cd-f02a-754ca73468fa
08:32:04,439 WARN  [ItemStateMap] overwriting map entry 0dc29fff-728e-51cd-f02a-754ca73468fa
08:32:04,528 WARN  [ItemStateMap] overwriting map entry 0dc29fff-728e-51cd-f02a-754ca73468fa
Tests run: 1, Failures: 0, Errors: 0, Skipped: 0, Time elapsed: 1.316 sec

Results :

Tests run: 12, Failures: 0, Errors: 0, Skipped: 0

[INFO] [jar:jar {execution: default-jar}]
[INFO] Building jar: /usr/local/src/org.nuxeo.tests/nuxeo-service/nuxeo-platform-filemanager-core/target/nuxeo-platform-filemanager-core-5.3.2-APG-240-SNAPSHOT.jar
[INFO] Preparing source:jar
[WARNING] Removing: jar from forked lifecycle, to prevent recursive invocation.
[INFO] [buildnumber:create {execution: default}]
[INFO] Storing buildNumber: 20100722-083205 at timestamp: 1279780325629
[INFO] [source:jar {execution: attach-sources}]
[INFO] Building jar: /usr/local/src/org.nuxeo.tests/nuxeo-service/nuxeo-platform-filemanager-core/target/nuxeo-platform-filemanager-core-5.3.2-APG-240-SNAPSHOT-sources.jar
[INFO] [install:install {execution: default-install}]
[INFO] Installing /usr/local/src/org.nuxeo.tests/nuxeo-service/nuxeo-platform-filemanager-core/target/nuxeo-platform-filemanager-core-5.3.2-APG-240-SNAPSHOT.jar to /home/matic/.m2/repository/org/nuxeo/ecm/platform/nuxeo-platform-filemanager-core/5.3.2-APG-240-SNAPSHOT/nuxeo-platform-filemanager-core-5.3.2-APG-240-SNAPSHOT.jar
[INFO] Installing /usr/local/src/org.nuxeo.tests/nuxeo-service/nuxeo-platform-filemanager-core/target/nuxeo-platform-filemanager-core-5.3.2-APG-240-SNAPSHOT-sources.jar to /home/matic/.m2/repository/org/nuxeo/ecm/platform/nuxeo-platform-filemanager-core/5.3.2-APG-240-SNAPSHOT/nuxeo-platform-filemanager-core-5.3.2-APG-240-SNAPSHOT-sources.jar
[INFO] ------------------------------------------------------------------------
[INFO] Building Nuxeo Platform File Manager Core Listener
[INFO]    task-segment: [clean, install]
[INFO] ------------------------------------------------------------------------
[INFO] [clean:clean {execution: default-clean}]
[INFO] Deleting /usr/local/src/org.nuxeo.tests/nuxeo-service/nuxeo-platform-filemanager-core-listener/target
[INFO] [buildnumber:create {execution: default}]
[INFO] Storing buildNumber: 20100722-083205 at timestamp: 1279780325666
[INFO] [nuxeo:eclipse-version {execution: eclipsize-version}]
[INFO] eclipseVersion:5.3.2.-APG-240-SNAPSHOT
[INFO] [resources:resources {execution: default-resources}]
[INFO] Using 'UTF-8' encoding to copy filtered resources.
[INFO] Copying 5 resources
[INFO] [compiler:compile {execution: default-compile}]
[INFO] Compiling 5 source files to /usr/local/src/org.nuxeo.tests/nuxeo-service/nuxeo-platform-filemanager-core-listener/target/classes
[INFO] [resources:testResources {execution: default-testResources}]
[INFO] Using 'UTF-8' encoding to copy filtered resources.
[INFO] Copying 7 resources
[INFO] [compiler:testCompile {execution: default-testCompile}]
[INFO] Compiling 3 source files to /usr/local/src/org.nuxeo.tests/nuxeo-service/nuxeo-platform-filemanager-core-listener/target/test-classes
[INFO] [surefire:test {execution: default-test}]
[INFO] Surefire report directory: /usr/local/src/org.nuxeo.tests/nuxeo-service/nuxeo-platform-filemanager-core-listener/target/surefire-reports

-------------------------------------------------------
 T E S T S
-------------------------------------------------------
Running org.nuxeo.ecm.platform.filemanager.core.listener.tests.TestDigestComputerListener
08:32:10,903 WARN  [ItemStateMap] overwriting map entry 0dc29fff-728e-51cd-f02a-754ca73468fa
08:32:11,020 WARN  [ItemStateMap] overwriting map entry 0dc29fff-728e-51cd-f02a-754ca73468fa
08:32:11,215 WARN  [ItemStateMap] overwriting map entry 0dc29fff-728e-51cd-f02a-754ca73468fa
Tests run: 1, Failures: 0, Errors: 0, Skipped: 0, Time elapsed: 5.32 sec
Running org.nuxeo.ecm.platform.filemanager.core.listener.tests.TestMimetypeIconUpdater
08:32:13,875 WARN  [ItemStateMap] overwriting map entry 0dc29fff-728e-51cd-f02a-754ca73468fa
08:32:13,917 WARN  [ItemStateMap] overwriting map entry 0dc29fff-728e-51cd-f02a-754ca73468fa
08:32:13,992 WARN  [ItemStateMap] overwriting map entry 0dc29fff-728e-51cd-f02a-754ca73468fa
Tests run: 1, Failures: 0, Errors: 0, Skipped: 0, Time elapsed: 1.542 sec

Results :

Tests run: 2, Failures: 0, Errors: 0, Skipped: 0

[INFO] [jar:jar {execution: default-jar}]
[INFO] Building jar: /usr/local/src/org.nuxeo.tests/nuxeo-service/nuxeo-platform-filemanager-core-listener/target/nuxeo-platform-filemanager-core-listener-5.3.2-APG-240-SNAPSHOT.jar
[INFO] Preparing source:jar
[WARNING] Removing: jar from forked lifecycle, to prevent recursive invocation.
[INFO] [buildnumber:create {execution: default}]
[INFO] Storing buildNumber: 20100722-083215 at timestamp: 1279780335472
[INFO] [source:jar {execution: attach-sources}]
[INFO] Building jar: /usr/local/src/org.nuxeo.tests/nuxeo-service/nuxeo-platform-filemanager-core-listener/target/nuxeo-platform-filemanager-core-listener-5.3.2-APG-240-SNAPSHOT-sources.jar
[INFO] [install:install {execution: default-install}]
[INFO] Installing /usr/local/src/org.nuxeo.tests/nuxeo-service/nuxeo-platform-filemanager-core-listener/target/nuxeo-platform-filemanager-core-listener-5.3.2-APG-240-SNAPSHOT.jar to /home/matic/.m2/repository/org/nuxeo/ecm/platform/nuxeo-platform-filemanager-core-listener/5.3.2-APG-240-SNAPSHOT/nuxeo-platform-filemanager-core-listener-5.3.2-APG-240-SNAPSHOT.jar
[INFO] Installing /usr/local/src/org.nuxeo.tests/nuxeo-service/nuxeo-platform-filemanager-core-listener/target/nuxeo-platform-filemanager-core-listener-5.3.2-APG-240-SNAPSHOT-sources.jar to /home/matic/.m2/repository/org/nuxeo/ecm/platform/nuxeo-platform-filemanager-core-listener/5.3.2-APG-240-SNAPSHOT/nuxeo-platform-filemanager-core-listener-5.3.2-APG-240-SNAPSHOT-sources.jar
[INFO] ------------------------------------------------------------------------
[INFO] Building Nuxeo Lock Service - API
[INFO]    task-segment: [clean, install]
[INFO] ------------------------------------------------------------------------
[INFO] [clean:clean {execution: default-clean}]
[INFO] Deleting /usr/local/src/org.nuxeo.tests/nuxeo-service/nuxeo-platform-lock-api/target
[INFO] [buildnumber:create {execution: default}]
[INFO] Storing buildNumber: 20100722-083215 at timestamp: 1279780335498
[INFO] [nuxeo:eclipse-version {execution: eclipsize-version}]
[INFO] eclipseVersion:5.3.2.-APG-240-SNAPSHOT
[INFO] [resources:resources {execution: default-resources}]
[INFO] Using 'UTF-8' encoding to copy filtered resources.
[INFO] Copying 2 resources
[INFO] [compiler:compile {execution: default-compile}]
[INFO] Compiling 6 source files to /usr/local/src/org.nuxeo.tests/nuxeo-service/nuxeo-platform-lock-api/target/classes
[INFO] [resources:testResources {execution: default-testResources}]
[INFO] Using 'UTF-8' encoding to copy filtered resources.
[INFO] Copying 1 resource
[INFO] [compiler:testCompile {execution: default-testCompile}]
[INFO] No sources to compile
[INFO] [surefire:test {execution: default-test}]
[INFO] Surefire report directory: /usr/local/src/org.nuxeo.tests/nuxeo-service/nuxeo-platform-lock-api/target/surefire-reports

-------------------------------------------------------
 T E S T S
-------------------------------------------------------
There are no tests to run.

Results :

Tests run: 0, Failures: 0, Errors: 0, Skipped: 0

[INFO] [jar:jar {execution: default-jar}]
[INFO] Building jar: /usr/local/src/org.nuxeo.tests/nuxeo-service/nuxeo-platform-lock-api/target/nuxeo-platform-lock-api-5.3.2-APG-240-SNAPSHOT.jar
[INFO] Preparing source:jar
[WARNING] Removing: jar from forked lifecycle, to prevent recursive invocation.
[INFO] [buildnumber:create {execution: default}]
[INFO] Storing buildNumber: 20100722-083216 at timestamp: 1279780336979
[INFO] [source:jar {execution: attach-sources}]
[INFO] Building jar: /usr/local/src/org.nuxeo.tests/nuxeo-service/nuxeo-platform-lock-api/target/nuxeo-platform-lock-api-5.3.2-APG-240-SNAPSHOT-sources.jar
[INFO] [install:install {execution: default-install}]
[INFO] Installing /usr/local/src/org.nuxeo.tests/nuxeo-service/nuxeo-platform-lock-api/target/nuxeo-platform-lock-api-5.3.2-APG-240-SNAPSHOT.jar to /home/matic/.m2/repository/org/nuxeo/ecm/platform/nuxeo-platform-lock-api/5.3.2-APG-240-SNAPSHOT/nuxeo-platform-lock-api-5.3.2-APG-240-SNAPSHOT.jar
[INFO] Installing /usr/local/src/org.nuxeo.tests/nuxeo-service/nuxeo-platform-lock-api/target/nuxeo-platform-lock-api-5.3.2-APG-240-SNAPSHOT-sources.jar to /home/matic/.m2/repository/org/nuxeo/ecm/platform/nuxeo-platform-lock-api/5.3.2-APG-240-SNAPSHOT/nuxeo-platform-lock-api-5.3.2-APG-240-SNAPSHOT-sources.jar
[INFO] ------------------------------------------------------------------------
[INFO] Building Nuxeo Lock Service - Core and service implementation
[INFO]    task-segment: [clean, install]
[INFO] ------------------------------------------------------------------------
[INFO] [clean:clean {execution: default-clean}]
[INFO] Deleting /usr/local/src/org.nuxeo.tests/nuxeo-service/nuxeo-platform-lock-core/target
[INFO] [buildnumber:create {execution: default}]
[INFO] Storing buildNumber: 20100722-083217 at timestamp: 1279780337005
[INFO] [nuxeo:eclipse-version {execution: eclipsize-version}]
[INFO] eclipseVersion:5.3.2.-APG-240-SNAPSHOT
[INFO] [resources:resources {execution: default-resources}]
[INFO] Using 'UTF-8' encoding to copy filtered resources.
[INFO] Copying 5 resources
[INFO] [compiler:compile {execution: default-compile}]
[INFO] Compiling 9 source files to /usr/local/src/org.nuxeo.tests/nuxeo-service/nuxeo-platform-lock-core/target/classes
[INFO] [resources:testResources {execution: default-testResources}]
[INFO] Using 'UTF-8' encoding to copy filtered resources.
[INFO] Copying 3 resources
[INFO] [compiler:testCompile {execution: default-testCompile}]
[INFO] Compiling 2 source files to /usr/local/src/org.nuxeo.tests/nuxeo-service/nuxeo-platform-lock-core/target/test-classes
[INFO] [surefire:test {execution: default-test}]
[INFO] Surefire report directory: /usr/local/src/org.nuxeo.tests/nuxeo-service/nuxeo-platform-lock-core/target/surefire-reports

-------------------------------------------------------
 T E S T S
-------------------------------------------------------
Running org.nuxeo.ecm.platform.lock.TestLockRecord
08:32:19,445 INFO  [Version] Hibernate EntityManager 3.2.1.GA
08:32:19,464 INFO  [Version] Hibernate Annotations 3.2.1.GA
08:32:19,470 INFO  [Environment] Hibernate 3.2.4.sp1
08:32:19,474 INFO  [Environment] hibernate.properties not found
08:32:19,476 INFO  [Environment] Bytecode provider name : cglib
08:32:19,480 INFO  [Environment] using JDK 1.4 java.sql.Timestamp handling
08:32:19,567 DEBUG [Ejb3Configuration] Look up for persistence unit: nxlocks
08:32:19,704 DEBUG [DTDEntityResolver] trying to resolve system-id [http://java.sun.com/xml/ns/persistence/persistence_1_0.xsd]
08:32:19,705 DEBUG [EJB3DTDEntityResolver] recognized EJB3 ORM namespace; attempting to resolve on classpath under org/hibernate/ejb
08:32:19,706 DEBUG [EJB3DTDEntityResolver] located [http://java.sun.com/xml/ns/persistence/persistence_1_0.xsd] in classpath
08:32:19,773 DEBUG [Ejb3Configuration] Detect class: true; detect hbm: true
08:32:19,779 DEBUG [JarVisitor] Searching mapped entities in jar/par: file:/usr/local/src/org.nuxeo.tests/nuxeo-service/nuxeo-platform-lock-core/target/classes
08:32:19,780 DEBUG [JarVisitor] Filtering: org.nuxeo.ecm.platform.lock.ThreadedLockRecordProvider$1
08:32:19,813 DEBUG [JarVisitor] Filtering: org.nuxeo.ecm.platform.lock.ThreadedLockRecordProvider
08:32:19,816 DEBUG [JarVisitor] Filtering: org.nuxeo.ecm.platform.lock.LockCoordinatorImpl
08:32:19,817 DEBUG [JarVisitor] Filtering: org.nuxeo.ecm.platform.lock.LockComponentDelegate
08:32:19,818 DEBUG [JarVisitor] Filtering: org.nuxeo.ecm.platform.lock.LockRecordProvider
08:32:19,818 DEBUG [JarVisitor] Filtering: org.nuxeo.ecm.platform.lock.LockInfoImpl
08:32:19,819 DEBUG [JarVisitor] Filtering: org.nuxeo.ecm.platform.lock.JPALockRecordProvider
08:32:19,821 DEBUG [JarVisitor] Filtering: org.nuxeo.ecm.platform.lock.ThreadedLockRecordProvider$4
08:32:19,822 DEBUG [JarVisitor] Filtering: org.nuxeo.ecm.platform.lock.LockComponent
08:32:19,823 DEBUG [JarVisitor] Filtering: org.nuxeo.ecm.platform.lock.LockComponent$1
08:32:19,825 DEBUG [JarVisitor] Filtering: org.nuxeo.ecm.platform.lock.LockRecord
08:32:19,840 DEBUG [JarVisitor] Java element filter matched for org.nuxeo.ecm.platform.lock.LockRecord
08:32:19,841 DEBUG [JarVisitor] Filtering: org.nuxeo.ecm.platform.lock.ThreadedLockRecordProvider$3
08:32:19,842 DEBUG [JarVisitor] Filtering: org.nuxeo.ecm.platform.lock.ThreadedLockRecordProvider$2
08:32:19,843 DEBUG [JarVisitor] Filtering: org.nuxeo.ecm.core.persistence.PersistenceProviderFriend
08:32:19,845 DEBUG [Ejb3Configuration] Detect class: true; detect hbm: true
08:32:19,845 DEBUG [Ejb3Configuration] Creating Factory: nxlocks
08:32:19,854 DEBUG [AnnotationConfiguration] Execute first pass mapping processing
08:32:19,897 DEBUG [AnnotationConfiguration] Process hbm files
08:32:19,898 DEBUG [AnnotationConfiguration] Process annotated classes
08:32:19,902 INFO  [AnnotationBinder] Binding entity from annotated class: org.nuxeo.ecm.platform.lock.LockRecord
08:32:19,910 INFO  [QueryBinder] Binding Named query: Lock.findByResource => from Lock lock where lock.resource = :resource
08:32:19,911 INFO  [QueryBinder] Binding Named query: Lock.findExpired => from Lock lock where lock.expireTime < :time order by expireTime
08:32:19,911 INFO  [QueryBinder] Binding Named query: Lock.deleteByResource => delete Lock lock where lock.resource = :resource
08:32:19,921 DEBUG [Ejb3Column] Binding column DTYPE unique false
08:32:19,934 DEBUG [EntityBinder] Import with entity name=Lock
08:32:19,939 INFO  [EntityBinder] Bind entity org.nuxeo.ecm.platform.lock.LockRecord on table NX_LOCK
08:32:19,946 DEBUG [AnnotationBinder] Processing org.nuxeo.ecm.platform.lock.LockRecord property annotation
08:32:19,947 DEBUG [AnnotationBinder] Processing org.nuxeo.ecm.platform.lock.LockRecord field annotation
08:32:19,966 DEBUG [AnnotationBinder] Processing annotations of org.nuxeo.ecm.platform.lock.LockRecord.id
08:32:19,968 DEBUG [Ejb3Column] Binding column LOCK_ID unique false
08:32:19,970 DEBUG [AnnotationBinder] id is an id
08:32:19,973 DEBUG [SimpleValueBinder] building SimpleValue for id
08:32:19,976 DEBUG [PropertyBinder] Building property id
08:32:19,980 DEBUG [AnnotationBinder] Bind @Id on id
08:32:19,981 DEBUG [AnnotationBinder] Processing annotations of org.nuxeo.ecm.platform.lock.LockRecord.version
08:32:19,982 DEBUG [Ejb3Column] Binding column version unique false
08:32:19,982 DEBUG [AnnotationBinder] version is a version property
08:32:19,983 DEBUG [PropertyBinder] binding property version with lazy=false
08:32:19,984 DEBUG [SimpleValueBinder] building SimpleValue for version
08:32:19,985 DEBUG [PropertyBinder] Building property version
08:32:19,985 DEBUG [AnnotationBinder] Version name: version, unsavedValue: undefined
08:32:19,986 DEBUG [AnnotationBinder] Processing annotations of org.nuxeo.ecm.platform.lock.LockRecord.resource
08:32:19,986 DEBUG [Ejb3Column] Binding column LOCK_RESOURCE unique true
08:32:19,988 DEBUG [PropertyBinder] binding property resource with lazy=false
08:32:19,988 DEBUG [SimpleValueBinder] building SimpleValue for resource
08:32:19,988 DEBUG [PropertyBinder] Building property resource
08:32:19,989 DEBUG [AnnotationBinder] Processing annotations of org.nuxeo.ecm.platform.lock.LockRecord.lockTime
08:32:19,990 DEBUG [Ejb3Column] Binding column LOCK_LOCK_TIME unique false
08:32:19,990 DEBUG [PropertyBinder] binding property lockTime with lazy=false
08:32:19,990 DEBUG [SimpleValueBinder] building SimpleValue for lockTime
08:32:19,991 DEBUG [PropertyBinder] Building property lockTime
08:32:19,991 DEBUG [AnnotationBinder] Processing annotations of org.nuxeo.ecm.platform.lock.LockRecord.expireTime
08:32:19,992 DEBUG [Ejb3Column] Binding column LOCK_EXPIRE_TIME unique false
08:32:19,992 DEBUG [PropertyBinder] binding property expireTime with lazy=false
08:32:19,993 DEBUG [SimpleValueBinder] building SimpleValue for expireTime
08:32:19,993 DEBUG [PropertyBinder] Building property expireTime
08:32:19,994 DEBUG [AnnotationBinder] Processing annotations of org.nuxeo.ecm.platform.lock.LockRecord.owner
08:32:19,994 DEBUG [Ejb3Column] Binding column LOCK_OWNER unique false
08:32:19,999 DEBUG [PropertyBinder] binding property owner with lazy=false
08:32:19,999 DEBUG [SimpleValueBinder] building SimpleValue for owner
08:32:20,000 DEBUG [PropertyBinder] Building property owner
08:32:20,001 DEBUG [AnnotationBinder] Processing annotations of org.nuxeo.ecm.platform.lock.LockRecord.comments
08:32:20,002 DEBUG [Ejb3Column] Binding column LOCK_COMMENTS unique false
08:32:20,002 DEBUG [PropertyBinder] binding property comments with lazy=false
08:32:20,002 DEBUG [SimpleValueBinder] building SimpleValue for comments
08:32:20,003 DEBUG [PropertyBinder] Building property comments
08:32:20,004 DEBUG [AnnotationBinder] Processing annotations of org.nuxeo.ecm.platform.lock.LockRecord.info
08:32:20,004 DEBUG [Ejb3Column] Binding column LOCK_INFO unique false
08:32:20,005 DEBUG [PropertyBinder] binding property info with lazy=false
08:32:20,005 DEBUG [SimpleValueBinder] building SimpleValue for info
08:32:20,006 DEBUG [PropertyBinder] Building property info
08:32:20,008 DEBUG [AnnotationConfiguration] processing manytoone fk mappings
08:32:20,011 DEBUG [Configuration] processing extends queue
08:32:20,012 DEBUG [Configuration] processing collection mappings
08:32:20,012 DEBUG [Configuration] processing native query and ResultSetMapping mappings
08:32:20,012 DEBUG [Configuration] processing association property references
08:32:20,013 DEBUG [Configuration] processing foreign key constraints
08:32:20,019 DEBUG [ClassValidator] ResourceBundle ValidatorMessages not found in Validator classloader. Delegate to org.hibernate.validator.resources.DefaultValidatorMessages
08:32:20,038 INFO  [Configuration] configuring from resource: fake-hibernate.cfg.xml
08:32:20,039 INFO  [Configuration] Configuration resource: fake-hibernate.cfg.xml
08:32:20,074 DEBUG [DTDEntityResolver] trying to resolve system-id [http://hibernate.sourceforge.net/hibernate-configuration-3.0.dtd]
08:32:20,075 DEBUG [DTDEntityResolver] recognized hibernate namespace; attempting to resolve on classpath under org/hibernate/
08:32:20,076 DEBUG [DTDEntityResolver] located [http://hibernate.sourceforge.net/hibernate-configuration-3.0.dtd] in classpath
08:32:20,092 INFO  [Configuration] Configured SessionFactory: null
08:32:20,092 DEBUG [Configuration] properties: {hibernate.dialect=org.hibernate.dialect.HSQLDialect, hibernate.connection.pool_size=1, hibernate.show_sql=false, hibernate.connection.url=jdbc:hsqldb:mem:.;sql.enforce_strict_size=true, hibernate.connection.auto_commit=true, hibernate.connection.driver_class=org.hsqldb.jdbcDriver, hibernate.format_sql=true, hibernate.hbm2ddl.auto=update}
08:32:20,093 DEBUG [AnnotationConfiguration] Execute first pass mapping processing
08:32:20,093 DEBUG [AnnotationConfiguration] Process hbm files
08:32:20,094 DEBUG [AnnotationConfiguration] Process annotated classes
08:32:20,095 DEBUG [AnnotationConfiguration] processing manytoone fk mappings
08:32:20,095 DEBUG [Configuration] processing extends queue
08:32:20,095 DEBUG [Configuration] processing collection mappings
08:32:20,095 DEBUG [Configuration] processing native query and ResultSetMapping mappings
08:32:20,096 DEBUG [Configuration] processing association property references
08:32:20,096 DEBUG [Configuration] processing foreign key constraints
08:32:20,097 DEBUG [ClassValidator] ResourceBundle ValidatorMessages not found in Validator classloader. Delegate to org.hibernate.validator.resources.DefaultValidatorMessages
08:32:20,107 DEBUG [AnnotationConfiguration] Execute first pass mapping processing
08:32:20,107 DEBUG [AnnotationConfiguration] Process hbm files
08:32:20,107 DEBUG [AnnotationConfiguration] Process annotated classes
08:32:20,108 DEBUG [AnnotationConfiguration] processing manytoone fk mappings
08:32:20,108 DEBUG [Configuration] processing extends queue
08:32:20,108 DEBUG [Configuration] processing collection mappings
08:32:20,109 DEBUG [Configuration] processing native query and ResultSetMapping mappings
08:32:20,109 DEBUG [Configuration] processing association property references
08:32:20,109 DEBUG [Configuration] processing foreign key constraints
08:32:20,115 DEBUG [ClassValidator] ResourceBundle ValidatorMessages not found in Validator classloader. Delegate to org.hibernate.validator.resources.DefaultValidatorMessages
08:32:20,121 DEBUG [NamingHelper] Not Ejb3Configuration to JNDI, no JNDI name configured
08:32:20,123 DEBUG [Configuration] Preparing to build session factory with filters : {}
08:32:20,124 DEBUG [AnnotationConfiguration] Execute first pass mapping processing
08:32:20,124 DEBUG [AnnotationConfiguration] Process hbm files
08:32:20,124 DEBUG [AnnotationConfiguration] Process annotated classes
08:32:20,125 DEBUG [AnnotationConfiguration] processing manytoone fk mappings
08:32:20,125 DEBUG [Configuration] processing extends queue
08:32:20,125 DEBUG [Configuration] processing collection mappings
08:32:20,125 DEBUG [Configuration] processing native query and ResultSetMapping mappings
08:32:20,126 DEBUG [Configuration] processing association property references
08:32:20,126 DEBUG [Configuration] processing foreign key constraints
08:32:20,127 DEBUG [ClassValidator] ResourceBundle ValidatorMessages not found in Validator classloader. Delegate to org.hibernate.validator.resources.DefaultValidatorMessages
08:32:20,178 INFO  [DriverManagerConnectionProvider] Using Hibernate built-in connection pool (not for production use!)
08:32:20,179 INFO  [DriverManagerConnectionProvider] Hibernate connection pool size: 1
08:32:20,179 INFO  [DriverManagerConnectionProvider] autocommit mode: true
08:32:20,193 INFO  [DriverManagerConnectionProvider] using driver: org.hsqldb.jdbcDriver at URL: jdbc:hsqldb:mem:.;sql.enforce_strict_size=true
08:32:20,194 INFO  [DriverManagerConnectionProvider] connection properties: {auto_commit=true, autocommit=true, release_mode=auto}
08:32:20,194 DEBUG [DriverManagerConnectionProvider] opening new JDBC connection
08:32:20,329 DEBUG [DriverManagerConnectionProvider] created connection to: jdbc:hsqldb:mem:.;sql.enforce_strict_size=true, Isolation Level: 0
08:32:20,348 INFO  [SettingsFactory] RDBMS: HSQL Database Engine, version: 1.8.0
08:32:20,348 INFO  [SettingsFactory] JDBC driver: HSQL Database Engine Driver, version: 1.8.0
08:32:20,364 INFO  [Dialect] Using dialect: org.hibernate.dialect.HSQLDialect
08:32:20,369 INFO  [TransactionFactoryFactory] Transaction strategy: org.hibernate.transaction.JDBCTransactionFactory
08:32:20,371 INFO  [TransactionManagerLookupFactory] No TransactionManagerLookup configured (in JTA environment, use of read-write or transactional second-level cache is not recommended)
08:32:20,371 INFO  [SettingsFactory] Automatic flush during beforeCompletion(): disabled
08:32:20,371 INFO  [SettingsFactory] Automatic session close at end of transaction: disabled
08:32:20,372 INFO  [SettingsFactory] JDBC batch size: 15
08:32:20,372 INFO  [SettingsFactory] JDBC batch updates for versioned data: disabled
08:32:20,373 INFO  [SettingsFactory] Scrollable result sets: enabled
08:32:20,374 DEBUG [SettingsFactory] Wrap result sets: disabled
08:32:20,374 INFO  [SettingsFactory] JDBC3 getGeneratedKeys(): disabled
08:32:20,374 INFO  [SettingsFactory] Connection release mode: auto
08:32:20,375 INFO  [SettingsFactory] Default batch fetch size: 1
08:32:20,375 INFO  [SettingsFactory] Generate SQL with comments: disabled
08:32:20,376 INFO  [SettingsFactory] Order SQL updates by primary key: disabled
08:32:20,376 INFO  [SettingsFactory] Order SQL inserts for batching: disabled
08:32:20,376 INFO  [SettingsFactory] Query translator: org.hibernate.hql.ast.ASTQueryTranslatorFactory
08:32:20,379 INFO  [ASTQueryTranslatorFactory] Using ASTQueryTranslatorFactory
08:32:20,379 INFO  [SettingsFactory] Query language substitutions: {}
08:32:20,380 INFO  [SettingsFactory] JPA-QL strict compliance: enabled
08:32:20,380 INFO  [SettingsFactory] Second-level cache: enabled
08:32:20,380 INFO  [SettingsFactory] Query cache: disabled
08:32:20,381 INFO  [SettingsFactory] Cache provider: org.hibernate.cache.NoCacheProvider
08:32:20,382 INFO  [SettingsFactory] Optimize cache for minimal puts: disabled
08:32:20,382 INFO  [SettingsFactory] Structured second-level cache entries: disabled
08:32:20,387 INFO  [SettingsFactory] Statistics: disabled
08:32:20,388 INFO  [SettingsFactory] Deleted entity synthetic identifier rollback: disabled
08:32:20,389 INFO  [SettingsFactory] Default entity-mode: pojo
08:32:20,389 INFO  [SettingsFactory] Named query checking : enabled
08:32:20,409 DEBUG [ClassValidator] ResourceBundle ValidatorMessages not found in Validator classloader. Delegate to org.hibernate.validator.resources.DefaultValidatorMessages
08:32:20,418 INFO  [SessionFactoryImpl] building session factory
08:32:20,419 DEBUG [SessionFactoryImpl] Session factory constructed with filter configurations : {}
08:32:20,420 DEBUG [SessionFactoryImpl] instantiating session factory with properties: {hibernate.transaction.flush_before_completion=false, hibernate.connection.autocommit=true, hibernate.connection.driver_class=org.hsqldb.jdbcDriver, javax.persistence.transactionType=RESOURCE_LOCAL, hibernate.dialect=org.hibernate.dialect.HSQLDialect, hibernate.connection.auto_commit=true, hibernate.format_sql=true, hibernate.use_identifier_rollback=false, hibernate.query.jpaql_strict_compliance=true, hibernate.hbm2ddl.auto=update, hibernate.connection.url=jdbc:hsqldb:mem:.;sql.enforce_strict_size=true, hibernate.show_sql=false, hibernate.ejb.cfgfile=fake-hibernate.cfg.xml, hibernate.connection.release_mode=auto, hibernate.ejb.discard_pc_on_close=false, hibernate.transaction.factory_class=org.hibernate.transaction.JDBCTransactionFactory, hibernate.connection.pool_size=1}
08:32:20,619 DEBUG [AbstractEntityPersister] Static SQL for entity: org.nuxeo.ecm.platform.lock.LockRecord
08:32:20,623 DEBUG [AbstractEntityPersister]  Version select: select version from NX_LOCK where LOCK_ID =?
08:32:20,624 DEBUG [AbstractEntityPersister]  Snapshot select: select lockrecord_.LOCK_ID, lockrecord_.version as version0_, lockrecord_.LOCK_RESOURCE as LOCK3_0_, lockrecord_.LOCK_LOCK_TIME as LOCK4_0_, lockrecord_.LOCK_EXPIRE_TIME as LOCK5_0_, lockrecord_.LOCK_OWNER as LOCK6_0_, lockrecord_.LOCK_COMMENTS as LOCK7_0_, lockrecord_.LOCK_INFO as LOCK8_0_ from NX_LOCK lockrecord_ where lockrecord_.LOCK_ID=?
08:32:20,624 DEBUG [AbstractEntityPersister]  Insert 0: insert into NX_LOCK (version, LOCK_RESOURCE, LOCK_LOCK_TIME, LOCK_EXPIRE_TIME, LOCK_OWNER, LOCK_COMMENTS, LOCK_INFO, LOCK_ID) values (?, ?, ?, ?, ?, ?, ?, ?)
08:32:20,624 DEBUG [AbstractEntityPersister]  Update 0: update NX_LOCK set version=?, LOCK_RESOURCE=?, LOCK_LOCK_TIME=?, LOCK_EXPIRE_TIME=?, LOCK_OWNER=?, LOCK_COMMENTS=?, LOCK_INFO=? where LOCK_ID=? and version=?
08:32:20,625 DEBUG [AbstractEntityPersister]  Delete 0: delete from NX_LOCK where LOCK_ID=? and version=?
08:32:20,625 DEBUG [AbstractEntityPersister]  Identity insert: insert into NX_LOCK (LOCK_ID, version, LOCK_RESOURCE, LOCK_LOCK_TIME, LOCK_EXPIRE_TIME, LOCK_OWNER, LOCK_COMMENTS, LOCK_INFO) values (null, ?, ?, ?, ?, ?, ?, ?)
08:32:20,646 DEBUG [EntityLoader] Static select for entity org.nuxeo.ecm.platform.lock.LockRecord: select lockrecord0_.LOCK_ID as LOCK1_0_0_, lockrecord0_.version as version0_0_, lockrecord0_.LOCK_RESOURCE as LOCK3_0_0_, lockrecord0_.LOCK_LOCK_TIME as LOCK4_0_0_, lockrecord0_.LOCK_EXPIRE_TIME as LOCK5_0_0_, lockrecord0_.LOCK_OWNER as LOCK6_0_0_, lockrecord0_.LOCK_COMMENTS as LOCK7_0_0_, lockrecord0_.LOCK_INFO as LOCK8_0_0_ from NX_LOCK lockrecord0_ where lockrecord0_.LOCK_ID=?
08:32:20,647 DEBUG [EntityLoader] Static select for entity org.nuxeo.ecm.platform.lock.LockRecord: select lockrecord0_.LOCK_ID as LOCK1_0_0_, lockrecord0_.version as version0_0_, lockrecord0_.LOCK_RESOURCE as LOCK3_0_0_, lockrecord0_.LOCK_LOCK_TIME as LOCK4_0_0_, lockrecord0_.LOCK_EXPIRE_TIME as LOCK5_0_0_, lockrecord0_.LOCK_OWNER as LOCK6_0_0_, lockrecord0_.LOCK_COMMENTS as LOCK7_0_0_, lockrecord0_.LOCK_INFO as LOCK8_0_0_ from NX_LOCK lockrecord0_ where lockrecord0_.LOCK_ID=?
08:32:20,648 DEBUG [EntityLoader] Static select for entity org.nuxeo.ecm.platform.lock.LockRecord: select lockrecord0_.LOCK_ID as LOCK1_0_0_, lockrecord0_.version as version0_0_, lockrecord0_.LOCK_RESOURCE as LOCK3_0_0_, lockrecord0_.LOCK_LOCK_TIME as LOCK4_0_0_, lockrecord0_.LOCK_EXPIRE_TIME as LOCK5_0_0_, lockrecord0_.LOCK_OWNER as LOCK6_0_0_, lockrecord0_.LOCK_COMMENTS as LOCK7_0_0_, lockrecord0_.LOCK_INFO as LOCK8_0_0_ from NX_LOCK lockrecord0_ where lockrecord0_.LOCK_ID=?
08:32:20,648 DEBUG [EntityLoader] Static select for entity org.nuxeo.ecm.platform.lock.LockRecord: select lockrecord0_.LOCK_ID as LOCK1_0_0_, lockrecord0_.version as version0_0_, lockrecord0_.LOCK_RESOURCE as LOCK3_0_0_, lockrecord0_.LOCK_LOCK_TIME as LOCK4_0_0_, lockrecord0_.LOCK_EXPIRE_TIME as LOCK5_0_0_, lockrecord0_.LOCK_OWNER as LOCK6_0_0_, lockrecord0_.LOCK_COMMENTS as LOCK7_0_0_, lockrecord0_.LOCK_INFO as LOCK8_0_0_ from NX_LOCK lockrecord0_ where lockrecord0_.LOCK_ID=?
08:32:20,648 DEBUG [EntityLoader] Static select for entity org.nuxeo.ecm.platform.lock.LockRecord: select lockrecord0_.LOCK_ID as LOCK1_0_0_, lockrecord0_.version as version0_0_, lockrecord0_.LOCK_RESOURCE as LOCK3_0_0_, lockrecord0_.LOCK_LOCK_TIME as LOCK4_0_0_, lockrecord0_.LOCK_EXPIRE_TIME as LOCK5_0_0_, lockrecord0_.LOCK_OWNER as LOCK6_0_0_, lockrecord0_.LOCK_COMMENTS as LOCK7_0_0_, lockrecord0_.LOCK_INFO as LOCK8_0_0_ from NX_LOCK lockrecord0_ where lockrecord0_.LOCK_ID=?
08:32:20,656 DEBUG [CascadeEntityLoader] Static select for action ACTION_MERGE on entity org.nuxeo.ecm.platform.lock.LockRecord: select lockrecord0_.LOCK_ID as LOCK1_0_0_, lockrecord0_.version as version0_0_, lockrecord0_.LOCK_RESOURCE as LOCK3_0_0_, lockrecord0_.LOCK_LOCK_TIME as LOCK4_0_0_, lockrecord0_.LOCK_EXPIRE_TIME as LOCK5_0_0_, lockrecord0_.LOCK_OWNER as LOCK6_0_0_, lockrecord0_.LOCK_COMMENTS as LOCK7_0_0_, lockrecord0_.LOCK_INFO as LOCK8_0_0_ from NX_LOCK lockrecord0_ where lockrecord0_.LOCK_ID=?
08:32:20,657 DEBUG [CascadeEntityLoader] Static select for action ACTION_REFRESH on entity org.nuxeo.ecm.platform.lock.LockRecord: select lockrecord0_.LOCK_ID as LOCK1_0_0_, lockrecord0_.version as version0_0_, lockrecord0_.LOCK_RESOURCE as LOCK3_0_0_, lockrecord0_.LOCK_LOCK_TIME as LOCK4_0_0_, lockrecord0_.LOCK_EXPIRE_TIME as LOCK5_0_0_, lockrecord0_.LOCK_OWNER as LOCK6_0_0_, lockrecord0_.LOCK_COMMENTS as LOCK7_0_0_, lockrecord0_.LOCK_INFO as LOCK8_0_0_ from NX_LOCK lockrecord0_ where lockrecord0_.LOCK_ID=?
08:32:20,659 DEBUG [SessionFactoryObjectFactory] initializing class SessionFactoryObjectFactory
08:32:20,660 DEBUG [SessionFactoryObjectFactory] registered: ff80818129f8da420129f8da43b10000 (unnamed)
08:32:20,661 INFO  [SessionFactoryObjectFactory] Not binding factory to JNDI, no JNDI name configured
08:32:20,664 DEBUG [SessionFactoryImpl] instantiated session factory
08:32:20,668 INFO  [SchemaUpdate] Running hbm2ddl schema update
08:32:20,669 INFO  [SchemaUpdate] fetching database metadata
08:32:20,683 INFO  [SchemaUpdate] updating schema
08:32:20,684 DEBUG [AnnotationConfiguration] Execute first pass mapping processing
08:32:20,684 DEBUG [AnnotationConfiguration] Process hbm files
08:32:20,685 DEBUG [AnnotationConfiguration] Process annotated classes
08:32:20,685 DEBUG [AnnotationConfiguration] processing manytoone fk mappings
08:32:20,686 DEBUG [Configuration] processing extends queue
08:32:20,686 DEBUG [Configuration] processing collection mappings
08:32:20,686 DEBUG [Configuration] processing native query and ResultSetMapping mappings
08:32:20,687 DEBUG [Configuration] processing association property references
08:32:20,687 DEBUG [Configuration] processing foreign key constraints
08:32:20,693 DEBUG [ClassValidator] ResourceBundle ValidatorMessages not found in Validator classloader. Delegate to org.hibernate.validator.resources.DefaultValidatorMessages
08:32:20,730 INFO  [DatabaseMetadata] table not found: NX_LOCK
08:32:20,735 INFO  [DatabaseMetadata] table not found: NX_LOCK
08:32:20,736 DEBUG [SchemaUpdate] create table NX_LOCK (LOCK_ID bigint generated by default as identity (start with 1), version bigint, LOCK_RESOURCE varbinary(255), LOCK_LOCK_TIME timestamp not null, LOCK_EXPIRE_TIME timestamp not null, LOCK_OWNER varbinary(255) not null, LOCK_COMMENTS varchar(255), LOCK_INFO varbinary(255), primary key (LOCK_ID), unique (LOCK_RESOURCE))
08:32:20,740 INFO  [SchemaUpdate] schema update complete
08:32:20,743 DEBUG [SessionFactoryImpl] Checking 3 named HQL queries
08:32:20,743 DEBUG [SessionFactoryImpl] Checking named query: Lock.findExpired
08:32:20,791 DEBUG [QueryTranslatorImpl] parse() - HQL: from org.nuxeo.ecm.platform.lock.LockRecord lock where lock.expireTime < :time order by expireTime
08:32:20,806 DEBUG [QueryTranslatorImpl] --- HQL AST ---
 \-[QUERY] 'query'
    +-[SELECT_FROM] 'SELECT_FROM'
    |  \-[FROM] 'from'
    |     \-[RANGE] 'RANGE'
    |        +-[DOT] '.'
    |        |  +-[DOT] '.'
    |        |  |  +-[DOT] '.'
    |        |  |  |  +-[DOT] '.'
    |        |  |  |  |  +-[DOT] '.'
    |        |  |  |  |  |  +-[IDENT] 'org'
    |        |  |  |  |  |  \-[IDENT] 'nuxeo'
    |        |  |  |  |  \-[IDENT] 'ecm'
    |        |  |  |  \-[IDENT] 'platform'
    |        |  |  \-[IDENT] 'lock'
    |        |  \-[IDENT] 'LockRecord'
    |        \-[ALIAS] 'lock'
    +-[WHERE] 'where'
    |  \-[LT] '<'
    |     +-[DOT] '.'
    |     |  +-[IDENT] 'lock'
    |     |  \-[IDENT] 'expireTime'
    |     \-[COLON] ':'
    |        \-[IDENT] 'time'
    \-[ORDER] 'order'
       \-[IDENT] 'expireTime'

08:32:20,807 DEBUG [ErrorCounter] throwQueryException() : no errors
08:32:20,840 DEBUG [HqlSqlBaseWalker] select << begin [level=1, statement=select]
08:32:20,855 DEBUG [FromElement] FromClause{level=1} :  org.nuxeo.ecm.platform.lock.LockRecord (lock) -> lockrecord0_
08:32:20,858 DEBUG [FromReferenceNode] Resolved :  lock -> lockrecord0_.LOCK_ID
08:32:20,861 DEBUG [DotNode] getDataType() : expireTime -> org.hibernate.type.TimestampType@7ff5b6
08:32:20,862 DEBUG [FromReferenceNode] Resolved :  lock.expireTime -> lockrecord0_.LOCK_EXPIRE_TIME
08:32:20,866 DEBUG [FromReferenceNode] Resolved :  {synthetic-alias} -> {synthetic-alias}
08:32:20,867 DEBUG [DotNode] getDataType() : expireTime -> org.hibernate.type.TimestampType@7ff5b6
08:32:20,867 DEBUG [FromReferenceNode] Resolved :  {synthetic-alias}.expireTime -> lockrecord0_.LOCK_EXPIRE_TIME
08:32:20,867 DEBUG [HqlSqlBaseWalker] select : finishing up [level=1, statement=select]
08:32:20,868 DEBUG [HqlSqlWalker] processQuery() :  ( SELECT ( FromClause{level=1} NX_LOCK lockrecord0_ ) ( where ( < ( lockrecord0_.LOCK_EXPIRE_TIME lockrecord0_.LOCK_ID expireTime ) ? ) ) ( order ( lockrecord0_.LOCK_EXPIRE_TIME {synthetic-alias} expireTime ) ) )
08:32:20,873 DEBUG [HqlSqlWalker] Derived SELECT clause created.
08:32:20,878 DEBUG [JoinProcessor] Using FROM fragment [NX_LOCK lockrecord0_]
08:32:20,878 DEBUG [HqlSqlBaseWalker] select >> end [level=1, statement=select]
08:32:20,881 DEBUG [QueryTranslatorImpl] --- SQL AST ---
 \-[SELECT] QueryNode: 'SELECT'  querySpaces (NX_LOCK)
    +-[SELECT_CLAUSE] SelectClause: '{derived select clause}'
    |  +-[SELECT_EXPR] SelectExpressionImpl: 'lockrecord0_.LOCK_ID as LOCK1_0_' {FromElement{explicit,not a collection join,not a fetch join,fetch non-lazy properties,classAlias=lock,role=null,tableName=NX_LOCK,tableAlias=lockrecord0_,origin=null,colums={,className=org.nuxeo.ecm.platform.lock.LockRecord}}}
    |  \-[SQL_TOKEN] SqlFragment: 'lockrecord0_.version as version0_, lockrecord0_.LOCK_RESOURCE as LOCK3_0_, lockrecord0_.LOCK_LOCK_TIME as LOCK4_0_, lockrecord0_.LOCK_EXPIRE_TIME as LOCK5_0_, lockrecord0_.LOCK_OWNER as LOCK6_0_, lockrecord0_.LOCK_COMMENTS as LOCK7_0_, lockrecord0_.LOCK_INFO as LOCK8_0_'
    +-[FROM] FromClause: 'from' FromClause{level=1, fromElementCounter=1, fromElements=1, fromElementByClassAlias=[lock], fromElementByTableAlias=[lockrecord0_], fromElementsByPath=[], collectionJoinFromElementsByPath=[], impliedElements=[]}
    |  \-[FROM_FRAGMENT] FromElement: 'NX_LOCK lockrecord0_' FromElement{explicit,not a collection join,not a fetch join,fetch non-lazy properties,classAlias=lock,role=null,tableName=NX_LOCK,tableAlias=lockrecord0_,origin=null,colums={,className=org.nuxeo.ecm.platform.lock.LockRecord}}
    +-[WHERE] SqlNode: 'where'
    |  \-[LT] BinaryLogicOperatorNode: '<'
    |     +-[DOT] DotNode: 'lockrecord0_.LOCK_EXPIRE_TIME' {propertyName=expireTime,dereferenceType=4,propertyPath=expireTime,path=lock.expireTime,tableAlias=lockrecord0_,className=org.nuxeo.ecm.platform.lock.LockRecord,classAlias=lock}
    |     |  +-[ALIAS_REF] IdentNode: 'lockrecord0_.LOCK_ID' {alias=lock, className=org.nuxeo.ecm.platform.lock.LockRecord, tableAlias=lockrecord0_}
    |     |  \-[IDENT] IdentNode: 'expireTime' {originalText=expireTime}
    |     \-[NAMED_PARAM] ParameterNode: '?' {name=time, expectedType=org.hibernate.type.TimestampType@7ff5b6}
    \-[ORDER] OrderByClause: 'order'
       \-[DOT] DotNode: 'lockrecord0_.LOCK_EXPIRE_TIME' {propertyName=expireTime,dereferenceType=4,propertyPath=expireTime,path={synthetic-alias}.expireTime,tableAlias=lockrecord0_,className=org.nuxeo.ecm.platform.lock.LockRecord,classAlias=lock}
          +-[IDENT] IdentNode: '{synthetic-alias}' {originalText={synthetic-alias}}
          \-[IDENT] IdentNode: 'expireTime' {originalText=expireTime}

08:32:20,881 DEBUG [ErrorCounter] throwQueryException() : no errors
08:32:20,899 DEBUG [QueryTranslatorImpl] HQL: from org.nuxeo.ecm.platform.lock.LockRecord lock where lock.expireTime < :time order by expireTime
08:32:20,899 DEBUG [QueryTranslatorImpl] SQL: select lockrecord0_.LOCK_ID as LOCK1_0_, lockrecord0_.version as version0_, lockrecord0_.LOCK_RESOURCE as LOCK3_0_, lockrecord0_.LOCK_LOCK_TIME as LOCK4_0_, lockrecord0_.LOCK_EXPIRE_TIME as LOCK5_0_, lockrecord0_.LOCK_OWNER as LOCK6_0_, lockrecord0_.LOCK_COMMENTS as LOCK7_0_, lockrecord0_.LOCK_INFO as LOCK8_0_ from NX_LOCK lockrecord0_ where lockrecord0_.LOCK_EXPIRE_TIME<? order by lockrecord0_.LOCK_EXPIRE_TIME
08:32:20,900 DEBUG [ErrorCounter] throwQueryException() : no errors
08:32:20,910 DEBUG [SessionFactoryImpl] Checking named query: Lock.findByResource
08:32:20,911 DEBUG [QueryTranslatorImpl] parse() - HQL: from org.nuxeo.ecm.platform.lock.LockRecord lock where lock.resource = :resource
08:32:20,918 DEBUG [QueryTranslatorImpl] --- HQL AST ---
 \-[QUERY] 'query'
    +-[SELECT_FROM] 'SELECT_FROM'
    |  \-[FROM] 'from'
    |     \-[RANGE] 'RANGE'
    |        +-[DOT] '.'
    |        |  +-[DOT] '.'
    |        |  |  +-[DOT] '.'
    |        |  |  |  +-[DOT] '.'
    |        |  |  |  |  +-[DOT] '.'
    |        |  |  |  |  |  +-[IDENT] 'org'
    |        |  |  |  |  |  \-[IDENT] 'nuxeo'
    |        |  |  |  |  \-[IDENT] 'ecm'
    |        |  |  |  \-[IDENT] 'platform'
    |        |  |  \-[IDENT] 'lock'
    |        |  \-[IDENT] 'LockRecord'
    |        \-[ALIAS] 'lock'
    \-[WHERE] 'where'
       \-[EQ] '='
          +-[DOT] '.'
          |  +-[IDENT] 'lock'
          |  \-[IDENT] 'resource'
          \-[COLON] ':'
             \-[IDENT] 'resource'

08:32:20,919 DEBUG [ErrorCounter] throwQueryException() : no errors
08:32:20,919 DEBUG [HqlSqlBaseWalker] select << begin [level=1, statement=select]
08:32:20,920 DEBUG [FromElement] FromClause{level=1} :  org.nuxeo.ecm.platform.lock.LockRecord (lock) -> lockrecord0_
08:32:20,921 DEBUG [FromReferenceNode] Resolved :  lock -> lockrecord0_.LOCK_ID
08:32:20,922 DEBUG [DotNode] getDataType() : resource -> org.hibernate.type.SerializableType@345b43
08:32:20,922 DEBUG [FromReferenceNode] Resolved :  lock.resource -> lockrecord0_.LOCK_RESOURCE
08:32:20,923 DEBUG [HqlSqlBaseWalker] select : finishing up [level=1, statement=select]
08:32:20,923 DEBUG [HqlSqlWalker] processQuery() :  ( SELECT ( FromClause{level=1} NX_LOCK lockrecord0_ ) ( where ( = ( lockrecord0_.LOCK_RESOURCE lockrecord0_.LOCK_ID resource ) ? ) ) )
08:32:20,923 DEBUG [HqlSqlWalker] Derived SELECT clause created.
08:32:20,924 DEBUG [JoinProcessor] Using FROM fragment [NX_LOCK lockrecord0_]
08:32:20,924 DEBUG [HqlSqlBaseWalker] select >> end [level=1, statement=select]
08:32:20,925 DEBUG [QueryTranslatorImpl] --- SQL AST ---
 \-[SELECT] QueryNode: 'SELECT'  querySpaces (NX_LOCK)
    +-[SELECT_CLAUSE] SelectClause: '{derived select clause}'
    |  +-[SELECT_EXPR] SelectExpressionImpl: 'lockrecord0_.LOCK_ID as LOCK1_0_' {FromElement{explicit,not a collection join,not a fetch join,fetch non-lazy properties,classAlias=lock,role=null,tableName=NX_LOCK,tableAlias=lockrecord0_,origin=null,colums={,className=org.nuxeo.ecm.platform.lock.LockRecord}}}
    |  \-[SQL_TOKEN] SqlFragment: 'lockrecord0_.version as version0_, lockrecord0_.LOCK_RESOURCE as LOCK3_0_, lockrecord0_.LOCK_LOCK_TIME as LOCK4_0_, lockrecord0_.LOCK_EXPIRE_TIME as LOCK5_0_, lockrecord0_.LOCK_OWNER as LOCK6_0_, lockrecord0_.LOCK_COMMENTS as LOCK7_0_, lockrecord0_.LOCK_INFO as LOCK8_0_'
    +-[FROM] FromClause: 'from' FromClause{level=1, fromElementCounter=1, fromElements=1, fromElementByClassAlias=[lock], fromElementByTableAlias=[lockrecord0_], fromElementsByPath=[], collectionJoinFromElementsByPath=[], impliedElements=[]}
    |  \-[FROM_FRAGMENT] FromElement: 'NX_LOCK lockrecord0_' FromElement{explicit,not a collection join,not a fetch join,fetch non-lazy properties,classAlias=lock,role=null,tableName=NX_LOCK,tableAlias=lockrecord0_,origin=null,colums={,className=org.nuxeo.ecm.platform.lock.LockRecord}}
    \-[WHERE] SqlNode: 'where'
       \-[EQ] BinaryLogicOperatorNode: '='
          +-[DOT] DotNode: 'lockrecord0_.LOCK_RESOURCE' {propertyName=resource,dereferenceType=4,propertyPath=resource,path=lock.resource,tableAlias=lockrecord0_,className=org.nuxeo.ecm.platform.lock.LockRecord,classAlias=lock}
          |  +-[ALIAS_REF] IdentNode: 'lockrecord0_.LOCK_ID' {alias=lock, className=org.nuxeo.ecm.platform.lock.LockRecord, tableAlias=lockrecord0_}
          |  \-[IDENT] IdentNode: 'resource' {originalText=resource}
          \-[NAMED_PARAM] ParameterNode: '?' {name=resource, expectedType=org.hibernate.type.SerializableType@345b43}

08:32:20,926 DEBUG [ErrorCounter] throwQueryException() : no errors
08:32:20,927 DEBUG [QueryTranslatorImpl] HQL: from org.nuxeo.ecm.platform.lock.LockRecord lock where lock.resource = :resource
08:32:20,927 DEBUG [QueryTranslatorImpl] SQL: select lockrecord0_.LOCK_ID as LOCK1_0_, lockrecord0_.version as version0_, lockrecord0_.LOCK_RESOURCE as LOCK3_0_, lockrecord0_.LOCK_LOCK_TIME as LOCK4_0_, lockrecord0_.LOCK_EXPIRE_TIME as LOCK5_0_, lockrecord0_.LOCK_OWNER as LOCK6_0_, lockrecord0_.LOCK_COMMENTS as LOCK7_0_, lockrecord0_.LOCK_INFO as LOCK8_0_ from NX_LOCK lockrecord0_ where lockrecord0_.LOCK_RESOURCE=?
08:32:20,927 DEBUG [ErrorCounter] throwQueryException() : no errors
08:32:20,928 DEBUG [SessionFactoryImpl] Checking named query: Lock.deleteByResource
08:32:20,929 DEBUG [QueryTranslatorImpl] parse() - HQL: delete org.nuxeo.ecm.platform.lock.LockRecord lock where lock.resource = :resource
08:32:20,931 DEBUG [QueryTranslatorImpl] --- HQL AST ---
 \-[DELETE] 'delete'
    +-[FROM] 'FROM'
    |  \-[RANGE] 'RANGE'
    |     +-[DOT] '.'
    |     |  +-[DOT] '.'
    |     |  |  +-[DOT] '.'
    |     |  |  |  +-[DOT] '.'
    |     |  |  |  |  +-[DOT] '.'
    |     |  |  |  |  |  +-[IDENT] 'org'
    |     |  |  |  |  |  \-[IDENT] 'nuxeo'
    |     |  |  |  |  \-[IDENT] 'ecm'
    |     |  |  |  \-[IDENT] 'platform'
    |     |  |  \-[IDENT] 'lock'
    |     |  \-[IDENT] 'LockRecord'
    |     \-[ALIAS] 'lock'
    \-[WHERE] 'where'
       \-[EQ] '='
          +-[DOT] '.'
          |  +-[IDENT] 'lock'
          |  \-[IDENT] 'resource'
          \-[COLON] ':'
             \-[IDENT] 'resource'

08:32:20,932 DEBUG [ErrorCounter] throwQueryException() : no errors
08:32:20,933 DEBUG [HqlSqlBaseWalker] delete << begin [level=1, statement=delete]
08:32:20,934 DEBUG [FromElement] FromClause{level=1} :  org.nuxeo.ecm.platform.lock.LockRecord (lock) -> lockrecord0_
08:32:20,934 DEBUG [FromReferenceNode] Resolved :  lock -> LOCK_ID
08:32:20,935 DEBUG [DotNode] getDataType() : resource -> org.hibernate.type.SerializableType@345b43
08:32:20,936 DEBUG [FromReferenceNode] Resolved :  lock.resource -> LOCK_RESOURCE
08:32:20,936 DEBUG [HqlSqlBaseWalker] delete : finishing up [level=1, statement=delete]
08:32:20,936 DEBUG [HqlSqlBaseWalker] delete >> end [level=1, statement=delete]
08:32:20,937 DEBUG [QueryTranslatorImpl] --- SQL AST ---
 \-[DELETE] DeleteStatement: 'delete'  querySpaces (NX_LOCK)
    +-[FROM] FromClause: 'FROM' FromClause{level=1, fromElementCounter=1, fromElements=1, fromElementByClassAlias=[lock], fromElementByTableAlias=[lockrecord0_], fromElementsByPath=[], collectionJoinFromElementsByPath=[], impliedElements=[]}
    |  \-[FROM_FRAGMENT] FromElement: 'NX_LOCK' FromElement{explicit,not a collection join,not a fetch join,fetch non-lazy properties,classAlias=lock,role=null,tableName=NX_LOCK,tableAlias=lockrecord0_,origin=null,colums={,className=org.nuxeo.ecm.platform.lock.LockRecord}}
    \-[WHERE] SqlNode: 'where'
       \-[EQ] BinaryLogicOperatorNode: '='
          +-[DOT] DotNode: 'LOCK_RESOURCE' {propertyName=resource,dereferenceType=4,propertyPath=resource,path=lock.resource,tableAlias=lockrecord0_,className=org.nuxeo.ecm.platform.lock.LockRecord,classAlias=lock}
          |  +-[ALIAS_REF] IdentNode: 'LOCK_ID' {alias=lock, className=org.nuxeo.ecm.platform.lock.LockRecord, tableAlias=lockrecord0_}
          |  \-[IDENT] IdentNode: 'resource' {originalText=resource}
          \-[NAMED_PARAM] ParameterNode: '?' {name=resource, expectedType=org.hibernate.type.SerializableType@345b43}

08:32:20,937 DEBUG [ErrorCounter] throwQueryException() : no errors
08:32:20,941 DEBUG [ErrorCounter] throwQueryException() : no errors
08:32:20,941 DEBUG [SessionFactoryImpl] Checking 0 named SQL queries
08:32:20,985 DEBUG [SessionImpl] opened session at timestamp: 12797803409
08:32:20,986 DEBUG [JDBCTransaction] begin
08:32:20,987 DEBUG [ConnectionManager] opening JDBC connection
08:32:20,987 DEBUG [JDBCTransaction] current autocommit status: true
08:32:20,988 DEBUG [JDBCTransaction] disabling autocommit
08:32:21,015 DEBUG [AbstractSaveEventListener] executing identity-insert immediately
08:32:21,018 DEBUG [AbstractBatcher] about to open PreparedStatement (open PreparedStatements: 0, globally: 0)
08:32:21,020 DEBUG [AbstractBatcher] 
    insert 
    into
        NX_LOCK
        (LOCK_ID, version, LOCK_RESOURCE, LOCK_LOCK_TIME, LOCK_EXPIRE_TIME, LOCK_OWNER, LOCK_COMMENTS, LOCK_INFO) 
    values
        (null, ?, ?, ?, ?, ?, ?, ?)
08:32:21,029 DEBUG [AbstractBatcher] about to close PreparedStatement (open PreparedStatements: 1, globally: 1)
08:32:21,030 DEBUG [AbstractBatcher] about to open PreparedStatement (open PreparedStatements: 0, globally: 0)
08:32:21,030 DEBUG [AbstractBatcher] 
    call identity()
08:32:21,031 DEBUG [IdentifierGeneratorFactory] Natively generated identity: 1
08:32:21,031 DEBUG [AbstractBatcher] about to close PreparedStatement (open PreparedStatements: 1, globally: 1)
08:32:21,035 DEBUG [JDBCTransaction] commit
08:32:21,047 DEBUG [AbstractFlushingEventListener] processing flush-time cascades
08:32:21,049 DEBUG [AbstractFlushingEventListener] dirty checking collections
08:32:21,053 DEBUG [AbstractFlushingEventListener] Flushed: 0 insertions, 0 updates, 0 deletions to 1 objects
08:32:21,054 DEBUG [AbstractFlushingEventListener] Flushed: 0 (re)creations, 0 updates, 0 removals to 0 collections
08:32:21,055 DEBUG [Printer] listing entities:
08:32:21,057 DEBUG [Printer] org.nuxeo.ecm.platform.lock.LockRecord{expireTime=2010-07-22 08:32:22, id=1, lockTime=2010-07-22 08:32:20, owner=2c6d8085f3f2808ceae1f6e1aeeee5f4aed5d2c92c81f8aec31ec92b838081cc8086f3f4f2e9eee7f48092cceae1f6e1afece1eee7afd3f4f2e9eee7bbf8f0f4809eeef8ecefe3ebe3efedf0e5f4e9f4eff2baafaff5f3e5f2c0f3e5f2f6e5f2f8, resource=2c6d8085f3f2808ceae1f6e1aeeee5f4aed5d2c92c81f8aec31ec92b838081cc8086f3f4f2e9eee7f48092cceae1f6e1afece1eee7afd3f4f2e9eee7bbf8f0f480a0eef8ecefe3ebf2e5f3eff5f2e3e5baafaff3e5f2f6e5f2afb1b1b1b1b1b1b1b1f8, comments=test, info=null, version=0}
08:32:21,059 DEBUG [JDBCTransaction] re-enabling autocommit
08:32:21,059 DEBUG [JDBCTransaction] committed JDBC Connection
08:32:21,060 DEBUG [ConnectionManager] aggressively releasing JDBC connection
08:32:21,060 DEBUG [ConnectionManager] releasing JDBC connection [ (open PreparedStatements: 0, globally: 0) (open ResultSets: 0, globally: 0)]
08:32:21,068 DEBUG [SessionImpl] opened session at timestamp: 12797803410
08:32:21,077 DEBUG [AbstractBatcher] about to open PreparedStatement (open PreparedStatements: 0, globally: 0)
08:32:21,077 DEBUG [ConnectionManager] opening JDBC connection
08:32:21,078 DEBUG [AbstractBatcher] 
    select
        lockrecord0_.LOCK_ID as LOCK1_0_,
        lockrecord0_.version as version0_,
        lockrecord0_.LOCK_RESOURCE as LOCK3_0_,
        lockrecord0_.LOCK_LOCK_TIME as LOCK4_0_,
        lockrecord0_.LOCK_EXPIRE_TIME as LOCK5_0_,
        lockrecord0_.LOCK_OWNER as LOCK6_0_,
        lockrecord0_.LOCK_COMMENTS as LOCK7_0_,
        lockrecord0_.LOCK_INFO as LOCK8_0_ 
    from
        NX_LOCK lockrecord0_ 
    where
        lockrecord0_.LOCK_RESOURCE=?
08:32:21,081 DEBUG [AbstractBatcher] about to open ResultSet (open ResultSets: 0, globally: 0)
08:32:21,081 DEBUG [Loader] result set row: 0
08:32:21,082 DEBUG [Loader] result row: EntityKey[org.nuxeo.ecm.platform.lock.LockRecord#1]
08:32:21,096 DEBUG [AbstractBatcher] about to close ResultSet (open ResultSets: 1, globally: 1)
08:32:21,096 DEBUG [AbstractBatcher] about to close PreparedStatement (open PreparedStatements: 1, globally: 1)
08:32:21,096 DEBUG [ConnectionManager] aggressively releasing JDBC connection
08:32:21,097 DEBUG [ConnectionManager] releasing JDBC connection [ (open PreparedStatements: 0, globally: 0) (open ResultSets: 0, globally: 0)]
08:32:21,099 DEBUG [TwoPhaseLoad] resolving associations for [org.nuxeo.ecm.platform.lock.LockRecord#1]
08:32:21,102 DEBUG [TwoPhaseLoad] done materializing entity [org.nuxeo.ecm.platform.lock.LockRecord#1]
08:32:21,102 DEBUG [StatefulPersistenceContext] initializing non-lazy collections
08:32:21,102 DEBUG [ConnectionManager] aggressively releasing JDBC connection
08:32:21,103 DEBUG [SessionImpl] opened session at timestamp: 12797803411
08:32:21,103 DEBUG [JDBCTransaction] begin
08:32:21,104 DEBUG [ConnectionManager] opening JDBC connection
08:32:21,104 DEBUG [JDBCTransaction] current autocommit status: true
08:32:21,104 DEBUG [JDBCTransaction] disabling autocommit
08:32:21,108 DEBUG [AbstractBatcher] about to open PreparedStatement (open PreparedStatements: 0, globally: 0)
08:32:21,108 DEBUG [AbstractBatcher] 
    delete 
    from
        NX_LOCK 
    where
        LOCK_RESOURCE=?
08:32:21,110 DEBUG [AbstractBatcher] about to close PreparedStatement (open PreparedStatements: 1, globally: 1)
08:32:21,110 DEBUG [JDBCTransaction] commit
08:32:21,111 DEBUG [JDBCTransaction] re-enabling autocommit
08:32:21,111 DEBUG [JDBCTransaction] committed JDBC Connection
08:32:21,111 DEBUG [ConnectionManager] aggressively releasing JDBC connection
08:32:21,112 DEBUG [ConnectionManager] releasing JDBC connection [ (open PreparedStatements: 0, globally: 0) (open ResultSets: 0, globally: 0)]
08:32:21,114 DEBUG [SessionImpl] opened session at timestamp: 12797803411
08:32:21,115 DEBUG [AbstractBatcher] about to open PreparedStatement (open PreparedStatements: 0, globally: 0)
08:32:21,116 DEBUG [ConnectionManager] opening JDBC connection
08:32:21,117 DEBUG [AbstractBatcher] 
    select
        lockrecord0_.LOCK_ID as LOCK1_0_,
        lockrecord0_.version as version0_,
        lockrecord0_.LOCK_RESOURCE as LOCK3_0_,
        lockrecord0_.LOCK_LOCK_TIME as LOCK4_0_,
        lockrecord0_.LOCK_EXPIRE_TIME as LOCK5_0_,
        lockrecord0_.LOCK_OWNER as LOCK6_0_,
        lockrecord0_.LOCK_COMMENTS as LOCK7_0_,
        lockrecord0_.LOCK_INFO as LOCK8_0_ 
    from
        NX_LOCK lockrecord0_ 
    where
        lockrecord0_.LOCK_RESOURCE=?
08:32:21,118 DEBUG [AbstractBatcher] about to open ResultSet (open ResultSets: 0, globally: 0)
08:32:21,119 DEBUG [AbstractBatcher] about to close ResultSet (open ResultSets: 1, globally: 1)
08:32:21,119 DEBUG [AbstractBatcher] about to close PreparedStatement (open PreparedStatements: 1, globally: 1)
08:32:21,120 DEBUG [ConnectionManager] aggressively releasing JDBC connection
08:32:21,120 DEBUG [ConnectionManager] releasing JDBC connection [ (open PreparedStatements: 0, globally: 0) (open ResultSets: 0, globally: 0)]
08:32:21,121 DEBUG [StatefulPersistenceContext] initializing non-lazy collections
08:32:21,121 DEBUG [ConnectionManager] aggressively releasing JDBC connection
Tests run: 1, Failures: 0, Errors: 0, Skipped: 0, Time elapsed: 2.15 sec
Running org.nuxeo.ecm.platform.lock.TestLockCoordinator
08:32:21,154 DEBUG [NXRuntimeTestCase] URLs on the classpath: file:/home/matic/.m2/repository/org/apache/maven/surefire/surefire-booter/2.5/surefire-booter-2.5.jar
file:/home/matic/.m2/repository/org/apache/maven/surefire/surefire-api/2.5/surefire-api-2.5.jar
file:/usr/local/src/org.nuxeo.tests/nuxeo-service/nuxeo-platform-lock-core/target/test-classes/
file:/usr/local/src/org.nuxeo.tests/nuxeo-service/nuxeo-platform-lock-core/target/classes/
file:/usr/local/src/org.nuxeo.tests/nuxeo-service/nuxeo-platform-lock-api/target/nuxeo-platform-lock-api-5.3.2-APG-240-SNAPSHOT.jar
file:/home/matic/.m2/repository/org/nuxeo/ecm/core/nuxeo-core-api/1.6.2-APG-240-SNAPSHOT/nuxeo-core-api-1.6.2-APG-240-SNAPSHOT.jar
file:/home/matic/.m2/repository/org/nuxeo/common/nuxeo-common/1.6.2-APG-240-SNAPSHOT/nuxeo-common-1.6.2-APG-240-SNAPSHOT.jar
file:/home/matic/.m2/repository/org/nuxeo/runtime/nuxeo-runtime/1.6.2-APG-240-SNAPSHOT/nuxeo-runtime-1.6.2-APG-240-SNAPSHOT.jar
file:/home/matic/.m2/repository/jboss/jboss-remoting/2.2.2.SP1/jboss-remoting-2.2.2.SP1.jar
file:/home/matic/.m2/repository/jboss/jboss-common/4.0.4.GA/jboss-common-4.0.4.GA.jar
file:/home/matic/.m2/repository/org/nuxeo/ecm/core/nuxeo-core-schema/1.6.2-APG-240-SNAPSHOT/nuxeo-core-schema-1.6.2-APG-240-SNAPSHOT.jar
file:/home/matic/.m2/repository/com/sun/xml/xsom/20060306/xsom-20060306.jar
file:/home/matic/.m2/repository/com/sun/xml/relaxngDatatype/1.0/relaxngDatatype-1.0.jar
file:/home/matic/.m2/repository/org/nuxeo/runtime/nuxeo-runtime-test/1.6.2-APG-240-SNAPSHOT/nuxeo-runtime-test-1.6.2-APG-240-SNAPSHOT.jar
file:/home/matic/.m2/repository/com/google/code/guice/guice/2.0/guice-2.0.jar
file:/home/matic/.m2/repository/org/nuxeo/runtime/nuxeo-runtime-osgi/1.6.2-APG-240-SNAPSHOT/nuxeo-runtime-osgi-1.6.2-APG-240-SNAPSHOT.jar
file:/home/matic/.m2/repository/jmock/jmock/1.0.1/jmock-1.0.1.jar
file:/home/matic/.m2/repository/junit/junit/4.8.1/junit-4.8.1.jar
file:/home/matic/.m2/repository/org/osgi/osgi-core/4.1/osgi-core-4.1.jar
file:/home/matic/.m2/repository/commons-io/commons-io/1.4/commons-io-1.4.jar
file:/home/matic/.m2/repository/org/nuxeo/runtime/nuxeo-runtime-jetty-adapter/1.6.2-APG-240-SNAPSHOT/nuxeo-runtime-jetty-adapter-1.6.2-APG-240-SNAPSHOT.jar
file:/home/matic/.m2/repository/org/seleniumhq/webdriver/webdriver-htmlunit/0.9.7376/webdriver-htmlunit-0.9.7376.jar
file:/home/matic/.m2/repository/org/seleniumhq/webdriver/webdriver-common/0.9.7376/webdriver-common-0.9.7376.jar
file:/home/matic/.m2/repository/net/sourceforge/htmlunit/htmlunit/2.4/htmlunit-2.4.jar
file:/home/matic/.m2/repository/xalan/xalan/2.7.1/xalan-2.7.1.jar
file:/home/matic/.m2/repository/xalan/serializer/2.7.1/serializer-2.7.1.jar
file:/home/matic/.m2/repository/commons-collections/commons-collections/3.1/commons-collections-3.1.jar
file:/home/matic/.m2/repository/commons-lang/commons-lang/2.3/commons-lang-2.3.jar
file:/home/matic/.m2/repository/commons-httpclient/commons-httpclient/3.1/commons-httpclient-3.1.jar
file:/home/matic/.m2/repository/commons-logging/commons-logging/1.1/commons-logging-1.1.jar
file:/home/matic/.m2/repository/log4j/log4j/1.2.13/log4j-1.2.13.jar
file:/home/matic/.m2/repository/logkit/logkit/1.0.1/logkit-1.0.1.jar
file:/home/matic/.m2/repository/avalon-framework/avalon-framework/4.1.3/avalon-framework-4.1.3.jar
file:/home/matic/.m2/repository/javax/servlet/servlet-api/2.4/servlet-api-2.4.jar
file:/home/matic/.m2/repository/commons-codec/commons-codec/1.3/commons-codec-1.3.jar
file:/home/matic/.m2/repository/net/sourceforge/htmlunit/htmlunit-core-js/2.6/htmlunit-core-js-2.6.jar
file:/home/matic/.m2/repository/net/sourceforge/nekohtml/nekohtml/1.9.9/nekohtml-1.9.9.jar
file:/home/matic/.m2/repository/xerces/xercesImpl/2.9.1/xercesImpl-2.9.1.jar
file:/home/matic/.m2/repository/net/sourceforge/cssparser/cssparser/0.9.5-NXP-4018/cssparser-0.9.5-NXP-4018.jar
file:/home/matic/.m2/repository/org/seleniumhq/webdriver/webdriver-ie/0.9.7376/webdriver-ie-0.9.7376.jar
file:/home/matic/.m2/repository/net/java/dev/jna/jna/3.2.2/jna-3.2.2.jar
file:/home/matic/.m2/repository/org/seleniumhq/webdriver/webdriver-firefox/0.9.7376/webdriver-firefox-0.9.7376.jar
file:/home/matic/.m2/repository/org/json/json/20070829/json-20070829.jar
file:/home/matic/.m2/repository/org/seleniumhq/webdriver/webdriver-chrome/0.9.7376/webdriver-chrome-0.9.7376.jar
file:/home/matic/.m2/repository/org/seleniumhq/webdriver/webdriver-remote-client/0.9.7376/webdriver-remote-client-0.9.7376.jar
file:/home/matic/.m2/repository/org/seleniumhq/webdriver/webdriver-remote-common/0.9.7376/webdriver-remote-common-0.9.7376.jar
file:/home/matic/.m2/repository/org/seleniumhq/webdriver/webdriver-support/0.9.7376/webdriver-support-0.9.7376.jar
file:/home/matic/.m2/repository/org/hamcrest/hamcrest-all/1.1/hamcrest-all-1.1.jar
file:/home/matic/.m2/repository/org/w3c/sac/1.3/sac-1.3.jar
file:/home/matic/.m2/repository/com/google/collections/google-collections/1.0-rc2/google-collections-1.0-rc2.jar
file:/home/matic/.m2/repository/org/concordion/concordion/1.3.0/concordion-1.3.0.jar
file:/home/matic/.m2/repository/ognl/ognl/2.7.2/ognl-2.7.2.jar
file:/home/matic/.m2/repository/jboss/javassist/3.6.ga/javassist-3.6.ga.jar
file:/home/matic/.m2/repository/xom/xom/1.1/xom-1.1.jar
file:/home/matic/.m2/repository/org/nuxeo/ecm/core/nuxeo-core-storage-sql-test/1.6.2-APG-240-SNAPSHOT/nuxeo-core-storage-sql-test-1.6.2-APG-240-SNAPSHOT.jar
file:/home/matic/.m2/repository/org/nuxeo/runtime/nuxeo-runtime-jtajca/1.6.2-APG-240-SNAPSHOT/nuxeo-runtime-jtajca-1.6.2-APG-240-SNAPSHOT.jar
file:/home/matic/.m2/repository/org/slf4j/slf4j-log4j12/1.6.0/slf4j-log4j12-1.6.0.jar
file:/home/matic/.m2/repository/org/slf4j/slf4j-api/1.6.0/slf4j-api-1.6.0.jar
file:/home/matic/.m2/repository/org/nuxeo/ecm/core/nuxeo-core/1.6.2-APG-240-SNAPSHOT/nuxeo-core-1.6.2-APG-240-SNAPSHOT.jar
file:/home/matic/.m2/repository/org/nuxeo/ecm/core/nuxeo-core-query/1.6.2-APG-240-SNAPSHOT/nuxeo-core-query-1.6.2-APG-240-SNAPSHOT.jar
file:/home/matic/.m2/repository/cup/java-cup/0.11a/java-cup-0.11a.jar
file:/home/matic/.m2/repository/joda-time/joda-time/1.6/joda-time-1.6.jar
file:/home/matic/.m2/repository/org/nuxeo/ecm/core/nuxeo-core-event/1.6.2-APG-240-SNAPSHOT/nuxeo-core-event-1.6.2-APG-240-SNAPSHOT.jar
file:/home/matic/.m2/repository/org/nuxeo/runtime/nuxeo-runtime-management/1.6.2-APG-240-SNAPSHOT/nuxeo-runtime-management-1.6.2-APG-240-SNAPSHOT.jar
file:/home/matic/.m2/repository/javax/script/script-api/1.0/script-api-1.0.jar
file:/home/matic/.m2/repository/org/nuxeo/ecm/core/nuxeo-core-convert-api/1.6.2-APG-240-SNAPSHOT/nuxeo-core-convert-api-1.6.2-APG-240-SNAPSHOT.jar
file:/home/matic/.m2/repository/org/nuxeo/ecm/core/nuxeo-core-storage-sql/1.6.2-APG-240-SNAPSHOT/nuxeo-core-storage-sql-1.6.2-APG-240-SNAPSHOT.jar
file:/home/matic/.m2/repository/org/nuxeo/runtime/nuxeo-runtime-management-metrics/1.6.2-APG-240-SNAPSHOT/nuxeo-runtime-management-metrics-1.6.2-APG-240-SNAPSHOT.jar
file:/home/matic/.m2/repository/org/javasimon/javasimon-core/2.3.0/javasimon-core-2.3.0.jar
file:/home/matic/.m2/repository/stax/stax-api/1.0.1/stax-api-1.0.1.jar
file:/home/matic/.m2/repository/net/java/dev/eval/eval/0.5/eval-0.5.jar
file:/home/matic/.m2/repository/org/javasimon/javasimon-jmx/2.3.0/javasimon-jmx-2.3.0.jar
file:/home/matic/.m2/repository/org/javasimon/javasimon-jdbc3/2.3.0/javasimon-jdbc3-2.3.0.jar
file:/home/matic/.m2/repository/org/mortbay/jetty/jetty/6.1.5/jetty-6.1.5.jar
file:/home/matic/.m2/repository/org/mortbay/jetty/jetty-util/6.1.5/jetty-util-6.1.5.jar
file:/home/matic/.m2/repository/org/mortbay/jetty/servlet-api-2.5/6.1.14/servlet-api-2.5-6.1.14.jar
file:/home/matic/.m2/repository/org/nuxeo/ecm/core/nuxeo-core-storage-sql-ra/1.6.2-APG-240-SNAPSHOT/nuxeo-core-storage-sql-ra-1.6.2-APG-240-SNAPSHOT.jar
file:/home/matic/.m2/repository/org/nuxeo/ecm/core/nuxeo-core-storage-sql-extensions/1.6.2-APG-240-SNAPSHOT/nuxeo-core-storage-sql-extensions-1.6.2-APG-240-SNAPSHOT.jar
file:/home/matic/.m2/repository/commons-beanutils/commons-beanutils/1.6/commons-beanutils-1.6.jar
file:/home/matic/.m2/repository/javax/ressource/jca-api/1.5/jca-api-1.5.jar
file:/home/matic/.m2/repository/org/apache/geronimo/components/geronimo-connector/2.1.3/geronimo-connector-2.1.3.jar
file:/home/matic/.m2/repository/org/apache/geronimo/components/geronimo-transaction/2.1.3/geronimo-transaction-2.1.3.jar
file:/home/matic/.m2/repository/com/h2database/h2/1.1.114-nx/h2-1.1.114-nx.jar
file:/home/matic/.m2/repository/org/apache/lucene/lucene-core/2.3.2/lucene-core-2.3.2.jar
file:/home/matic/.m2/repository/org/apache/lucene/lucene-analyzers/2.3.2/lucene-analyzers-2.3.2.jar
file:/home/matic/.m2/repository/org/apache/derby/derby/10.5.3.0_1/derby-10.5.3.0_1.jar
file:/home/matic/.m2/repository/postgresql/postgresql/8.3-604.jdbc3/postgresql-8.3-604.jdbc3.jar
file:/home/matic/.m2/repository/mysql/mysql-connector-java/5.1.6/mysql-connector-java-5.1.6.jar
file:/home/matic/.m2/repository/net/sourceforge/jtds/jtds/1.2.2/jtds-1.2.2.jar
file:/home/matic/.m2/repository/javax/transaction/jta/1.1/jta-1.1.jar
file:/home/matic/.m2/repository/javax/persistence/persistence/3.0/persistence-3.0.jar
file:/home/matic/.m2/repository/org/nuxeo/ecm/core/nuxeo-core-persistence/1.6.2-APG-240-SNAPSHOT/nuxeo-core-persistence-1.6.2-APG-240-SNAPSHOT.jar
file:/home/matic/.m2/repository/org/hibernate/hibernate-entitymanager/3.2.1.ga/hibernate-entitymanager-3.2.1.ga.jar
file:/home/matic/.m2/repository/org/hibernate/hibernate-annotations/3.2.1.ga/hibernate-annotations-3.2.1.ga.jar
file:/home/matic/.m2/repository/org/hibernate/hibernate/3.2.4.SP1_CP01-brew_NXP-5104/hibernate-3.2.4.SP1_CP01-brew_NXP-5104.jar
file:/home/matic/.m2/repository/javax/persistence/persistence-api/1.0/persistence-api-1.0.jar
file:/home/matic/.m2/repository/javassist/javassist/3.3.GA/javassist-3.3.GA.jar
file:/home/matic/.m2/repository/jboss/jboss-archive-browsing/5.0.0alpha-200607201-119/jboss-archive-browsing-5.0.0alpha-200607201-119.jar
file:/home/matic/.m2/repository/hsqldb/hsqldb/1.8.0.1/hsqldb-1.8.0.1.jar
file:/home/matic/.m2/repository/dom4j/dom4j/1.6.1/dom4j-1.6.1.jar
file:/home/matic/.m2/repository/cglib/cglib/2.2/cglib-2.2.jar
file:/home/matic/.m2/repository/asm/asm/3.0/asm-3.0.jar
file:/home/matic/.m2/repository/antlr/antlr/2.7.7/antlr-2.7.7.jar
file:/home/matic/.m2/repository/org/nuxeo/ecm/core/nuxeo-core-test/1.6.2-APG-240-SNAPSHOT/nuxeo-core-test-1.6.2-APG-240-SNAPSHOT.jar
file:/home/matic/.m2/repository/org/nuxeo/ecm/core/nuxeo-core-convert/1.6.2-APG-240-SNAPSHOT/nuxeo-core-convert-1.6.2-APG-240-SNAPSHOT.jar
file:/home/matic/.m2/repository/org/nuxeo/ecm/core/nuxeo-core-jcr-connector/1.6.2-APG-240-SNAPSHOT/nuxeo-core-jcr-connector-1.6.2-APG-240-SNAPSHOT.jar

08:32:21,178 INFO  [NXRuntimeTestCase] Bundle 'org.nuxeo.ecm.platform.lock.core' has URL file:/usr/local/src/org.nuxeo.tests/nuxeo-service/nuxeo-platform-lock-core/target/classes/
08:32:21,179 INFO  [NXRuntimeTestCase] Bundle 'org.nuxeo.ecm.platform.lock.api' has URL file:/usr/local/src/org.nuxeo.tests/nuxeo-service/nuxeo-platform-lock-api/target/nuxeo-platform-lock-api-5.3.2-APG-240-SNAPSHOT.jar
08:32:21,180 INFO  [NXRuntimeTestCase] Bundle 'org.nuxeo.ecm.core.api' has URL file:/home/matic/.m2/repository/org/nuxeo/ecm/core/nuxeo-core-api/1.6.2-APG-240-SNAPSHOT/nuxeo-core-api-1.6.2-APG-240-SNAPSHOT.jar
08:32:21,181 INFO  [NXRuntimeTestCase] Bundle 'org.nuxeo.common' has URL file:/home/matic/.m2/repository/org/nuxeo/common/nuxeo-common/1.6.2-APG-240-SNAPSHOT/nuxeo-common-1.6.2-APG-240-SNAPSHOT.jar
08:32:21,182 INFO  [NXRuntimeTestCase] Bundle 'org.nuxeo.runtime' has URL file:/home/matic/.m2/repository/org/nuxeo/runtime/nuxeo-runtime/1.6.2-APG-240-SNAPSHOT/nuxeo-runtime-1.6.2-APG-240-SNAPSHOT.jar
08:32:21,190 INFO  [OSGIRuntimeTestActivator] Starting Runtime Activator
08:32:21,226 DEBUG [OSGiRuntimeService] Home directory: null
08:32:21,229 DEBUG [OSGiRuntimeService] Working directory: /tmp/NXOSGITestFramework3272560982628044867129f8da45a4-10140905.1/
08:32:21,231 INFO  [AbstractRuntimeService] Starting Nuxeo Runtime service OSGi NXRuntime; version: 1.4.0
08:32:21,234 INFO  [OSGiRuntimeService] Configuration: host application: null
08:32:21,234 DEBUG [OSGiRuntimeService] Configuration: no configuration file found
08:32:21,237 INFO  [NXRuntimeTestCase] Deploying contribution from jar:file:/home/matic/.m2/repository/org/nuxeo/runtime/nuxeo-runtime/1.6.2-APG-240-SNAPSHOT/nuxeo-runtime-1.6.2-APG-240-SNAPSHOT.jar!/OSGI-INF/DeploymentService.xml
08:32:21,237 DEBUG [DefaultRuntimeContext] Deploying bundle from url jar:file:/home/matic/.m2/repository/org/nuxeo/runtime/nuxeo-runtime/1.6.2-APG-240-SNAPSHOT/nuxeo-runtime-1.6.2-APG-240-SNAPSHOT.jar!/OSGI-INF/DeploymentService.xml
08:32:21,262 DEBUG [ComponentManagerImpl] Dispatching event: COMPONENT_REGISTERED: service:org.nuxeo.runtime.services.deployment.DeploymentService
08:32:21,262 INFO  [ComponentManagerImpl] Registering component: service:org.nuxeo.runtime.services.deployment.DeploymentService
08:32:21,263 INFO  [ComponentManagerImpl] Registering service: org.nuxeo.runtime.services.deployment.DeploymentService
08:32:21,263 DEBUG [ComponentManagerImpl] Dispatching event: COMPONENT_RESOLVED: service:org.nuxeo.runtime.services.deployment.DeploymentService
08:32:21,266 DEBUG [ComponentManagerImpl] Dispatching event: ACTIVATING_COMPONENT: service:org.nuxeo.runtime.services.deployment.DeploymentService
08:32:21,267 DEBUG [ComponentManagerImpl] Dispatching event: COMPONENT_ACTIVATED: service:org.nuxeo.runtime.services.deployment.DeploymentService
08:32:21,267 INFO  [NXRuntimeTestCase] Deploying contribution from jar:file:/home/matic/.m2/repository/org/nuxeo/runtime/nuxeo-runtime/1.6.2-APG-240-SNAPSHOT/nuxeo-runtime-1.6.2-APG-240-SNAPSHOT.jar!/OSGI-INF/LoginComponent.xml
08:32:21,268 DEBUG [DefaultRuntimeContext] Deploying bundle from url jar:file:/home/matic/.m2/repository/org/nuxeo/runtime/nuxeo-runtime/1.6.2-APG-240-SNAPSHOT/nuxeo-runtime-1.6.2-APG-240-SNAPSHOT.jar!/OSGI-INF/LoginComponent.xml
08:32:21,272 DEBUG [ComponentManagerImpl] Dispatching event: COMPONENT_REGISTERED: service:org.nuxeo.runtime.LoginComponent
08:32:21,272 INFO  [ComponentManagerImpl] Registering component: service:org.nuxeo.runtime.LoginComponent
08:32:21,273 INFO  [ComponentManagerImpl] Registering service: org.nuxeo.runtime.api.login.LoginService
08:32:21,273 DEBUG [ComponentManagerImpl] Dispatching event: COMPONENT_RESOLVED: service:org.nuxeo.runtime.LoginComponent
08:32:21,278 DEBUG [ComponentManagerImpl] Dispatching event: ACTIVATING_COMPONENT: service:org.nuxeo.runtime.LoginComponent
08:32:21,281 DEBUG [ComponentManagerImpl] Dispatching event: COMPONENT_ACTIVATED: service:org.nuxeo.runtime.LoginComponent
08:32:21,282 INFO  [NXRuntimeTestCase] Deploying contribution from jar:file:/home/matic/.m2/repository/org/nuxeo/runtime/nuxeo-runtime/1.6.2-APG-240-SNAPSHOT/nuxeo-runtime-1.6.2-APG-240-SNAPSHOT.jar!/OSGI-INF/ServiceManagement.xml
08:32:21,282 DEBUG [DefaultRuntimeContext] Deploying bundle from url jar:file:/home/matic/.m2/repository/org/nuxeo/runtime/nuxeo-runtime/1.6.2-APG-240-SNAPSHOT/nuxeo-runtime-1.6.2-APG-240-SNAPSHOT.jar!/OSGI-INF/ServiceManagement.xml
08:32:21,288 DEBUG [ComponentManagerImpl] Dispatching event: COMPONENT_REGISTERED: service:org.nuxeo.runtime.api.ServiceManagement
08:32:21,288 INFO  [ComponentManagerImpl] Registering component: service:org.nuxeo.runtime.api.ServiceManagement
08:32:21,289 INFO  [ComponentManagerImpl] Registering service: org.nuxeo.runtime.api.ServiceManager
08:32:21,289 DEBUG [ComponentManagerImpl] Dispatching event: COMPONENT_RESOLVED: service:org.nuxeo.runtime.api.ServiceManagement
08:32:21,290 DEBUG [ComponentManagerImpl] Dispatching event: ACTIVATING_COMPONENT: service:org.nuxeo.runtime.api.ServiceManagement
08:32:21,290 DEBUG [ComponentManagerImpl] Dispatching event: COMPONENT_ACTIVATED: service:org.nuxeo.runtime.api.ServiceManagement
08:32:21,290 INFO  [NXRuntimeTestCase] Deploying contribution from jar:file:/home/matic/.m2/repository/org/nuxeo/runtime/nuxeo-runtime/1.6.2-APG-240-SNAPSHOT/nuxeo-runtime-1.6.2-APG-240-SNAPSHOT.jar!/OSGI-INF/EventService.xml
08:32:21,291 DEBUG [DefaultRuntimeContext] Deploying bundle from url jar:file:/home/matic/.m2/repository/org/nuxeo/runtime/nuxeo-runtime/1.6.2-APG-240-SNAPSHOT/nuxeo-runtime-1.6.2-APG-240-SNAPSHOT.jar!/OSGI-INF/EventService.xml
08:32:21,294 DEBUG [ComponentManagerImpl] Dispatching event: COMPONENT_REGISTERED: service:org.nuxeo.runtime.EventService
08:32:21,294 INFO  [ComponentManagerImpl] Registering component: service:org.nuxeo.runtime.EventService
08:32:21,294 INFO  [ComponentManagerImpl] Registering service: org.nuxeo.runtime.services.event.EventService
08:32:21,295 DEBUG [ComponentManagerImpl] Dispatching event: COMPONENT_RESOLVED: service:org.nuxeo.runtime.EventService
08:32:21,297 DEBUG [ComponentManagerImpl] Dispatching event: ACTIVATING_COMPONENT: service:org.nuxeo.runtime.EventService
08:32:21,297 DEBUG [ComponentManagerImpl] Dispatching event: COMPONENT_ACTIVATED: service:org.nuxeo.runtime.EventService
08:32:21,298 INFO  [NXRuntimeTestCase] Deploying contribution from jar:file:/home/matic/.m2/repository/org/nuxeo/runtime/nuxeo-runtime/1.6.2-APG-240-SNAPSHOT/nuxeo-runtime-1.6.2-APG-240-SNAPSHOT.jar!/OSGI-INF/DefaultJBossBindings.xml
08:32:21,298 DEBUG [DefaultRuntimeContext] Deploying bundle from url jar:file:/home/matic/.m2/repository/org/nuxeo/runtime/nuxeo-runtime/1.6.2-APG-240-SNAPSHOT/nuxeo-runtime-1.6.2-APG-240-SNAPSHOT.jar!/OSGI-INF/DefaultJBossBindings.xml
08:32:21,303 DEBUG [ComponentManagerImpl] Dispatching event: COMPONENT_REGISTERED: service:org.nuxeo.runtime.api.DefaultJBossBindings
08:32:21,303 INFO  [ComponentManagerImpl] Registering component: service:org.nuxeo.runtime.api.DefaultJBossBindings
08:32:21,303 DEBUG [ComponentManagerImpl] Dispatching event: COMPONENT_RESOLVED: service:org.nuxeo.runtime.api.DefaultJBossBindings
08:32:21,304 DEBUG [ComponentManagerImpl] Dispatching event: ACTIVATING_COMPONENT: service:org.nuxeo.runtime.api.DefaultJBossBindings
08:32:21,304 DEBUG [ComponentManagerImpl] Dispatching event: COMPONENT_ACTIVATED: service:org.nuxeo.runtime.api.DefaultJBossBindings
08:32:21,304 DEBUG [ComponentManagerImpl] Register contributed extension: ExtensionImpl {target: service:org.nuxeo.runtime.api.ServiceManagement, point:servers, contributor:RegistrationInfo: service:org.nuxeo.runtime.api.DefaultJBossBindings}
08:32:21,310 DEBUG [ComponentManagerImpl] Dispatching event: EXTENSION_REGISTERED: service:org.nuxeo.runtime.api.DefaultJBossBindings
08:32:21,312 INFO  [NXRuntimeTestCase] Bundle 'org.nuxeo.ecm.core.schema' has URL file:/home/matic/.m2/repository/org/nuxeo/ecm/core/nuxeo-core-schema/1.6.2-APG-240-SNAPSHOT/nuxeo-core-schema-1.6.2-APG-240-SNAPSHOT.jar
08:32:21,314 INFO  [NXRuntimeTestCase] Bundle 'org.nuxeo.runtime.nuxeo-runtime-test' has URL file:/home/matic/.m2/repository/org/nuxeo/runtime/nuxeo-runtime-test/1.6.2-APG-240-SNAPSHOT/nuxeo-runtime-test-1.6.2-APG-240-SNAPSHOT.jar
08:32:21,314 INFO  [NXRuntimeTestCase] Bundle 'com.google.inject' has URL file:/home/matic/.m2/repository/com/google/code/guice/guice/2.0/guice-2.0.jar
08:32:21,316 INFO  [NXRuntimeTestCase] Bundle 'org.nuxeo.osgi' has URL file:/home/matic/.m2/repository/org/nuxeo/runtime/nuxeo-runtime-osgi/1.6.2-APG-240-SNAPSHOT/nuxeo-runtime-osgi-1.6.2-APG-240-SNAPSHOT.jar
08:32:21,317 INFO  [NXRuntimeTestCase] Bundle 'osgi.core' has URL file:/home/matic/.m2/repository/org/osgi/osgi-core/4.1/osgi-core-4.1.jar
08:32:21,318 INFO  [NXRuntimeTestCase] Bundle 'org.apache.commons.io' has URL file:/home/matic/.m2/repository/commons-io/commons-io/1.4/commons-io-1.4.jar
08:32:21,318 INFO  [NXRuntimeTestCase] Bundle 'org.nuxeo.runtime.jetty' has URL file:/home/matic/.m2/repository/org/nuxeo/runtime/nuxeo-runtime-jetty-adapter/1.6.2-APG-240-SNAPSHOT/nuxeo-runtime-jetty-adapter-1.6.2-APG-240-SNAPSHOT.jar
08:32:21,328 INFO  [NXRuntimeTestCase] Bundle 'org.w3c.css.sac' has URL file:/home/matic/.m2/repository/org/w3c/sac/1.3/sac-1.3.jar
08:32:21,333 INFO  [NXRuntimeTestCase] Bundle 'org.nuxeo.ecm.core.storage.sql.test' has URL file:/home/matic/.m2/repository/org/nuxeo/ecm/core/nuxeo-core-storage-sql-test/1.6.2-APG-240-SNAPSHOT/nuxeo-core-storage-sql-test-1.6.2-APG-240-SNAPSHOT.jar
08:32:21,334 INFO  [NXRuntimeTestCase] Bundle 'org.nuxeo.runtime.jtajca' has URL file:/home/matic/.m2/repository/org/nuxeo/runtime/nuxeo-runtime-jtajca/1.6.2-APG-240-SNAPSHOT/nuxeo-runtime-jtajca-1.6.2-APG-240-SNAPSHOT.jar
08:32:21,335 INFO  [NXRuntimeTestCase] Bundle 'slf4j.log4j12' has URL file:/home/matic/.m2/repository/org/slf4j/slf4j-log4j12/1.6.0/slf4j-log4j12-1.6.0.jar
08:32:21,336 INFO  [NXRuntimeTestCase] Bundle 'slf4j.api' has URL file:/home/matic/.m2/repository/org/slf4j/slf4j-api/1.6.0/slf4j-api-1.6.0.jar
08:32:21,337 INFO  [NXRuntimeTestCase] Bundle 'org.nuxeo.ecm.core' has URL file:/home/matic/.m2/repository/org/nuxeo/ecm/core/nuxeo-core/1.6.2-APG-240-SNAPSHOT/nuxeo-core-1.6.2-APG-240-SNAPSHOT.jar
08:32:21,337 INFO  [NXRuntimeTestCase] Bundle 'org.nuxeo.ecm.core.query' has URL file:/home/matic/.m2/repository/org/nuxeo/ecm/core/nuxeo-core-query/1.6.2-APG-240-SNAPSHOT/nuxeo-core-query-1.6.2-APG-240-SNAPSHOT.jar
08:32:21,338 INFO  [NXRuntimeTestCase] Bundle 'joda-time' has URL file:/home/matic/.m2/repository/joda-time/joda-time/1.6/joda-time-1.6.jar
08:32:21,339 INFO  [NXRuntimeTestCase] Bundle 'org.nuxeo.ecm.core.event' has URL file:/home/matic/.m2/repository/org/nuxeo/ecm/core/nuxeo-core-event/1.6.2-APG-240-SNAPSHOT/nuxeo-core-event-1.6.2-APG-240-SNAPSHOT.jar
08:32:21,340 INFO  [NXRuntimeTestCase] Bundle 'org.nuxeo.runtime.management' has URL file:/home/matic/.m2/repository/org/nuxeo/runtime/nuxeo-runtime-management/1.6.2-APG-240-SNAPSHOT/nuxeo-runtime-management-1.6.2-APG-240-SNAPSHOT.jar
08:32:21,341 INFO  [NXRuntimeTestCase] Bundle 'org.nuxeo.ecm.core.convert.api' has URL file:/home/matic/.m2/repository/org/nuxeo/ecm/core/nuxeo-core-convert-api/1.6.2-APG-240-SNAPSHOT/nuxeo-core-convert-api-1.6.2-APG-240-SNAPSHOT.jar
08:32:21,342 INFO  [NXRuntimeTestCase] Bundle 'org.nuxeo.ecm.core.storage.sql' has URL file:/home/matic/.m2/repository/org/nuxeo/ecm/core/nuxeo-core-storage-sql/1.6.2-APG-240-SNAPSHOT/nuxeo-core-storage-sql-1.6.2-APG-240-SNAPSHOT.jar
08:32:21,343 INFO  [NXRuntimeTestCase] Bundle 'org.nuxeo.runtime.management.metrics' has URL file:/home/matic/.m2/repository/org/nuxeo/runtime/nuxeo-runtime-management-metrics/1.6.2-APG-240-SNAPSHOT/nuxeo-runtime-management-metrics-1.6.2-APG-240-SNAPSHOT.jar
08:32:21,345 INFO  [NXRuntimeTestCase] Bundle 'org.mortbay.jetty.server' has URL file:/home/matic/.m2/repository/org/mortbay/jetty/jetty/6.1.5/jetty-6.1.5.jar
08:32:21,346 INFO  [NXRuntimeTestCase] Bundle 'org.mortbay.jetty.util' has URL file:/home/matic/.m2/repository/org/mortbay/jetty/jetty-util/6.1.5/jetty-util-6.1.5.jar
08:32:21,346 INFO  [NXRuntimeTestCase] Bundle 'org.mortbay.jetty.servlet-api-2.5' has URL file:/home/matic/.m2/repository/org/mortbay/jetty/servlet-api-2.5/6.1.14/servlet-api-2.5-6.1.14.jar
08:32:21,347 INFO  [NXRuntimeTestCase] Bundle 'org.nuxeo.ecm.core.storage.sql.ra' has URL file:/home/matic/.m2/repository/org/nuxeo/ecm/core/nuxeo-core-storage-sql-ra/1.6.2-APG-240-SNAPSHOT/nuxeo-core-storage-sql-ra-1.6.2-APG-240-SNAPSHOT.jar
08:32:21,348 INFO  [NXRuntimeTestCase] Bundle 'org.nuxeo.ecm.core.storage.sql.extensions' has URL file:/home/matic/.m2/repository/org/nuxeo/ecm/core/nuxeo-core-storage-sql-extensions/1.6.2-APG-240-SNAPSHOT/nuxeo-core-storage-sql-extensions-1.6.2-APG-240-SNAPSHOT.jar
08:32:21,350 INFO  [NXRuntimeTestCase] Bundle 'org.apache.geronimo.components.geronimo-connector' has URL file:/home/matic/.m2/repository/org/apache/geronimo/components/geronimo-connector/2.1.3/geronimo-connector-2.1.3.jar
08:32:21,350 INFO  [NXRuntimeTestCase] Bundle 'org.apache.geronimo.components.geronimo-transaction' has URL file:/home/matic/.m2/repository/org/apache/geronimo/components/geronimo-transaction/2.1.3/geronimo-transaction-2.1.3.jar
08:32:21,351 INFO  [NXRuntimeTestCase] Bundle 'org.h2' has URL file:/home/matic/.m2/repository/com/h2database/h2/1.1.114-nx/h2-1.1.114-nx.jar
08:32:21,354 INFO  [NXRuntimeTestCase] Bundle 'derby' has URL file:/home/matic/.m2/repository/org/apache/derby/derby/10.5.3.0_1/derby-10.5.3.0_1.jar
08:32:21,358 INFO  [NXRuntimeTestCase] Bundle 'org.nuxeo.ecm.core.persistence' has URL file:/home/matic/.m2/repository/org/nuxeo/ecm/core/nuxeo-core-persistence/1.6.2-APG-240-SNAPSHOT/nuxeo-core-persistence-1.6.2-APG-240-SNAPSHOT.jar
08:32:21,361 INFO  [BundleRegistry] Registering resolved bundle: org.nuxeo.ecm.core.persistence
08:32:21,362 DEBUG [OSGiComponentLoader] Bundle changed: org.nuxeo.ecm.core.persistence RESOLVED
08:32:21,363 DEBUG [OSGiComponentLoader] Bundle changed: org.nuxeo.ecm.core.persistence RESOLVED with components: OSGI-INF/persistence-service.xml
08:32:21,367 DEBUG [OSGiRuntimeService] Bundle: org.nuxeo.ecm.core.persistence components: OSGI-INF/persistence-service.xml
08:32:21,367 DEBUG [OSGiRuntimeService] Loading component for: org.nuxeo.ecm.core.persistence path: OSGI-INF/persistence-service.xml url: jar:file:/home/matic/.m2/repository/org/nuxeo/ecm/core/nuxeo-core-persistence/1.6.2-APG-240-SNAPSHOT/nuxeo-core-persistence-1.6.2-APG-240-SNAPSHOT.jar!/OSGI-INF/persistence-service.xml
08:32:21,367 DEBUG [DefaultRuntimeContext] Deploying bundle from url jar:file:/home/matic/.m2/repository/org/nuxeo/ecm/core/nuxeo-core-persistence/1.6.2-APG-240-SNAPSHOT/nuxeo-core-persistence-1.6.2-APG-240-SNAPSHOT.jar!/OSGI-INF/persistence-service.xml
08:32:21,371 DEBUG [ComponentManagerImpl] Dispatching event: COMPONENT_REGISTERED: service:org.nuxeo.ecm.core.persistence.PersistenceComponent
08:32:21,372 INFO  [ComponentManagerImpl] Registering component: service:org.nuxeo.ecm.core.persistence.PersistenceComponent
08:32:21,372 INFO  [ComponentManagerImpl] Registering service: org.nuxeo.ecm.core.persistence.PersistenceProviderFactory
08:32:21,372 INFO  [ComponentManagerImpl] Registering service: org.nuxeo.ecm.core.persistence.HibernateConfigurator
08:32:21,373 DEBUG [ComponentManagerImpl] Dispatching event: COMPONENT_RESOLVED: service:org.nuxeo.ecm.core.persistence.PersistenceComponent
08:32:21,375 DEBUG [ComponentManagerImpl] Dispatching event: ACTIVATING_COMPONENT: service:org.nuxeo.ecm.core.persistence.PersistenceComponent
08:32:21,376 DEBUG [ComponentManagerImpl] Dispatching event: COMPONENT_ACTIVATED: service:org.nuxeo.ecm.core.persistence.PersistenceComponent
08:32:21,376 DEBUG [OSGiComponentLoader] Bundle changed: org.nuxeo.ecm.core.persistence STARTING
08:32:21,377 DEBUG [OSGiComponentLoader] Bundle changed: org.nuxeo.ecm.core.persistence STARTED
08:32:21,378 INFO  [BundleRegistry] Registering resolved bundle: org.nuxeo.ecm.platform.lock.api
08:32:21,378 DEBUG [OSGiComponentLoader] Bundle changed: org.nuxeo.ecm.platform.lock.api RESOLVED
08:32:21,378 DEBUG [OSGiComponentLoader] Bundle changed: org.nuxeo.ecm.platform.lock.api RESOLVED with no components
08:32:21,379 DEBUG [OSGiComponentLoader] Bundle changed: org.nuxeo.ecm.platform.lock.api STARTING
08:32:21,379 DEBUG [OSGiComponentLoader] Bundle changed: org.nuxeo.ecm.platform.lock.api STARTED
08:32:21,379 INFO  [BundleRegistry] Registering resolved bundle: org.nuxeo.ecm.platform.lock.core
08:32:21,380 DEBUG [OSGiComponentLoader] Bundle changed: org.nuxeo.ecm.platform.lock.core RESOLVED
08:32:21,380 DEBUG [OSGiComponentLoader] Bundle changed: org.nuxeo.ecm.platform.lock.core RESOLVED with components: OSGI-INF/nxlock-framework.xml
08:32:21,391 DEBUG [OSGiRuntimeService] Bundle: org.nuxeo.ecm.platform.lock.core components: OSGI-INF/nxlock-framework.xml
08:32:21,392 DEBUG [OSGiRuntimeService] Loading component for: org.nuxeo.ecm.platform.lock.core path: OSGI-INF/nxlock-framework.xml url: file:/usr/local/src/org.nuxeo.tests/nuxeo-service/nuxeo-platform-lock-core/target/classes/OSGI-INF/nxlock-framework.xml
08:32:21,392 DEBUG [DefaultRuntimeContext] Deploying bundle from url file:/usr/local/src/org.nuxeo.tests/nuxeo-service/nuxeo-platform-lock-core/target/classes/OSGI-INF/nxlock-framework.xml
08:32:21,400 DEBUG [ComponentManagerImpl] Dispatching event: COMPONENT_REGISTERED: service:org.nuxeo.ecm.platform.lock
08:32:21,400 INFO  [ComponentManagerImpl] Registering component: service:org.nuxeo.ecm.platform.lock
08:32:21,400 INFO  [ComponentManagerImpl] Registering service: org.nuxeo.ecm.platform.lock.api.LockCoordinator
08:32:21,401 DEBUG [ComponentManagerImpl] Dispatching event: COMPONENT_RESOLVED: service:org.nuxeo.ecm.platform.lock
08:32:21,410 DEBUG [ComponentManagerImpl] Dispatching event: ACTIVATING_COMPONENT: service:org.nuxeo.ecm.platform.lock
08:32:21,411 DEBUG [ComponentManagerImpl] Dispatching event: COMPONENT_ACTIVATED: service:org.nuxeo.ecm.platform.lock
08:32:21,411 DEBUG [ComponentManagerImpl] Register contributed extension: ExtensionImpl {target: service:org.nuxeo.ecm.core.persistence.PersistenceComponent, point:hibernate, contributor:RegistrationInfo: service:org.nuxeo.ecm.platform.lock}
08:32:21,416 ERROR [DataSourceHelper] Unknown JNDI Context class: null
08:32:21,416 INFO  [DataSourceHelper] Using JDBC JNDI prefix: java:comp/env/jdbc
08:32:21,417 DEBUG [ComponentManagerImpl] Dispatching event: EXTENSION_REGISTERED: service:org.nuxeo.ecm.platform.lock
08:32:21,417 DEBUG [OSGiComponentLoader] Bundle changed: org.nuxeo.ecm.platform.lock.core STARTING
08:32:21,418 DEBUG [OSGiComponentLoader] Bundle changed: org.nuxeo.ecm.platform.lock.core STARTED
08:32:21,422 DEBUG [DefaultRuntimeContext] Deploying bundle from url file:/usr/local/src/org.nuxeo.tests/nuxeo-service/nuxeo-platform-lock-core/target/classes/nxlocks-tests.xml
08:32:21,425 DEBUG [ComponentManagerImpl] Dispatching event: COMPONENT_REGISTERED: service:org.nuxeo.ecm.platform.lock.tests.config
08:32:21,425 INFO  [ComponentManagerImpl] Registering component: service:org.nuxeo.ecm.platform.lock.tests.config
08:32:21,425 DEBUG [ComponentManagerImpl] Dispatching event: COMPONENT_RESOLVED: service:org.nuxeo.ecm.platform.lock.tests.config
08:32:21,426 DEBUG [ComponentManagerImpl] Dispatching event: ACTIVATING_COMPONENT: service:org.nuxeo.ecm.platform.lock.tests.config
08:32:21,426 DEBUG [ComponentManagerImpl] Dispatching event: COMPONENT_ACTIVATED: service:org.nuxeo.ecm.platform.lock.tests.config
08:32:21,426 DEBUG [ComponentManagerImpl] Register contributed extension: ExtensionImpl {target: service:org.nuxeo.ecm.core.persistence.PersistenceComponent, point:hibernate, contributor:RegistrationInfo: service:org.nuxeo.ecm.platform.lock.tests.config}
08:32:21,427 DEBUG [ComponentManagerImpl] Dispatching event: EXTENSION_REGISTERED: service:org.nuxeo.ecm.platform.lock.tests.config
08:32:21,428 DEBUG [OSGiAdapter] Firing FrameworkEvent on 2 listeners
08:32:21,429 DEBUG [OSGiAdapter] Start execution of class org.nuxeo.runtime.test.OSGiRuntimeTestService listener
08:32:21,429 DEBUG [ComponentManagerImpl] Dispatching event: COMPONENT_REGISTERED: service:org.nuxeo.runtime.started
08:32:21,430 INFO  [ComponentManagerImpl] Registering component: service:org.nuxeo.runtime.started
08:32:21,430 DEBUG [ComponentManagerImpl] Dispatching event: COMPONENT_RESOLVED: service:org.nuxeo.runtime.started
08:32:21,430 DEBUG [ComponentManagerImpl] Dispatching event: ACTIVATING_COMPONENT: service:org.nuxeo.runtime.started
08:32:21,431 DEBUG [ComponentManagerImpl] Dispatching event: COMPONENT_ACTIVATED: service:org.nuxeo.runtime.started
08:32:21,431 INFO  [OSGiRuntimeService] Nuxeo EP Started
======================================================================
= Nuxeo EP Started
======================================================================
= Component Loading Status: Pending: 0 / Unstarted: 0 / Total: 9
======================================================================
08:32:21,431 DEBUG [OSGiAdapter] End execution of class org.nuxeo.runtime.test.OSGiRuntimeTestService listener
08:32:21,432 DEBUG [OSGiAdapter] Start execution of class org.nuxeo.ecm.platform.lock.LockComponent$1 listener
08:32:21,441 DEBUG [OSGiAdapter] End execution of class org.nuxeo.ecm.platform.lock.LockComponent$1 listener
08:32:21,442 DEBUG [LockCoordinatorImpl] Lock owner: nxlockcompetitor://winner@server resource: nxlockresource://server/resource comments: winner lock timeout: 800
08:32:21,442 DEBUG [LockCoordinatorImpl] Create Record owner: nxlockcompetitor://winner@server resource: nxlockresource://server/resource comments: winner lock timeout: 800
08:32:21,445 DEBUG [Ejb3Configuration] Look up for persistence unit: nxlocks
08:32:21,449 DEBUG [DTDEntityResolver] trying to resolve system-id [http://java.sun.com/xml/ns/persistence/persistence_1_0.xsd]
08:32:21,449 DEBUG [EJB3DTDEntityResolver] recognized EJB3 ORM namespace; attempting to resolve on classpath under org/hibernate/ejb
08:32:21,450 DEBUG [EJB3DTDEntityResolver] located [http://java.sun.com/xml/ns/persistence/persistence_1_0.xsd] in classpath
08:32:21,458 DEBUG [Ejb3Configuration] Detect class: true; detect hbm: true
08:32:21,458 DEBUG [JarVisitor] Searching mapped entities in jar/par: file:/usr/local/src/org.nuxeo.tests/nuxeo-service/nuxeo-platform-lock-core/target/classes
08:32:21,459 DEBUG [JarVisitor] Filtering: org.nuxeo.ecm.platform.lock.ThreadedLockRecordProvider$1
08:32:21,460 DEBUG [JarVisitor] Filtering: org.nuxeo.ecm.platform.lock.ThreadedLockRecordProvider
08:32:21,461 DEBUG [LockCoordinatorImpl] Lock owner: nxlockcompetitor://looser@server resource: nxlockresource://server/resource comments: looser lock timeout: 800
08:32:21,462 DEBUG [LockCoordinatorImpl] Create Record owner: nxlockcompetitor://looser@server resource: nxlockresource://server/resource comments: looser lock timeout: 800
08:32:21,462 DEBUG [JarVisitor] Filtering: org.nuxeo.ecm.platform.lock.LockCoordinatorImpl
08:32:21,463 DEBUG [JarVisitor] Filtering: org.nuxeo.ecm.platform.lock.LockComponentDelegate
08:32:21,464 DEBUG [JarVisitor] Filtering: org.nuxeo.ecm.platform.lock.LockRecordProvider
08:32:21,465 DEBUG [JarVisitor] Filtering: org.nuxeo.ecm.platform.lock.LockInfoImpl
08:32:21,465 DEBUG [JarVisitor] Filtering: org.nuxeo.ecm.platform.lock.JPALockRecordProvider
08:32:21,466 DEBUG [JarVisitor] Filtering: org.nuxeo.ecm.platform.lock.ThreadedLockRecordProvider$4
08:32:21,467 DEBUG [JarVisitor] Filtering: org.nuxeo.ecm.platform.lock.LockComponent
08:32:21,468 DEBUG [JarVisitor] Filtering: org.nuxeo.ecm.platform.lock.LockComponent$1
08:32:21,468 DEBUG [JarVisitor] Filtering: org.nuxeo.ecm.platform.lock.LockRecord
08:32:21,469 DEBUG [JarVisitor] Java element filter matched for org.nuxeo.ecm.platform.lock.LockRecord
08:32:21,470 DEBUG [JarVisitor] Filtering: org.nuxeo.ecm.platform.lock.ThreadedLockRecordProvider$3
08:32:21,481 DEBUG [JarVisitor] Filtering: org.nuxeo.ecm.platform.lock.ThreadedLockRecordProvider$2
08:32:21,483 DEBUG [JarVisitor] Filtering: org.nuxeo.ecm.core.persistence.PersistenceProviderFriend
08:32:21,483 DEBUG [Ejb3Configuration] Detect class: true; detect hbm: true
08:32:21,483 DEBUG [Ejb3Configuration] Creating Factory: nxlocks
08:32:21,484 DEBUG [AnnotationConfiguration] Execute first pass mapping processing
08:32:21,484 DEBUG [AnnotationConfiguration] Process hbm files
08:32:21,484 DEBUG [AnnotationConfiguration] Process annotated classes
08:32:21,485 INFO  [AnnotationBinder] Binding entity from annotated class: org.nuxeo.ecm.platform.lock.LockRecord
08:32:21,485 INFO  [QueryBinder] Binding Named query: Lock.findByResource => from Lock lock where lock.resource = :resource
08:32:21,485 INFO  [QueryBinder] Binding Named query: Lock.findExpired => from Lock lock where lock.expireTime < :time order by expireTime
08:32:21,486 INFO  [QueryBinder] Binding Named query: Lock.deleteByResource => delete Lock lock where lock.resource = :resource
08:32:21,486 DEBUG [Ejb3Column] Binding column DTYPE unique false
08:32:21,486 DEBUG [EntityBinder] Import with entity name=Lock
08:32:21,486 INFO  [EntityBinder] Bind entity org.nuxeo.ecm.platform.lock.LockRecord on table NX_LOCK
08:32:21,487 DEBUG [AnnotationBinder] Processing org.nuxeo.ecm.platform.lock.LockRecord property annotation
08:32:21,487 DEBUG [AnnotationBinder] Processing org.nuxeo.ecm.platform.lock.LockRecord field annotation
08:32:21,488 DEBUG [AnnotationBinder] Processing annotations of org.nuxeo.ecm.platform.lock.LockRecord.id
08:32:21,488 DEBUG [Ejb3Column] Binding column LOCK_ID unique false
08:32:21,489 DEBUG [AnnotationBinder] id is an id
08:32:21,490 DEBUG [SimpleValueBinder] building SimpleValue for id
08:32:21,490 DEBUG [PropertyBinder] Building property id
08:32:21,490 DEBUG [AnnotationBinder] Bind @Id on id
08:32:21,491 DEBUG [AnnotationBinder] Processing annotations of org.nuxeo.ecm.platform.lock.LockRecord.version
08:32:21,491 DEBUG [Ejb3Column] Binding column version unique false
08:32:21,491 DEBUG [AnnotationBinder] version is a version property
08:32:21,491 DEBUG [PropertyBinder] binding property version with lazy=false
08:32:21,492 DEBUG [SimpleValueBinder] building SimpleValue for version
08:32:21,492 DEBUG [PropertyBinder] Building property version
08:32:21,492 DEBUG [AnnotationBinder] Version name: version, unsavedValue: undefined
08:32:21,493 DEBUG [AnnotationBinder] Processing annotations of org.nuxeo.ecm.platform.lock.LockRecord.resource
08:32:21,493 DEBUG [Ejb3Column] Binding column LOCK_RESOURCE unique true
08:32:21,493 DEBUG [PropertyBinder] binding property resource with lazy=false
08:32:21,493 DEBUG [SimpleValueBinder] building SimpleValue for resource
08:32:21,494 DEBUG [PropertyBinder] Building property resource
08:32:21,494 DEBUG [AnnotationBinder] Processing annotations of org.nuxeo.ecm.platform.lock.LockRecord.lockTime
08:32:21,494 DEBUG [Ejb3Column] Binding column LOCK_LOCK_TIME unique false
08:32:21,495 DEBUG [PropertyBinder] binding property lockTime with lazy=false
08:32:21,495 DEBUG [SimpleValueBinder] building SimpleValue for lockTime
08:32:21,495 DEBUG [PropertyBinder] Building property lockTime
08:32:21,496 DEBUG [AnnotationBinder] Processing annotations of org.nuxeo.ecm.platform.lock.LockRecord.expireTime
08:32:21,500 DEBUG [Ejb3Column] Binding column LOCK_EXPIRE_TIME unique false
08:32:21,501 DEBUG [PropertyBinder] binding property expireTime with lazy=false
08:32:21,501 DEBUG [SimpleValueBinder] building SimpleValue for expireTime
08:32:21,501 DEBUG [PropertyBinder] Building property expireTime
08:32:21,502 DEBUG [AnnotationBinder] Processing annotations of org.nuxeo.ecm.platform.lock.LockRecord.owner
08:32:21,502 DEBUG [Ejb3Column] Binding column LOCK_OWNER unique false
08:32:21,502 DEBUG [PropertyBinder] binding property owner with lazy=false
08:32:21,503 DEBUG [SimpleValueBinder] building SimpleValue for owner
08:32:21,503 DEBUG [PropertyBinder] Building property owner
08:32:21,503 DEBUG [AnnotationBinder] Processing annotations of org.nuxeo.ecm.platform.lock.LockRecord.comments
08:32:21,504 DEBUG [Ejb3Column] Binding column LOCK_COMMENTS unique false
08:32:21,504 DEBUG [PropertyBinder] binding property comments with lazy=false
08:32:21,504 DEBUG [SimpleValueBinder] building SimpleValue for comments
08:32:21,505 DEBUG [PropertyBinder] Building property comments
08:32:21,505 DEBUG [AnnotationBinder] Processing annotations of org.nuxeo.ecm.platform.lock.LockRecord.info
08:32:21,505 DEBUG [Ejb3Column] Binding column LOCK_INFO unique false
08:32:21,506 DEBUG [PropertyBinder] binding property info with lazy=false
08:32:21,506 DEBUG [SimpleValueBinder] building SimpleValue for info
08:32:21,506 DEBUG [PropertyBinder] Building property info
08:32:21,507 DEBUG [AnnotationConfiguration] processing manytoone fk mappings
08:32:21,507 DEBUG [Configuration] processing extends queue
08:32:21,507 DEBUG [Configuration] processing collection mappings
08:32:21,508 DEBUG [Configuration] processing native query and ResultSetMapping mappings
08:32:21,508 DEBUG [Configuration] processing association property references
08:32:21,508 DEBUG [Configuration] processing foreign key constraints
08:32:21,512 DEBUG [ClassValidator] ResourceBundle ValidatorMessages not found in Validator classloader. Delegate to org.hibernate.validator.resources.DefaultValidatorMessages
08:32:21,516 INFO  [Configuration] configuring from resource: fake-hibernate.cfg.xml
08:32:21,517 INFO  [Configuration] Configuration resource: fake-hibernate.cfg.xml
08:32:21,519 DEBUG [DTDEntityResolver] trying to resolve system-id [http://hibernate.sourceforge.net/hibernate-configuration-3.0.dtd]
08:32:21,519 DEBUG [DTDEntityResolver] recognized hibernate namespace; attempting to resolve on classpath under org/hibernate/
08:32:21,520 DEBUG [DTDEntityResolver] located [http://hibernate.sourceforge.net/hibernate-configuration-3.0.dtd] in classpath
08:32:21,522 INFO  [Configuration] Configured SessionFactory: null
08:32:21,523 DEBUG [Configuration] properties: {hibernate.connection.pool_size=1, hibernate.dialect=org.hibernate.dialect.HSQLDialect, hibernate.connection.url=jdbc:hsqldb:mem:.;sql.enforce_strict_size=true, hibernate.show_sql=false, hibernate.connection.auto_commit=true, hibernate.connection.driver_class=org.hsqldb.jdbcDriver, hibernate.hbm2ddl.auto=update, hibernate.format_sql=true}
08:32:21,523 DEBUG [AnnotationConfiguration] Execute first pass mapping processing
08:32:21,523 DEBUG [AnnotationConfiguration] Process hbm files
08:32:21,524 DEBUG [AnnotationConfiguration] Process annotated classes
08:32:21,524 DEBUG [AnnotationConfiguration] processing manytoone fk mappings
08:32:21,524 DEBUG [Configuration] processing extends queue
08:32:21,524 DEBUG [Configuration] processing collection mappings
08:32:21,525 DEBUG [Configuration] processing native query and ResultSetMapping mappings
08:32:21,525 DEBUG [Configuration] processing association property references
08:32:21,525 DEBUG [Configuration] processing foreign key constraints
08:32:21,526 DEBUG [ClassValidator] ResourceBundle ValidatorMessages not found in Validator classloader. Delegate to org.hibernate.validator.resources.DefaultValidatorMessages
08:32:21,530 DEBUG [AnnotationConfiguration] Execute first pass mapping processing
08:32:21,531 DEBUG [AnnotationConfiguration] Process hbm files
08:32:21,531 DEBUG [AnnotationConfiguration] Process annotated classes
08:32:21,531 DEBUG [AnnotationConfiguration] processing manytoone fk mappings
08:32:21,531 DEBUG [Configuration] processing extends queue
08:32:21,532 DEBUG [Configuration] processing collection mappings
08:32:21,532 DEBUG [Configuration] processing native query and ResultSetMapping mappings
08:32:21,532 DEBUG [Configuration] processing association property references
08:32:21,533 DEBUG [Configuration] processing foreign key constraints
08:32:21,533 DEBUG [ClassValidator] ResourceBundle ValidatorMessages not found in Validator classloader. Delegate to org.hibernate.validator.resources.DefaultValidatorMessages
08:32:21,537 DEBUG [NamingHelper] Not Ejb3Configuration to JNDI, no JNDI name configured
08:32:21,538 DEBUG [Configuration] Preparing to build session factory with filters : {}
08:32:21,538 DEBUG [AnnotationConfiguration] Execute first pass mapping processing
08:32:21,538 DEBUG [AnnotationConfiguration] Process hbm files
08:32:21,538 DEBUG [AnnotationConfiguration] Process annotated classes
08:32:21,539 DEBUG [AnnotationConfiguration] processing manytoone fk mappings
08:32:21,539 DEBUG [Configuration] processing extends queue
08:32:21,539 DEBUG [Configuration] processing collection mappings
08:32:21,539 DEBUG [Configuration] processing native query and ResultSetMapping mappings
08:32:21,540 DEBUG [Configuration] processing association property references
08:32:21,540 DEBUG [Configuration] processing foreign key constraints
08:32:21,542 DEBUG [ClassValidator] ResourceBundle ValidatorMessages not found in Validator classloader. Delegate to org.hibernate.validator.resources.DefaultValidatorMessages
08:32:21,542 INFO  [DriverManagerConnectionProvider] Using Hibernate built-in connection pool (not for production use!)
08:32:21,543 INFO  [DriverManagerConnectionProvider] Hibernate connection pool size: 1
08:32:21,543 INFO  [DriverManagerConnectionProvider] autocommit mode: true
08:32:21,543 INFO  [DriverManagerConnectionProvider] using driver: org.hsqldb.jdbcDriver at URL: jdbc:hsqldb:mem:.;sql.enforce_strict_size=true
08:32:21,543 INFO  [DriverManagerConnectionProvider] connection properties: {auto_commit=true, autocommit=true, release_mode=auto}
08:32:21,544 DEBUG [DriverManagerConnectionProvider] opening new JDBC connection
08:32:21,544 DEBUG [DriverManagerConnectionProvider] created connection to: jdbc:hsqldb:mem:.;sql.enforce_strict_size=true, Isolation Level: 0
08:32:21,545 INFO  [SettingsFactory] RDBMS: HSQL Database Engine, version: 1.8.0
08:32:21,545 INFO  [SettingsFactory] JDBC driver: HSQL Database Engine Driver, version: 1.8.0
08:32:21,546 INFO  [Dialect] Using dialect: org.hibernate.dialect.HSQLDialect
08:32:21,546 INFO  [TransactionFactoryFactory] Transaction strategy: org.hibernate.transaction.JDBCTransactionFactory
08:32:21,547 INFO  [TransactionManagerLookupFactory] No TransactionManagerLookup configured (in JTA environment, use of read-write or transactional second-level cache is not recommended)
08:32:21,547 INFO  [SettingsFactory] Automatic flush during beforeCompletion(): disabled
08:32:21,547 INFO  [SettingsFactory] Automatic session close at end of transaction: disabled
08:32:21,547 INFO  [SettingsFactory] JDBC batch size: 15
08:32:21,547 INFO  [SettingsFactory] JDBC batch updates for versioned data: disabled
08:32:21,548 INFO  [SettingsFactory] Scrollable result sets: enabled
08:32:21,548 DEBUG [SettingsFactory] Wrap result sets: disabled
08:32:21,548 INFO  [SettingsFactory] JDBC3 getGeneratedKeys(): disabled
08:32:21,549 INFO  [SettingsFactory] Connection release mode: auto
08:32:21,549 INFO  [SettingsFactory] Default batch fetch size: 1
08:32:21,549 INFO  [SettingsFactory] Generate SQL with comments: disabled
08:32:21,549 INFO  [SettingsFactory] Order SQL updates by primary key: disabled
08:32:21,549 INFO  [SettingsFactory] Order SQL inserts for batching: disabled
08:32:21,550 INFO  [SettingsFactory] Query translator: org.hibernate.hql.ast.ASTQueryTranslatorFactory
08:32:21,550 INFO  [ASTQueryTranslatorFactory] Using ASTQueryTranslatorFactory
08:32:21,550 INFO  [SettingsFactory] Query language substitutions: {}
08:32:21,551 INFO  [SettingsFactory] JPA-QL strict compliance: enabled
08:32:21,551 INFO  [SettingsFactory] Second-level cache: enabled
08:32:21,551 INFO  [SettingsFactory] Query cache: disabled
08:32:21,551 INFO  [SettingsFactory] Cache provider: org.hibernate.cache.NoCacheProvider
08:32:21,552 INFO  [SettingsFactory] Optimize cache for minimal puts: disabled
08:32:21,552 INFO  [SettingsFactory] Structured second-level cache entries: disabled
08:32:21,552 INFO  [SettingsFactory] Statistics: disabled
08:32:21,553 INFO  [SettingsFactory] Deleted entity synthetic identifier rollback: disabled
08:32:21,553 INFO  [SettingsFactory] Default entity-mode: pojo
08:32:21,553 INFO  [SettingsFactory] Named query checking : enabled
08:32:21,558 DEBUG [ClassValidator] ResourceBundle ValidatorMessages not found in Validator classloader. Delegate to org.hibernate.validator.resources.DefaultValidatorMessages
08:32:21,559 INFO  [SessionFactoryImpl] building session factory
08:32:21,559 DEBUG [SessionFactoryImpl] Session factory constructed with filter configurations : {}
08:32:21,560 DEBUG [SessionFactoryImpl] instantiating session factory with properties: {hibernate.transaction.flush_before_completion=false, hibernate.connection.autocommit=true, hibernate.connection.driver_class=org.hsqldb.jdbcDriver, javax.persistence.transactionType=RESOURCE_LOCAL, hibernate.dialect=org.hibernate.dialect.HSQLDialect, hibernate.connection.auto_commit=true, hibernate.format_sql=true, hibernate.use_identifier_rollback=false, hibernate.query.jpaql_strict_compliance=true, hibernate.hbm2ddl.auto=update, hibernate.connection.url=jdbc:hsqldb:mem:.;sql.enforce_strict_size=true, hibernate.show_sql=false, hibernate.ejb.cfgfile=fake-hibernate.cfg.xml, hibernate.connection.release_mode=auto, hibernate.ejb.discard_pc_on_close=false, hibernate.transaction.factory_class=org.hibernate.transaction.JDBCTransactionFactory, hibernate.connection.pool_size=1}
08:32:21,562 DEBUG [AbstractEntityPersister] Static SQL for entity: org.nuxeo.ecm.platform.lock.LockRecord
08:32:21,562 DEBUG [AbstractEntityPersister]  Version select: select version from NX_LOCK where LOCK_ID =?
08:32:21,562 DEBUG [AbstractEntityPersister]  Snapshot select: select lockrecord_.LOCK_ID, lockrecord_.version as version2_, lockrecord_.LOCK_RESOURCE as LOCK3_2_, lockrecord_.LOCK_LOCK_TIME as LOCK4_2_, lockrecord_.LOCK_EXPIRE_TIME as LOCK5_2_, lockrecord_.LOCK_OWNER as LOCK6_2_, lockrecord_.LOCK_COMMENTS as LOCK7_2_, lockrecord_.LOCK_INFO as LOCK8_2_ from NX_LOCK lockrecord_ where lockrecord_.LOCK_ID=?
08:32:21,562 DEBUG [AbstractEntityPersister]  Insert 0: insert into NX_LOCK (version, LOCK_RESOURCE, LOCK_LOCK_TIME, LOCK_EXPIRE_TIME, LOCK_OWNER, LOCK_COMMENTS, LOCK_INFO, LOCK_ID) values (?, ?, ?, ?, ?, ?, ?, ?)
08:32:21,563 DEBUG [AbstractEntityPersister]  Update 0: update NX_LOCK set version=?, LOCK_RESOURCE=?, LOCK_LOCK_TIME=?, LOCK_EXPIRE_TIME=?, LOCK_OWNER=?, LOCK_COMMENTS=?, LOCK_INFO=? where LOCK_ID=? and version=?
08:32:21,563 DEBUG [AbstractEntityPersister]  Delete 0: delete from NX_LOCK where LOCK_ID=? and version=?
08:32:21,563 DEBUG [AbstractEntityPersister]  Identity insert: insert into NX_LOCK (LOCK_ID, version, LOCK_RESOURCE, LOCK_LOCK_TIME, LOCK_EXPIRE_TIME, LOCK_OWNER, LOCK_COMMENTS, LOCK_INFO) values (null, ?, ?, ?, ?, ?, ?, ?)
08:32:21,564 DEBUG [EntityLoader] Static select for entity org.nuxeo.ecm.platform.lock.LockRecord: select lockrecord0_.LOCK_ID as LOCK1_2_0_, lockrecord0_.version as version2_0_, lockrecord0_.LOCK_RESOURCE as LOCK3_2_0_, lockrecord0_.LOCK_LOCK_TIME as LOCK4_2_0_, lockrecord0_.LOCK_EXPIRE_TIME as LOCK5_2_0_, lockrecord0_.LOCK_OWNER as LOCK6_2_0_, lockrecord0_.LOCK_COMMENTS as LOCK7_2_0_, lockrecord0_.LOCK_INFO as LOCK8_2_0_ from NX_LOCK lockrecord0_ where lockrecord0_.LOCK_ID=?
08:32:21,564 DEBUG [EntityLoader] Static select for entity org.nuxeo.ecm.platform.lock.LockRecord: select lockrecord0_.LOCK_ID as LOCK1_2_0_, lockrecord0_.version as version2_0_, lockrecord0_.LOCK_RESOURCE as LOCK3_2_0_, lockrecord0_.LOCK_LOCK_TIME as LOCK4_2_0_, lockrecord0_.LOCK_EXPIRE_TIME as LOCK5_2_0_, lockrecord0_.LOCK_OWNER as LOCK6_2_0_, lockrecord0_.LOCK_COMMENTS as LOCK7_2_0_, lockrecord0_.LOCK_INFO as LOCK8_2_0_ from NX_LOCK lockrecord0_ where lockrecord0_.LOCK_ID=?
08:32:21,565 DEBUG [EntityLoader] Static select for entity org.nuxeo.ecm.platform.lock.LockRecord: select lockrecord0_.LOCK_ID as LOCK1_2_0_, lockrecord0_.version as version2_0_, lockrecord0_.LOCK_RESOURCE as LOCK3_2_0_, lockrecord0_.LOCK_LOCK_TIME as LOCK4_2_0_, lockrecord0_.LOCK_EXPIRE_TIME as LOCK5_2_0_, lockrecord0_.LOCK_OWNER as LOCK6_2_0_, lockrecord0_.LOCK_COMMENTS as LOCK7_2_0_, lockrecord0_.LOCK_INFO as LOCK8_2_0_ from NX_LOCK lockrecord0_ where lockrecord0_.LOCK_ID=?
08:32:21,565 DEBUG [EntityLoader] Static select for entity org.nuxeo.ecm.platform.lock.LockRecord: select lockrecord0_.LOCK_ID as LOCK1_2_0_, lockrecord0_.version as version2_0_, lockrecord0_.LOCK_RESOURCE as LOCK3_2_0_, lockrecord0_.LOCK_LOCK_TIME as LOCK4_2_0_, lockrecord0_.LOCK_EXPIRE_TIME as LOCK5_2_0_, lockrecord0_.LOCK_OWNER as LOCK6_2_0_, lockrecord0_.LOCK_COMMENTS as LOCK7_2_0_, lockrecord0_.LOCK_INFO as LOCK8_2_0_ from NX_LOCK lockrecord0_ where lockrecord0_.LOCK_ID=?
08:32:21,566 DEBUG [EntityLoader] Static select for entity org.nuxeo.ecm.platform.lock.LockRecord: select lockrecord0_.LOCK_ID as LOCK1_2_0_, lockrecord0_.version as version2_0_, lockrecord0_.LOCK_RESOURCE as LOCK3_2_0_, lockrecord0_.LOCK_LOCK_TIME as LOCK4_2_0_, lockrecord0_.LOCK_EXPIRE_TIME as LOCK5_2_0_, lockrecord0_.LOCK_OWNER as LOCK6_2_0_, lockrecord0_.LOCK_COMMENTS as LOCK7_2_0_, lockrecord0_.LOCK_INFO as LOCK8_2_0_ from NX_LOCK lockrecord0_ where lockrecord0_.LOCK_ID=?
08:32:21,566 DEBUG [CascadeEntityLoader] Static select for action ACTION_MERGE on entity org.nuxeo.ecm.platform.lock.LockRecord: select lockrecord0_.LOCK_ID as LOCK1_2_0_, lockrecord0_.version as version2_0_, lockrecord0_.LOCK_RESOURCE as LOCK3_2_0_, lockrecord0_.LOCK_LOCK_TIME as LOCK4_2_0_, lockrecord0_.LOCK_EXPIRE_TIME as LOCK5_2_0_, lockrecord0_.LOCK_OWNER as LOCK6_2_0_, lockrecord0_.LOCK_COMMENTS as LOCK7_2_0_, lockrecord0_.LOCK_INFO as LOCK8_2_0_ from NX_LOCK lockrecord0_ where lockrecord0_.LOCK_ID=?
08:32:21,567 DEBUG [CascadeEntityLoader] Static select for action ACTION_REFRESH on entity org.nuxeo.ecm.platform.lock.LockRecord: select lockrecord0_.LOCK_ID as LOCK1_2_0_, lockrecord0_.version as version2_0_, lockrecord0_.LOCK_RESOURCE as LOCK3_2_0_, lockrecord0_.LOCK_LOCK_TIME as LOCK4_2_0_, lockrecord0_.LOCK_EXPIRE_TIME as LOCK5_2_0_, lockrecord0_.LOCK_OWNER as LOCK6_2_0_, lockrecord0_.LOCK_COMMENTS as LOCK7_2_0_, lockrecord0_.LOCK_INFO as LOCK8_2_0_ from NX_LOCK lockrecord0_ where lockrecord0_.LOCK_ID=?
08:32:21,567 DEBUG [SessionFactoryObjectFactory] registered: ff80818129f8da420129f8da473f0001 (unnamed)
08:32:21,567 INFO  [SessionFactoryObjectFactory] Not binding factory to JNDI, no JNDI name configured
08:32:21,567 DEBUG [SessionFactoryImpl] instantiated session factory
08:32:21,568 INFO  [SchemaUpdate] Running hbm2ddl schema update
08:32:21,568 INFO  [SchemaUpdate] fetching database metadata
08:32:21,569 INFO  [SchemaUpdate] updating schema
08:32:21,569 DEBUG [AnnotationConfiguration] Execute first pass mapping processing
08:32:21,569 DEBUG [AnnotationConfiguration] Process hbm files
08:32:21,571 DEBUG [AnnotationConfiguration] Process annotated classes
08:32:21,572 DEBUG [AnnotationConfiguration] processing manytoone fk mappings
08:32:21,572 DEBUG [Configuration] processing extends queue
08:32:21,572 DEBUG [Configuration] processing collection mappings
08:32:21,572 DEBUG [Configuration] processing native query and ResultSetMapping mappings
08:32:21,573 DEBUG [Configuration] processing association property references
08:32:21,573 DEBUG [Configuration] processing foreign key constraints
08:32:21,573 DEBUG [ClassValidator] ResourceBundle ValidatorMessages not found in Validator classloader. Delegate to org.hibernate.validator.resources.DefaultValidatorMessages
08:32:21,595 INFO  [TableMetadata] table found: PUBLIC.NX_LOCK
08:32:21,595 INFO  [TableMetadata] columns: [lock_comments, lock_owner, lock_expire_time, lock_lock_time, lock_id, lock_info, lock_resource, version]
08:32:21,595 INFO  [TableMetadata] foreign keys: []
08:32:21,595 INFO  [TableMetadata] indexes: [sys_pk_47, sys_idx_sys_ct_46_48]
08:32:21,596 INFO  [SchemaUpdate] schema update complete
08:32:21,597 DEBUG [SessionFactoryImpl] Checking 3 named HQL queries
08:32:21,597 DEBUG [SessionFactoryImpl] Checking named query: Lock.findExpired
08:32:21,598 DEBUG [QueryTranslatorImpl] parse() - HQL: from org.nuxeo.ecm.platform.lock.LockRecord lock where lock.expireTime < :time order by expireTime
08:32:21,601 DEBUG [QueryTranslatorImpl] --- HQL AST ---
 \-[QUERY] 'query'
    +-[SELECT_FROM] 'SELECT_FROM'
    |  \-[FROM] 'from'
    |     \-[RANGE] 'RANGE'
    |        +-[DOT] '.'
    |        |  +-[DOT] '.'
    |        |  |  +-[DOT] '.'
    |        |  |  |  +-[DOT] '.'
    |        |  |  |  |  +-[DOT] '.'
    |        |  |  |  |  |  +-[IDENT] 'org'
    |        |  |  |  |  |  \-[IDENT] 'nuxeo'
    |        |  |  |  |  \-[IDENT] 'ecm'
    |        |  |  |  \-[IDENT] 'platform'
    |        |  |  \-[IDENT] 'lock'
    |        |  \-[IDENT] 'LockRecord'
    |        \-[ALIAS] 'lock'
    +-[WHERE] 'where'
    |  \-[LT] '<'
    |     +-[DOT] '.'
    |     |  +-[IDENT] 'lock'
    |     |  \-[IDENT] 'expireTime'
    |     \-[COLON] ':'
    |        \-[IDENT] 'time'
    \-[ORDER] 'order'
       \-[IDENT] 'expireTime'

08:32:21,602 DEBUG [ErrorCounter] throwQueryException() : no errors
08:32:21,602 DEBUG [HqlSqlBaseWalker] select << begin [level=1, statement=select]
08:32:21,603 DEBUG [FromElement] FromClause{level=1} :  org.nuxeo.ecm.platform.lock.LockRecord (lock) -> lockrecord0_
08:32:21,604 DEBUG [FromReferenceNode] Resolved :  lock -> lockrecord0_.LOCK_ID
08:32:21,604 DEBUG [DotNode] getDataType() : expireTime -> org.hibernate.type.TimestampType@7ff5b6
08:32:21,605 DEBUG [FromReferenceNode] Resolved :  lock.expireTime -> lockrecord0_.LOCK_EXPIRE_TIME
08:32:21,605 DEBUG [FromReferenceNode] Resolved :  {synthetic-alias} -> {synthetic-alias}
08:32:21,606 DEBUG [DotNode] getDataType() : expireTime -> org.hibernate.type.TimestampType@7ff5b6
08:32:21,606 DEBUG [FromReferenceNode] Resolved :  {synthetic-alias}.expireTime -> lockrecord0_.LOCK_EXPIRE_TIME
08:32:21,607 DEBUG [HqlSqlBaseWalker] select : finishing up [level=1, statement=select]
08:32:21,607 DEBUG [HqlSqlWalker] processQuery() :  ( SELECT ( FromClause{level=1} NX_LOCK lockrecord0_ ) ( where ( < ( lockrecord0_.LOCK_EXPIRE_TIME lockrecord0_.LOCK_ID expireTime ) ? ) ) ( order ( lockrecord0_.LOCK_EXPIRE_TIME {synthetic-alias} expireTime ) ) )
08:32:21,607 DEBUG [HqlSqlWalker] Derived SELECT clause created.
08:32:21,608 DEBUG [JoinProcessor] Using FROM fragment [NX_LOCK lockrecord0_]
08:32:21,608 DEBUG [HqlSqlBaseWalker] select >> end [level=1, statement=select]
08:32:21,609 DEBUG [QueryTranslatorImpl] --- SQL AST ---
 \-[SELECT] QueryNode: 'SELECT'  querySpaces (NX_LOCK)
    +-[SELECT_CLAUSE] SelectClause: '{derived select clause}'
    |  +-[SELECT_EXPR] SelectExpressionImpl: 'lockrecord0_.LOCK_ID as LOCK1_2_' {FromElement{explicit,not a collection join,not a fetch join,fetch non-lazy properties,classAlias=lock,role=null,tableName=NX_LOCK,tableAlias=lockrecord0_,origin=null,colums={,className=org.nuxeo.ecm.platform.lock.LockRecord}}}
    |  \-[SQL_TOKEN] SqlFragment: 'lockrecord0_.version as version2_, lockrecord0_.LOCK_RESOURCE as LOCK3_2_, lockrecord0_.LOCK_LOCK_TIME as LOCK4_2_, lockrecord0_.LOCK_EXPIRE_TIME as LOCK5_2_, lockrecord0_.LOCK_OWNER as LOCK6_2_, lockrecord0_.LOCK_COMMENTS as LOCK7_2_, lockrecord0_.LOCK_INFO as LOCK8_2_'
    +-[FROM] FromClause: 'from' FromClause{level=1, fromElementCounter=1, fromElements=1, fromElementByClassAlias=[lock], fromElementByTableAlias=[lockrecord0_], fromElementsByPath=[], collectionJoinFromElementsByPath=[], impliedElements=[]}
    |  \-[FROM_FRAGMENT] FromElement: 'NX_LOCK lockrecord0_' FromElement{explicit,not a collection join,not a fetch join,fetch non-lazy properties,classAlias=lock,role=null,tableName=NX_LOCK,tableAlias=lockrecord0_,origin=null,colums={,className=org.nuxeo.ecm.platform.lock.LockRecord}}
    +-[WHERE] SqlNode: 'where'
    |  \-[LT] BinaryLogicOperatorNode: '<'
    |     +-[DOT] DotNode: 'lockrecord0_.LOCK_EXPIRE_TIME' {propertyName=expireTime,dereferenceType=4,propertyPath=expireTime,path=lock.expireTime,tableAlias=lockrecord0_,className=org.nuxeo.ecm.platform.lock.LockRecord,classAlias=lock}
    |     |  +-[ALIAS_REF] IdentNode: 'lockrecord0_.LOCK_ID' {alias=lock, className=org.nuxeo.ecm.platform.lock.LockRecord, tableAlias=lockrecord0_}
    |     |  \-[IDENT] IdentNode: 'expireTime' {originalText=expireTime}
    |     \-[NAMED_PARAM] ParameterNode: '?' {name=time, expectedType=org.hibernate.type.TimestampType@7ff5b6}
    \-[ORDER] OrderByClause: 'order'
       \-[DOT] DotNode: 'lockrecord0_.LOCK_EXPIRE_TIME' {propertyName=expireTime,dereferenceType=4,propertyPath=expireTime,path={synthetic-alias}.expireTime,tableAlias=lockrecord0_,className=org.nuxeo.ecm.platform.lock.LockRecord,classAlias=lock}
          +-[IDENT] IdentNode: '{synthetic-alias}' {originalText={synthetic-alias}}
          \-[IDENT] IdentNode: 'expireTime' {originalText=expireTime}

08:32:21,610 DEBUG [ErrorCounter] throwQueryException() : no errors
08:32:21,610 DEBUG [QueryTranslatorImpl] HQL: from org.nuxeo.ecm.platform.lock.LockRecord lock where lock.expireTime < :time order by expireTime
08:32:21,610 DEBUG [QueryTranslatorImpl] SQL: select lockrecord0_.LOCK_ID as LOCK1_2_, lockrecord0_.version as version2_, lockrecord0_.LOCK_RESOURCE as LOCK3_2_, lockrecord0_.LOCK_LOCK_TIME as LOCK4_2_, lockrecord0_.LOCK_EXPIRE_TIME as LOCK5_2_, lockrecord0_.LOCK_OWNER as LOCK6_2_, lockrecord0_.LOCK_COMMENTS as LOCK7_2_, lockrecord0_.LOCK_INFO as LOCK8_2_ from NX_LOCK lockrecord0_ where lockrecord0_.LOCK_EXPIRE_TIME<? order by lockrecord0_.LOCK_EXPIRE_TIME
08:32:21,611 DEBUG [ErrorCounter] throwQueryException() : no errors
08:32:21,611 DEBUG [SessionFactoryImpl] Checking named query: Lock.findByResource
08:32:21,612 DEBUG [QueryTranslatorImpl] parse() - HQL: from org.nuxeo.ecm.platform.lock.LockRecord lock where lock.resource = :resource
08:32:21,617 DEBUG [QueryTranslatorImpl] --- HQL AST ---
 \-[QUERY] 'query'
    +-[SELECT_FROM] 'SELECT_FROM'
    |  \-[FROM] 'from'
    |     \-[RANGE] 'RANGE'
    |        +-[DOT] '.'
    |        |  +-[DOT] '.'
    |        |  |  +-[DOT] '.'
    |        |  |  |  +-[DOT] '.'
    |        |  |  |  |  +-[DOT] '.'
    |        |  |  |  |  |  +-[IDENT] 'org'
    |        |  |  |  |  |  \-[IDENT] 'nuxeo'
    |        |  |  |  |  \-[IDENT] 'ecm'
    |        |  |  |  \-[IDENT] 'platform'
    |        |  |  \-[IDENT] 'lock'
    |        |  \-[IDENT] 'LockRecord'
    |        \-[ALIAS] 'lock'
    \-[WHERE] 'where'
       \-[EQ] '='
          +-[DOT] '.'
          |  +-[IDENT] 'lock'
          |  \-[IDENT] 'resource'
          \-[COLON] ':'
             \-[IDENT] 'resource'

08:32:21,617 DEBUG [ErrorCounter] throwQueryException() : no errors
08:32:21,618 DEBUG [HqlSqlBaseWalker] select << begin [level=1, statement=select]
08:32:21,618 DEBUG [FromElement] FromClause{level=1} :  org.nuxeo.ecm.platform.lock.LockRecord (lock) -> lockrecord0_
08:32:21,619 DEBUG [FromReferenceNode] Resolved :  lock -> lockrecord0_.LOCK_ID
08:32:21,619 DEBUG [DotNode] getDataType() : resource -> org.hibernate.type.SerializableType@61ec49
08:32:21,619 DEBUG [FromReferenceNode] Resolved :  lock.resource -> lockrecord0_.LOCK_RESOURCE
08:32:21,620 DEBUG [HqlSqlBaseWalker] select : finishing up [level=1, statement=select]
08:32:21,620 DEBUG [HqlSqlWalker] processQuery() :  ( SELECT ( FromClause{level=1} NX_LOCK lockrecord0_ ) ( where ( = ( lockrecord0_.LOCK_RESOURCE lockrecord0_.LOCK_ID resource ) ? ) ) )
08:32:21,621 DEBUG [HqlSqlWalker] Derived SELECT clause created.
08:32:21,621 DEBUG [JoinProcessor] Using FROM fragment [NX_LOCK lockrecord0_]
08:32:21,621 DEBUG [HqlSqlBaseWalker] select >> end [level=1, statement=select]
08:32:21,622 DEBUG [QueryTranslatorImpl] --- SQL AST ---
 \-[SELECT] QueryNode: 'SELECT'  querySpaces (NX_LOCK)
    +-[SELECT_CLAUSE] SelectClause: '{derived select clause}'
    |  +-[SELECT_EXPR] SelectExpressionImpl: 'lockrecord0_.LOCK_ID as LOCK1_2_' {FromElement{explicit,not a collection join,not a fetch join,fetch non-lazy properties,classAlias=lock,role=null,tableName=NX_LOCK,tableAlias=lockrecord0_,origin=null,colums={,className=org.nuxeo.ecm.platform.lock.LockRecord}}}
    |  \-[SQL_TOKEN] SqlFragment: 'lockrecord0_.version as version2_, lockrecord0_.LOCK_RESOURCE as LOCK3_2_, lockrecord0_.LOCK_LOCK_TIME as LOCK4_2_, lockrecord0_.LOCK_EXPIRE_TIME as LOCK5_2_, lockrecord0_.LOCK_OWNER as LOCK6_2_, lockrecord0_.LOCK_COMMENTS as LOCK7_2_, lockrecord0_.LOCK_INFO as LOCK8_2_'
    +-[FROM] FromClause: 'from' FromClause{level=1, fromElementCounter=1, fromElements=1, fromElementByClassAlias=[lock], fromElementByTableAlias=[lockrecord0_], fromElementsByPath=[], collectionJoinFromElementsByPath=[], impliedElements=[]}
    |  \-[FROM_FRAGMENT] FromElement: 'NX_LOCK lockrecord0_' FromElement{explicit,not a collection join,not a fetch join,fetch non-lazy properties,classAlias=lock,role=null,tableName=NX_LOCK,tableAlias=lockrecord0_,origin=null,colums={,className=org.nuxeo.ecm.platform.lock.LockRecord}}
    \-[WHERE] SqlNode: 'where'
       \-[EQ] BinaryLogicOperatorNode: '='
          +-[DOT] DotNode: 'lockrecord0_.LOCK_RESOURCE' {propertyName=resource,dereferenceType=4,propertyPath=resource,path=lock.resource,tableAlias=lockrecord0_,className=org.nuxeo.ecm.platform.lock.LockRecord,classAlias=lock}
          |  +-[ALIAS_REF] IdentNode: 'lockrecord0_.LOCK_ID' {alias=lock, className=org.nuxeo.ecm.platform.lock.LockRecord, tableAlias=lockrecord0_}
          |  \-[IDENT] IdentNode: 'resource' {originalText=resource}
          \-[NAMED_PARAM] ParameterNode: '?' {name=resource, expectedType=org.hibernate.type.SerializableType@61ec49}

08:32:21,623 DEBUG [ErrorCounter] throwQueryException() : no errors
08:32:21,623 DEBUG [QueryTranslatorImpl] HQL: from org.nuxeo.ecm.platform.lock.LockRecord lock where lock.resource = :resource
08:32:21,623 DEBUG [QueryTranslatorImpl] SQL: select lockrecord0_.LOCK_ID as LOCK1_2_, lockrecord0_.version as version2_, lockrecord0_.LOCK_RESOURCE as LOCK3_2_, lockrecord0_.LOCK_LOCK_TIME as LOCK4_2_, lockrecord0_.LOCK_EXPIRE_TIME as LOCK5_2_, lockrecord0_.LOCK_OWNER as LOCK6_2_, lockrecord0_.LOCK_COMMENTS as LOCK7_2_, lockrecord0_.LOCK_INFO as LOCK8_2_ from NX_LOCK lockrecord0_ where lockrecord0_.LOCK_RESOURCE=?
08:32:21,624 DEBUG [ErrorCounter] throwQueryException() : no errors
08:32:21,624 DEBUG [SessionFactoryImpl] Checking named query: Lock.deleteByResource
08:32:21,625 DEBUG [QueryTranslatorImpl] parse() - HQL: delete org.nuxeo.ecm.platform.lock.LockRecord lock where lock.resource = :resource
08:32:21,628 DEBUG [QueryTranslatorImpl] --- HQL AST ---
 \-[DELETE] 'delete'
    +-[FROM] 'FROM'
    |  \-[RANGE] 'RANGE'
    |     +-[DOT] '.'
    |     |  +-[DOT] '.'
    |     |  |  +-[DOT] '.'
    |     |  |  |  +-[DOT] '.'
    |     |  |  |  |  +-[DOT] '.'
    |     |  |  |  |  |  +-[IDENT] 'org'
    |     |  |  |  |  |  \-[IDENT] 'nuxeo'
    |     |  |  |  |  \-[IDENT] 'ecm'
    |     |  |  |  \-[IDENT] 'platform'
    |     |  |  \-[IDENT] 'lock'
    |     |  \-[IDENT] 'LockRecord'
    |     \-[ALIAS] 'lock'
    \-[WHERE] 'where'
       \-[EQ] '='
          +-[DOT] '.'
          |  +-[IDENT] 'lock'
          |  \-[IDENT] 'resource'
          \-[COLON] ':'
             \-[IDENT] 'resource'

08:32:21,630 DEBUG [ErrorCounter] throwQueryException() : no errors
08:32:21,631 DEBUG [HqlSqlBaseWalker] delete << begin [level=1, statement=delete]
08:32:21,631 DEBUG [FromElement] FromClause{level=1} :  org.nuxeo.ecm.platform.lock.LockRecord (lock) -> lockrecord0_
08:32:21,632 DEBUG [FromReferenceNode] Resolved :  lock -> LOCK_ID
08:32:21,632 DEBUG [DotNode] getDataType() : resource -> org.hibernate.type.SerializableType@61ec49
08:32:21,633 DEBUG [FromReferenceNode] Resolved :  lock.resource -> LOCK_RESOURCE
08:32:21,633 DEBUG [HqlSqlBaseWalker] delete : finishing up [level=1, statement=delete]
08:32:21,633 DEBUG [HqlSqlBaseWalker] delete >> end [level=1, statement=delete]
08:32:21,634 DEBUG [QueryTranslatorImpl] --- SQL AST ---
 \-[DELETE] DeleteStatement: 'delete'  querySpaces (NX_LOCK)
    +-[FROM] FromClause: 'FROM' FromClause{level=1, fromElementCounter=1, fromElements=1, fromElementByClassAlias=[lock], fromElementByTableAlias=[lockrecord0_], fromElementsByPath=[], collectionJoinFromElementsByPath=[], impliedElements=[]}
    |  \-[FROM_FRAGMENT] FromElement: 'NX_LOCK' FromElement{explicit,not a collection join,not a fetch join,fetch non-lazy properties,classAlias=lock,role=null,tableName=NX_LOCK,tableAlias=lockrecord0_,origin=null,colums={,className=org.nuxeo.ecm.platform.lock.LockRecord}}
    \-[WHERE] SqlNode: 'where'
       \-[EQ] BinaryLogicOperatorNode: '='
          +-[DOT] DotNode: 'LOCK_RESOURCE' {propertyName=resource,dereferenceType=4,propertyPath=resource,path=lock.resource,tableAlias=lockrecord0_,className=org.nuxeo.ecm.platform.lock.LockRecord,classAlias=lock}
          |  +-[ALIAS_REF] IdentNode: 'LOCK_ID' {alias=lock, className=org.nuxeo.ecm.platform.lock.LockRecord, tableAlias=lockrecord0_}
          |  \-[IDENT] IdentNode: 'resource' {originalText=resource}
          \-[NAMED_PARAM] ParameterNode: '?' {name=resource, expectedType=org.hibernate.type.SerializableType@61ec49}

08:32:21,635 DEBUG [ErrorCounter] throwQueryException() : no errors
08:32:21,635 DEBUG [ErrorCounter] throwQueryException() : no errors
08:32:21,636 DEBUG [SessionFactoryImpl] Checking 0 named SQL queries
08:32:21,636 DEBUG [SessionImpl] opened session at timestamp: 12797803416
08:32:21,636 DEBUG [JDBCTransaction] begin
08:32:21,637 DEBUG [ConnectionManager] opening JDBC connection
08:32:21,637 DEBUG [JDBCTransaction] current autocommit status: true
08:32:21,637 DEBUG [JDBCTransaction] disabling autocommit
08:32:21,640 DEBUG [AbstractSaveEventListener] executing identity-insert immediately
08:32:21,641 DEBUG [AbstractBatcher] about to open PreparedStatement (open PreparedStatements: 0, globally: 0)
08:32:21,641 DEBUG [AbstractBatcher] 
    insert 
    into
        NX_LOCK
        (LOCK_ID, version, LOCK_RESOURCE, LOCK_LOCK_TIME, LOCK_EXPIRE_TIME, LOCK_OWNER, LOCK_COMMENTS, LOCK_INFO) 
    values
        (null, ?, ?, ?, ?, ?, ?, ?)
08:32:21,645 DEBUG [AbstractBatcher] about to close PreparedStatement (open PreparedStatements: 1, globally: 1)
08:32:21,646 DEBUG [AbstractBatcher] about to open PreparedStatement (open PreparedStatements: 0, globally: 0)
08:32:21,646 DEBUG [AbstractBatcher] 
    call identity()
08:32:21,647 DEBUG [IdentifierGeneratorFactory] Natively generated identity: 2
08:32:21,647 DEBUG [AbstractBatcher] about to close PreparedStatement (open PreparedStatements: 1, globally: 1)
08:32:21,647 DEBUG [JDBCTransaction] commit
08:32:21,648 DEBUG [AbstractFlushingEventListener] processing flush-time cascades
08:32:21,649 DEBUG [AbstractFlushingEventListener] dirty checking collections
08:32:21,649 DEBUG [AbstractFlushingEventListener] Flushed: 0 insertions, 0 updates, 0 deletions to 1 objects
08:32:21,650 DEBUG [AbstractFlushingEventListener] Flushed: 0 (re)creations, 0 updates, 0 removals to 0 collections
08:32:21,650 DEBUG [Printer] listing entities:
08:32:21,651 DEBUG [Printer] org.nuxeo.ecm.platform.lock.LockRecord{expireTime=2010-07-22 08:32:22, id=2, lockTime=2010-07-22 08:32:21, owner=2c6d8085f3f2808ceae1f6e1aeeee5f4aed5d2c92c81f8aec31ec92b838081cc8086f3f4f2e9eee7f48092cceae1f6e1afece1eee7afd3f4f2e9eee7bbf8f0f480a0eef8ecefe3ebe3efedf0e5f4e9f4eff2baafaff7e9eeeee5f2c0f3e5f2f6e5f2f8, resource=2c6d8085f3f2808ceae1f6e1aeeee5f4aed5d2c92c81f8aec31ec92b838081cc8086f3f4f2e9eee7f48092cceae1f6e1afece1eee7afd3f4f2e9eee7bbf8f0f480a0eef8ecefe3ebf2e5f3eff5f2e3e5baafaff3e5f2f6e5f2aff2e5f3eff5f2e3e5f8, comments=winner lock, info=null, version=0}
08:32:21,652 DEBUG [JDBCTransaction] re-enabling autocommit
08:32:21,652 DEBUG [JDBCTransaction] committed JDBC Connection
08:32:21,653 DEBUG [ConnectionManager] aggressively releasing JDBC connection
08:32:21,653 DEBUG [ConnectionManager] releasing JDBC connection [ (open PreparedStatements: 0, globally: 0) (open ResultSets: 0, globally: 0)]
08:32:21,654 DEBUG [SessionImpl] opened session at timestamp: 12797803416
08:32:21,654 DEBUG [JDBCTransaction] begin
08:32:21,654 DEBUG [ConnectionManager] opening JDBC connection
08:32:21,655 DEBUG [JDBCTransaction] current autocommit status: true
08:32:21,655 DEBUG [JDBCTransaction] disabling autocommit
08:32:21,658 DEBUG [AbstractSaveEventListener] executing identity-insert immediately
08:32:21,658 DEBUG [AbstractBatcher] about to open PreparedStatement (open PreparedStatements: 0, globally: 0)
08:32:21,659 DEBUG [AbstractBatcher] 
    insert 
    into
        NX_LOCK
        (LOCK_ID, version, LOCK_RESOURCE, LOCK_LOCK_TIME, LOCK_EXPIRE_TIME, LOCK_OWNER, LOCK_COMMENTS, LOCK_INFO) 
    values
        (null, ?, ?, ?, ?, ?, ?, ?)
08:32:21,666 DEBUG [AbstractBatcher] about to close PreparedStatement (open PreparedStatements: 1, globally: 1)
08:32:21,668 DEBUG [JDBCExceptionReporter] could not insert: [org.nuxeo.ecm.platform.lock.LockRecord] [insert into NX_LOCK (LOCK_ID, version, LOCK_RESOURCE, LOCK_LOCK_TIME, LOCK_EXPIRE_TIME, LOCK_OWNER, LOCK_COMMENTS, LOCK_INFO) values (null, ?, ?, ?, ?, ?, ?, ?)]
java.sql.SQLException: Unique constraint violation: SYS_CT_46 in statement [insert into NX_LOCK (LOCK_ID, version, LOCK_RESOURCE, LOCK_LOCK_TIME, LOCK_EXPIRE_TIME, LOCK_OWNER, LOCK_COMMENTS, LOCK_INFO) values (null, ?, ?, ?, ?, ?, ?, ?)]
	at org.hsqldb.jdbc.Util.throwError(Unknown Source)
	at org.hsqldb.jdbc.jdbcPreparedStatement.executeUpdate(Unknown Source)
	at org.hibernate.id.insert.AbstractSelectingDelegate.performInsert(AbstractSelectingDelegate.java:33)
	at org.hibernate.persister.entity.AbstractEntityPersister.insert(AbstractEntityPersister.java:2158)
	at org.hibernate.persister.entity.AbstractEntityPersister.insert(AbstractEntityPersister.java:2638)
	at org.hibernate.action.EntityIdentityInsertAction.execute(EntityIdentityInsertAction.java:48)
	at org.hibernate.engine.ActionQueue.execute(ActionQueue.java:250)
	at org.hibernate.event.def.AbstractSaveEventListener.performSaveOrReplicate(AbstractSaveEventListener.java:298)
	at org.hibernate.event.def.AbstractSaveEventListener.performSave(AbstractSaveEventListener.java:181)
	at org.hibernate.event.def.AbstractSaveEventListener.saveWithGeneratedId(AbstractSaveEventListener.java:107)
	at org.hibernate.event.def.DefaultPersistEventListener.entityIsTransient(DefaultPersistEventListener.java:131)
	at org.hibernate.event.def.DefaultPersistEventListener.onPersist(DefaultPersistEventListener.java:87)
	at org.hibernate.event.def.DefaultPersistEventListener.onPersist(DefaultPersistEventListener.java:38)
	at org.hibernate.impl.SessionImpl.firePersist(SessionImpl.java:618)
	at org.hibernate.impl.SessionImpl.persist(SessionImpl.java:592)
	at org.hibernate.impl.SessionImpl.persist(SessionImpl.java:596)
	at org.hibernate.ejb.AbstractEntityManagerImpl.persist(AbstractEntityManagerImpl.java:212)
	at org.nuxeo.ecm.platform.lock.JPALockRecordProvider.createRecord(JPALockRecordProvider.java:195)
	at org.nuxeo.ecm.platform.lock.ThreadedLockRecordProvider$1.call(ThreadedLockRecordProvider.java:58)
	at org.nuxeo.ecm.platform.lock.ThreadedLockRecordProvider$1.call(ThreadedLockRecordProvider.java:55)
	at java.util.concurrent.FutureTask$Sync.innerRun(FutureTask.java:303)
	at java.util.concurrent.FutureTask.run(FutureTask.java:138)
	at java.util.concurrent.ThreadPoolExecutor$Worker.runTask(ThreadPoolExecutor.java:886)
	at java.util.concurrent.ThreadPoolExecutor$Worker.run(ThreadPoolExecutor.java:908)
	at java.lang.Thread.run(Thread.java:619)
08:32:21,670 WARN  [JDBCExceptionReporter] SQL Error: -104, SQLState: 23000
08:32:21,671 ERROR [JDBCExceptionReporter] Unique constraint violation: SYS_CT_46 in statement [insert into NX_LOCK (LOCK_ID, version, LOCK_RESOURCE, LOCK_LOCK_TIME, LOCK_EXPIRE_TIME, LOCK_OWNER, LOCK_COMMENTS, LOCK_INFO) values (null, ?, ?, ?, ?, ?, ?, ?)]
08:32:21,671 DEBUG [AbstractEntityManagerImpl] mark transaction for rollback
08:32:21,672 DEBUG [LockCoordinatorImpl] Couldn't create, entity already exists, fetching resource owner: nxlockcompetitor://looser@server resource: nxlockresource://server/resource comments: looser lock timeout: 800
08:32:21,673 DEBUG [SessionImpl] opened session at timestamp: 12797803416
08:32:21,674 DEBUG [AbstractBatcher] about to open PreparedStatement (open PreparedStatements: 0, globally: 0)
08:32:21,674 DEBUG [ConnectionManager] opening JDBC connection
08:32:21,675 DEBUG [DriverManagerConnectionProvider] opening new JDBC connection
08:32:21,675 DEBUG [DriverManagerConnectionProvider] created connection to: jdbc:hsqldb:mem:.;sql.enforce_strict_size=true, Isolation Level: 0
08:32:21,676 DEBUG [AbstractBatcher] 
    select
        lockrecord0_.LOCK_ID as LOCK1_2_,
        lockrecord0_.version as version2_,
        lockrecord0_.LOCK_RESOURCE as LOCK3_2_,
        lockrecord0_.LOCK_LOCK_TIME as LOCK4_2_,
        lockrecord0_.LOCK_EXPIRE_TIME as LOCK5_2_,
        lockrecord0_.LOCK_OWNER as LOCK6_2_,
        lockrecord0_.LOCK_COMMENTS as LOCK7_2_,
        lockrecord0_.LOCK_INFO as LOCK8_2_ 
    from
        NX_LOCK lockrecord0_ 
    where
        lockrecord0_.LOCK_RESOURCE=?
08:32:21,688 DEBUG [AbstractBatcher] about to open ResultSet (open ResultSets: 0, globally: 0)
08:32:21,688 DEBUG [Loader] result set row: 0
08:32:21,689 DEBUG [Loader] result row: EntityKey[org.nuxeo.ecm.platform.lock.LockRecord#2]
08:32:21,701 DEBUG [AbstractBatcher] about to close ResultSet (open ResultSets: 1, globally: 1)
08:32:21,701 DEBUG [AbstractBatcher] about to close PreparedStatement (open PreparedStatements: 1, globally: 1)
08:32:21,702 DEBUG [ConnectionManager] aggressively releasing JDBC connection
08:32:21,702 DEBUG [ConnectionManager] releasing JDBC connection [ (open PreparedStatements: 0, globally: 0) (open ResultSets: 0, globally: 0)]
08:32:21,703 DEBUG [TwoPhaseLoad] resolving associations for [org.nuxeo.ecm.platform.lock.LockRecord#2]
08:32:21,705 DEBUG [TwoPhaseLoad] done materializing entity [org.nuxeo.ecm.platform.lock.LockRecord#2]
08:32:21,714 DEBUG [StatefulPersistenceContext] initializing non-lazy collections
08:32:21,715 DEBUG [ConnectionManager] aggressively releasing JDBC connection
08:32:21,715 DEBUG [LockCoordinatorImpl] wait for existing lock timeout owner: nxlockcompetitor://looser@server resource: nxlockresource://server/resource comments: looser lock timeout: 800
08:32:22,154 DEBUG [SessionImpl] opened session at timestamp: 12797803421
08:32:22,155 DEBUG [AbstractBatcher] about to open PreparedStatement (open PreparedStatements: 0, globally: 0)
08:32:22,155 DEBUG [ConnectionManager] opening JDBC connection
08:32:22,156 DEBUG [AbstractBatcher] 
    select
        lockrecord0_.LOCK_ID as LOCK1_2_,
        lockrecord0_.version as version2_,
        lockrecord0_.LOCK_RESOURCE as LOCK3_2_,
        lockrecord0_.LOCK_LOCK_TIME as LOCK4_2_,
        lockrecord0_.LOCK_EXPIRE_TIME as LOCK5_2_,
        lockrecord0_.LOCK_OWNER as LOCK6_2_,
        lockrecord0_.LOCK_COMMENTS as LOCK7_2_,
        lockrecord0_.LOCK_INFO as LOCK8_2_ 
    from
        NX_LOCK lockrecord0_ 
    where
        lockrecord0_.LOCK_RESOURCE=?
08:32:22,165 DEBUG [AbstractBatcher] about to open ResultSet (open ResultSets: 0, globally: 0)
08:32:22,165 DEBUG [Loader] result set row: 0
08:32:22,166 DEBUG [Loader] result row: EntityKey[org.nuxeo.ecm.platform.lock.LockRecord#2]
08:32:22,171 DEBUG [AbstractBatcher] about to close ResultSet (open ResultSets: 1, globally: 1)
08:32:22,171 DEBUG [AbstractBatcher] about to close PreparedStatement (open PreparedStatements: 1, globally: 1)
08:32:22,171 DEBUG [ConnectionManager] aggressively releasing JDBC connection
08:32:22,171 DEBUG [ConnectionManager] releasing JDBC connection [ (open PreparedStatements: 0, globally: 0) (open ResultSets: 0, globally: 0)]
08:32:22,172 DEBUG [TwoPhaseLoad] resolving associations for [org.nuxeo.ecm.platform.lock.LockRecord#2]
08:32:22,177 DEBUG [TwoPhaseLoad] done materializing entity [org.nuxeo.ecm.platform.lock.LockRecord#2]
08:32:22,177 DEBUG [StatefulPersistenceContext] initializing non-lazy collections
08:32:22,178 DEBUG [ConnectionManager] aggressively releasing JDBC connection
08:32:22,179 DEBUG [SessionImpl] opened session at timestamp: 12797803421
08:32:22,179 DEBUG [JDBCTransaction] begin
08:32:22,180 DEBUG [ConnectionManager] opening JDBC connection
08:32:22,180 DEBUG [JDBCTransaction] current autocommit status: true
08:32:22,180 DEBUG [JDBCTransaction] disabling autocommit
08:32:22,185 DEBUG [AbstractBatcher] about to open PreparedStatement (open PreparedStatements: 0, globally: 0)
08:32:22,185 DEBUG [AbstractBatcher] 
    delete 
    from
        NX_LOCK 
    where
        LOCK_RESOURCE=?
08:32:22,186 DEBUG [AbstractBatcher] about to close PreparedStatement (open PreparedStatements: 1, globally: 1)
08:32:22,187 DEBUG [JDBCTransaction] commit
08:32:22,187 DEBUG [JDBCTransaction] re-enabling autocommit
08:32:22,187 DEBUG [JDBCTransaction] committed JDBC Connection
08:32:22,188 DEBUG [ConnectionManager] aggressively releasing JDBC connection
08:32:22,188 DEBUG [ConnectionManager] releasing JDBC connection [ (open PreparedStatements: 0, globally: 0) (open ResultSets: 0, globally: 0)]
08:32:22,439 DEBUG [LockCoordinatorImpl] do update owner: nxlockcompetitor://looser@server resource: nxlockresource://server/resource comments: looser lock timeout: 800
08:32:22,440 DEBUG [SessionImpl] opened session at timestamp: 12797803424
08:32:22,440 DEBUG [JDBCTransaction] begin
08:32:22,440 DEBUG [ConnectionManager] opening JDBC connection
08:32:22,440 DEBUG [JDBCTransaction] current autocommit status: true
08:32:22,441 DEBUG [JDBCTransaction] disabling autocommit
08:32:22,442 DEBUG [AbstractBatcher] about to open PreparedStatement (open PreparedStatements: 0, globally: 0)
08:32:22,442 DEBUG [AbstractBatcher] 
    select
        lockrecord0_.LOCK_ID as LOCK1_2_,
        lockrecord0_.version as version2_,
        lockrecord0_.LOCK_RESOURCE as LOCK3_2_,
        lockrecord0_.LOCK_LOCK_TIME as LOCK4_2_,
        lockrecord0_.LOCK_EXPIRE_TIME as LOCK5_2_,
        lockrecord0_.LOCK_OWNER as LOCK6_2_,
        lockrecord0_.LOCK_COMMENTS as LOCK7_2_,
        lockrecord0_.LOCK_INFO as LOCK8_2_ 
    from
        NX_LOCK lockrecord0_ 
    where
        lockrecord0_.LOCK_RESOURCE=?
08:32:22,444 DEBUG [AbstractBatcher] about to open ResultSet (open ResultSets: 0, globally: 0)
08:32:22,444 DEBUG [AbstractBatcher] about to close ResultSet (open ResultSets: 1, globally: 1)
08:32:22,444 DEBUG [AbstractBatcher] about to close PreparedStatement (open PreparedStatements: 1, globally: 1)
08:32:22,445 DEBUG [StatefulPersistenceContext] initializing non-lazy collections
08:32:22,445 DEBUG [JDBCTransaction] commit
08:32:22,446 DEBUG [JDBCTransaction] re-enabling autocommit
08:32:22,446 DEBUG [JDBCTransaction] committed JDBC Connection
08:32:22,446 DEBUG [ConnectionManager] aggressively releasing JDBC connection
08:32:22,446 DEBUG [ConnectionManager] releasing JDBC connection [ (open PreparedStatements: 0, globally: 0) (open ResultSets: 0, globally: 0)]
08:32:22,449 INFO  [AbstractRuntimeService] Stopping Nuxeo Runtime service OSGi NXRuntime; version: 1.4.0
08:32:22,450 INFO  [ComponentManagerImpl] Unregistering component: service:org.nuxeo.runtime.services.deployment.DeploymentService
08:32:22,450 DEBUG [ComponentManagerImpl] Dispatching event: DEACTIVATING_COMPONENT: service:org.nuxeo.runtime.services.deployment.DeploymentService
08:32:22,450 DEBUG [ComponentManagerImpl] Dispatching event: COMPONENT_DEACTIVATED: service:org.nuxeo.runtime.services.deployment.DeploymentService
08:32:22,451 DEBUG [ComponentManagerImpl] Dispatching event: COMPONENT_UNRESOLVED: service:org.nuxeo.runtime.services.deployment.DeploymentService
08:32:22,452 DEBUG [ComponentManagerImpl] Dispatching event: COMPONENT_UNREGISTERED: service:org.nuxeo.runtime.services.deployment.DeploymentService
08:32:22,452 INFO  [ComponentManagerImpl] Unregistering component: service:org.nuxeo.runtime.LoginComponent
08:32:22,452 DEBUG [ComponentManagerImpl] Dispatching event: DEACTIVATING_COMPONENT: service:org.nuxeo.runtime.LoginComponent
08:32:22,452 DEBUG [ComponentManagerImpl] Dispatching event: COMPONENT_DEACTIVATED: service:org.nuxeo.runtime.LoginComponent
08:32:22,452 DEBUG [ComponentManagerImpl] Dispatching event: COMPONENT_UNRESOLVED: service:org.nuxeo.runtime.LoginComponent
08:32:22,453 DEBUG [ComponentManagerImpl] Dispatching event: COMPONENT_UNREGISTERED: service:org.nuxeo.runtime.LoginComponent
08:32:22,453 INFO  [ComponentManagerImpl] Unregistering component: service:org.nuxeo.runtime.api.DefaultJBossBindings
08:32:22,453 DEBUG [ComponentManagerImpl] Dispatching event: DEACTIVATING_COMPONENT: service:org.nuxeo.runtime.api.DefaultJBossBindings
08:32:22,453 DEBUG [ComponentManagerImpl] Unregister contributed extension: ExtensionImpl {target: service:org.nuxeo.runtime.api.ServiceManagement, point:servers, contributor:RegistrationInfo: service:org.nuxeo.runtime.api.DefaultJBossBindings}
08:32:22,454 DEBUG [ServiceGroup] service group * no longer has a server!
08:32:22,454 DEBUG [ComponentManagerImpl] Dispatching event: UNKNOWN_10: service:org.nuxeo.runtime.api.DefaultJBossBindings
08:32:22,454 DEBUG [ComponentManagerImpl] Dispatching event: COMPONENT_DEACTIVATED: service:org.nuxeo.runtime.api.DefaultJBossBindings
08:32:22,455 DEBUG [ComponentManagerImpl] Dispatching event: COMPONENT_UNRESOLVED: service:org.nuxeo.runtime.api.DefaultJBossBindings
08:32:22,455 DEBUG [ComponentManagerImpl] Dispatching event: COMPONENT_UNREGISTERED: service:org.nuxeo.runtime.api.DefaultJBossBindings
08:32:22,455 INFO  [ComponentManagerImpl] Unregistering component: service:org.nuxeo.runtime.EventService
08:32:22,455 DEBUG [ComponentManagerImpl] Dispatching event: DEACTIVATING_COMPONENT: service:org.nuxeo.runtime.EventService
08:32:22,456 DEBUG [ComponentManagerImpl] Dispatching event: COMPONENT_DEACTIVATED: service:org.nuxeo.runtime.EventService
08:32:22,456 DEBUG [ComponentManagerImpl] Dispatching event: COMPONENT_UNRESOLVED: service:org.nuxeo.runtime.EventService
08:32:22,456 DEBUG [ComponentManagerImpl] Dispatching event: COMPONENT_UNREGISTERED: service:org.nuxeo.runtime.EventService
08:32:22,456 INFO  [ComponentManagerImpl] Unregistering component: service:org.nuxeo.runtime.api.ServiceManagement
08:32:22,457 DEBUG [ComponentManagerImpl] Dispatching event: DEACTIVATING_COMPONENT: service:org.nuxeo.runtime.api.ServiceManagement
08:32:22,457 DEBUG [ComponentManagerImpl] Dispatching event: COMPONENT_DEACTIVATED: service:org.nuxeo.runtime.api.ServiceManagement
08:32:22,457 DEBUG [ComponentManagerImpl] Dispatching event: COMPONENT_UNRESOLVED: service:org.nuxeo.runtime.api.ServiceManagement
08:32:22,457 DEBUG [ComponentManagerImpl] Dispatching event: COMPONENT_UNREGISTERED: service:org.nuxeo.runtime.api.ServiceManagement
08:32:22,457 INFO  [ComponentManagerImpl] Unregistering component: service:org.nuxeo.runtime.started
08:32:22,458 DEBUG [ComponentManagerImpl] Dispatching event: DEACTIVATING_COMPONENT: service:org.nuxeo.runtime.started
08:32:22,458 DEBUG [ComponentManagerImpl] Dispatching event: COMPONENT_DEACTIVATED: service:org.nuxeo.runtime.started
08:32:22,458 DEBUG [ComponentManagerImpl] Dispatching event: COMPONENT_UNRESOLVED: service:org.nuxeo.runtime.started
08:32:22,458 DEBUG [ComponentManagerImpl] Dispatching event: COMPONENT_UNREGISTERED: service:org.nuxeo.runtime.started
08:32:22,459 INFO  [ComponentManagerImpl] Unregistering component: service:org.nuxeo.ecm.core.persistence.PersistenceComponent
08:32:22,459 DEBUG [ComponentManagerImpl] Dispatching event: DEACTIVATING_COMPONENT: service:org.nuxeo.ecm.core.persistence.PersistenceComponent
08:32:22,459 DEBUG [ComponentManagerImpl] Dispatching event: COMPONENT_DEACTIVATED: service:org.nuxeo.ecm.core.persistence.PersistenceComponent
08:32:22,459 DEBUG [ComponentManagerImpl] Dispatching event: COMPONENT_UNRESOLVED: service:org.nuxeo.ecm.core.persistence.PersistenceComponent
08:32:22,459 DEBUG [ComponentManagerImpl] Dispatching event: COMPONENT_UNREGISTERED: service:org.nuxeo.ecm.core.persistence.PersistenceComponent
08:32:22,460 INFO  [ComponentManagerImpl] Unregistering component: service:org.nuxeo.ecm.platform.lock
08:32:22,460 DEBUG [ComponentManagerImpl] Dispatching event: DEACTIVATING_COMPONENT: service:org.nuxeo.ecm.platform.lock
08:32:22,460 DEBUG [ComponentManagerImpl] Unregister contributed extension: ExtensionImpl {target: service:org.nuxeo.ecm.core.persistence.PersistenceComponent, point:hibernate, contributor:RegistrationInfo: service:org.nuxeo.ecm.platform.lock}
08:32:22,460 DEBUG [ComponentManagerImpl] Dispatching event: UNKNOWN_10: service:org.nuxeo.ecm.platform.lock
08:32:22,461 INFO  [SessionFactoryImpl] closing
08:32:22,461 INFO  [DriverManagerConnectionProvider] cleaning up connection pool: jdbc:hsqldb:mem:.;sql.enforce_strict_size=true
08:32:22,462 DEBUG [ComponentManagerImpl] Dispatching event: COMPONENT_DEACTIVATED: service:org.nuxeo.ecm.platform.lock
08:32:22,462 DEBUG [ComponentManagerImpl] Dispatching event: COMPONENT_UNRESOLVED: service:org.nuxeo.ecm.platform.lock
08:32:22,462 DEBUG [ComponentManagerImpl] Dispatching event: COMPONENT_UNREGISTERED: service:org.nuxeo.ecm.platform.lock
08:32:22,462 INFO  [ComponentManagerImpl] Unregistering component: service:org.nuxeo.ecm.platform.lock.tests.config
08:32:22,463 DEBUG [ComponentManagerImpl] Dispatching event: DEACTIVATING_COMPONENT: service:org.nuxeo.ecm.platform.lock.tests.config
08:32:22,463 DEBUG [ComponentManagerImpl] Unregister contributed extension: ExtensionImpl {target: service:org.nuxeo.ecm.core.persistence.PersistenceComponent, point:hibernate, contributor:RegistrationInfo: service:org.nuxeo.ecm.platform.lock.tests.config}
08:32:22,463 DEBUG [ComponentManagerImpl] Dispatching event: UNKNOWN_10: service:org.nuxeo.ecm.platform.lock.tests.config
08:32:22,463 DEBUG [ComponentManagerImpl] Dispatching event: COMPONENT_DEACTIVATED: service:org.nuxeo.ecm.platform.lock.tests.config
08:32:22,464 DEBUG [ComponentManagerImpl] Dispatching event: COMPONENT_UNRESOLVED: service:org.nuxeo.ecm.platform.lock.tests.config
08:32:22,464 DEBUG [ComponentManagerImpl] Dispatching event: COMPONENT_UNREGISTERED: service:org.nuxeo.ecm.platform.lock.tests.config
Tests run: 1, Failures: 0, Errors: 0, Skipped: 0, Time elapsed: 1.334 sec

Results :

Tests run: 2, Failures: 0, Errors: 0, Skipped: 0

[INFO] [jar:jar {execution: default-jar}]
[INFO] Building jar: /usr/local/src/org.nuxeo.tests/nuxeo-service/nuxeo-platform-lock-core/target/nuxeo-platform-lock-core-5.3.2-APG-240-SNAPSHOT.jar
[INFO] Preparing source:jar
[WARNING] Removing: jar from forked lifecycle, to prevent recursive invocation.
[INFO] [buildnumber:create {execution: default}]
[INFO] Storing buildNumber: 20100722-083223 at timestamp: 1279780343214
[INFO] [source:jar {execution: attach-sources}]
[INFO] Building jar: /usr/local/src/org.nuxeo.tests/nuxeo-service/nuxeo-platform-lock-core/target/nuxeo-platform-lock-core-5.3.2-APG-240-SNAPSHOT-sources.jar
[INFO] [install:install {execution: default-install}]
[INFO] Installing /usr/local/src/org.nuxeo.tests/nuxeo-service/nuxeo-platform-lock-core/target/nuxeo-platform-lock-core-5.3.2-APG-240-SNAPSHOT.jar to /home/matic/.m2/repository/org/nuxeo/ecm/platform/nuxeo-platform-lock-core/5.3.2-APG-240-SNAPSHOT/nuxeo-platform-lock-core-5.3.2-APG-240-SNAPSHOT.jar
[INFO] Installing /usr/local/src/org.nuxeo.tests/nuxeo-service/nuxeo-platform-lock-core/target/nuxeo-platform-lock-core-5.3.2-APG-240-SNAPSHOT-sources.jar to /home/matic/.m2/repository/org/nuxeo/ecm/platform/nuxeo-platform-lock-core/5.3.2-APG-240-SNAPSHOT/nuxeo-platform-lock-core-5.3.2-APG-240-SNAPSHOT-sources.jar
[INFO] ------------------------------------------------------------------------
[INFO] Building Nuxeo User Manager - Api
[INFO]    task-segment: [clean, install]
[INFO] ------------------------------------------------------------------------
[INFO] [clean:clean {execution: default-clean}]
[INFO] Deleting /usr/local/src/org.nuxeo.tests/nuxeo-service/nuxeo-platform-usermanager-api/target
[INFO] [buildnumber:create {execution: default}]
[INFO] Storing buildNumber: 20100722-083223 at timestamp: 1279780343246
[INFO] [nuxeo:eclipse-version {execution: eclipsize-version}]
[INFO] eclipseVersion:5.3.2.-APG-240-SNAPSHOT
[INFO] [resources:resources {execution: default-resources}]
[INFO] Using 'UTF-8' encoding to copy filtered resources.
[INFO] Copying 2 resources
[INFO] [compiler:compile {execution: default-compile}]
[INFO] Compiling 5 source files to /usr/local/src/org.nuxeo.tests/nuxeo-service/nuxeo-platform-usermanager-api/target/classes
[INFO] [resources:testResources {execution: default-testResources}]
[INFO] Using 'UTF-8' encoding to copy filtered resources.
[INFO] Copying 1 resource
[INFO] [compiler:testCompile {execution: default-testCompile}]
[INFO] Compiling 1 source file to /usr/local/src/org.nuxeo.tests/nuxeo-service/nuxeo-platform-usermanager-api/target/test-classes
[INFO] [surefire:test {execution: default-test}]
[INFO] Surefire report directory: /usr/local/src/org.nuxeo.tests/nuxeo-service/nuxeo-platform-usermanager-api/target/surefire-reports

-------------------------------------------------------
 T E S T S
-------------------------------------------------------
Running org.nuxeo.ecm.platform.usermanager.TestNuxeoPrincipalImpl
Tests run: 2, Failures: 0, Errors: 0, Skipped: 0, Time elapsed: 1.924 sec

Results :

Tests run: 2, Failures: 0, Errors: 0, Skipped: 0

[INFO] [jar:jar {execution: default-jar}]
[INFO] Building jar: /usr/local/src/org.nuxeo.tests/nuxeo-service/nuxeo-platform-usermanager-api/target/nuxeo-platform-usermanager-api-5.3.2-APG-240-SNAPSHOT.jar
[INFO] Preparing source:jar
[WARNING] Removing: jar from forked lifecycle, to prevent recursive invocation.
[INFO] [buildnumber:create {execution: default}]
[INFO] Storing buildNumber: 20100722-083229 at timestamp: 1279780349021
[INFO] [source:jar {execution: attach-sources}]
[INFO] Building jar: /usr/local/src/org.nuxeo.tests/nuxeo-service/nuxeo-platform-usermanager-api/target/nuxeo-platform-usermanager-api-5.3.2-APG-240-SNAPSHOT-sources.jar
[INFO] [install:install {execution: default-install}]
[INFO] Installing /usr/local/src/org.nuxeo.tests/nuxeo-service/nuxeo-platform-usermanager-api/target/nuxeo-platform-usermanager-api-5.3.2-APG-240-SNAPSHOT.jar to /home/matic/.m2/repository/org/nuxeo/ecm/platform/nuxeo-platform-usermanager-api/5.3.2-APG-240-SNAPSHOT/nuxeo-platform-usermanager-api-5.3.2-APG-240-SNAPSHOT.jar
[INFO] Installing /usr/local/src/org.nuxeo.tests/nuxeo-service/nuxeo-platform-usermanager-api/target/nuxeo-platform-usermanager-api-5.3.2-APG-240-SNAPSHOT-sources.jar to /home/matic/.m2/repository/org/nuxeo/ecm/platform/nuxeo-platform-usermanager-api/5.3.2-APG-240-SNAPSHOT/nuxeo-platform-usermanager-api-5.3.2-APG-240-SNAPSHOT-sources.jar
[INFO] ------------------------------------------------------------------------
[INFO] Building Nuxeo Login Manager
[INFO]    task-segment: [clean, install]
[INFO] ------------------------------------------------------------------------
[INFO] [clean:clean {execution: default-clean}]
[INFO] Deleting /usr/local/src/org.nuxeo.tests/nuxeo-service/nuxeo-platform-login/target
[INFO] [buildnumber:create {execution: default}]
[INFO] Storing buildNumber: 20100722-083229 at timestamp: 1279780349043
[INFO] [nuxeo:eclipse-version {execution: eclipsize-version}]
[INFO] eclipseVersion:5.3.2.-APG-240-SNAPSHOT
[INFO] [resources:resources {execution: default-resources}]
[INFO] Using 'UTF-8' encoding to copy filtered resources.
[INFO] Copying 5 resources
[INFO] [compiler:compile {execution: default-compile}]
[INFO] Compiling 13 source files to /usr/local/src/org.nuxeo.tests/nuxeo-service/nuxeo-platform-login/target/classes
[INFO] [resources:testResources {execution: default-testResources}]
[INFO] Using 'UTF-8' encoding to copy filtered resources.
[INFO] skip non existing resourceDirectory /usr/local/src/org.nuxeo.tests/nuxeo-service/nuxeo-platform-login/src/test/resources
[INFO] [compiler:testCompile {execution: default-testCompile}]
[INFO] No sources to compile
[INFO] [surefire:test {execution: default-test}]
[INFO] No tests to run.
[INFO] [jar:jar {execution: default-jar}]
[INFO] Building jar: /usr/local/src/org.nuxeo.tests/nuxeo-service/nuxeo-platform-login/target/nuxeo-platform-login-5.3.2-APG-240-SNAPSHOT.jar
[INFO] Preparing source:jar
[WARNING] Removing: jar from forked lifecycle, to prevent recursive invocation.
[INFO] [buildnumber:create {execution: default}]
[INFO] Storing buildNumber: 20100722-083230 at timestamp: 1279780350497
[INFO] [source:jar {execution: attach-sources}]
[INFO] Building jar: /usr/local/src/org.nuxeo.tests/nuxeo-service/nuxeo-platform-login/target/nuxeo-platform-login-5.3.2-APG-240-SNAPSHOT-sources.jar
[INFO] [install:install {execution: default-install}]
[INFO] Installing /usr/local/src/org.nuxeo.tests/nuxeo-service/nuxeo-platform-login/target/nuxeo-platform-login-5.3.2-APG-240-SNAPSHOT.jar to /home/matic/.m2/repository/org/nuxeo/ecm/platform/nuxeo-platform-login/5.3.2-APG-240-SNAPSHOT/nuxeo-platform-login-5.3.2-APG-240-SNAPSHOT.jar
[INFO] Installing /usr/local/src/org.nuxeo.tests/nuxeo-service/nuxeo-platform-login/target/nuxeo-platform-login-5.3.2-APG-240-SNAPSHOT-sources.jar to /home/matic/.m2/repository/org/nuxeo/ecm/platform/nuxeo-platform-login/5.3.2-APG-240-SNAPSHOT/nuxeo-platform-login-5.3.2-APG-240-SNAPSHOT-sources.jar
[INFO] ------------------------------------------------------------------------
[INFO] Building Nuxeo URL Service - API
[INFO]    task-segment: [clean, install]
[INFO] ------------------------------------------------------------------------
[INFO] [clean:clean {execution: default-clean}]
[INFO] Deleting /usr/local/src/org.nuxeo.tests/nuxeo-service/nuxeo-platform-url-api/target
[INFO] [buildnumber:create {execution: default}]
[INFO] Storing buildNumber: 20100722-083230 at timestamp: 1279780350546
[INFO] [nuxeo:eclipse-version {execution: eclipsize-version}]
[INFO] eclipseVersion:5.3.2.-APG-240-SNAPSHOT
[INFO] [resources:resources {execution: default-resources}]
[INFO] Using 'UTF-8' encoding to copy filtered resources.
[INFO] Copying 2 resources
[INFO] [compiler:compile {execution: default-compile}]
[INFO] Compiling 8 source files to /usr/local/src/org.nuxeo.tests/nuxeo-service/nuxeo-platform-url-api/target/classes
[INFO] [resources:testResources {execution: default-testResources}]
[INFO] Using 'UTF-8' encoding to copy filtered resources.
[INFO] skip non existing resourceDirectory /usr/local/src/org.nuxeo.tests/nuxeo-service/nuxeo-platform-url-api/src/test/resources
[INFO] [compiler:testCompile {execution: default-testCompile}]
[INFO] No sources to compile
[INFO] [surefire:test {execution: default-test}]
[INFO] No tests to run.
[INFO] [jar:jar {execution: default-jar}]
[INFO] Building jar: /usr/local/src/org.nuxeo.tests/nuxeo-service/nuxeo-platform-url-api/target/nuxeo-platform-url-api-5.3.2-APG-240-SNAPSHOT.jar
[INFO] Preparing source:jar
[WARNING] Removing: jar from forked lifecycle, to prevent recursive invocation.
[INFO] [buildnumber:create {execution: default}]
[INFO] Storing buildNumber: 20100722-083232 at timestamp: 1279780352298
[INFO] [source:jar {execution: attach-sources}]
[INFO] Building jar: /usr/local/src/org.nuxeo.tests/nuxeo-service/nuxeo-platform-url-api/target/nuxeo-platform-url-api-5.3.2-APG-240-SNAPSHOT-sources.jar
[INFO] [install:install {execution: default-install}]
[INFO] Installing /usr/local/src/org.nuxeo.tests/nuxeo-service/nuxeo-platform-url-api/target/nuxeo-platform-url-api-5.3.2-APG-240-SNAPSHOT.jar to /home/matic/.m2/repository/org/nuxeo/ecm/platform/nuxeo-platform-url-api/5.3.2-APG-240-SNAPSHOT/nuxeo-platform-url-api-5.3.2-APG-240-SNAPSHOT.jar
[INFO] Installing /usr/local/src/org.nuxeo.tests/nuxeo-service/nuxeo-platform-url-api/target/nuxeo-platform-url-api-5.3.2-APG-240-SNAPSHOT-sources.jar to /home/matic/.m2/repository/org/nuxeo/ecm/platform/nuxeo-platform-url-api/5.3.2-APG-240-SNAPSHOT/nuxeo-platform-url-api-5.3.2-APG-240-SNAPSHOT-sources.jar
[INFO] ------------------------------------------------------------------------
[INFO] Building Nuxeo Common Web Framework
[INFO]    task-segment: [clean, install]
[INFO] ------------------------------------------------------------------------
[INFO] [clean:clean {execution: default-clean}]
[INFO] Deleting /usr/local/src/org.nuxeo.tests/nuxeo-service/nuxeo-platform-web-common/target
[INFO] [buildnumber:create {execution: default}]
[INFO] Storing buildNumber: 20100722-083232 at timestamp: 1279780352330
[INFO] [nuxeo:eclipse-version {execution: eclipsize-version}]
[INFO] eclipseVersion:5.3.2.-APG-240-SNAPSHOT
[INFO] [resources:resources {execution: default-resources}]
[INFO] Using 'UTF-8' encoding to copy filtered resources.
[INFO] Copying 11 resources
[INFO] [compiler:compile {execution: default-compile}]
[INFO] Compiling 59 source files to /usr/local/src/org.nuxeo.tests/nuxeo-service/nuxeo-platform-web-common/target/classes
[INFO] [resources:testResources {execution: default-testResources}]
[INFO] Using 'UTF-8' encoding to copy filtered resources.
[INFO] Copying 4 resources
[INFO] [compiler:testCompile {execution: default-testCompile}]
[INFO] Compiling 5 source files to /usr/local/src/org.nuxeo.tests/nuxeo-service/nuxeo-platform-web-common/target/test-classes
[INFO] [surefire:test {execution: default-test}]
[INFO] Surefire report directory: /usr/local/src/org.nuxeo.tests/nuxeo-service/nuxeo-platform-web-common/target/surefire-reports

-------------------------------------------------------
 T E S T S
-------------------------------------------------------
Running org.nuxeo.ecm.platform.ui.web.auth.TestSpecificChainSetting
Tests run: 2, Failures: 0, Errors: 0, Skipped: 0, Time elapsed: 1.127 sec
Running org.nuxeo.ecm.platform.web.requestcontroller.TestService
Tests run: 2, Failures: 0, Errors: 0, Skipped: 0, Time elapsed: 0.216 sec
Running org.nuxeo.ecm.platform.ui.web.auth.TestAuthPlugins
Tests run: 3, Failures: 0, Errors: 0, Skipped: 0, Time elapsed: 0.324 sec

Results :

Tests run: 7, Failures: 0, Errors: 0, Skipped: 0

[INFO] [jar:jar {execution: default-jar}]
[INFO] Building jar: /usr/local/src/org.nuxeo.tests/nuxeo-service/nuxeo-platform-web-common/target/nuxeo-platform-web-common-5.3.2-APG-240-SNAPSHOT.jar
[INFO] Preparing source:jar
[WARNING] Removing: jar from forked lifecycle, to prevent recursive invocation.
[INFO] [buildnumber:create {execution: default}]
[INFO] Storing buildNumber: 20100722-083239 at timestamp: 1279780359209
[INFO] [source:jar {execution: attach-sources}]
[INFO] Building jar: /usr/local/src/org.nuxeo.tests/nuxeo-service/nuxeo-platform-web-common/target/nuxeo-platform-web-common-5.3.2-APG-240-SNAPSHOT-sources.jar
[INFO] [install:install {execution: default-install}]
[INFO] Installing /usr/local/src/org.nuxeo.tests/nuxeo-service/nuxeo-platform-web-common/target/nuxeo-platform-web-common-5.3.2-APG-240-SNAPSHOT.jar to /home/matic/.m2/repository/org/nuxeo/ecm/platform/nuxeo-platform-web-common/5.3.2-APG-240-SNAPSHOT/nuxeo-platform-web-common-5.3.2-APG-240-SNAPSHOT.jar
[INFO] Installing /usr/local/src/org.nuxeo.tests/nuxeo-service/nuxeo-platform-web-common/target/nuxeo-platform-web-common-5.3.2-APG-240-SNAPSHOT-sources.jar to /home/matic/.m2/repository/org/nuxeo/ecm/platform/nuxeo-platform-web-common/5.3.2-APG-240-SNAPSHOT/nuxeo-platform-web-common-5.3.2-APG-240-SNAPSHOT-sources.jar
[INFO] ------------------------------------------------------------------------
[INFO] Building Nuxeo Scheduler - Core
[INFO]    task-segment: [clean, install]
[INFO] ------------------------------------------------------------------------
[INFO] [clean:clean {execution: default-clean}]
[INFO] Deleting /usr/local/src/org.nuxeo.tests/nuxeo-service/nuxeo-platform-scheduler-core/target
[INFO] [buildnumber:create {execution: default}]
[INFO] Storing buildNumber: 20100722-083239 at timestamp: 1279780359301
[INFO] [nuxeo:eclipse-version {execution: eclipsize-version}]
[INFO] eclipseVersion:5.3.2.-APG-240-SNAPSHOT
[INFO] [resources:resources {execution: default-resources}]
[INFO] Using 'UTF-8' encoding to copy filtered resources.
[INFO] Copying 3 resources
[INFO] [compiler:compile {execution: default-compile}]
[INFO] Compiling 5 source files to /usr/local/src/org.nuxeo.tests/nuxeo-service/nuxeo-platform-scheduler-core/target/classes
[INFO] [resources:testResources {execution: default-testResources}]
[INFO] Using 'UTF-8' encoding to copy filtered resources.
[INFO] Copying 11 resources
[INFO] [compiler:testCompile {execution: default-testCompile}]
[INFO] Compiling 3 source files to /usr/local/src/org.nuxeo.tests/nuxeo-service/nuxeo-platform-scheduler-core/target/test-classes
[INFO] [surefire:test {execution: default-test}]
[INFO] Surefire report directory: /usr/local/src/org.nuxeo.tests/nuxeo-service/nuxeo-platform-scheduler-core/target/surefire-reports

-------------------------------------------------------
 T E S T S
-------------------------------------------------------
Running org.nuxeo.ecm.platform.scheduler.core.TestScheduler
Tests run: 3, Failures: 0, Errors: 0, Skipped: 0, Time elapsed: 7.274 sec

Results :

Tests run: 3, Failures: 0, Errors: 0, Skipped: 0

[INFO] [jar:jar {execution: default-jar}]
[INFO] Building jar: /usr/local/src/org.nuxeo.tests/nuxeo-service/nuxeo-platform-scheduler-core/target/nuxeo-platform-scheduler-core-5.3.2-APG-240-SNAPSHOT.jar
[INFO] Preparing source:jar
[WARNING] Removing: jar from forked lifecycle, to prevent recursive invocation.
[INFO] [buildnumber:create {execution: default}]
[INFO] Storing buildNumber: 20100722-083251 at timestamp: 1279780371803
[INFO] [source:jar {execution: attach-sources}]
[INFO] Building jar: /usr/local/src/org.nuxeo.tests/nuxeo-service/nuxeo-platform-scheduler-core/target/nuxeo-platform-scheduler-core-5.3.2-APG-240-SNAPSHOT-sources.jar
[INFO] [install:install {execution: default-install}]
[INFO] Installing /usr/local/src/org.nuxeo.tests/nuxeo-service/nuxeo-platform-scheduler-core/target/nuxeo-platform-scheduler-core-5.3.2-APG-240-SNAPSHOT.jar to /home/matic/.m2/repository/org/nuxeo/ecm/platform/nuxeo-platform-scheduler-core/5.3.2-APG-240-SNAPSHOT/nuxeo-platform-scheduler-core-5.3.2-APG-240-SNAPSHOT.jar
[INFO] Installing /usr/local/src/org.nuxeo.tests/nuxeo-service/nuxeo-platform-scheduler-core/target/nuxeo-platform-scheduler-core-5.3.2-APG-240-SNAPSHOT-sources.jar to /home/matic/.m2/repository/org/nuxeo/ecm/platform/nuxeo-platform-scheduler-core/5.3.2-APG-240-SNAPSHOT/nuxeo-platform-scheduler-core-5.3.2-APG-240-SNAPSHOT-sources.jar
[INFO] ------------------------------------------------------------------------
[INFO] Building Nuxeo User Manager - Core
[INFO]    task-segment: [clean, install]
[INFO] ------------------------------------------------------------------------
[INFO] [clean:clean {execution: default-clean}]
[INFO] Deleting /usr/local/src/org.nuxeo.tests/nuxeo-service/nuxeo-platform-usermanager-core/target
[INFO] [buildnumber:create {execution: default}]
[INFO] Storing buildNumber: 20100722-083251 at timestamp: 1279780371827
[INFO] [nuxeo:eclipse-version {execution: eclipsize-version}]
[INFO] eclipseVersion:5.3.2.-APG-240-SNAPSHOT
[INFO] [resources:resources {execution: default-resources}]
[INFO] Using 'UTF-8' encoding to copy filtered resources.
[INFO] Copying 6 resources
[INFO] [compiler:compile {execution: default-compile}]
[INFO] Compiling 17 source files to /usr/local/src/org.nuxeo.tests/nuxeo-service/nuxeo-platform-usermanager-core/target/classes
[INFO] [resources:testResources {execution: default-testResources}]
[INFO] Using 'UTF-8' encoding to copy filtered resources.
[INFO] Copying 17 resources
[INFO] [compiler:testCompile {execution: default-testCompile}]
[INFO] Compiling 5 source files to /usr/local/src/org.nuxeo.tests/nuxeo-service/nuxeo-platform-usermanager-core/target/test-classes
[INFO] [surefire:test {execution: default-test}]
[INFO] Surefire report directory: /usr/local/src/org.nuxeo.tests/nuxeo-service/nuxeo-platform-usermanager-core/target/surefire-reports

-------------------------------------------------------
 T E S T S
-------------------------------------------------------
Running org.nuxeo.ecm.platform.usermanager.TestUserManager
08:32:59,469 ERROR [UserManagerImpl] Property: foo does not exists. Check your UserService configuration.
org.nuxeo.ecm.core.api.model.PropertyNotFoundException: Property not found: foo. 
	at org.nuxeo.ecm.core.api.model.impl.ComplexProperty.get(ComplexProperty.java:156)
	at org.nuxeo.ecm.core.api.model.impl.AbstractProperty.resolvePath(AbstractProperty.java:406)
	at org.nuxeo.ecm.core.api.model.impl.AbstractProperty.resolvePath(AbstractProperty.java:366)
	at org.nuxeo.ecm.core.api.model.impl.AbstractProperty.setValue(AbstractProperty.java:325)
	at org.nuxeo.ecm.core.api.impl.DataModelImpl.setData(DataModelImpl.java:98)
	at org.nuxeo.ecm.core.api.impl.DocumentModelImpl.setProperty(DocumentModelImpl.java:700)
	at org.nuxeo.ecm.platform.usermanager.UserManagerImpl.makeVirtualUserEntry(UserManagerImpl.java:362)
	at org.nuxeo.ecm.platform.usermanager.UserManagerImpl.makeVirtualPrincipal(UserManagerImpl.java:350)
	at org.nuxeo.ecm.platform.usermanager.UserManagerImpl.getPrincipal(UserManagerImpl.java:427)
	at org.nuxeo.ecm.platform.usermanager.TestUserManager.testGetVirtualUsers(TestUserManager.java:162)
	at sun.reflect.NativeMethodAccessorImpl.invoke0(Native Method)
	at sun.reflect.NativeMethodAccessorImpl.invoke(NativeMethodAccessorImpl.java:39)
	at sun.reflect.DelegatingMethodAccessorImpl.invoke(DelegatingMethodAccessorImpl.java:25)
	at java.lang.reflect.Method.invoke(Method.java:597)
	at junit.framework.TestCase.runTest(TestCase.java:168)
	at org.jmock.core.VerifyingTestCase.runBare(Unknown Source)
	at junit.framework.TestResult$1.protect(TestResult.java:110)
	at junit.framework.TestResult.runProtected(TestResult.java:128)
	at junit.framework.TestResult.run(TestResult.java:113)
	at junit.framework.TestCase.run(TestCase.java:124)
	at junit.framework.TestSuite.runTest(TestSuite.java:232)
	at junit.framework.TestSuite.run(TestSuite.java:227)
	at org.junit.internal.runners.JUnit38ClassRunner.run(JUnit38ClassRunner.java:83)
	at org.apache.maven.surefire.junit4.JUnit4TestSet.execute(JUnit4TestSet.java:59)
	at org.apache.maven.surefire.suite.AbstractDirectoryTestSuite.executeTestSet(AbstractDirectoryTestSuite.java:115)
	at org.apache.maven.surefire.suite.AbstractDirectoryTestSuite.execute(AbstractDirectoryTestSuite.java:102)
	at org.apache.maven.surefire.Surefire.run(Surefire.java:180)
	at sun.reflect.NativeMethodAccessorImpl.invoke0(Native Method)
	at sun.reflect.NativeMethodAccessorImpl.invoke(NativeMethodAccessorImpl.java:39)
	at sun.reflect.DelegatingMethodAccessorImpl.invoke(DelegatingMethodAccessorImpl.java:25)
	at java.lang.reflect.Method.invoke(Method.java:597)
	at org.apache.maven.surefire.booter.SurefireBooter.runSuitesInProcess(SurefireBooter.java:350)
	at org.apache.maven.surefire.booter.SurefireBooter.main(SurefireBooter.java:1021)
08:32:59,479 ERROR [NuxeoPrincipalImpl] User MyCustomMember references the group1 group that does not exists
08:32:59,818 ERROR [UserManagerImpl] Property: foo does not exists. Check your UserService configuration.
org.nuxeo.ecm.core.api.model.PropertyNotFoundException: Property not found: foo. 
	at org.nuxeo.ecm.core.api.model.impl.ComplexProperty.get(ComplexProperty.java:156)
	at org.nuxeo.ecm.core.api.model.impl.AbstractProperty.resolvePath(AbstractProperty.java:406)
	at org.nuxeo.ecm.core.api.model.impl.AbstractProperty.resolvePath(AbstractProperty.java:366)
	at org.nuxeo.ecm.core.api.model.impl.AbstractProperty.setValue(AbstractProperty.java:325)
	at org.nuxeo.ecm.core.api.impl.DataModelImpl.setData(DataModelImpl.java:98)
	at org.nuxeo.ecm.core.api.impl.DocumentModelImpl.setProperty(DocumentModelImpl.java:700)
	at org.nuxeo.ecm.platform.usermanager.UserManagerImpl.makeVirtualUserEntry(UserManagerImpl.java:362)
	at org.nuxeo.ecm.platform.usermanager.UserManagerImpl.makeVirtualPrincipal(UserManagerImpl.java:350)
	at org.nuxeo.ecm.platform.usermanager.UserManagerImpl.getPrincipal(UserManagerImpl.java:427)
	at org.nuxeo.ecm.platform.usermanager.TestUserManager.testGetVirtualUsersOverride(TestUserManager.java:205)
	at sun.reflect.NativeMethodAccessorImpl.invoke0(Native Method)
	at sun.reflect.NativeMethodAccessorImpl.invoke(NativeMethodAccessorImpl.java:39)
	at sun.reflect.DelegatingMethodAccessorImpl.invoke(DelegatingMethodAccessorImpl.java:25)
	at java.lang.reflect.Method.invoke(Method.java:597)
	at junit.framework.TestCase.runTest(TestCase.java:168)
	at org.jmock.core.VerifyingTestCase.runBare(Unknown Source)
	at junit.framework.TestResult$1.protect(TestResult.java:110)
	at junit.framework.TestResult.runProtected(TestResult.java:128)
	at junit.framework.TestResult.run(TestResult.java:113)
	at junit.framework.TestCase.run(TestCase.java:124)
	at junit.framework.TestSuite.runTest(TestSuite.java:232)
	at junit.framework.TestSuite.run(TestSuite.java:227)
	at org.junit.internal.runners.JUnit38ClassRunner.run(JUnit38ClassRunner.java:83)
	at org.apache.maven.surefire.junit4.JUnit4TestSet.execute(JUnit4TestSet.java:59)
	at org.apache.maven.surefire.suite.AbstractDirectoryTestSuite.executeTestSet(AbstractDirectoryTestSuite.java:115)
	at org.apache.maven.surefire.suite.AbstractDirectoryTestSuite.execute(AbstractDirectoryTestSuite.java:102)
	at org.apache.maven.surefire.Surefire.run(Surefire.java:180)
	at sun.reflect.NativeMethodAccessorImpl.invoke0(Native Method)
	at sun.reflect.NativeMethodAccessorImpl.invoke(NativeMethodAccessorImpl.java:39)
	at sun.reflect.DelegatingMethodAccessorImpl.invoke(DelegatingMethodAccessorImpl.java:25)
	at java.lang.reflect.Method.invoke(Method.java:597)
	at org.apache.maven.surefire.booter.SurefireBooter.runSuitesInProcess(SurefireBooter.java:350)
	at org.apache.maven.surefire.booter.SurefireBooter.main(SurefireBooter.java:1021)
08:32:59,825 ERROR [NuxeoPrincipalImpl] User MyCustomMember references the group1 group that does not exists
Tests run: 21, Failures: 0, Errors: 0, Skipped: 0, Time elapsed: 7.263 sec
Running org.nuxeo.ecm.platform.computedgroups.test.TestComputedGroupService
08:33:04,281 ERROR [ComponentManagerImpl] Duplicate component name: service:org.nuxeo.ecm.directory.types
08:33:04,768 ERROR [ComponentManagerImpl] Duplicate component name: service:org.nuxeo.ecm.directory.types
08:33:05,371 ERROR [ComponentManagerImpl] Duplicate component name: service:org.nuxeo.ecm.directory.types
Tests run: 4, Failures: 0, Errors: 0, Skipped: 0, Time elapsed: 2.109 sec
Running org.nuxeo.ecm.platform.usermanager.TestUserService
Tests run: 4, Failures: 0, Errors: 4, Skipped: 0, Time elapsed: 0.331 sec <<< FAILURE!

Results :

Tests in error: 
  testGetUserManagerFromFramework(org.nuxeo.ecm.platform.usermanager.TestUserService)
  testConfig(org.nuxeo.ecm.platform.usermanager.TestUserService)
  testOverride(org.nuxeo.ecm.platform.usermanager.TestUserService)
  testValidatePassword(org.nuxeo.ecm.platform.usermanager.TestUserService)

Tests run: 29, Failures: 0, Errors: 4, Skipped: 0

[ERROR] There are test failures.

Please refer to /usr/local/src/org.nuxeo.tests/nuxeo-service/nuxeo-platform-usermanager-core/target/surefire-reports for the individual test results.
[INFO] [jar:jar {execution: default-jar}]
[INFO] Building jar: /usr/local/src/org.nuxeo.tests/nuxeo-service/nuxeo-platform-usermanager-core/target/nuxeo-platform-usermanager-core-5.3.2-APG-240-SNAPSHOT.jar
[INFO] Preparing source:jar
[WARNING] Removing: jar from forked lifecycle, to prevent recursive invocation.
[INFO] [buildnumber:create {execution: default}]
[INFO] Storing buildNumber: 20100722-083307 at timestamp: 1279780387014
[INFO] [source:jar {execution: attach-sources}]
[INFO] Building jar: /usr/local/src/org.nuxeo.tests/nuxeo-service/nuxeo-platform-usermanager-core/target/nuxeo-platform-usermanager-core-5.3.2-APG-240-SNAPSHOT-sources.jar
[INFO] [install:install {execution: default-install}]
[INFO] Installing /usr/local/src/org.nuxeo.tests/nuxeo-service/nuxeo-platform-usermanager-core/target/nuxeo-platform-usermanager-core-5.3.2-APG-240-SNAPSHOT.jar to /home/matic/.m2/repository/org/nuxeo/ecm/platform/nuxeo-platform-usermanager-core/5.3.2-APG-240-SNAPSHOT/nuxeo-platform-usermanager-core-5.3.2-APG-240-SNAPSHOT.jar
[INFO] Installing /usr/local/src/org.nuxeo.tests/nuxeo-service/nuxeo-platform-usermanager-core/target/nuxeo-platform-usermanager-core-5.3.2-APG-240-SNAPSHOT-sources.jar to /home/matic/.m2/repository/org/nuxeo/ecm/platform/nuxeo-platform-usermanager-core/5.3.2-APG-240-SNAPSHOT/nuxeo-platform-usermanager-core-5.3.2-APG-240-SNAPSHOT-sources.jar
[INFO] ------------------------------------------------------------------------
[INFO] Building Nuxeo Platform Management
[INFO]    task-segment: [clean, install]
[INFO] ------------------------------------------------------------------------
[INFO] [clean:clean {execution: default-clean}]
[INFO] Deleting /usr/local/src/org.nuxeo.tests/nuxeo-service/nuxeo-platform-management/target
[INFO] [buildnumber:create {execution: default}]
[INFO] Storing buildNumber: 20100722-083307 at timestamp: 1279780387052
[INFO] [nuxeo:eclipse-version {execution: eclipsize-version}]
[INFO] eclipseVersion:5.3.2.-APG-240-SNAPSHOT
[INFO] [resources:resources {execution: default-resources}]
[INFO] Using 'UTF-8' encoding to copy filtered resources.
[INFO] Copying 8 resources
[INFO] [compiler:compile {execution: default-compile}]
[INFO] Compiling 29 source files to /usr/local/src/org.nuxeo.tests/nuxeo-service/nuxeo-platform-management/target/classes
[INFO] [resources:testResources {execution: default-testResources}]
[INFO] Using 'UTF-8' encoding to copy filtered resources.
[INFO] Copying 1 resource
[INFO] [compiler:testCompile {execution: default-testCompile}]
[INFO] Compiling 3 source files to /usr/local/src/org.nuxeo.tests/nuxeo-service/nuxeo-platform-management/target/test-classes
[INFO] [surefire:test {execution: default-test}]
[INFO] Surefire report directory: /usr/local/src/org.nuxeo.tests/nuxeo-service/nuxeo-platform-management/target/surefire-reports

-------------------------------------------------------
 T E S T S
-------------------------------------------------------
Running org.nuxeo.ecm.platform.management.core.adapters.TestRuntimeMbeanAdapterFactory
Tests run: 1, Failures: 0, Errors: 0, Skipped: 0, Time elapsed: 2.669 sec
Running org.nuxeo.ecm.platform.management.administrativestatus.TestAdministrativeStatus
Tests run: 1, Failures: 1, Errors: 0, Skipped: 0, Time elapsed: 0.024 sec <<< FAILURE!
Running org.nuxeo.ecm.platform.management.core.probes.TestRepositoryProbe
08:33:17,941 WARN  [ItemStateMap] overwriting map entry 0dc29fff-728e-51cd-f02a-754ca73468fa
08:33:18,021 WARN  [ItemStateMap] overwriting map entry 0dc29fff-728e-51cd-f02a-754ca73468fa
08:33:18,175 WARN  [ItemStateMap] overwriting map entry 0dc29fff-728e-51cd-f02a-754ca73468fa
08:33:20,242 WARN  [ItemStateMap] overwriting map entry 0dc29fff-728e-51cd-f02a-754ca73468fa
08:33:20,287 WARN  [ItemStateMap] overwriting map entry 0dc29fff-728e-51cd-f02a-754ca73468fa
08:33:20,319 WARN  [ItemStateMap] overwriting map entry 0dc29fff-728e-51cd-f02a-754ca73468fa
Tests run: 2, Failures: 0, Errors: 0, Skipped: 0, Time elapsed: 5.59 sec

Results :

Failed tests: 
  warning(junit.framework.TestSuite$1)

Tests run: 4, Failures: 1, Errors: 0, Skipped: 0

[ERROR] There are test failures.

Please refer to /usr/local/src/org.nuxeo.tests/nuxeo-service/nuxeo-platform-management/target/surefire-reports for the individual test results.
[INFO] [jar:jar {execution: default-jar}]
[INFO] Building jar: /usr/local/src/org.nuxeo.tests/nuxeo-service/nuxeo-platform-management/target/nuxeo-platform-management-5.3.2-APG-240-SNAPSHOT.jar
[INFO] Preparing source:jar
[WARNING] Removing: jar from forked lifecycle, to prevent recursive invocation.
[INFO] [buildnumber:create {execution: default}]
[INFO] Storing buildNumber: 20100722-083321 at timestamp: 1279780401238
[INFO] [source:jar {execution: attach-sources}]
[INFO] Building jar: /usr/local/src/org.nuxeo.tests/nuxeo-service/nuxeo-platform-management/target/nuxeo-platform-management-5.3.2-APG-240-SNAPSHOT-sources.jar
[INFO] [install:install {execution: default-install}]
[INFO] Installing /usr/local/src/org.nuxeo.tests/nuxeo-service/nuxeo-platform-management/target/nuxeo-platform-management-5.3.2-APG-240-SNAPSHOT.jar to /home/matic/.m2/repository/org/nuxeo/ecm/platform/nuxeo-platform-management/5.3.2-APG-240-SNAPSHOT/nuxeo-platform-management-5.3.2-APG-240-SNAPSHOT.jar
[INFO] Installing /usr/local/src/org.nuxeo.tests/nuxeo-service/nuxeo-platform-management/target/nuxeo-platform-management-5.3.2-APG-240-SNAPSHOT-sources.jar to /home/matic/.m2/repository/org/nuxeo/ecm/platform/nuxeo-platform-management/5.3.2-APG-240-SNAPSHOT/nuxeo-platform-management-5.3.2-APG-240-SNAPSHOT-sources.jar
[INFO] ------------------------------------------------------------------------
[INFO] Building Nuxeo HeartBeat Service - API
[INFO]    task-segment: [clean, install]
[INFO] ------------------------------------------------------------------------
[INFO] [clean:clean {execution: default-clean}]
[INFO] Deleting /usr/local/src/org.nuxeo.tests/nuxeo-service/nuxeo-platform-heartbeat-api/target
[INFO] [buildnumber:create {execution: default}]
[INFO] Storing buildNumber: 20100722-083321 at timestamp: 1279780401280
[INFO] [nuxeo:eclipse-version {execution: eclipsize-version}]
[INFO] eclipseVersion:5.3.2.-APG-240-SNAPSHOT
[INFO] [resources:resources {execution: default-resources}]
[INFO] Using 'UTF-8' encoding to copy filtered resources.
[INFO] Copying 2 resources
[INFO] [compiler:compile {execution: default-compile}]
[INFO] Compiling 3 source files to /usr/local/src/org.nuxeo.tests/nuxeo-service/nuxeo-platform-heartbeat-api/target/classes
[INFO] [resources:testResources {execution: default-testResources}]
[INFO] Using 'UTF-8' encoding to copy filtered resources.
[INFO] skip non existing resourceDirectory /usr/local/src/org.nuxeo.tests/nuxeo-service/nuxeo-platform-heartbeat-api/src/test/resources
[INFO] [compiler:testCompile {execution: default-testCompile}]
[INFO] No sources to compile
[INFO] [surefire:test {execution: default-test}]
[INFO] No tests to run.
[INFO] [jar:jar {execution: default-jar}]
[INFO] Building jar: /usr/local/src/org.nuxeo.tests/nuxeo-service/nuxeo-platform-heartbeat-api/target/nuxeo-platform-heartbeat-api-5.3.2-APG-240-SNAPSHOT.jar
[INFO] Preparing source:jar
[WARNING] Removing: jar from forked lifecycle, to prevent recursive invocation.
[INFO] [buildnumber:create {execution: default}]
[INFO] Storing buildNumber: 20100722-083322 at timestamp: 1279780402438
[INFO] [source:jar {execution: attach-sources}]
[INFO] Building jar: /usr/local/src/org.nuxeo.tests/nuxeo-service/nuxeo-platform-heartbeat-api/target/nuxeo-platform-heartbeat-api-5.3.2-APG-240-SNAPSHOT-sources.jar
[INFO] [install:install {execution: default-install}]
[INFO] Installing /usr/local/src/org.nuxeo.tests/nuxeo-service/nuxeo-platform-heartbeat-api/target/nuxeo-platform-heartbeat-api-5.3.2-APG-240-SNAPSHOT.jar to /home/matic/.m2/repository/org/nuxeo/ecm/platform/nuxeo-platform-heartbeat-api/5.3.2-APG-240-SNAPSHOT/nuxeo-platform-heartbeat-api-5.3.2-APG-240-SNAPSHOT.jar
[INFO] Installing /usr/local/src/org.nuxeo.tests/nuxeo-service/nuxeo-platform-heartbeat-api/target/nuxeo-platform-heartbeat-api-5.3.2-APG-240-SNAPSHOT-sources.jar to /home/matic/.m2/repository/org/nuxeo/ecm/platform/nuxeo-platform-heartbeat-api/5.3.2-APG-240-SNAPSHOT/nuxeo-platform-heartbeat-api-5.3.2-APG-240-SNAPSHOT-sources.jar
[INFO] ------------------------------------------------------------------------
[INFO] Building Nuxeo Heartbeat Service - Core Implementation
[INFO]    task-segment: [clean, install]
[INFO] ------------------------------------------------------------------------
[INFO] [clean:clean {execution: default-clean}]
[INFO] Deleting /usr/local/src/org.nuxeo.tests/nuxeo-service/nuxeo-platform-heartbeat-core/target
[INFO] [buildnumber:create {execution: default}]
[INFO] Storing buildNumber: 20100722-083322 at timestamp: 1279780402458
[INFO] [nuxeo:eclipse-version {execution: eclipsize-version}]
[INFO] eclipseVersion:5.3.2.-APG-240-SNAPSHOT
[INFO] [resources:resources {execution: default-resources}]
[INFO] Using 'UTF-8' encoding to copy filtered resources.
[INFO] Copying 5 resources
[INFO] [compiler:compile {execution: default-compile}]
[INFO] Compiling 3 source files to /usr/local/src/org.nuxeo.tests/nuxeo-service/nuxeo-platform-heartbeat-core/target/classes
[INFO] [resources:testResources {execution: default-testResources}]
[INFO] Using 'UTF-8' encoding to copy filtered resources.
[INFO] Copying 1 resource
[INFO] [compiler:testCompile {execution: default-testCompile}]
[INFO] Compiling 1 source file to /usr/local/src/org.nuxeo.tests/nuxeo-service/nuxeo-platform-heartbeat-core/target/test-classes
[INFO] [surefire:test {execution: default-test}]
[INFO] Surefire report directory: /usr/local/src/org.nuxeo.tests/nuxeo-service/nuxeo-platform-heartbeat-core/target/surefire-reports

-------------------------------------------------------
 T E S T S
-------------------------------------------------------
Running org.nuxeo.ecm.platform.heartbeat.core.TestServerHeartBeat
DatabaseHelper: Database used for VCS tests: org.nuxeo.ecm.core.storage.sql.DatabaseH2
08:33:27,024 INFO  [DatabaseHelper] Database used for VCS tests: org.nuxeo.ecm.core.storage.sql.DatabaseH2
08:33:27,061 DEBUG [NXRuntimeTestCase] URLs on the classpath: file:/home/matic/.m2/repository/org/apache/maven/surefire/surefire-booter/2.5/surefire-booter-2.5.jar
file:/home/matic/.m2/repository/org/apache/maven/surefire/surefire-api/2.5/surefire-api-2.5.jar
file:/usr/local/src/org.nuxeo.tests/nuxeo-service/nuxeo-platform-heartbeat-core/target/test-classes/
file:/usr/local/src/org.nuxeo.tests/nuxeo-service/nuxeo-platform-heartbeat-core/target/classes/
file:/home/matic/.m2/repository/org/nuxeo/ecm/core/nuxeo-core-api/1.6.2-APG-240-SNAPSHOT/nuxeo-core-api-1.6.2-APG-240-SNAPSHOT.jar
file:/home/matic/.m2/repository/org/nuxeo/common/nuxeo-common/1.6.2-APG-240-SNAPSHOT/nuxeo-common-1.6.2-APG-240-SNAPSHOT.jar
file:/home/matic/.m2/repository/org/nuxeo/runtime/nuxeo-runtime/1.6.2-APG-240-SNAPSHOT/nuxeo-runtime-1.6.2-APG-240-SNAPSHOT.jar
file:/home/matic/.m2/repository/jboss/jboss-remoting/2.2.2.SP1/jboss-remoting-2.2.2.SP1.jar
file:/home/matic/.m2/repository/jboss/jboss-common/4.0.4.GA/jboss-common-4.0.4.GA.jar
file:/home/matic/.m2/repository/org/nuxeo/ecm/core/nuxeo-core-schema/1.6.2-APG-240-SNAPSHOT/nuxeo-core-schema-1.6.2-APG-240-SNAPSHOT.jar
file:/home/matic/.m2/repository/com/sun/xml/xsom/20060306/xsom-20060306.jar
file:/home/matic/.m2/repository/com/sun/xml/relaxngDatatype/1.0/relaxngDatatype-1.0.jar
file:/usr/local/src/org.nuxeo.tests/nuxeo-service/nuxeo-platform-heartbeat-api/target/nuxeo-platform-heartbeat-api-5.3.2-APG-240-SNAPSHOT.jar
file:/home/matic/.m2/repository/jmock/jmock/1.0.1/jmock-1.0.1.jar
file:/home/matic/.m2/repository/junit/junit/4.8.1/junit-4.8.1.jar
file:/home/matic/.m2/repository/org/osgi/osgi-core/4.1/osgi-core-4.1.jar
file:/home/matic/.m2/repository/org/nuxeo/runtime/nuxeo-runtime-test/1.6.2-APG-240-SNAPSHOT/nuxeo-runtime-test-1.6.2-APG-240-SNAPSHOT.jar
file:/home/matic/.m2/repository/com/google/code/guice/guice/2.0/guice-2.0.jar
file:/home/matic/.m2/repository/org/nuxeo/runtime/nuxeo-runtime-osgi/1.6.2-APG-240-SNAPSHOT/nuxeo-runtime-osgi-1.6.2-APG-240-SNAPSHOT.jar
file:/home/matic/.m2/repository/commons-io/commons-io/1.4/commons-io-1.4.jar
file:/home/matic/.m2/repository/org/nuxeo/runtime/nuxeo-runtime-jetty-adapter/1.6.2-APG-240-SNAPSHOT/nuxeo-runtime-jetty-adapter-1.6.2-APG-240-SNAPSHOT.jar
file:/home/matic/.m2/repository/org/seleniumhq/webdriver/webdriver-htmlunit/0.9.7376/webdriver-htmlunit-0.9.7376.jar
file:/home/matic/.m2/repository/org/seleniumhq/webdriver/webdriver-common/0.9.7376/webdriver-common-0.9.7376.jar
file:/home/matic/.m2/repository/net/sourceforge/htmlunit/htmlunit/2.4/htmlunit-2.4.jar
file:/home/matic/.m2/repository/xalan/xalan/2.7.1/xalan-2.7.1.jar
file:/home/matic/.m2/repository/xalan/serializer/2.7.1/serializer-2.7.1.jar
file:/home/matic/.m2/repository/commons-collections/commons-collections/3.1/commons-collections-3.1.jar
file:/home/matic/.m2/repository/commons-lang/commons-lang/2.3/commons-lang-2.3.jar
file:/home/matic/.m2/repository/commons-httpclient/commons-httpclient/3.1/commons-httpclient-3.1.jar
file:/home/matic/.m2/repository/commons-logging/commons-logging/1.1/commons-logging-1.1.jar
file:/home/matic/.m2/repository/log4j/log4j/1.2.13/log4j-1.2.13.jar
file:/home/matic/.m2/repository/logkit/logkit/1.0.1/logkit-1.0.1.jar
file:/home/matic/.m2/repository/avalon-framework/avalon-framework/4.1.3/avalon-framework-4.1.3.jar
file:/home/matic/.m2/repository/javax/servlet/servlet-api/2.4/servlet-api-2.4.jar
file:/home/matic/.m2/repository/commons-codec/commons-codec/1.3/commons-codec-1.3.jar
file:/home/matic/.m2/repository/net/sourceforge/htmlunit/htmlunit-core-js/2.6/htmlunit-core-js-2.6.jar
file:/home/matic/.m2/repository/net/sourceforge/nekohtml/nekohtml/1.9.9/nekohtml-1.9.9.jar
file:/home/matic/.m2/repository/xerces/xercesImpl/2.9.1/xercesImpl-2.9.1.jar
file:/home/matic/.m2/repository/net/sourceforge/cssparser/cssparser/0.9.5-NXP-4018/cssparser-0.9.5-NXP-4018.jar
file:/home/matic/.m2/repository/org/seleniumhq/webdriver/webdriver-ie/0.9.7376/webdriver-ie-0.9.7376.jar
file:/home/matic/.m2/repository/net/java/dev/jna/jna/3.2.2/jna-3.2.2.jar
file:/home/matic/.m2/repository/org/seleniumhq/webdriver/webdriver-firefox/0.9.7376/webdriver-firefox-0.9.7376.jar
file:/home/matic/.m2/repository/org/json/json/20070829/json-20070829.jar
file:/home/matic/.m2/repository/org/seleniumhq/webdriver/webdriver-chrome/0.9.7376/webdriver-chrome-0.9.7376.jar
file:/home/matic/.m2/repository/org/seleniumhq/webdriver/webdriver-remote-client/0.9.7376/webdriver-remote-client-0.9.7376.jar
file:/home/matic/.m2/repository/org/seleniumhq/webdriver/webdriver-remote-common/0.9.7376/webdriver-remote-common-0.9.7376.jar
file:/home/matic/.m2/repository/org/seleniumhq/webdriver/webdriver-support/0.9.7376/webdriver-support-0.9.7376.jar
file:/home/matic/.m2/repository/org/hamcrest/hamcrest-all/1.1/hamcrest-all-1.1.jar
file:/home/matic/.m2/repository/org/w3c/sac/1.3/sac-1.3.jar
file:/home/matic/.m2/repository/com/google/collections/google-collections/1.0-rc2/google-collections-1.0-rc2.jar
file:/home/matic/.m2/repository/org/concordion/concordion/1.3.0/concordion-1.3.0.jar
file:/home/matic/.m2/repository/ognl/ognl/2.7.2/ognl-2.7.2.jar
file:/home/matic/.m2/repository/jboss/javassist/3.6.ga/javassist-3.6.ga.jar
file:/home/matic/.m2/repository/xom/xom/1.1/xom-1.1.jar
file:/home/matic/.m2/repository/javax/transaction/jta/1.1/jta-1.1.jar
file:/home/matic/.m2/repository/org/nuxeo/ecm/core/nuxeo-core-storage-sql-test/1.6.2-APG-240-SNAPSHOT/nuxeo-core-storage-sql-test-1.6.2-APG-240-SNAPSHOT.jar
file:/home/matic/.m2/repository/org/nuxeo/runtime/nuxeo-runtime-jtajca/1.6.2-APG-240-SNAPSHOT/nuxeo-runtime-jtajca-1.6.2-APG-240-SNAPSHOT.jar
file:/home/matic/.m2/repository/org/slf4j/slf4j-log4j12/1.6.0/slf4j-log4j12-1.6.0.jar
file:/home/matic/.m2/repository/org/slf4j/slf4j-api/1.6.0/slf4j-api-1.6.0.jar
file:/home/matic/.m2/repository/org/nuxeo/ecm/core/nuxeo-core/1.6.2-APG-240-SNAPSHOT/nuxeo-core-1.6.2-APG-240-SNAPSHOT.jar
file:/home/matic/.m2/repository/org/nuxeo/ecm/core/nuxeo-core-query/1.6.2-APG-240-SNAPSHOT/nuxeo-core-query-1.6.2-APG-240-SNAPSHOT.jar
file:/home/matic/.m2/repository/cup/java-cup/0.11a/java-cup-0.11a.jar
file:/home/matic/.m2/repository/joda-time/joda-time/1.6/joda-time-1.6.jar
file:/home/matic/.m2/repository/org/nuxeo/ecm/core/nuxeo-core-event/1.6.2-APG-240-SNAPSHOT/nuxeo-core-event-1.6.2-APG-240-SNAPSHOT.jar
file:/home/matic/.m2/repository/org/nuxeo/runtime/nuxeo-runtime-management/1.6.2-APG-240-SNAPSHOT/nuxeo-runtime-management-1.6.2-APG-240-SNAPSHOT.jar
file:/home/matic/.m2/repository/javax/script/script-api/1.0/script-api-1.0.jar
file:/home/matic/.m2/repository/org/nuxeo/ecm/core/nuxeo-core-convert-api/1.6.2-APG-240-SNAPSHOT/nuxeo-core-convert-api-1.6.2-APG-240-SNAPSHOT.jar
file:/home/matic/.m2/repository/org/nuxeo/ecm/core/nuxeo-core-storage-sql/1.6.2-APG-240-SNAPSHOT/nuxeo-core-storage-sql-1.6.2-APG-240-SNAPSHOT.jar
file:/home/matic/.m2/repository/org/nuxeo/runtime/nuxeo-runtime-management-metrics/1.6.2-APG-240-SNAPSHOT/nuxeo-runtime-management-metrics-1.6.2-APG-240-SNAPSHOT.jar
file:/home/matic/.m2/repository/org/javasimon/javasimon-core/2.3.0/javasimon-core-2.3.0.jar
file:/home/matic/.m2/repository/stax/stax-api/1.0.1/stax-api-1.0.1.jar
file:/home/matic/.m2/repository/net/java/dev/eval/eval/0.5/eval-0.5.jar
file:/home/matic/.m2/repository/org/javasimon/javasimon-jmx/2.3.0/javasimon-jmx-2.3.0.jar
file:/home/matic/.m2/repository/org/javasimon/javasimon-jdbc3/2.3.0/javasimon-jdbc3-2.3.0.jar
file:/home/matic/.m2/repository/org/mortbay/jetty/jetty/6.1.5/jetty-6.1.5.jar
file:/home/matic/.m2/repository/org/mortbay/jetty/jetty-util/6.1.5/jetty-util-6.1.5.jar
file:/home/matic/.m2/repository/org/mortbay/jetty/servlet-api-2.5/6.1.14/servlet-api-2.5-6.1.14.jar
file:/home/matic/.m2/repository/org/nuxeo/ecm/core/nuxeo-core-storage-sql-ra/1.6.2-APG-240-SNAPSHOT/nuxeo-core-storage-sql-ra-1.6.2-APG-240-SNAPSHOT.jar
file:/home/matic/.m2/repository/org/nuxeo/ecm/core/nuxeo-core-storage-sql-extensions/1.6.2-APG-240-SNAPSHOT/nuxeo-core-storage-sql-extensions-1.6.2-APG-240-SNAPSHOT.jar
file:/home/matic/.m2/repository/commons-beanutils/commons-beanutils/1.6/commons-beanutils-1.6.jar
file:/home/matic/.m2/repository/javax/ressource/jca-api/1.5/jca-api-1.5.jar
file:/home/matic/.m2/repository/org/apache/geronimo/components/geronimo-connector/2.1.3/geronimo-connector-2.1.3.jar
file:/home/matic/.m2/repository/org/apache/geronimo/components/geronimo-transaction/2.1.3/geronimo-transaction-2.1.3.jar
file:/home/matic/.m2/repository/com/h2database/h2/1.1.114-nx/h2-1.1.114-nx.jar
file:/home/matic/.m2/repository/org/apache/lucene/lucene-core/2.3.2/lucene-core-2.3.2.jar
file:/home/matic/.m2/repository/org/apache/lucene/lucene-analyzers/2.3.2/lucene-analyzers-2.3.2.jar
file:/home/matic/.m2/repository/org/apache/derby/derby/10.5.3.0_1/derby-10.5.3.0_1.jar
file:/home/matic/.m2/repository/postgresql/postgresql/8.3-604.jdbc3/postgresql-8.3-604.jdbc3.jar
file:/home/matic/.m2/repository/mysql/mysql-connector-java/5.1.6/mysql-connector-java-5.1.6.jar
file:/home/matic/.m2/repository/net/sourceforge/jtds/jtds/1.2.2/jtds-1.2.2.jar
file:/home/matic/.m2/repository/org/nuxeo/ecm/core/nuxeo-core-test/1.6.2-APG-240-SNAPSHOT/nuxeo-core-test-1.6.2-APG-240-SNAPSHOT.jar
file:/home/matic/.m2/repository/org/nuxeo/ecm/core/nuxeo-core-convert/1.6.2-APG-240-SNAPSHOT/nuxeo-core-convert-1.6.2-APG-240-SNAPSHOT.jar
file:/home/matic/.m2/repository/org/nuxeo/ecm/core/nuxeo-core-jcr-connector/1.6.2-APG-240-SNAPSHOT/nuxeo-core-jcr-connector-1.6.2-APG-240-SNAPSHOT.jar

08:33:27,091 INFO  [NXRuntimeTestCase] Bundle 'org.nuxeo.ecm.platform.heartbeat' has URL file:/usr/local/src/org.nuxeo.tests/nuxeo-service/nuxeo-platform-heartbeat-core/target/classes/
08:33:27,095 INFO  [NXRuntimeTestCase] Bundle 'org.nuxeo.ecm.core.api' has URL file:/home/matic/.m2/repository/org/nuxeo/ecm/core/nuxeo-core-api/1.6.2-APG-240-SNAPSHOT/nuxeo-core-api-1.6.2-APG-240-SNAPSHOT.jar
08:33:27,096 INFO  [NXRuntimeTestCase] Bundle 'org.nuxeo.common' has URL file:/home/matic/.m2/repository/org/nuxeo/common/nuxeo-common/1.6.2-APG-240-SNAPSHOT/nuxeo-common-1.6.2-APG-240-SNAPSHOT.jar
08:33:27,098 INFO  [NXRuntimeTestCase] Bundle 'org.nuxeo.runtime' has URL file:/home/matic/.m2/repository/org/nuxeo/runtime/nuxeo-runtime/1.6.2-APG-240-SNAPSHOT/nuxeo-runtime-1.6.2-APG-240-SNAPSHOT.jar
08:33:27,105 INFO  [OSGIRuntimeTestActivator] Starting Runtime Activator
08:33:27,211 DEBUG [OSGiRuntimeService] Home directory: null
08:33:27,214 DEBUG [OSGiRuntimeService] Working directory: /tmp/NXOSGITestFramework7543394530324968520129f8db4718-11383252.1/
08:33:27,218 INFO  [AbstractRuntimeService] Starting Nuxeo Runtime service OSGi NXRuntime; version: 1.4.0
08:33:27,220 INFO  [OSGiRuntimeService] Configuration: host application: null
08:33:27,221 DEBUG [OSGiRuntimeService] Configuration: no configuration file found
08:33:27,224 INFO  [NXRuntimeTestCase] Deploying contribution from jar:file:/home/matic/.m2/repository/org/nuxeo/runtime/nuxeo-runtime/1.6.2-APG-240-SNAPSHOT/nuxeo-runtime-1.6.2-APG-240-SNAPSHOT.jar!/OSGI-INF/DeploymentService.xml
08:33:27,224 DEBUG [DefaultRuntimeContext] Deploying bundle from url jar:file:/home/matic/.m2/repository/org/nuxeo/runtime/nuxeo-runtime/1.6.2-APG-240-SNAPSHOT/nuxeo-runtime-1.6.2-APG-240-SNAPSHOT.jar!/OSGI-INF/DeploymentService.xml
08:33:27,287 DEBUG [ComponentManagerImpl] Dispatching event: COMPONENT_REGISTERED: service:org.nuxeo.runtime.services.deployment.DeploymentService
08:33:27,288 INFO  [ComponentManagerImpl] Registering component: service:org.nuxeo.runtime.services.deployment.DeploymentService
08:33:27,299 INFO  [ComponentManagerImpl] Registering service: org.nuxeo.runtime.services.deployment.DeploymentService
08:33:27,299 DEBUG [ComponentManagerImpl] Dispatching event: COMPONENT_RESOLVED: service:org.nuxeo.runtime.services.deployment.DeploymentService
08:33:27,303 DEBUG [ComponentManagerImpl] Dispatching event: ACTIVATING_COMPONENT: service:org.nuxeo.runtime.services.deployment.DeploymentService
08:33:27,304 DEBUG [ComponentManagerImpl] Dispatching event: COMPONENT_ACTIVATED: service:org.nuxeo.runtime.services.deployment.DeploymentService
08:33:27,305 INFO  [NXRuntimeTestCase] Deploying contribution from jar:file:/home/matic/.m2/repository/org/nuxeo/runtime/nuxeo-runtime/1.6.2-APG-240-SNAPSHOT/nuxeo-runtime-1.6.2-APG-240-SNAPSHOT.jar!/OSGI-INF/LoginComponent.xml
08:33:27,305 DEBUG [DefaultRuntimeContext] Deploying bundle from url jar:file:/home/matic/.m2/repository/org/nuxeo/runtime/nuxeo-runtime/1.6.2-APG-240-SNAPSHOT/nuxeo-runtime-1.6.2-APG-240-SNAPSHOT.jar!/OSGI-INF/LoginComponent.xml
08:33:27,309 DEBUG [ComponentManagerImpl] Dispatching event: COMPONENT_REGISTERED: service:org.nuxeo.runtime.LoginComponent
08:33:27,310 INFO  [ComponentManagerImpl] Registering component: service:org.nuxeo.runtime.LoginComponent
08:33:27,311 INFO  [ComponentManagerImpl] Registering service: org.nuxeo.runtime.api.login.LoginService
08:33:27,312 DEBUG [ComponentManagerImpl] Dispatching event: COMPONENT_RESOLVED: service:org.nuxeo.runtime.LoginComponent
08:33:27,321 DEBUG [ComponentManagerImpl] Dispatching event: ACTIVATING_COMPONENT: service:org.nuxeo.runtime.LoginComponent
08:33:27,329 DEBUG [ComponentManagerImpl] Dispatching event: COMPONENT_ACTIVATED: service:org.nuxeo.runtime.LoginComponent
08:33:27,329 INFO  [NXRuntimeTestCase] Deploying contribution from jar:file:/home/matic/.m2/repository/org/nuxeo/runtime/nuxeo-runtime/1.6.2-APG-240-SNAPSHOT/nuxeo-runtime-1.6.2-APG-240-SNAPSHOT.jar!/OSGI-INF/ServiceManagement.xml
08:33:27,330 DEBUG [DefaultRuntimeContext] Deploying bundle from url jar:file:/home/matic/.m2/repository/org/nuxeo/runtime/nuxeo-runtime/1.6.2-APG-240-SNAPSHOT/nuxeo-runtime-1.6.2-APG-240-SNAPSHOT.jar!/OSGI-INF/ServiceManagement.xml
08:33:27,341 DEBUG [ComponentManagerImpl] Dispatching event: COMPONENT_REGISTERED: service:org.nuxeo.runtime.api.ServiceManagement
08:33:27,341 INFO  [ComponentManagerImpl] Registering component: service:org.nuxeo.runtime.api.ServiceManagement
08:33:27,342 INFO  [ComponentManagerImpl] Registering service: org.nuxeo.runtime.api.ServiceManager
08:33:27,342 DEBUG [ComponentManagerImpl] Dispatching event: COMPONENT_RESOLVED: service:org.nuxeo.runtime.api.ServiceManagement
08:33:27,343 DEBUG [ComponentManagerImpl] Dispatching event: ACTIVATING_COMPONENT: service:org.nuxeo.runtime.api.ServiceManagement
08:33:27,343 DEBUG [ComponentManagerImpl] Dispatching event: COMPONENT_ACTIVATED: service:org.nuxeo.runtime.api.ServiceManagement
08:33:27,344 INFO  [NXRuntimeTestCase] Deploying contribution from jar:file:/home/matic/.m2/repository/org/nuxeo/runtime/nuxeo-runtime/1.6.2-APG-240-SNAPSHOT/nuxeo-runtime-1.6.2-APG-240-SNAPSHOT.jar!/OSGI-INF/EventService.xml
08:33:27,356 DEBUG [DefaultRuntimeContext] Deploying bundle from url jar:file:/home/matic/.m2/repository/org/nuxeo/runtime/nuxeo-runtime/1.6.2-APG-240-SNAPSHOT/nuxeo-runtime-1.6.2-APG-240-SNAPSHOT.jar!/OSGI-INF/EventService.xml
08:33:27,360 DEBUG [ComponentManagerImpl] Dispatching event: COMPONENT_REGISTERED: service:org.nuxeo.runtime.EventService
08:33:27,360 INFO  [ComponentManagerImpl] Registering component: service:org.nuxeo.runtime.EventService
08:33:27,360 INFO  [ComponentManagerImpl] Registering service: org.nuxeo.runtime.services.event.EventService
08:33:27,361 DEBUG [ComponentManagerImpl] Dispatching event: COMPONENT_RESOLVED: service:org.nuxeo.runtime.EventService
08:33:27,366 DEBUG [ComponentManagerImpl] Dispatching event: ACTIVATING_COMPONENT: service:org.nuxeo.runtime.EventService
08:33:27,367 DEBUG [ComponentManagerImpl] Dispatching event: COMPONENT_ACTIVATED: service:org.nuxeo.runtime.EventService
08:33:27,367 INFO  [NXRuntimeTestCase] Deploying contribution from jar:file:/home/matic/.m2/repository/org/nuxeo/runtime/nuxeo-runtime/1.6.2-APG-240-SNAPSHOT/nuxeo-runtime-1.6.2-APG-240-SNAPSHOT.jar!/OSGI-INF/DefaultJBossBindings.xml
08:33:27,367 DEBUG [DefaultRuntimeContext] Deploying bundle from url jar:file:/home/matic/.m2/repository/org/nuxeo/runtime/nuxeo-runtime/1.6.2-APG-240-SNAPSHOT/nuxeo-runtime-1.6.2-APG-240-SNAPSHOT.jar!/OSGI-INF/DefaultJBossBindings.xml
08:33:27,381 DEBUG [ComponentManagerImpl] Dispatching event: COMPONENT_REGISTERED: service:org.nuxeo.runtime.api.DefaultJBossBindings
08:33:27,381 INFO  [ComponentManagerImpl] Registering component: service:org.nuxeo.runtime.api.DefaultJBossBindings
08:33:27,382 DEBUG [ComponentManagerImpl] Dispatching event: COMPONENT_RESOLVED: service:org.nuxeo.runtime.api.DefaultJBossBindings
08:33:27,382 DEBUG [ComponentManagerImpl] Dispatching event: ACTIVATING_COMPONENT: service:org.nuxeo.runtime.api.DefaultJBossBindings
08:33:27,382 DEBUG [ComponentManagerImpl] Dispatching event: COMPONENT_ACTIVATED: service:org.nuxeo.runtime.api.DefaultJBossBindings
08:33:27,383 DEBUG [ComponentManagerImpl] Register contributed extension: ExtensionImpl {target: service:org.nuxeo.runtime.api.ServiceManagement, point:servers, contributor:RegistrationInfo: service:org.nuxeo.runtime.api.DefaultJBossBindings}
08:33:27,397 DEBUG [ComponentManagerImpl] Dispatching event: EXTENSION_REGISTERED: service:org.nuxeo.runtime.api.DefaultJBossBindings
08:33:27,400 INFO  [NXRuntimeTestCase] Bundle 'org.nuxeo.ecm.core.schema' has URL file:/home/matic/.m2/repository/org/nuxeo/ecm/core/nuxeo-core-schema/1.6.2-APG-240-SNAPSHOT/nuxeo-core-schema-1.6.2-APG-240-SNAPSHOT.jar
08:33:27,409 INFO  [BundleRegistry] Registering resolved bundle: org.nuxeo.ecm.core.schema
08:33:27,410 DEBUG [OSGiComponentLoader] Bundle changed: org.nuxeo.ecm.core.schema RESOLVED
08:33:27,411 DEBUG [OSGiComponentLoader] Bundle changed: org.nuxeo.ecm.core.schema RESOLVED with components: OSGI-INF/SchemaService.xml
08:33:27,423 DEBUG [OSGiRuntimeService] Bundle: org.nuxeo.ecm.core.schema components: OSGI-INF/SchemaService.xml
08:33:27,424 DEBUG [OSGiRuntimeService] Loading component for: org.nuxeo.ecm.core.schema path: OSGI-INF/SchemaService.xml url: jar:file:/home/matic/.m2/repository/org/nuxeo/ecm/core/nuxeo-core-schema/1.6.2-APG-240-SNAPSHOT/nuxeo-core-schema-1.6.2-APG-240-SNAPSHOT.jar!/OSGI-INF/SchemaService.xml
08:33:27,425 DEBUG [DefaultRuntimeContext] Deploying bundle from url jar:file:/home/matic/.m2/repository/org/nuxeo/ecm/core/nuxeo-core-schema/1.6.2-APG-240-SNAPSHOT/nuxeo-core-schema-1.6.2-APG-240-SNAPSHOT.jar!/OSGI-INF/SchemaService.xml
08:33:27,450 DEBUG [ComponentManagerImpl] Dispatching event: COMPONENT_REGISTERED: service:org.nuxeo.ecm.core.schema.TypeService
08:33:27,451 INFO  [ComponentManagerImpl] Registering component: service:org.nuxeo.ecm.core.schema.TypeService
08:33:27,451 INFO  [ComponentManagerImpl] Registering service: org.nuxeo.ecm.core.schema.SchemaManager
08:33:27,451 DEBUG [ComponentManagerImpl] Dispatching event: COMPONENT_RESOLVED: service:org.nuxeo.ecm.core.schema.TypeService
08:33:27,454 DEBUG [ComponentManagerImpl] Dispatching event: ACTIVATING_COMPONENT: service:org.nuxeo.ecm.core.schema.TypeService
08:33:27,489 INFO  [SchemaManagerImpl] Register document type: Document
08:33:27,495 DEBUG [ComponentManagerImpl] Dispatching event: COMPONENT_ACTIVATED: service:org.nuxeo.ecm.core.schema.TypeService
08:33:27,496 DEBUG [OSGiComponentLoader] Bundle changed: org.nuxeo.ecm.core.schema STARTING
08:33:27,497 DEBUG [OSGiComponentLoader] Bundle changed: org.nuxeo.ecm.core.schema STARTED
08:33:27,501 INFO  [BundleRegistry] Registering resolved bundle: org.nuxeo.ecm.core.api
08:33:27,501 DEBUG [OSGiComponentLoader] Bundle changed: org.nuxeo.ecm.core.api RESOLVED
08:33:27,502 DEBUG [OSGiComponentLoader] Bundle changed: org.nuxeo.ecm.core.api RESOLVED with components: OSGI-INF/DocumentAdapterService.xml, OSGI-INF/RepositoryManager.xml,  OSGI-INF/blob-holder-service-framework.xml, OSGI-INF/blob-holder-adapters-contrib.xml
08:33:27,506 DEBUG [OSGiRuntimeService] Bundle: org.nuxeo.ecm.core.api components: OSGI-INF/DocumentAdapterService.xml, OSGI-INF/RepositoryManager.xml,  OSGI-INF/blob-holder-service-framework.xml, OSGI-INF/blob-holder-adapters-contrib.xml
08:33:27,507 DEBUG [OSGiRuntimeService] Loading component for: org.nuxeo.ecm.core.api path: OSGI-INF/DocumentAdapterService.xml url: jar:file:/home/matic/.m2/repository/org/nuxeo/ecm/core/nuxeo-core-api/1.6.2-APG-240-SNAPSHOT/nuxeo-core-api-1.6.2-APG-240-SNAPSHOT.jar!/OSGI-INF/DocumentAdapterService.xml
08:33:27,507 DEBUG [DefaultRuntimeContext] Deploying bundle from url jar:file:/home/matic/.m2/repository/org/nuxeo/ecm/core/nuxeo-core-api/1.6.2-APG-240-SNAPSHOT/nuxeo-core-api-1.6.2-APG-240-SNAPSHOT.jar!/OSGI-INF/DocumentAdapterService.xml
08:33:27,513 DEBUG [ComponentManagerImpl] Dispatching event: COMPONENT_REGISTERED: service:org.nuxeo.ecm.core.api.DocumentAdapterService
08:33:27,514 INFO  [ComponentManagerImpl] Registering component: service:org.nuxeo.ecm.core.api.DocumentAdapterService
08:33:27,514 INFO  [ComponentManagerImpl] Registering service: org.nuxeo.ecm.core.api.adapter.DocumentAdapterService
08:33:27,515 DEBUG [ComponentManagerImpl] Dispatching event: COMPONENT_RESOLVED: service:org.nuxeo.ecm.core.api.DocumentAdapterService
08:33:27,519 DEBUG [ComponentManagerImpl] Dispatching event: ACTIVATING_COMPONENT: service:org.nuxeo.ecm.core.api.DocumentAdapterService
08:33:27,519 DEBUG [ComponentManagerImpl] Dispatching event: COMPONENT_ACTIVATED: service:org.nuxeo.ecm.core.api.DocumentAdapterService
08:33:27,520 DEBUG [OSGiRuntimeService] Loading component for: org.nuxeo.ecm.core.api path: OSGI-INF/RepositoryManager.xml url: jar:file:/home/matic/.m2/repository/org/nuxeo/ecm/core/nuxeo-core-api/1.6.2-APG-240-SNAPSHOT/nuxeo-core-api-1.6.2-APG-240-SNAPSHOT.jar!/OSGI-INF/RepositoryManager.xml
08:33:27,520 DEBUG [DefaultRuntimeContext] Deploying bundle from url jar:file:/home/matic/.m2/repository/org/nuxeo/ecm/core/nuxeo-core-api/1.6.2-APG-240-SNAPSHOT/nuxeo-core-api-1.6.2-APG-240-SNAPSHOT.jar!/OSGI-INF/RepositoryManager.xml
08:33:27,525 DEBUG [ComponentManagerImpl] Dispatching event: COMPONENT_REGISTERED: service:org.nuxeo.ecm.core.api.repository.RepositoryManager
08:33:27,526 INFO  [ComponentManagerImpl] Registering component: service:org.nuxeo.ecm.core.api.repository.RepositoryManager
08:33:27,526 INFO  [ComponentManagerImpl] Registering service: org.nuxeo.ecm.core.api.repository.RepositoryManager
08:33:27,527 DEBUG [ComponentManagerImpl] Dispatching event: COMPONENT_RESOLVED: service:org.nuxeo.ecm.core.api.repository.RepositoryManager
08:33:27,547 DEBUG [ComponentManagerImpl] Dispatching event: ACTIVATING_COMPONENT: service:org.nuxeo.ecm.core.api.repository.RepositoryManager
08:33:27,549 DEBUG [ComponentManagerImpl] Dispatching event: COMPONENT_ACTIVATED: service:org.nuxeo.ecm.core.api.repository.RepositoryManager
08:33:27,550 DEBUG [OSGiRuntimeService] Loading component for: org.nuxeo.ecm.core.api path: OSGI-INF/blob-holder-service-framework.xml url: jar:file:/home/matic/.m2/repository/org/nuxeo/ecm/core/nuxeo-core-api/1.6.2-APG-240-SNAPSHOT/nuxeo-core-api-1.6.2-APG-240-SNAPSHOT.jar!/OSGI-INF/blob-holder-service-framework.xml
08:33:27,550 DEBUG [DefaultRuntimeContext] Deploying bundle from url jar:file:/home/matic/.m2/repository/org/nuxeo/ecm/core/nuxeo-core-api/1.6.2-APG-240-SNAPSHOT/nuxeo-core-api-1.6.2-APG-240-SNAPSHOT.jar!/OSGI-INF/blob-holder-service-framework.xml
08:33:27,561 DEBUG [ComponentManagerImpl] Dispatching event: COMPONENT_REGISTERED: service:org.nuxeo.ecm.core.api.blobholder.BlobHolderAdapterComponent
08:33:27,562 INFO  [ComponentManagerImpl] Registering component: service:org.nuxeo.ecm.core.api.blobholder.BlobHolderAdapterComponent
08:33:27,562 INFO  [ComponentManagerImpl] Registering service: org.nuxeo.ecm.core.api.blobholder.BlobHolderAdapterService
08:33:27,562 DEBUG [ComponentManagerImpl] Dispatching event: COMPONENT_RESOLVED: service:org.nuxeo.ecm.core.api.blobholder.BlobHolderAdapterComponent
08:33:27,565 DEBUG [ComponentManagerImpl] Dispatching event: ACTIVATING_COMPONENT: service:org.nuxeo.ecm.core.api.blobholder.BlobHolderAdapterComponent
08:33:27,565 DEBUG [ComponentManagerImpl] Dispatching event: COMPONENT_ACTIVATED: service:org.nuxeo.ecm.core.api.blobholder.BlobHolderAdapterComponent
08:33:27,566 DEBUG [OSGiRuntimeService] Loading component for: org.nuxeo.ecm.core.api path: OSGI-INF/blob-holder-adapters-contrib.xml url: jar:file:/home/matic/.m2/repository/org/nuxeo/ecm/core/nuxeo-core-api/1.6.2-APG-240-SNAPSHOT/nuxeo-core-api-1.6.2-APG-240-SNAPSHOT.jar!/OSGI-INF/blob-holder-adapters-contrib.xml
08:33:27,566 DEBUG [DefaultRuntimeContext] Deploying bundle from url jar:file:/home/matic/.m2/repository/org/nuxeo/ecm/core/nuxeo-core-api/1.6.2-APG-240-SNAPSHOT/nuxeo-core-api-1.6.2-APG-240-SNAPSHOT.jar!/OSGI-INF/blob-holder-adapters-contrib.xml
08:33:27,569 DEBUG [ComponentManagerImpl] Dispatching event: COMPONENT_REGISTERED: service:org.nuxeo.ecm.core.api.blohodlers.adapters
08:33:27,570 INFO  [ComponentManagerImpl] Registering component: service:org.nuxeo.ecm.core.api.blohodlers.adapters
08:33:27,570 DEBUG [ComponentManagerImpl] Dispatching event: COMPONENT_RESOLVED: service:org.nuxeo.ecm.core.api.blohodlers.adapters
08:33:27,570 DEBUG [ComponentManagerImpl] Dispatching event: ACTIVATING_COMPONENT: service:org.nuxeo.ecm.core.api.blohodlers.adapters
08:33:27,571 DEBUG [ComponentManagerImpl] Dispatching event: COMPONENT_ACTIVATED: service:org.nuxeo.ecm.core.api.blohodlers.adapters
08:33:27,571 DEBUG [ComponentManagerImpl] Register contributed extension: ExtensionImpl {target: service:org.nuxeo.ecm.core.api.DocumentAdapterService, point:adapters, contributor:RegistrationInfo: service:org.nuxeo.ecm.core.api.blohodlers.adapters}
08:33:27,574 INFO  [DocumentAdapterService] Registered document adapter factory null: interface org.nuxeo.ecm.core.api.blobholder.BlobHolder
08:33:27,574 DEBUG [ComponentManagerImpl] Dispatching event: EXTENSION_REGISTERED: service:org.nuxeo.ecm.core.api.blohodlers.adapters
08:33:27,580 DEBUG [OSGiComponentLoader] Bundle changed: org.nuxeo.ecm.core.api STARTING
08:33:27,581 DEBUG [OSGiComponentLoader] Bundle changed: org.nuxeo.ecm.core.api STARTED
08:33:27,591 INFO  [NXRuntimeTestCase] Bundle 'org.nuxeo.ecm.platform.heartbeat.api' has URL file:/usr/local/src/org.nuxeo.tests/nuxeo-service/nuxeo-platform-heartbeat-api/target/nuxeo-platform-heartbeat-api-5.3.2-APG-240-SNAPSHOT.jar
08:33:27,593 INFO  [NXRuntimeTestCase] Bundle 'osgi.core' has URL file:/home/matic/.m2/repository/org/osgi/osgi-core/4.1/osgi-core-4.1.jar
08:33:27,593 INFO  [NXRuntimeTestCase] Bundle 'org.nuxeo.runtime.nuxeo-runtime-test' has URL file:/home/matic/.m2/repository/org/nuxeo/runtime/nuxeo-runtime-test/1.6.2-APG-240-SNAPSHOT/nuxeo-runtime-test-1.6.2-APG-240-SNAPSHOT.jar
08:33:27,594 INFO  [NXRuntimeTestCase] Bundle 'com.google.inject' has URL file:/home/matic/.m2/repository/com/google/code/guice/guice/2.0/guice-2.0.jar
08:33:27,595 INFO  [NXRuntimeTestCase] Bundle 'org.nuxeo.osgi' has URL file:/home/matic/.m2/repository/org/nuxeo/runtime/nuxeo-runtime-osgi/1.6.2-APG-240-SNAPSHOT/nuxeo-runtime-osgi-1.6.2-APG-240-SNAPSHOT.jar
08:33:27,596 INFO  [NXRuntimeTestCase] Bundle 'org.apache.commons.io' has URL file:/home/matic/.m2/repository/commons-io/commons-io/1.4/commons-io-1.4.jar
08:33:27,598 INFO  [NXRuntimeTestCase] Bundle 'org.nuxeo.runtime.jetty' has URL file:/home/matic/.m2/repository/org/nuxeo/runtime/nuxeo-runtime-jetty-adapter/1.6.2-APG-240-SNAPSHOT/nuxeo-runtime-jetty-adapter-1.6.2-APG-240-SNAPSHOT.jar
08:33:27,612 INFO  [NXRuntimeTestCase] Bundle 'org.w3c.css.sac' has URL file:/home/matic/.m2/repository/org/w3c/sac/1.3/sac-1.3.jar
08:33:27,615 INFO  [NXRuntimeTestCase] Bundle 'org.nuxeo.ecm.core.storage.sql.test' has URL file:/home/matic/.m2/repository/org/nuxeo/ecm/core/nuxeo-core-storage-sql-test/1.6.2-APG-240-SNAPSHOT/nuxeo-core-storage-sql-test-1.6.2-APG-240-SNAPSHOT.jar
08:33:27,616 INFO  [NXRuntimeTestCase] Bundle 'org.nuxeo.runtime.jtajca' has URL file:/home/matic/.m2/repository/org/nuxeo/runtime/nuxeo-runtime-jtajca/1.6.2-APG-240-SNAPSHOT/nuxeo-runtime-jtajca-1.6.2-APG-240-SNAPSHOT.jar
08:33:27,617 INFO  [NXRuntimeTestCase] Bundle 'slf4j.log4j12' has URL file:/home/matic/.m2/repository/org/slf4j/slf4j-log4j12/1.6.0/slf4j-log4j12-1.6.0.jar
08:33:27,618 INFO  [NXRuntimeTestCase] Bundle 'slf4j.api' has URL file:/home/matic/.m2/repository/org/slf4j/slf4j-api/1.6.0/slf4j-api-1.6.0.jar
08:33:27,619 INFO  [NXRuntimeTestCase] Bundle 'org.nuxeo.ecm.core' has URL file:/home/matic/.m2/repository/org/nuxeo/ecm/core/nuxeo-core/1.6.2-APG-240-SNAPSHOT/nuxeo-core-1.6.2-APG-240-SNAPSHOT.jar
08:33:27,619 INFO  [BundleRegistry] Registering resolved bundle: org.nuxeo.ecm.core
08:33:27,620 DEBUG [OSGiComponentLoader] Bundle changed: org.nuxeo.ecm.core RESOLVED
08:33:27,620 DEBUG [OSGiComponentLoader] Bundle changed: org.nuxeo.ecm.core RESOLVED with components: OSGI-INF/CoreService.xml, OSGI-INF/RepositoryService.xml, OSGI-INF/CoreExtensions.xml, OSGI-INF/LifeCycleService.xml, OSGI-INF/LifeCycleCoreExtensions.xml, OSGI-INF/lifecycle-listener-contrib.xml, OSGI-INF/SecurityService.xml, OSGI-INF/permissions-contrib.xml, OSGI-INF/security-policy-contrib.xml, OSGI-INF/trash-service.xml
08:33:27,624 DEBUG [OSGiRuntimeService] Bundle: org.nuxeo.ecm.core components: OSGI-INF/CoreService.xml, OSGI-INF/RepositoryService.xml, OSGI-INF/CoreExtensions.xml, OSGI-INF/LifeCycleService.xml, OSGI-INF/LifeCycleCoreExtensions.xml, OSGI-INF/lifecycle-listener-contrib.xml, OSGI-INF/SecurityService.xml, OSGI-INF/permissions-contrib.xml, OSGI-INF/security-policy-contrib.xml, OSGI-INF/trash-service.xml
08:33:27,624 DEBUG [OSGiRuntimeService] Loading component for: org.nuxeo.ecm.core path: OSGI-INF/CoreService.xml url: jar:file:/home/matic/.m2/repository/org/nuxeo/ecm/core/nuxeo-core/1.6.2-APG-240-SNAPSHOT/nuxeo-core-1.6.2-APG-240-SNAPSHOT.jar!/OSGI-INF/CoreService.xml
08:33:27,625 DEBUG [DefaultRuntimeContext] Deploying bundle from url jar:file:/home/matic/.m2/repository/org/nuxeo/ecm/core/nuxeo-core/1.6.2-APG-240-SNAPSHOT/nuxeo-core-1.6.2-APG-240-SNAPSHOT.jar!/OSGI-INF/CoreService.xml
08:33:27,649 DEBUG [ComponentManagerImpl] Dispatching event: COMPONENT_REGISTERED: service:org.nuxeo.ecm.core.CoreService
08:33:27,649 INFO  [ComponentManagerImpl] Registering component: service:org.nuxeo.ecm.core.CoreService
08:33:27,650 INFO  [ComponentManagerImpl] Registering service: org.nuxeo.ecm.core.CoreService
08:33:27,650 DEBUG [ComponentManagerImpl] Dispatching event: COMPONENT_RESOLVED: service:org.nuxeo.ecm.core.CoreService
08:33:27,652 DEBUG [ComponentManagerImpl] Dispatching event: ACTIVATING_COMPONENT: service:org.nuxeo.ecm.core.CoreService
08:33:27,653 DEBUG [ComponentManagerImpl] Dispatching event: COMPONENT_ACTIVATED: service:org.nuxeo.ecm.core.CoreService
08:33:27,653 DEBUG [OSGiRuntimeService] Loading component for: org.nuxeo.ecm.core path: OSGI-INF/RepositoryService.xml url: jar:file:/home/matic/.m2/repository/org/nuxeo/ecm/core/nuxeo-core/1.6.2-APG-240-SNAPSHOT/nuxeo-core-1.6.2-APG-240-SNAPSHOT.jar!/OSGI-INF/RepositoryService.xml
08:33:27,653 DEBUG [DefaultRuntimeContext] Deploying bundle from url jar:file:/home/matic/.m2/repository/org/nuxeo/ecm/core/nuxeo-core/1.6.2-APG-240-SNAPSHOT/nuxeo-core-1.6.2-APG-240-SNAPSHOT.jar!/OSGI-INF/RepositoryService.xml
08:33:27,666 DEBUG [ComponentManagerImpl] Dispatching event: COMPONENT_REGISTERED: service:org.nuxeo.ecm.core.repository.RepositoryService
08:33:27,667 INFO  [ComponentManagerImpl] Registering component: service:org.nuxeo.ecm.core.repository.RepositoryService
08:33:27,667 INFO  [ComponentManagerImpl] Registering service: org.nuxeo.ecm.core.api.CoreSession
08:33:27,667 DEBUG [ComponentManagerImpl] Dispatching event: COMPONENT_RESOLVED: service:org.nuxeo.ecm.core.repository.RepositoryService
08:33:27,670 DEBUG [ComponentManagerImpl] Dispatching event: ACTIVATING_COMPONENT: service:org.nuxeo.ecm.core.repository.RepositoryService
08:33:27,671 DEBUG [ComponentManagerImpl] Dispatching event: COMPONENT_ACTIVATED: service:org.nuxeo.ecm.core.repository.RepositoryService
08:33:27,672 DEBUG [OSGiRuntimeService] Loading component for: org.nuxeo.ecm.core path: OSGI-INF/CoreExtensions.xml url: jar:file:/home/matic/.m2/repository/org/nuxeo/ecm/core/nuxeo-core/1.6.2-APG-240-SNAPSHOT/nuxeo-core-1.6.2-APG-240-SNAPSHOT.jar!/OSGI-INF/CoreExtensions.xml
08:33:27,675 DEBUG [DefaultRuntimeContext] Deploying bundle from url jar:file:/home/matic/.m2/repository/org/nuxeo/ecm/core/nuxeo-core/1.6.2-APG-240-SNAPSHOT/nuxeo-core-1.6.2-APG-240-SNAPSHOT.jar!/OSGI-INF/CoreExtensions.xml
08:33:27,683 DEBUG [ComponentManagerImpl] Dispatching event: COMPONENT_REGISTERED: service:org.nuxeo.ecm.core.CoreExtensions
08:33:27,687 INFO  [ComponentManagerImpl] Registering component: service:org.nuxeo.ecm.core.CoreExtensions
08:33:27,688 DEBUG [ComponentManagerImpl] Dispatching event: COMPONENT_RESOLVED: service:org.nuxeo.ecm.core.CoreExtensions
08:33:27,688 DEBUG [ComponentManagerImpl] Dispatching event: ACTIVATING_COMPONENT: service:org.nuxeo.ecm.core.CoreExtensions
08:33:27,689 DEBUG [ComponentManagerImpl] Dispatching event: COMPONENT_ACTIVATED: service:org.nuxeo.ecm.core.CoreExtensions
08:33:27,689 DEBUG [ComponentManagerImpl] Register contributed extension: ExtensionImpl {target: service:org.nuxeo.ecm.core.CoreService, point:sessionFactory, contributor:RegistrationInfo: service:org.nuxeo.ecm.core.CoreExtensions}
08:33:27,692 DEBUG [ComponentManagerImpl] Dispatching event: EXTENSION_REGISTERED: service:org.nuxeo.ecm.core.CoreExtensions
08:33:27,692 DEBUG [ComponentManagerImpl] Register contributed extension: ExtensionImpl {target: service:org.nuxeo.ecm.core.schema.TypeService, point:schema, contributor:RegistrationInfo: service:org.nuxeo.ecm.core.CoreExtensions}
08:33:27,939 INFO  [TypeService] Registered schema: core-types from jar:file:/home/matic/.m2/repository/org/nuxeo/ecm/core/nuxeo-core/1.6.2-APG-240-SNAPSHOT/nuxeo-core-1.6.2-APG-240-SNAPSHOT.jar!/schema/core-types.xsd
08:33:27,966 INFO  [TypeService] Registered schema: base from jar:file:/home/matic/.m2/repository/org/nuxeo/ecm/core/nuxeo-core/1.6.2-APG-240-SNAPSHOT/nuxeo-core-1.6.2-APG-240-SNAPSHOT.jar!/schema/base.xsd
08:33:28,014 INFO  [TypeService] Registered schema: relation from jar:file:/home/matic/.m2/repository/org/nuxeo/ecm/core/nuxeo-core/1.6.2-APG-240-SNAPSHOT/nuxeo-core-1.6.2-APG-240-SNAPSHOT.jar!/schema/relation.xsd
08:33:28,037 INFO  [TypeService] Registered schema: common from jar:file:/home/matic/.m2/repository/org/nuxeo/ecm/core/nuxeo-core/1.6.2-APG-240-SNAPSHOT/nuxeo-core-1.6.2-APG-240-SNAPSHOT.jar!/schema/common.xsd
08:33:28,053 INFO  [TypeService] Registered schema: dublincore from jar:file:/home/matic/.m2/repository/org/nuxeo/ecm/core/nuxeo-core/1.6.2-APG-240-SNAPSHOT/nuxeo-core-1.6.2-APG-240-SNAPSHOT.jar!/schema/dublincore.xsd
08:33:28,064 INFO  [TypeService] Registered schema: uid from jar:file:/home/matic/.m2/repository/org/nuxeo/ecm/core/nuxeo-core/1.6.2-APG-240-SNAPSHOT/nuxeo-core-1.6.2-APG-240-SNAPSHOT.jar!/schema/uid.xsd
08:33:28,092 INFO  [TypeService] Registered schema: file from jar:file:/home/matic/.m2/repository/org/nuxeo/ecm/core/nuxeo-core/1.6.2-APG-240-SNAPSHOT/nuxeo-core-1.6.2-APG-240-SNAPSHOT.jar!/schema/file.xsd
08:33:28,124 INFO  [TypeService] Registered schema: files from jar:file:/home/matic/.m2/repository/org/nuxeo/ecm/core/nuxeo-core/1.6.2-APG-240-SNAPSHOT/nuxeo-core-1.6.2-APG-240-SNAPSHOT.jar!/schema/files.xsd
08:33:28,148 INFO  [TypeService] Registered schema: note from jar:file:/home/matic/.m2/repository/org/nuxeo/ecm/core/nuxeo-core/1.6.2-APG-240-SNAPSHOT/nuxeo-core-1.6.2-APG-240-SNAPSHOT.jar!/schema/note.xsd
08:33:28,166 INFO  [TypeService] Registered schema: domain from jar:file:/home/matic/.m2/repository/org/nuxeo/ecm/core/nuxeo-core/1.6.2-APG-240-SNAPSHOT/nuxeo-core-1.6.2-APG-240-SNAPSHOT.jar!/schema/domain.xsd
08:33:28,197 INFO  [TypeService] Registered schema: publishing from jar:file:/home/matic/.m2/repository/org/nuxeo/ecm/core/nuxeo-core/1.6.2-APG-240-SNAPSHOT/nuxeo-core-1.6.2-APG-240-SNAPSHOT.jar!/schema/publishing.xsd
08:33:28,211 INFO  [TypeService] Registered schema: webcontainer from jar:file:/home/matic/.m2/repository/org/nuxeo/ecm/core/nuxeo-core/1.6.2-APG-240-SNAPSHOT/nuxeo-core-1.6.2-APG-240-SNAPSHOT.jar!/schema/webcontainer.xsd
08:33:28,219 DEBUG [ComponentManagerImpl] Dispatching event: EXTENSION_REGISTERED: service:org.nuxeo.ecm.core.CoreExtensions
08:33:28,220 DEBUG [ComponentManagerImpl] Register contributed extension: ExtensionImpl {target: service:org.nuxeo.ecm.core.schema.TypeService, point:configuration, contributor:RegistrationInfo: service:org.nuxeo.ecm.core.CoreExtensions}
08:33:28,221 DEBUG [ComponentManagerImpl] Dispatching event: EXTENSION_REGISTERED: service:org.nuxeo.ecm.core.CoreExtensions
08:33:28,222 DEBUG [ComponentManagerImpl] Register contributed extension: ExtensionImpl {target: service:org.nuxeo.ecm.core.schema.TypeService, point:doctype, contributor:RegistrationInfo: service:org.nuxeo.ecm.core.CoreExtensions}
08:33:28,232 INFO  [SchemaManagerImpl] Registered document type: Folder
08:33:28,232 INFO  [SchemaManagerImpl] Registered document type: OrderedFolder
08:33:28,233 INFO  [SchemaManagerImpl] Registered document type: Root
08:33:28,233 INFO  [SchemaManagerImpl] Registered document type: Relation
08:33:28,234 INFO  [SchemaManagerImpl] Registered document type: Domain
08:33:28,234 INFO  [SchemaManagerImpl] Registered document type: WorkspaceRoot
08:33:28,235 INFO  [SchemaManagerImpl] Registered document type: Workspace
08:33:28,235 INFO  [SchemaManagerImpl] Registered document type: TemplateRoot
08:33:28,236 INFO  [SchemaManagerImpl] Registered document type: SectionRoot
08:33:28,236 INFO  [SchemaManagerImpl] Registered document type: Section
08:33:28,236 INFO  [SchemaManagerImpl] Registered document type: File
08:33:28,240 INFO  [SchemaManagerImpl] Registered document type: Note
08:33:28,241 DEBUG [ComponentManagerImpl] Dispatching event: EXTENSION_REGISTERED: service:org.nuxeo.ecm.core.CoreExtensions
08:33:28,241 DEBUG [OSGiRuntimeService] Loading component for: org.nuxeo.ecm.core path: OSGI-INF/LifeCycleService.xml url: jar:file:/home/matic/.m2/repository/org/nuxeo/ecm/core/nuxeo-core/1.6.2-APG-240-SNAPSHOT/nuxeo-core-1.6.2-APG-240-SNAPSHOT.jar!/OSGI-INF/LifeCycleService.xml
08:33:28,241 DEBUG [DefaultRuntimeContext] Deploying bundle from url jar:file:/home/matic/.m2/repository/org/nuxeo/ecm/core/nuxeo-core/1.6.2-APG-240-SNAPSHOT/nuxeo-core-1.6.2-APG-240-SNAPSHOT.jar!/OSGI-INF/LifeCycleService.xml
08:33:28,247 DEBUG [ComponentManagerImpl] Dispatching event: COMPONENT_REGISTERED: service:org.nuxeo.ecm.core.lifecycle.LifeCycleService
08:33:28,248 INFO  [ComponentManagerImpl] Registering component: service:org.nuxeo.ecm.core.lifecycle.LifeCycleService
08:33:28,248 DEBUG [ComponentManagerImpl] Dispatching event: COMPONENT_RESOLVED: service:org.nuxeo.ecm.core.lifecycle.LifeCycleService
08:33:28,251 DEBUG [ComponentManagerImpl] Dispatching event: ACTIVATING_COMPONENT: service:org.nuxeo.ecm.core.lifecycle.LifeCycleService
08:33:28,251 DEBUG [ComponentManagerImpl] Dispatching event: COMPONENT_ACTIVATED: service:org.nuxeo.ecm.core.lifecycle.LifeCycleService
08:33:28,252 DEBUG [OSGiRuntimeService] Loading component for: org.nuxeo.ecm.core path: OSGI-INF/LifeCycleCoreExtensions.xml url: jar:file:/home/matic/.m2/repository/org/nuxeo/ecm/core/nuxeo-core/1.6.2-APG-240-SNAPSHOT/nuxeo-core-1.6.2-APG-240-SNAPSHOT.jar!/OSGI-INF/LifeCycleCoreExtensions.xml
08:33:28,252 DEBUG [DefaultRuntimeContext] Deploying bundle from url jar:file:/home/matic/.m2/repository/org/nuxeo/ecm/core/nuxeo-core/1.6.2-APG-240-SNAPSHOT/nuxeo-core-1.6.2-APG-240-SNAPSHOT.jar!/OSGI-INF/LifeCycleCoreExtensions.xml
08:33:28,258 DEBUG [ComponentManagerImpl] Dispatching event: COMPONENT_REGISTERED: service:org.nuxeo.ecm.core.LifecycleCoreExtensions
08:33:28,259 INFO  [ComponentManagerImpl] Registering component: service:org.nuxeo.ecm.core.LifecycleCoreExtensions
08:33:28,259 DEBUG [ComponentManagerImpl] Dispatching event: COMPONENT_RESOLVED: service:org.nuxeo.ecm.core.LifecycleCoreExtensions
08:33:28,260 DEBUG [ComponentManagerImpl] Dispatching event: ACTIVATING_COMPONENT: service:org.nuxeo.ecm.core.LifecycleCoreExtensions
08:33:28,260 DEBUG [ComponentManagerImpl] Dispatching event: COMPONENT_ACTIVATED: service:org.nuxeo.ecm.core.LifecycleCoreExtensions
08:33:28,260 DEBUG [ComponentManagerImpl] Register contributed extension: ExtensionImpl {target: service:org.nuxeo.ecm.core.lifecycle.LifeCycleService, point:lifecycle, contributor:RegistrationInfo: service:org.nuxeo.ecm.core.LifecycleCoreExtensions}
08:33:28,263 INFO  [LifeCycleServiceImpl] Registering lifecycle: default
08:33:28,269 DEBUG [ComponentManagerImpl] Dispatching event: EXTENSION_REGISTERED: service:org.nuxeo.ecm.core.LifecycleCoreExtensions
08:33:28,270 DEBUG [ComponentManagerImpl] Register contributed extension: ExtensionImpl {target: service:org.nuxeo.ecm.core.lifecycle.LifeCycleService, point:types, contributor:RegistrationInfo: service:org.nuxeo.ecm.core.LifecycleCoreExtensions}
08:33:28,277 INFO  [LifeCycleServiceImpl] Registering lifecycle types mapping: {Section=default, TemplateRoot=default, Folder=default, Domain=default, SectionRoot=default, WorkspaceRoot=default, Root=default, Workspace=default, File=default, Note=default, OrderedFolder=default, Calendar=default}
08:33:28,278 DEBUG [ComponentManagerImpl] Dispatching event: EXTENSION_REGISTERED: service:org.nuxeo.ecm.core.LifecycleCoreExtensions
08:33:28,278 DEBUG [OSGiRuntimeService] Loading component for: org.nuxeo.ecm.core path: OSGI-INF/lifecycle-listener-contrib.xml url: jar:file:/home/matic/.m2/repository/org/nuxeo/ecm/core/nuxeo-core/1.6.2-APG-240-SNAPSHOT/nuxeo-core-1.6.2-APG-240-SNAPSHOT.jar!/OSGI-INF/lifecycle-listener-contrib.xml
08:33:28,279 DEBUG [DefaultRuntimeContext] Deploying bundle from url jar:file:/home/matic/.m2/repository/org/nuxeo/ecm/core/nuxeo-core/1.6.2-APG-240-SNAPSHOT/nuxeo-core-1.6.2-APG-240-SNAPSHOT.jar!/OSGI-INF/lifecycle-listener-contrib.xml
08:33:28,285 DEBUG [ComponentManagerImpl] Dispatching event: COMPONENT_REGISTERED: service:org.nuxeo.ecm.core.event.lifecycle.listener
08:33:28,286 INFO  [ComponentManagerImpl] Registering component: service:org.nuxeo.ecm.core.event.lifecycle.listener
08:33:28,287 DEBUG [ComponentManagerImpl] Dispatching event: COMPONENT_RESOLVED: service:org.nuxeo.ecm.core.event.lifecycle.listener
08:33:28,287 DEBUG [ComponentManagerImpl] Dispatching event: ACTIVATING_COMPONENT: service:org.nuxeo.ecm.core.event.lifecycle.listener
08:33:28,288 DEBUG [ComponentManagerImpl] Dispatching event: COMPONENT_ACTIVATED: service:org.nuxeo.ecm.core.event.lifecycle.listener
08:33:28,293 DEBUG [ComponentManagerImpl] Enqueue contributed extension to pending queue: ExtensionImpl {target: service:org.nuxeo.ecm.core.event.EventServiceComponent, point:listener, contributor:RegistrationInfo: service:org.nuxeo.ecm.core.event.lifecycle.listener}
08:33:28,297 DEBUG [ComponentManagerImpl] Dispatching event: EXTENSION_PENDING: service:org.nuxeo.ecm.core.event.lifecycle.listener
08:33:28,298 DEBUG [OSGiRuntimeService] Loading component for: org.nuxeo.ecm.core path: OSGI-INF/SecurityService.xml url: jar:file:/home/matic/.m2/repository/org/nuxeo/ecm/core/nuxeo-core/1.6.2-APG-240-SNAPSHOT/nuxeo-core-1.6.2-APG-240-SNAPSHOT.jar!/OSGI-INF/SecurityService.xml
08:33:28,298 DEBUG [DefaultRuntimeContext] Deploying bundle from url jar:file:/home/matic/.m2/repository/org/nuxeo/ecm/core/nuxeo-core/1.6.2-APG-240-SNAPSHOT/nuxeo-core-1.6.2-APG-240-SNAPSHOT.jar!/OSGI-INF/SecurityService.xml
08:33:28,321 DEBUG [ComponentManagerImpl] Dispatching event: COMPONENT_REGISTERED: service:org.nuxeo.ecm.core.security.SecurityService
08:33:28,322 INFO  [ComponentManagerImpl] Registering component: service:org.nuxeo.ecm.core.security.SecurityService
08:33:28,323 INFO  [ComponentManagerImpl] Registering service: org.nuxeo.ecm.core.security.SecurityService
08:33:28,323 INFO  [ComponentManagerImpl] Registering service: org.nuxeo.ecm.core.api.security.PermissionProvider
08:33:28,323 INFO  [ComponentManagerImpl] Registering service: org.nuxeo.ecm.core.security.SecurityPolicyService
08:33:28,324 DEBUG [ComponentManagerImpl] Dispatching event: COMPONENT_RESOLVED: service:org.nuxeo.ecm.core.security.SecurityService
08:33:28,338 DEBUG [ComponentManagerImpl] Dispatching event: ACTIVATING_COMPONENT: service:org.nuxeo.ecm.core.security.SecurityService
08:33:28,341 DEBUG [ComponentManagerImpl] Dispatching event: COMPONENT_ACTIVATED: service:org.nuxeo.ecm.core.security.SecurityService
08:33:28,342 DEBUG [OSGiRuntimeService] Loading component for: org.nuxeo.ecm.core path: OSGI-INF/permissions-contrib.xml url: jar:file:/home/matic/.m2/repository/org/nuxeo/ecm/core/nuxeo-core/1.6.2-APG-240-SNAPSHOT/nuxeo-core-1.6.2-APG-240-SNAPSHOT.jar!/OSGI-INF/permissions-contrib.xml
08:33:28,342 DEBUG [DefaultRuntimeContext] Deploying bundle from url jar:file:/home/matic/.m2/repository/org/nuxeo/ecm/core/nuxeo-core/1.6.2-APG-240-SNAPSHOT/nuxeo-core-1.6.2-APG-240-SNAPSHOT.jar!/OSGI-INF/permissions-contrib.xml
08:33:28,354 DEBUG [ComponentManagerImpl] Dispatching event: COMPONENT_REGISTERED: service:org.nuxeo.ecm.core.security.defaultPermissions
08:33:28,355 INFO  [ComponentManagerImpl] Registering component: service:org.nuxeo.ecm.core.security.defaultPermissions
08:33:28,355 DEBUG [ComponentManagerImpl] Dispatching event: COMPONENT_RESOLVED: service:org.nuxeo.ecm.core.security.defaultPermissions
08:33:28,355 DEBUG [ComponentManagerImpl] Dispatching event: ACTIVATING_COMPONENT: service:org.nuxeo.ecm.core.security.defaultPermissions
08:33:28,356 DEBUG [ComponentManagerImpl] Dispatching event: COMPONENT_ACTIVATED: service:org.nuxeo.ecm.core.security.defaultPermissions
08:33:28,356 DEBUG [ComponentManagerImpl] Register contributed extension: ExtensionImpl {target: service:org.nuxeo.ecm.core.security.SecurityService, point:permissions, contributor:RegistrationInfo: service:org.nuxeo.ecm.core.security.defaultPermissions}
08:33:28,366 DEBUG [ComponentManagerImpl] Dispatching event: EXTENSION_REGISTERED: service:org.nuxeo.ecm.core.security.defaultPermissions
08:33:28,367 DEBUG [ComponentManagerImpl] Register contributed extension: ExtensionImpl {target: service:org.nuxeo.ecm.core.security.SecurityService, point:permissionsVisibility, contributor:RegistrationInfo: service:org.nuxeo.ecm.core.security.defaultPermissions}
08:33:28,372 DEBUG [ComponentManagerImpl] Dispatching event: EXTENSION_REGISTERED: service:org.nuxeo.ecm.core.security.defaultPermissions
08:33:28,373 DEBUG [OSGiRuntimeService] Loading component for: org.nuxeo.ecm.core path: OSGI-INF/security-policy-contrib.xml url: jar:file:/home/matic/.m2/repository/org/nuxeo/ecm/core/nuxeo-core/1.6.2-APG-240-SNAPSHOT/nuxeo-core-1.6.2-APG-240-SNAPSHOT.jar!/OSGI-INF/security-policy-contrib.xml
08:33:28,377 DEBUG [DefaultRuntimeContext] Deploying bundle from url jar:file:/home/matic/.m2/repository/org/nuxeo/ecm/core/nuxeo-core/1.6.2-APG-240-SNAPSHOT/nuxeo-core-1.6.2-APG-240-SNAPSHOT.jar!/OSGI-INF/security-policy-contrib.xml
08:33:28,380 DEBUG [ComponentManagerImpl] Dispatching event: COMPONENT_REGISTERED: service:org.nuxeo.ecm.core.security.defaultPolicies
08:33:28,380 INFO  [ComponentManagerImpl] Registering component: service:org.nuxeo.ecm.core.security.defaultPolicies
08:33:28,381 DEBUG [ComponentManagerImpl] Dispatching event: COMPONENT_RESOLVED: service:org.nuxeo.ecm.core.security.defaultPolicies
08:33:28,381 DEBUG [ComponentManagerImpl] Dispatching event: ACTIVATING_COMPONENT: service:org.nuxeo.ecm.core.security.defaultPolicies
08:33:28,386 DEBUG [ComponentManagerImpl] Dispatching event: COMPONENT_ACTIVATED: service:org.nuxeo.ecm.core.security.defaultPolicies
08:33:28,387 DEBUG [ComponentManagerImpl] Register contributed extension: ExtensionImpl {target: service:org.nuxeo.ecm.core.security.SecurityService, point:policies, contributor:RegistrationInfo: service:org.nuxeo.ecm.core.security.defaultPolicies}
08:33:28,390 DEBUG [ComponentManagerImpl] Dispatching event: EXTENSION_REGISTERED: service:org.nuxeo.ecm.core.security.defaultPolicies
08:33:28,391 DEBUG [OSGiRuntimeService] Loading component for: org.nuxeo.ecm.core path: OSGI-INF/trash-service.xml url: jar:file:/home/matic/.m2/repository/org/nuxeo/ecm/core/nuxeo-core/1.6.2-APG-240-SNAPSHOT/nuxeo-core-1.6.2-APG-240-SNAPSHOT.jar!/OSGI-INF/trash-service.xml
08:33:28,391 DEBUG [DefaultRuntimeContext] Deploying bundle from url jar:file:/home/matic/.m2/repository/org/nuxeo/ecm/core/nuxeo-core/1.6.2-APG-240-SNAPSHOT/nuxeo-core-1.6.2-APG-240-SNAPSHOT.jar!/OSGI-INF/trash-service.xml
08:33:28,395 DEBUG [ComponentManagerImpl] Dispatching event: COMPONENT_REGISTERED: service:org.nuxeo.ecm.core.trash.TrashService
08:33:28,397 INFO  [ComponentManagerImpl] Registering component: service:org.nuxeo.ecm.core.trash.TrashService
08:33:28,398 INFO  [ComponentManagerImpl] Registering service: org.nuxeo.ecm.core.trash.TrashService
08:33:28,398 DEBUG [ComponentManagerImpl] Dispatching event: COMPONENT_RESOLVED: service:org.nuxeo.ecm.core.trash.TrashService
08:33:28,400 DEBUG [ComponentManagerImpl] Dispatching event: ACTIVATING_COMPONENT: service:org.nuxeo.ecm.core.trash.TrashService
08:33:28,408 DEBUG [ComponentManagerImpl] Dispatching event: COMPONENT_ACTIVATED: service:org.nuxeo.ecm.core.trash.TrashService
08:33:28,409 DEBUG [OSGiComponentLoader] Bundle changed: org.nuxeo.ecm.core STARTING
08:33:28,410 INFO  [NXCoreActivator] ---------------- Starting Nuxeo Core ------------------
08:33:28,411 DEBUG [OSGiComponentLoader] Bundle changed: org.nuxeo.ecm.core STARTED
08:33:28,415 INFO  [NXRuntimeTestCase] Bundle 'org.nuxeo.ecm.core.query' has URL file:/home/matic/.m2/repository/org/nuxeo/ecm/core/nuxeo-core-query/1.6.2-APG-240-SNAPSHOT/nuxeo-core-query-1.6.2-APG-240-SNAPSHOT.jar
08:33:28,423 INFO  [NXRuntimeTestCase] Bundle 'joda-time' has URL file:/home/matic/.m2/repository/joda-time/joda-time/1.6/joda-time-1.6.jar
08:33:28,424 INFO  [NXRuntimeTestCase] Bundle 'org.nuxeo.ecm.core.event' has URL file:/home/matic/.m2/repository/org/nuxeo/ecm/core/nuxeo-core-event/1.6.2-APG-240-SNAPSHOT/nuxeo-core-event-1.6.2-APG-240-SNAPSHOT.jar
08:33:28,425 INFO  [BundleRegistry] Registering resolved bundle: org.nuxeo.ecm.core.event
08:33:28,428 DEBUG [OSGiComponentLoader] Bundle changed: org.nuxeo.ecm.core.event RESOLVED
08:33:28,429 DEBUG [OSGiComponentLoader] Bundle changed: org.nuxeo.ecm.core.event RESOLVED with components: OSGI-INF/EventService.xml, OSGI-INF/management-contrib.xml
08:33:28,446 DEBUG [OSGiRuntimeService] Bundle: org.nuxeo.ecm.core.event components: OSGI-INF/EventService.xml, OSGI-INF/management-contrib.xml
08:33:28,447 DEBUG [OSGiRuntimeService] Loading component for: org.nuxeo.ecm.core.event path: OSGI-INF/EventService.xml url: jar:file:/home/matic/.m2/repository/org/nuxeo/ecm/core/nuxeo-core-event/1.6.2-APG-240-SNAPSHOT/nuxeo-core-event-1.6.2-APG-240-SNAPSHOT.jar!/OSGI-INF/EventService.xml
08:33:28,447 DEBUG [DefaultRuntimeContext] Deploying bundle from url jar:file:/home/matic/.m2/repository/org/nuxeo/ecm/core/nuxeo-core-event/1.6.2-APG-240-SNAPSHOT/nuxeo-core-event-1.6.2-APG-240-SNAPSHOT.jar!/OSGI-INF/EventService.xml
08:33:28,460 DEBUG [ComponentManagerImpl] Dispatching event: COMPONENT_REGISTERED: service:org.nuxeo.ecm.core.event.EventServiceComponent
08:33:28,461 INFO  [ComponentManagerImpl] Registering component: service:org.nuxeo.ecm.core.event.EventServiceComponent
08:33:28,461 INFO  [ComponentManagerImpl] Registering service: org.nuxeo.ecm.core.event.EventService
08:33:28,465 INFO  [ComponentManagerImpl] Registering service: org.nuxeo.ecm.core.event.EventProducer
08:33:28,466 INFO  [ComponentManagerImpl] Registering service: org.nuxeo.ecm.core.event.EventServiceAdmin
08:33:28,466 DEBUG [ComponentManagerImpl] Dispatching event: COMPONENT_RESOLVED: service:org.nuxeo.ecm.core.event.EventServiceComponent
08:33:28,469 DEBUG [ComponentManagerImpl] Dispatching event: ACTIVATING_COMPONENT: service:org.nuxeo.ecm.core.event.EventServiceComponent
08:33:28,504 DEBUG [ComponentManagerImpl] Dispatching event: COMPONENT_ACTIVATED: service:org.nuxeo.ecm.core.event.EventServiceComponent
08:33:28,523 DEBUG [OSGiRuntimeService] Loading component for: org.nuxeo.ecm.core.event path: OSGI-INF/management-contrib.xml url: jar:file:/home/matic/.m2/repository/org/nuxeo/ecm/core/nuxeo-core-event/1.6.2-APG-240-SNAPSHOT/nuxeo-core-event-1.6.2-APG-240-SNAPSHOT.jar!/OSGI-INF/management-contrib.xml
08:33:28,524 DEBUG [DefaultRuntimeContext] Deploying bundle from url jar:file:/home/matic/.m2/repository/org/nuxeo/ecm/core/nuxeo-core-event/1.6.2-APG-240-SNAPSHOT/nuxeo-core-event-1.6.2-APG-240-SNAPSHOT.jar!/OSGI-INF/management-contrib.xml
08:33:28,530 DEBUG [ComponentManagerImpl] Dispatching event: COMPONENT_REGISTERED: service:org.nuxeo.ecm.event.management
08:33:28,532 INFO  [ComponentManagerImpl] Registering component: service:org.nuxeo.ecm.event.management
08:33:28,541 DEBUG [ComponentManagerImpl] Dispatching event: COMPONENT_RESOLVED: service:org.nuxeo.ecm.event.management
08:33:28,542 DEBUG [ComponentManagerImpl] Dispatching event: ACTIVATING_COMPONENT: service:org.nuxeo.ecm.event.management
08:33:28,542 DEBUG [ComponentManagerImpl] Dispatching event: COMPONENT_ACTIVATED: service:org.nuxeo.ecm.event.management
08:33:28,543 DEBUG [ComponentManagerImpl] Enqueue contributed extension to pending queue: ExtensionImpl {target: service:org.nuxeo.runtime.management.ResourcePublisher, point:factories, contributor:RegistrationInfo: service:org.nuxeo.ecm.event.management}
08:33:28,543 DEBUG [ComponentManagerImpl] Dispatching event: EXTENSION_PENDING: service:org.nuxeo.ecm.event.management
08:33:28,544 DEBUG [OSGiComponentLoader] Bundle changed: org.nuxeo.ecm.core.event STARTING
08:33:28,544 DEBUG [OSGiComponentLoader] Bundle changed: org.nuxeo.ecm.core.event STARTED
08:33:28,551 INFO  [NXRuntimeTestCase] Bundle 'org.nuxeo.runtime.management' has URL file:/home/matic/.m2/repository/org/nuxeo/runtime/nuxeo-runtime-management/1.6.2-APG-240-SNAPSHOT/nuxeo-runtime-management-1.6.2-APG-240-SNAPSHOT.jar
08:33:28,554 INFO  [NXRuntimeTestCase] Bundle 'org.nuxeo.ecm.core.convert.api' has URL file:/home/matic/.m2/repository/org/nuxeo/ecm/core/nuxeo-core-convert-api/1.6.2-APG-240-SNAPSHOT/nuxeo-core-convert-api-1.6.2-APG-240-SNAPSHOT.jar
08:33:28,555 INFO  [NXRuntimeTestCase] Bundle 'org.nuxeo.ecm.core.storage.sql' has URL file:/home/matic/.m2/repository/org/nuxeo/ecm/core/nuxeo-core-storage-sql/1.6.2-APG-240-SNAPSHOT/nuxeo-core-storage-sql-1.6.2-APG-240-SNAPSHOT.jar
08:33:28,557 INFO  [BundleRegistry] Registering resolved bundle: org.nuxeo.ecm.core.storage.sql
08:33:28,559 DEBUG [OSGiComponentLoader] Bundle changed: org.nuxeo.ecm.core.storage.sql RESOLVED
08:33:28,560 DEBUG [OSGiComponentLoader] Bundle changed: org.nuxeo.ecm.core.storage.sql RESOLVED with components: OSGI-INF/management-contrib.xml, OSGI-INF/listener-contrib.xml, OSGI-INF/querymaker-service.xml, OSGI-INF/querymaker-contrib.xml
08:33:28,571 DEBUG [OSGiRuntimeService] Bundle: org.nuxeo.ecm.core.storage.sql components: OSGI-INF/management-contrib.xml, OSGI-INF/listener-contrib.xml, OSGI-INF/querymaker-service.xml, OSGI-INF/querymaker-contrib.xml
08:33:28,573 DEBUG [OSGiRuntimeService] Loading component for: org.nuxeo.ecm.core.storage.sql path: OSGI-INF/management-contrib.xml url: jar:file:/home/matic/.m2/repository/org/nuxeo/ecm/core/nuxeo-core-storage-sql/1.6.2-APG-240-SNAPSHOT/nuxeo-core-storage-sql-1.6.2-APG-240-SNAPSHOT.jar!/OSGI-INF/management-contrib.xml
08:33:28,580 DEBUG [DefaultRuntimeContext] Deploying bundle from url jar:file:/home/matic/.m2/repository/org/nuxeo/ecm/core/nuxeo-core-storage-sql/1.6.2-APG-240-SNAPSHOT/nuxeo-core-storage-sql-1.6.2-APG-240-SNAPSHOT.jar!/OSGI-INF/management-contrib.xml
08:33:28,584 DEBUG [ComponentManagerImpl] Dispatching event: COMPONENT_REGISTERED: service:org.nuxeo.ecm.core.storage.sql.management
08:33:28,584 INFO  [ComponentManagerImpl] Registering component: service:org.nuxeo.ecm.core.storage.sql.management
08:33:28,585 DEBUG [ComponentManagerImpl] Dispatching event: COMPONENT_RESOLVED: service:org.nuxeo.ecm.core.storage.sql.management
08:33:28,585 DEBUG [ComponentManagerImpl] Dispatching event: ACTIVATING_COMPONENT: service:org.nuxeo.ecm.core.storage.sql.management
08:33:28,586 DEBUG [ComponentManagerImpl] Dispatching event: COMPONENT_ACTIVATED: service:org.nuxeo.ecm.core.storage.sql.management
08:33:28,586 DEBUG [ComponentManagerImpl] Enqueue contributed extension to pending queue: ExtensionImpl {target: service:org.nuxeo.runtime.management.ResourcePublisher, point:factories, contributor:RegistrationInfo: service:org.nuxeo.ecm.core.storage.sql.management}
08:33:28,589 DEBUG [ComponentManagerImpl] Dispatching event: EXTENSION_PENDING: service:org.nuxeo.ecm.core.storage.sql.management
08:33:28,590 DEBUG [OSGiRuntimeService] Loading component for: org.nuxeo.ecm.core.storage.sql path: OSGI-INF/listener-contrib.xml url: jar:file:/home/matic/.m2/repository/org/nuxeo/ecm/core/nuxeo-core-storage-sql/1.6.2-APG-240-SNAPSHOT/nuxeo-core-storage-sql-1.6.2-APG-240-SNAPSHOT.jar!/OSGI-INF/listener-contrib.xml
08:33:28,606 DEBUG [DefaultRuntimeContext] Deploying bundle from url jar:file:/home/matic/.m2/repository/org/nuxeo/ecm/core/nuxeo-core-storage-sql/1.6.2-APG-240-SNAPSHOT/nuxeo-core-storage-sql-1.6.2-APG-240-SNAPSHOT.jar!/OSGI-INF/listener-contrib.xml
08:33:28,621 DEBUG [ComponentManagerImpl] Dispatching event: COMPONENT_REGISTERED: service:org.nuxeo.ecm.core.storage.sql.listener
08:33:28,622 INFO  [ComponentManagerImpl] Registration delayed for component: service:org.nuxeo.ecm.core.storage.sql.listener. Waiting for: [service:org.nuxeo.ecm.core.convert.service.ConversionServiceImpl]
08:33:28,623 DEBUG [OSGiRuntimeService] Loading component for: org.nuxeo.ecm.core.storage.sql path: OSGI-INF/querymaker-service.xml url: jar:file:/home/matic/.m2/repository/org/nuxeo/ecm/core/nuxeo-core-storage-sql/1.6.2-APG-240-SNAPSHOT/nuxeo-core-storage-sql-1.6.2-APG-240-SNAPSHOT.jar!/OSGI-INF/querymaker-service.xml
08:33:28,623 DEBUG [DefaultRuntimeContext] Deploying bundle from url jar:file:/home/matic/.m2/repository/org/nuxeo/ecm/core/nuxeo-core-storage-sql/1.6.2-APG-240-SNAPSHOT/nuxeo-core-storage-sql-1.6.2-APG-240-SNAPSHOT.jar!/OSGI-INF/querymaker-service.xml
08:33:28,645 DEBUG [ComponentManagerImpl] Dispatching event: COMPONENT_REGISTERED: service:org.nuxeo.ecm.core.storage.sql.jdbc.QueryMakerService
08:33:28,646 INFO  [ComponentManagerImpl] Registering component: service:org.nuxeo.ecm.core.storage.sql.jdbc.QueryMakerService
08:33:28,646 INFO  [ComponentManagerImpl] Registering service: org.nuxeo.ecm.core.storage.sql.jdbc.QueryMakerService
08:33:28,647 DEBUG [ComponentManagerImpl] Dispatching event: COMPONENT_RESOLVED: service:org.nuxeo.ecm.core.storage.sql.jdbc.QueryMakerService
08:33:28,650 DEBUG [ComponentManagerImpl] Dispatching event: ACTIVATING_COMPONENT: service:org.nuxeo.ecm.core.storage.sql.jdbc.QueryMakerService
08:33:28,650 DEBUG [ComponentManagerImpl] Dispatching event: COMPONENT_ACTIVATED: service:org.nuxeo.ecm.core.storage.sql.jdbc.QueryMakerService
08:33:28,651 DEBUG [OSGiRuntimeService] Loading component for: org.nuxeo.ecm.core.storage.sql path: OSGI-INF/querymaker-contrib.xml url: jar:file:/home/matic/.m2/repository/org/nuxeo/ecm/core/nuxeo-core-storage-sql/1.6.2-APG-240-SNAPSHOT/nuxeo-core-storage-sql-1.6.2-APG-240-SNAPSHOT.jar!/OSGI-INF/querymaker-contrib.xml
08:33:28,651 DEBUG [DefaultRuntimeContext] Deploying bundle from url jar:file:/home/matic/.m2/repository/org/nuxeo/ecm/core/nuxeo-core-storage-sql/1.6.2-APG-240-SNAPSHOT/nuxeo-core-storage-sql-1.6.2-APG-240-SNAPSHOT.jar!/OSGI-INF/querymaker-contrib.xml
08:33:28,655 DEBUG [ComponentManagerImpl] Dispatching event: COMPONENT_REGISTERED: service:org.nuxeo.ecm.core.storage.sql.jdbc.querymaker.contrib
08:33:28,655 INFO  [ComponentManagerImpl] Registering component: service:org.nuxeo.ecm.core.storage.sql.jdbc.querymaker.contrib
08:33:28,656 DEBUG [ComponentManagerImpl] Dispatching event: COMPONENT_RESOLVED: service:org.nuxeo.ecm.core.storage.sql.jdbc.querymaker.contrib
08:33:28,657 DEBUG [ComponentManagerImpl] Dispatching event: ACTIVATING_COMPONENT: service:org.nuxeo.ecm.core.storage.sql.jdbc.querymaker.contrib
08:33:28,657 DEBUG [ComponentManagerImpl] Dispatching event: COMPONENT_ACTIVATED: service:org.nuxeo.ecm.core.storage.sql.jdbc.querymaker.contrib
08:33:28,658 DEBUG [ComponentManagerImpl] Register contributed extension: ExtensionImpl {target: service:org.nuxeo.ecm.core.storage.sql.jdbc.QueryMakerService, point:queryMaker, contributor:RegistrationInfo: service:org.nuxeo.ecm.core.storage.sql.jdbc.querymaker.contrib}
08:33:28,683 INFO  [QueryMakerServiceImpl] Registering QueryMaker 'NXQL': org.nuxeo.ecm.core.storage.sql.jdbc.NXQLQueryMaker
08:33:28,683 DEBUG [ComponentManagerImpl] Dispatching event: EXTENSION_REGISTERED: service:org.nuxeo.ecm.core.storage.sql.jdbc.querymaker.contrib
08:33:28,684 DEBUG [OSGiComponentLoader] Bundle changed: org.nuxeo.ecm.core.storage.sql STARTING
08:33:28,684 DEBUG [OSGiComponentLoader] Bundle changed: org.nuxeo.ecm.core.storage.sql STARTED
08:33:28,711 INFO  [NXRuntimeTestCase] Deploying contribution from jar:file:/home/matic/.m2/repository/org/nuxeo/ecm/core/nuxeo-core-storage-sql-test/1.6.2-APG-240-SNAPSHOT/nuxeo-core-storage-sql-test-1.6.2-APG-240-SNAPSHOT.jar!/OSGI-INF/test-repo-repository-h2-contrib.xml
08:33:28,712 DEBUG [DefaultRuntimeContext] Deploying bundle from url jar:file:/home/matic/.m2/repository/org/nuxeo/ecm/core/nuxeo-core-storage-sql-test/1.6.2-APG-240-SNAPSHOT/nuxeo-core-storage-sql-test-1.6.2-APG-240-SNAPSHOT.jar!/OSGI-INF/test-repo-repository-h2-contrib.xml
08:33:28,720 DEBUG [ComponentManagerImpl] Dispatching event: COMPONENT_REGISTERED: service:org.nuxeo.ecm.core.storage.sql.test.repo.repository
08:33:28,721 INFO  [ComponentManagerImpl] Registering component: service:org.nuxeo.ecm.core.storage.sql.test.repo.repository
08:33:28,721 DEBUG [ComponentManagerImpl] Dispatching event: COMPONENT_RESOLVED: service:org.nuxeo.ecm.core.storage.sql.test.repo.repository
08:33:28,721 DEBUG [ComponentManagerImpl] Dispatching event: ACTIVATING_COMPONENT: service:org.nuxeo.ecm.core.storage.sql.test.repo.repository
08:33:28,722 DEBUG [ComponentManagerImpl] Dispatching event: COMPONENT_ACTIVATED: service:org.nuxeo.ecm.core.storage.sql.test.repo.repository
08:33:28,722 DEBUG [ComponentManagerImpl] Register contributed extension: ExtensionImpl {target: service:org.nuxeo.ecm.core.api.repository.RepositoryManager, point:repositories, contributor:RegistrationInfo: service:org.nuxeo.ecm.core.storage.sql.test.repo.repository}
08:33:28,726 DEBUG [ComponentManagerImpl] Dispatching event: EXTENSION_REGISTERED: service:org.nuxeo.ecm.core.storage.sql.test.repo.repository
08:33:28,726 DEBUG [ComponentManagerImpl] Register contributed extension: ExtensionImpl {target: service:org.nuxeo.ecm.core.repository.RepositoryService, point:repository, contributor:RegistrationInfo: service:org.nuxeo.ecm.core.storage.sql.test.repo.repository}
08:33:28,741 INFO  [RepositoryManager] Registering repository: test
08:33:28,743 DEBUG [ComponentManagerImpl] Dispatching event: EXTENSION_REGISTERED: service:org.nuxeo.ecm.core.storage.sql.test.repo.repository
08:33:28,744 INFO  [BundleRegistry] Registering resolved bundle: org.nuxeo.ecm.platform.heartbeat.api
08:33:28,745 DEBUG [OSGiComponentLoader] Bundle changed: org.nuxeo.ecm.platform.heartbeat.api RESOLVED
08:33:28,745 DEBUG [OSGiComponentLoader] Bundle changed: org.nuxeo.ecm.platform.heartbeat.api RESOLVED with no components
08:33:28,746 DEBUG [OSGiComponentLoader] Bundle changed: org.nuxeo.ecm.platform.heartbeat.api STARTING
08:33:28,746 DEBUG [OSGiComponentLoader] Bundle changed: org.nuxeo.ecm.platform.heartbeat.api STARTED
08:33:28,747 INFO  [BundleRegistry] Registering resolved bundle: org.nuxeo.ecm.platform.heartbeat
08:33:28,747 DEBUG [OSGiComponentLoader] Bundle changed: org.nuxeo.ecm.platform.heartbeat RESOLVED
08:33:28,748 DEBUG [OSGiComponentLoader] Bundle changed: org.nuxeo.ecm.platform.heartbeat RESOLVED with components: OSGI-INF/heartbeat-framework.xml
08:33:28,752 DEBUG [OSGiRuntimeService] Bundle: org.nuxeo.ecm.platform.heartbeat components: OSGI-INF/heartbeat-framework.xml
08:33:28,753 DEBUG [OSGiRuntimeService] Loading component for: org.nuxeo.ecm.platform.heartbeat path: OSGI-INF/heartbeat-framework.xml url: file:/usr/local/src/org.nuxeo.tests/nuxeo-service/nuxeo-platform-heartbeat-core/target/classes/OSGI-INF/heartbeat-framework.xml
08:33:28,754 DEBUG [DefaultRuntimeContext] Deploying bundle from url file:/usr/local/src/org.nuxeo.tests/nuxeo-service/nuxeo-platform-heartbeat-core/target/classes/OSGI-INF/heartbeat-framework.xml
08:33:28,758 DEBUG [ComponentManagerImpl] Dispatching event: COMPONENT_REGISTERED: service:org.nuxeo.ecm.platform.heartbeat
08:33:28,759 INFO  [ComponentManagerImpl] Registering component: service:org.nuxeo.ecm.platform.heartbeat
08:33:28,759 INFO  [ComponentManagerImpl] Registering service: org.nuxeo.ecm.platform.heartbeat.api.ServerHeartBeat
08:33:28,759 DEBUG [ComponentManagerImpl] Dispatching event: COMPONENT_RESOLVED: service:org.nuxeo.ecm.platform.heartbeat
08:33:28,762 DEBUG [ComponentManagerImpl] Dispatching event: ACTIVATING_COMPONENT: service:org.nuxeo.ecm.platform.heartbeat
08:33:28,766 DEBUG [ComponentManagerImpl] Dispatching event: COMPONENT_ACTIVATED: service:org.nuxeo.ecm.platform.heartbeat
08:33:28,766 DEBUG [ComponentManagerImpl] Register contributed extension: ExtensionImpl {target: service:org.nuxeo.ecm.core.schema.TypeService, point:doctype, contributor:RegistrationInfo: service:org.nuxeo.ecm.platform.heartbeat}
08:33:28,768 INFO  [SchemaManagerImpl] Registered document type: ServerRoot
08:33:28,768 INFO  [SchemaManagerImpl] Registered document type: Server
08:33:28,768 DEBUG [ComponentManagerImpl] Dispatching event: EXTENSION_REGISTERED: service:org.nuxeo.ecm.platform.heartbeat
08:33:28,769 DEBUG [ComponentManagerImpl] Register contributed extension: ExtensionImpl {target: service:org.nuxeo.ecm.core.schema.TypeService, point:schema, contributor:RegistrationInfo: service:org.nuxeo.ecm.platform.heartbeat}
08:33:28,784 INFO  [TypeService] Registered schema: heartbeatserver from file:/usr/local/src/org.nuxeo.tests/nuxeo-service/nuxeo-platform-heartbeat-core/target/classes/schemas/heartbeatserver.xsd
08:33:28,785 DEBUG [ComponentManagerImpl] Dispatching event: EXTENSION_REGISTERED: service:org.nuxeo.ecm.platform.heartbeat
08:33:28,786 DEBUG [OSGiComponentLoader] Bundle changed: org.nuxeo.ecm.platform.heartbeat STARTING
08:33:28,786 DEBUG [OSGiComponentLoader] Bundle changed: org.nuxeo.ecm.platform.heartbeat STARTED
08:33:28,787 DEBUG [OSGiAdapter] Firing FrameworkEvent on 2 listeners
08:33:28,787 DEBUG [OSGiAdapter] Start execution of class org.nuxeo.runtime.test.OSGiRuntimeTestService listener
08:33:28,788 DEBUG [ComponentManagerImpl] Dispatching event: COMPONENT_REGISTERED: service:org.nuxeo.runtime.started
08:33:28,788 INFO  [ComponentManagerImpl] Registering component: service:org.nuxeo.runtime.started
08:33:28,788 DEBUG [ComponentManagerImpl] Dispatching event: COMPONENT_RESOLVED: service:org.nuxeo.runtime.started
08:33:28,789 DEBUG [ComponentManagerImpl] Dispatching event: ACTIVATING_COMPONENT: service:org.nuxeo.runtime.started
08:33:28,789 DEBUG [ComponentManagerImpl] Dispatching event: COMPONENT_ACTIVATED: service:org.nuxeo.runtime.started
08:33:28,790 ERROR [OSGiRuntimeService] Nuxeo EP Started
======================================================================
= Nuxeo EP Started
======================================================================
= Component Loading Status: Pending: 3 / Unstarted: 0 / Total: 28
  * service:org.nuxeo.ecm.core.storage.sql.management requires [service:org.nuxeo.runtime.management.ResourcePublisher]
  * service:org.nuxeo.ecm.event.management requires [service:org.nuxeo.runtime.management.ResourcePublisher]
  * service:org.nuxeo.ecm.core.storage.sql.listener requires [service:org.nuxeo.ecm.core.convert.service.ConversionServiceImpl]
======================================================================
08:33:28,791 DEBUG [OSGiAdapter] End execution of class org.nuxeo.runtime.test.OSGiRuntimeTestService listener
08:33:28,791 DEBUG [OSGiAdapter] Start execution of class org.nuxeo.ecm.platform.heartbeat.core.ServerHeartBeatComponent$1 listener
08:33:28,791 INFO  [NuxeoServerHeartBeat] Starting heartbeat scheduler ...
08:33:28,889 DEBUG [DefaultHttpParams] Set parameter http.useragent = Jakarta Commons-HttpClient/3.1
08:33:28,891 DEBUG [DefaultHttpParams] Set parameter http.protocol.version = HTTP/1.1
08:33:28,893 DEBUG [DefaultHttpParams] Set parameter http.connection-manager.class = class org.apache.commons.httpclient.SimpleHttpConnectionManager
08:33:28,893 DEBUG [DefaultHttpParams] Set parameter http.protocol.cookie-policy = default
08:33:28,894 DEBUG [DefaultHttpParams] Set parameter http.protocol.element-charset = US-ASCII
08:33:28,895 DEBUG [DefaultHttpParams] Set parameter http.protocol.content-charset = ISO-8859-1
08:33:28,897 DEBUG [DefaultHttpParams] Set parameter http.method.retry-handler = org.apache.commons.httpclient.DefaultHttpMethodRetryHandler@11a01dd
08:33:28,898 DEBUG [DefaultHttpParams] Set parameter http.dateparser.patterns = [EEE, dd MMM yyyy HH:mm:ss zzz, EEEE, dd-MMM-yy HH:mm:ss zzz, EEE MMM d HH:mm:ss yyyy, EEE, dd-MMM-yyyy HH:mm:ss z, EEE, dd-MMM-yyyy HH-mm-ss z, EEE, dd MMM yy HH:mm:ss z, EEE dd-MMM-yyyy HH:mm:ss z, EEE dd MMM yyyy HH:mm:ss z, EEE dd-MMM-yyyy HH-mm-ss z, EEE dd-MMM-yy HH:mm:ss z, EEE dd MMM yy HH:mm:ss z, EEE,dd-MMM-yy HH:mm:ss z, EEE,dd-MMM-yyyy HH:mm:ss z, EEE, dd-MM-yyyy HH:mm:ss z]
08:33:28,905 DEBUG [DefaultHttpParams] Set parameter http.connection-manager.max-per-host = {HostConfiguration[]=20}
08:33:28,906 DEBUG [DefaultHttpParams] Set parameter http.connection-manager.max-total = 20
08:33:28,908 DEBUG [HttpClient] Java version: 1.6.0_20
08:33:28,908 DEBUG [HttpClient] Java vendor: Sun Microsystems Inc.
08:33:28,909 DEBUG [HttpClient] Java class path: /usr/local/src/org.nuxeo.tests/nuxeo-service/nuxeo-platform-heartbeat-core/target/test-classes:/usr/local/src/org.nuxeo.tests/nuxeo-service/nuxeo-platform-heartbeat-core/target/classes:/home/matic/.m2/repository/org/nuxeo/ecm/core/nuxeo-core-api/1.6.2-APG-240-SNAPSHOT/nuxeo-core-api-1.6.2-APG-240-SNAPSHOT.jar:/home/matic/.m2/repository/org/nuxeo/common/nuxeo-common/1.6.2-APG-240-SNAPSHOT/nuxeo-common-1.6.2-APG-240-SNAPSHOT.jar:/home/matic/.m2/repository/org/nuxeo/runtime/nuxeo-runtime/1.6.2-APG-240-SNAPSHOT/nuxeo-runtime-1.6.2-APG-240-SNAPSHOT.jar:/home/matic/.m2/repository/jboss/jboss-remoting/2.2.2.SP1/jboss-remoting-2.2.2.SP1.jar:/home/matic/.m2/repository/jboss/jboss-common/4.0.4.GA/jboss-common-4.0.4.GA.jar:/home/matic/.m2/repository/org/nuxeo/ecm/core/nuxeo-core-schema/1.6.2-APG-240-SNAPSHOT/nuxeo-core-schema-1.6.2-APG-240-SNAPSHOT.jar:/home/matic/.m2/repository/com/sun/xml/xsom/20060306/xsom-20060306.jar:/home/matic/.m2/repository/com/sun/xml/relaxngDatatype/1.0/relaxngDatatype-1.0.jar:/usr/local/src/org.nuxeo.tests/nuxeo-service/nuxeo-platform-heartbeat-api/target/nuxeo-platform-heartbeat-api-5.3.2-APG-240-SNAPSHOT.jar:/home/matic/.m2/repository/jmock/jmock/1.0.1/jmock-1.0.1.jar:/home/matic/.m2/repository/junit/junit/4.8.1/junit-4.8.1.jar:/home/matic/.m2/repository/org/osgi/osgi-core/4.1/osgi-core-4.1.jar:/home/matic/.m2/repository/org/nuxeo/runtime/nuxeo-runtime-test/1.6.2-APG-240-SNAPSHOT/nuxeo-runtime-test-1.6.2-APG-240-SNAPSHOT.jar:/home/matic/.m2/repository/com/google/code/guice/guice/2.0/guice-2.0.jar:/home/matic/.m2/repository/org/nuxeo/runtime/nuxeo-runtime-osgi/1.6.2-APG-240-SNAPSHOT/nuxeo-runtime-osgi-1.6.2-APG-240-SNAPSHOT.jar:/home/matic/.m2/repository/commons-io/commons-io/1.4/commons-io-1.4.jar:/home/matic/.m2/repository/org/nuxeo/runtime/nuxeo-runtime-jetty-adapter/1.6.2-APG-240-SNAPSHOT/nuxeo-runtime-jetty-adapter-1.6.2-APG-240-SNAPSHOT.jar:/home/matic/.m2/repository/org/seleniumhq/webdriver/webdriver-htmlunit/0.9.7376/webdriver-htmlunit-0.9.7376.jar:/home/matic/.m2/repository/org/seleniumhq/webdriver/webdriver-common/0.9.7376/webdriver-common-0.9.7376.jar:/home/matic/.m2/repository/net/sourceforge/htmlunit/htmlunit/2.4/htmlunit-2.4.jar:/home/matic/.m2/repository/xalan/xalan/2.7.1/xalan-2.7.1.jar:/home/matic/.m2/repository/xalan/serializer/2.7.1/serializer-2.7.1.jar:/home/matic/.m2/repository/commons-collections/commons-collections/3.1/commons-collections-3.1.jar:/home/matic/.m2/repository/commons-lang/commons-lang/2.3/commons-lang-2.3.jar:/home/matic/.m2/repository/commons-httpclient/commons-httpclient/3.1/commons-httpclient-3.1.jar:/home/matic/.m2/repository/commons-logging/commons-logging/1.1/commons-logging-1.1.jar:/home/matic/.m2/repository/log4j/log4j/1.2.13/log4j-1.2.13.jar:/home/matic/.m2/repository/logkit/logkit/1.0.1/logkit-1.0.1.jar:/home/matic/.m2/repository/avalon-framework/avalon-framework/4.1.3/avalon-framework-4.1.3.jar:/home/matic/.m2/repository/javax/servlet/servlet-api/2.4/servlet-api-2.4.jar:/home/matic/.m2/repository/commons-codec/commons-codec/1.3/commons-codec-1.3.jar:/home/matic/.m2/repository/net/sourceforge/htmlunit/htmlunit-core-js/2.6/htmlunit-core-js-2.6.jar:/home/matic/.m2/repository/net/sourceforge/nekohtml/nekohtml/1.9.9/nekohtml-1.9.9.jar:/home/matic/.m2/repository/xerces/xercesImpl/2.9.1/xercesImpl-2.9.1.jar:/home/matic/.m2/repository/net/sourceforge/cssparser/cssparser/0.9.5-NXP-4018/cssparser-0.9.5-NXP-4018.jar:/home/matic/.m2/repository/org/seleniumhq/webdriver/webdriver-ie/0.9.7376/webdriver-ie-0.9.7376.jar:/home/matic/.m2/repository/net/java/dev/jna/jna/3.2.2/jna-3.2.2.jar:/home/matic/.m2/repository/org/seleniumhq/webdriver/webdriver-firefox/0.9.7376/webdriver-firefox-0.9.7376.jar:/home/matic/.m2/repository/org/json/json/20070829/json-20070829.jar:/home/matic/.m2/repository/org/seleniumhq/webdriver/webdriver-chrome/0.9.7376/webdriver-chrome-0.9.7376.jar:/home/matic/.m2/repository/org/seleniumhq/webdriver/webdriver-remote-client/0.9.7376/webdriver-remote-client-0.9.7376.jar:/home/matic/.m2/repository/org/seleniumhq/webdriver/webdriver-remote-common/0.9.7376/webdriver-remote-common-0.9.7376.jar:/home/matic/.m2/repository/org/seleniumhq/webdriver/webdriver-support/0.9.7376/webdriver-support-0.9.7376.jar:/home/matic/.m2/repository/org/hamcrest/hamcrest-all/1.1/hamcrest-all-1.1.jar:/home/matic/.m2/repository/org/w3c/sac/1.3/sac-1.3.jar:/home/matic/.m2/repository/com/google/collections/google-collections/1.0-rc2/google-collections-1.0-rc2.jar:/home/matic/.m2/repository/org/concordion/concordion/1.3.0/concordion-1.3.0.jar:/home/matic/.m2/repository/ognl/ognl/2.7.2/ognl-2.7.2.jar:/home/matic/.m2/repository/jboss/javassist/3.6.ga/javassist-3.6.ga.jar:/home/matic/.m2/repository/xom/xom/1.1/xom-1.1.jar:/home/matic/.m2/repository/javax/transaction/jta/1.1/jta-1.1.jar:/home/matic/.m2/repository/org/nuxeo/ecm/core/nuxeo-core-storage-sql-test/1.6.2-APG-240-SNAPSHOT/nuxeo-core-storage-sql-test-1.6.2-APG-240-SNAPSHOT.jar:/home/matic/.m2/repository/org/nuxeo/runtime/nuxeo-runtime-jtajca/1.6.2-APG-240-SNAPSHOT/nuxeo-runtime-jtajca-1.6.2-APG-240-SNAPSHOT.jar:/home/matic/.m2/repository/org/slf4j/slf4j-log4j12/1.6.0/slf4j-log4j12-1.6.0.jar:/home/matic/.m2/repository/org/slf4j/slf4j-api/1.6.0/slf4j-api-1.6.0.jar:/home/matic/.m2/repository/org/nuxeo/ecm/core/nuxeo-core/1.6.2-APG-240-SNAPSHOT/nuxeo-core-1.6.2-APG-240-SNAPSHOT.jar:/home/matic/.m2/repository/org/nuxeo/ecm/core/nuxeo-core-query/1.6.2-APG-240-SNAPSHOT/nuxeo-core-query-1.6.2-APG-240-SNAPSHOT.jar:/home/matic/.m2/repository/cup/java-cup/0.11a/java-cup-0.11a.jar:/home/matic/.m2/repository/joda-time/joda-time/1.6/joda-time-1.6.jar:/home/matic/.m2/repository/org/nuxeo/ecm/core/nuxeo-core-event/1.6.2-APG-240-SNAPSHOT/nuxeo-core-event-1.6.2-APG-240-SNAPSHOT.jar:/home/matic/.m2/repository/org/nuxeo/runtime/nuxeo-runtime-management/1.6.2-APG-240-SNAPSHOT/nuxeo-runtime-management-1.6.2-APG-240-SNAPSHOT.jar:/home/matic/.m2/repository/javax/script/script-api/1.0/script-api-1.0.jar:/home/matic/.m2/repository/org/nuxeo/ecm/core/nuxeo-core-convert-api/1.6.2-APG-240-SNAPSHOT/nuxeo-core-convert-api-1.6.2-APG-240-SNAPSHOT.jar:/home/matic/.m2/repository/org/nuxeo/ecm/core/nuxeo-core-storage-sql/1.6.2-APG-240-SNAPSHOT/nuxeo-core-storage-sql-1.6.2-APG-240-SNAPSHOT.jar:/home/matic/.m2/repository/org/nuxeo/runtime/nuxeo-runtime-management-metrics/1.6.2-APG-240-SNAPSHOT/nuxeo-runtime-management-metrics-1.6.2-APG-240-SNAPSHOT.jar:/home/matic/.m2/repository/org/javasimon/javasimon-core/2.3.0/javasimon-core-2.3.0.jar:/home/matic/.m2/repository/stax/stax-api/1.0.1/stax-api-1.0.1.jar:/home/matic/.m2/repository/net/java/dev/eval/eval/0.5/eval-0.5.jar:/home/matic/.m2/repository/org/javasimon/javasimon-jmx/2.3.0/javasimon-jmx-2.3.0.jar:/home/matic/.m2/repository/org/javasimon/javasimon-jdbc3/2.3.0/javasimon-jdbc3-2.3.0.jar:/home/matic/.m2/repository/org/mortbay/jetty/jetty/6.1.5/jetty-6.1.5.jar:/home/matic/.m2/repository/org/mortbay/jetty/jetty-util/6.1.5/jetty-util-6.1.5.jar:/home/matic/.m2/repository/org/mortbay/jetty/servlet-api-2.5/6.1.14/servlet-api-2.5-6.1.14.jar:/home/matic/.m2/repository/org/nuxeo/ecm/core/nuxeo-core-storage-sql-ra/1.6.2-APG-240-SNAPSHOT/nuxeo-core-storage-sql-ra-1.6.2-APG-240-SNAPSHOT.jar:/home/matic/.m2/repository/org/nuxeo/ecm/core/nuxeo-core-storage-sql-extensions/1.6.2-APG-240-SNAPSHOT/nuxeo-core-storage-sql-extensions-1.6.2-APG-240-SNAPSHOT.jar:/home/matic/.m2/repository/commons-beanutils/commons-beanutils/1.6/commons-beanutils-1.6.jar:/home/matic/.m2/repository/javax/ressource/jca-api/1.5/jca-api-1.5.jar:/home/matic/.m2/repository/org/apache/geronimo/components/geronimo-connector/2.1.3/geronimo-connector-2.1.3.jar:/home/matic/.m2/repository/org/apache/geronimo/components/geronimo-transaction/2.1.3/geronimo-transaction-2.1.3.jar:/home/matic/.m2/repository/com/h2database/h2/1.1.114-nx/h2-1.1.114-nx.jar:/home/matic/.m2/repository/org/apache/lucene/lucene-core/2.3.2/lucene-core-2.3.2.jar:/home/matic/.m2/repository/org/apache/lucene/lucene-analyzers/2.3.2/lucene-analyzers-2.3.2.jar:/home/matic/.m2/repository/org/apache/derby/derby/10.5.3.0_1/derby-10.5.3.0_1.jar:/home/matic/.m2/repository/postgresql/postgresql/8.3-604.jdbc3/postgresql-8.3-604.jdbc3.jar:/home/matic/.m2/repository/mysql/mysql-connector-java/5.1.6/mysql-connector-java-5.1.6.jar:/home/matic/.m2/repository/net/sourceforge/jtds/jtds/1.2.2/jtds-1.2.2.jar:/home/matic/.m2/repository/org/nuxeo/ecm/core/nuxeo-core-test/1.6.2-APG-240-SNAPSHOT/nuxeo-core-test-1.6.2-APG-240-SNAPSHOT.jar:/home/matic/.m2/repository/org/nuxeo/ecm/core/nuxeo-core-convert/1.6.2-APG-240-SNAPSHOT/nuxeo-core-convert-1.6.2-APG-240-SNAPSHOT.jar:/home/matic/.m2/repository/org/nuxeo/ecm/core/nuxeo-core-jcr-connector/1.6.2-APG-240-SNAPSHOT/nuxeo-core-jcr-connector-1.6.2-APG-240-SNAPSHOT.jar:
08:33:28,909 DEBUG [HttpClient] Operating system name: Linux
08:33:28,910 DEBUG [HttpClient] Operating system architecture: i386
08:33:28,910 DEBUG [HttpClient] Operating system version: 2.6.32-24-generic-pae
08:33:28,967 DEBUG [HttpClient] SUN 1.6: SUN (DSA key/parameter generation; DSA signing; SHA-1, MD5 digests; SecureRandom; X.509 certificates; JKS keystore; PKIX CertPathValidator; PKIX CertPathBuilder; LDAP, Collection CertStores, JavaPolicy Policy; JavaLoginConfig Configuration)
08:33:28,968 DEBUG [HttpClient] SunRsaSign 1.5: Sun RSA signature provider
08:33:28,968 DEBUG [HttpClient] SunJSSE 1.6: Sun JSSE provider(PKCS12, SunX509 key/trust factories, SSLv3, TLSv1)
08:33:28,969 DEBUG [HttpClient] SunJCE 1.6: SunJCE Provider (implements RSA, DES, Triple DES, AES, Blowfish, ARCFOUR, RC2, PBE, Diffie-Hellman, HMAC)
08:33:28,969 DEBUG [HttpClient] SunJGSS 1.0: Sun (Kerberos v5, SPNEGO)
08:33:28,970 DEBUG [HttpClient] SunSASL 1.5: Sun SASL provider(implements client mechanisms for: DIGEST-MD5, GSSAPI, EXTERNAL, PLAIN, CRAM-MD5; server mechanisms for: DIGEST-MD5, GSSAPI, CRAM-MD5)
08:33:28,970 DEBUG [HttpClient] XMLDSig 1.0: XMLDSig (DOM XMLSignatureFactory; DOM KeyInfoFactory)
08:33:28,970 DEBUG [HttpClient] SunPCSC 1.6: Sun PC/SC provider
08:33:28,978 INFO  [DefaultBinaryManager] Repository 'test' using binary store: /tmp/NXOSGITestFramework7543394530324968520129f8db4718-11383252.1/binaries
08:33:29,108 DEBUG [ConvertUtils] Convert string 'sa' to class 'java.lang.String'
08:33:29,110 DEBUG [ConvertUtils] Convert string '' to class 'java.lang.String'
08:33:29,111 DEBUG [ConvertUtils] Convert string 'jdbc:h2:/usr/local/src/org.nuxeo.tests/nuxeo-service/nuxeo-platform-heartbeat-core/target/test/h2/nuxeo' to class 'java.lang.String'
08:33:29,113 DEBUG [RepositoryImpl] Initializing
08:33:29,799 DEBUG [Model] Schemas fields from descriptor: [FieldDescriptor(note,type=largetext)]
08:33:29,800 DEBUG [Model] Making model for type dublincore
08:33:29,800 DEBUG [Model]   String field 'dc:creator' using column type VARCHAR
08:33:29,801 DEBUG [Model]   String field 'dc:source' using column type VARCHAR
08:33:29,801 DEBUG [Model]   String field 'dc:description' using column type VARCHAR
08:33:29,801 DEBUG [Model]   String field 'dc:rights' using column type VARCHAR
08:33:29,802 DEBUG [Model]   String field 'dc:format' using column type VARCHAR
08:33:29,802 DEBUG [Model]   String field 'dc:language' using column type VARCHAR
08:33:29,802 DEBUG [Model]   String field 'dc:coverage' using column type VARCHAR
08:33:29,803 DEBUG [Model]   String field 'dc:title' using column type VARCHAR
08:33:29,803 DEBUG [Model] Making model for type relation
08:33:29,803 DEBUG [Model]   String field 'relation:source' using column type VARCHAR
08:33:29,804 DEBUG [Model]   String field 'relation:target' using column type VARCHAR
08:33:29,805 DEBUG [Model] Fragments for Relation: [dublincore, dc:subjects, relation, dc:contributors, acls, fulltext, misc], prefetch: [dublincore, versions, locks, dc:contributors, acls, misc]
08:33:29,805 DEBUG [Model] Fragments for Document: [acls, fulltext, misc], prefetch: [versions, locks, acls, misc]
08:33:29,805 DEBUG [Model] Making model for type common
08:33:29,806 DEBUG [Model]   String field 'icon' using column type VARCHAR
08:33:29,806 DEBUG [Model]   String field 'icon-expanded' using column type VARCHAR
08:33:29,807 DEBUG [Model] Fragments for TemplateRoot: [dublincore, dc:subjects, common, dc:contributors, acls, fulltext, misc], prefetch: [dublincore, versions, common, locks, dc:contributors, acls, misc]
08:33:29,807 DEBUG [Model] Fragments for Folder: [dublincore, dc:subjects, common, dc:contributors, acls, fulltext, misc], prefetch: [dublincore, versions, common, locks, dc:contributors, acls, misc]
08:33:29,807 DEBUG [Model] Making model for type domain
08:33:29,808 DEBUG [Model] Fragments for Domain: [dublincore, content_roots, dc:subjects, common, domain, dc:contributors, acls, fulltext, misc], prefetch: [dublincore, versions, common, locks, dc:contributors, acls, misc]
08:33:29,809 DEBUG [Model] Fragments for SectionRoot: [dublincore, dc:subjects, common, dc:contributors, acls, fulltext, misc], prefetch: [dublincore, versions, common, locks, dc:contributors, acls, misc]
08:33:29,809 DEBUG [Model] Fragments for WorkspaceRoot: [dublincore, dc:subjects, common, dc:contributors, acls, fulltext, misc], prefetch: [dublincore, versions, common, locks, dc:contributors, acls, misc]
08:33:29,809 DEBUG [Model] Making model for type files
08:33:29,810 DEBUG [Model] Making model for type file
08:33:29,810 DEBUG [Model] Making model for type content
08:33:29,823 DEBUG [Model]   String field 'name' using column type VARCHAR
08:33:29,824 DEBUG [Model]   String field 'encoding' using column type VARCHAR
08:33:29,824 DEBUG [Model]   String field 'digest' using column type VARCHAR
08:33:29,824 DEBUG [Model]   String field 'mime-type' using column type VARCHAR
08:33:29,824 DEBUG [Model]   String field 'filename' using column type VARCHAR
08:33:29,825 DEBUG [Model] Making model for type webcontainer
08:33:29,825 DEBUG [Model]   String field 'webc:welcomeText' using column type VARCHAR
08:33:29,825 DEBUG [Model]   String field 'webc:theme' using column type VARCHAR
08:33:29,825 DEBUG [Model]   String field 'webc:baseline' using column type VARCHAR
08:33:29,826 DEBUG [Model]   String field 'webc:template' using column type VARCHAR
08:33:29,826 DEBUG [Model]   String field 'webc:themePerspective' using column type VARCHAR
08:33:29,826 DEBUG [Model]   String field 'webc:themePage' using column type VARCHAR
08:33:29,826 DEBUG [Model]   String field 'webc:name' using column type VARCHAR
08:33:29,827 DEBUG [Model]   String field 'webc:moderationType' using column type VARCHAR
08:33:29,827 DEBUG [Model]   String field 'webc:url' using column type VARCHAR
08:33:29,827 DEBUG [Model]   String field 'webc:email' using column type VARCHAR
08:33:29,827 DEBUG [Model] Making model for type publishing
08:33:29,828 DEBUG [Model] Fragments for Workspace: [publish:sections, dublincore, dc:subjects, common, file, dc:contributors, acls, webcontainer, fulltext, misc], prefetch: [dublincore, versions, common, locks, dc:contributors, acls, misc]
08:33:29,828 DEBUG [Model] Making model for type uid
08:33:29,829 DEBUG [Model]   String field 'uid' using column type VARCHAR
08:33:29,829 DEBUG [Model] Fragments for File: [dublincore, uid, dc:subjects, common, file, dc:contributors, acls, fulltext, misc], prefetch: [dublincore, versions, common, locks, dc:contributors, acls, misc]
08:33:29,830 DEBUG [Model] Making model for type note
08:33:29,830 DEBUG [Model]   String field 'mime_type' using column type VARCHAR
08:33:29,830 DEBUG [Model]   String field 'stylesheet_filename' using column type VARCHAR
08:33:29,830 DEBUG [Model]   String field 'note' using column type CLOB
08:33:29,831 DEBUG [Model] Fragments for Note: [uid, dublincore, dc:subjects, common, dc:contributors, acls, note, fulltext, misc], prefetch: [dublincore, versions, common, locks, dc:contributors, acls, misc]
08:33:29,831 DEBUG [Model] Making model for type heartbeatserver
08:33:29,832 DEBUG [Model]   String field 'serverId' using column type VARCHAR
08:33:29,832 DEBUG [Model] Fragments for Server: [dublincore, dc:subjects, common, dc:contributors, acls, heartbeatserver, fulltext, misc], prefetch: [dublincore, versions, common, locks, dc:contributors, acls, misc]
08:33:29,833 DEBUG [Model] Fragments for ServerRoot: [dublincore, dc:subjects, common, dc:contributors, acls, fulltext, misc], prefetch: [dublincore, versions, common, locks, dc:contributors, acls, misc]
08:33:29,833 DEBUG [Model] Fragments for Section: [dublincore, dc:subjects, common, file, dc:contributors, acls, fulltext, misc], prefetch: [dublincore, versions, common, locks, dc:contributors, acls, misc]
08:33:29,834 DEBUG [Model] Fragments for Root: [dublincore, dc:subjects, common, dc:contributors, acls, fulltext, misc], prefetch: [dublincore, versions, common, locks, dc:contributors, acls, misc]
08:33:29,834 DEBUG [Model] Fragments for OrderedFolder: [dublincore, dc:subjects, common, dc:contributors, acls, fulltext, misc], prefetch: [dublincore, versions, common, locks, dc:contributors, acls, misc]
08:33:30,381 DEBUG [SessionImpl] Creating root
08:33:30,392 DEBUG [SessionImpl] Queued documents for asynchronous fulltext extraction: 1
08:33:30,396 DEBUG [SessionImpl] Saving session
08:33:30,449 DEBUG [SessionImpl] End of save
08:33:30,450 DEBUG [JDBCMapper] updateReadAcls: updating ...
08:33:30,471 DEBUG [JDBCMapper] updateReadAcls: done.
08:33:30,519 DEBUG [SessionImpl] Queued documents for asynchronous fulltext extraction: 1
08:33:30,520 DEBUG [SessionImpl] Saving session
08:33:30,540 DEBUG [SessionImpl] End of save
08:33:30,544 DEBUG [JDBCMapper] updateReadAcls: updating ...
08:33:30,551 DEBUG [JDBCMapper] updateReadAcls: done.
08:33:30,560 DEBUG [EventBundleTransactionHandler] No TransactionManager
08:33:30,561 DEBUG [AsyncEventExecutor$Job] Async listener executed, commited tx
08:33:30,574 DEBUG [SessionImpl] Queued documents for asynchronous fulltext extraction: 1
08:33:30,574 DEBUG [SessionImpl] Saving session
08:33:30,592 DEBUG [SessionImpl] End of save
08:33:30,592 DEBUG [JDBCMapper] updateReadAcls: updating ...
08:33:30,599 DEBUG [JDBCMapper] updateReadAcls: done.
08:33:30,599 DEBUG [AbstractSession] Destroying core session ...
08:33:30,599 DEBUG [EventBundleTransactionHandler] No TransactionManager
08:33:30,601 DEBUG [AsyncEventExecutor$Job] Async listener executed, commited tx
08:33:30,614 INFO  [NuxeoServerHeartBeat] Heatbeat scheduler started
08:33:30,614 DEBUG [OSGiAdapter] End execution of class org.nuxeo.ecm.platform.heartbeat.core.ServerHeartBeatComponent$1 listener
08:33:40,643 DEBUG [SessionImpl] Saving session
08:33:40,647 DEBUG [SessionImpl] End of save
08:33:40,648 DEBUG [AbstractSession] Destroying core session ...
08:33:40,648 DEBUG [EventBundleTransactionHandler] No TransactionManager
08:33:40,648 DEBUG [AsyncEventExecutor$Job] Async listener executed, commited tx
08:33:40,772 DEBUG [AbstractSession] Destroying core session ...
08:33:40,800 DEBUG [AbstractSession] Destroying core session ...
08:33:50,641 DEBUG [SessionImpl] Saving session
08:33:50,643 DEBUG [SessionImpl] End of save
08:33:50,644 DEBUG [EventBundleTransactionHandler] No TransactionManager
08:33:50,644 DEBUG [AsyncEventExecutor$Job] Async listener executed, commited tx
08:33:50,644 DEBUG [AbstractSession] Destroying core session ...
08:33:50,828 DEBUG [AbstractSession] Destroying core session ...
08:33:50,854 DEBUG [AbstractSession] Destroying core session ...
08:33:50,956 INFO  [AbstractRuntimeService] Stopping Nuxeo Runtime service OSGi NXRuntime; version: 1.4.0
08:33:50,957 INFO  [ComponentManagerImpl] Unregistering component: service:org.nuxeo.runtime.services.deployment.DeploymentService
08:33:50,957 DEBUG [ComponentManagerImpl] Dispatching event: DEACTIVATING_COMPONENT: service:org.nuxeo.runtime.services.deployment.DeploymentService
08:33:50,957 DEBUG [ComponentManagerImpl] Dispatching event: COMPONENT_DEACTIVATED: service:org.nuxeo.runtime.services.deployment.DeploymentService
08:33:50,957 DEBUG [ComponentManagerImpl] Dispatching event: COMPONENT_UNRESOLVED: service:org.nuxeo.runtime.services.deployment.DeploymentService
08:33:50,958 DEBUG [ComponentManagerImpl] Dispatching event: COMPONENT_UNREGISTERED: service:org.nuxeo.runtime.services.deployment.DeploymentService
08:33:50,958 INFO  [ComponentManagerImpl] Unregistering component: service:org.nuxeo.ecm.core.storage.sql.test.repo.repository
08:33:50,958 DEBUG [ComponentManagerImpl] Dispatching event: DEACTIVATING_COMPONENT: service:org.nuxeo.ecm.core.storage.sql.test.repo.repository
08:33:50,958 DEBUG [ComponentManagerImpl] Unregister contributed extension: ExtensionImpl {target: service:org.nuxeo.ecm.core.api.repository.RepositoryManager, point:repositories, contributor:RegistrationInfo: service:org.nuxeo.ecm.core.storage.sql.test.repo.repository}
08:33:50,959 DEBUG [ComponentManagerImpl] Dispatching event: UNKNOWN_10: service:org.nuxeo.ecm.core.storage.sql.test.repo.repository
08:33:50,959 DEBUG [ComponentManagerImpl] Unregister contributed extension: ExtensionImpl {target: service:org.nuxeo.ecm.core.repository.RepositoryService, point:repository, contributor:RegistrationInfo: service:org.nuxeo.ecm.core.storage.sql.test.repo.repository}
08:33:50,959 INFO  [RepositoryManager] Unregistering repository: test
08:33:50,960 INFO  [RepositoryManager] Unregistering repository: test
08:33:50,965 DEBUG [ComponentManagerImpl] Dispatching event: UNKNOWN_10: service:org.nuxeo.ecm.core.storage.sql.test.repo.repository
08:33:50,965 DEBUG [ComponentManagerImpl] Dispatching event: COMPONENT_DEACTIVATED: service:org.nuxeo.ecm.core.storage.sql.test.repo.repository
08:33:50,965 DEBUG [ComponentManagerImpl] Dispatching event: COMPONENT_UNRESOLVED: service:org.nuxeo.ecm.core.storage.sql.test.repo.repository
08:33:50,966 DEBUG [ComponentManagerImpl] Dispatching event: COMPONENT_UNREGISTERED: service:org.nuxeo.ecm.core.storage.sql.test.repo.repository
08:33:50,966 INFO  [ComponentManagerImpl] Unregistering component: service:org.nuxeo.runtime.LoginComponent
08:33:50,966 DEBUG [ComponentManagerImpl] Dispatching event: DEACTIVATING_COMPONENT: service:org.nuxeo.runtime.LoginComponent
08:33:50,966 DEBUG [ComponentManagerImpl] Dispatching event: COMPONENT_DEACTIVATED: service:org.nuxeo.runtime.LoginComponent
08:33:50,967 DEBUG [ComponentManagerImpl] Dispatching event: COMPONENT_UNRESOLVED: service:org.nuxeo.runtime.LoginComponent
08:33:50,967 DEBUG [ComponentManagerImpl] Dispatching event: COMPONENT_UNREGISTERED: service:org.nuxeo.runtime.LoginComponent
08:33:50,967 INFO  [ComponentManagerImpl] Unregistering component: service:org.nuxeo.runtime.api.DefaultJBossBindings
08:33:50,967 DEBUG [ComponentManagerImpl] Dispatching event: DEACTIVATING_COMPONENT: service:org.nuxeo.runtime.api.DefaultJBossBindings
08:33:50,968 DEBUG [ComponentManagerImpl] Unregister contributed extension: ExtensionImpl {target: service:org.nuxeo.runtime.api.ServiceManagement, point:servers, contributor:RegistrationInfo: service:org.nuxeo.runtime.api.DefaultJBossBindings}
08:33:50,968 DEBUG [ServiceGroup] service group * no longer has a server!
08:33:50,968 DEBUG [ComponentManagerImpl] Dispatching event: UNKNOWN_10: service:org.nuxeo.runtime.api.DefaultJBossBindings
08:33:50,969 DEBUG [ComponentManagerImpl] Dispatching event: COMPONENT_DEACTIVATED: service:org.nuxeo.runtime.api.DefaultJBossBindings
08:33:50,969 DEBUG [ComponentManagerImpl] Dispatching event: COMPONENT_UNRESOLVED: service:org.nuxeo.runtime.api.DefaultJBossBindings
08:33:50,969 DEBUG [ComponentManagerImpl] Dispatching event: COMPONENT_UNREGISTERED: service:org.nuxeo.runtime.api.DefaultJBossBindings
08:33:50,971 INFO  [ComponentManagerImpl] Unregistering component: service:org.nuxeo.runtime.EventService
08:33:50,971 DEBUG [ComponentManagerImpl] Dispatching event: DEACTIVATING_COMPONENT: service:org.nuxeo.runtime.EventService
08:33:50,971 DEBUG [ComponentManagerImpl] Dispatching event: COMPONENT_DEACTIVATED: service:org.nuxeo.runtime.EventService
08:33:50,972 DEBUG [ComponentManagerImpl] Dispatching event: COMPONENT_UNRESOLVED: service:org.nuxeo.runtime.EventService
08:33:50,972 DEBUG [ComponentManagerImpl] Dispatching event: COMPONENT_UNREGISTERED: service:org.nuxeo.runtime.EventService
08:33:50,972 INFO  [ComponentManagerImpl] Unregistering component: service:org.nuxeo.runtime.api.ServiceManagement
08:33:50,972 DEBUG [ComponentManagerImpl] Dispatching event: DEACTIVATING_COMPONENT: service:org.nuxeo.runtime.api.ServiceManagement
08:33:50,973 DEBUG [ComponentManagerImpl] Dispatching event: COMPONENT_DEACTIVATED: service:org.nuxeo.runtime.api.ServiceManagement
08:33:50,973 DEBUG [ComponentManagerImpl] Dispatching event: COMPONENT_UNRESOLVED: service:org.nuxeo.runtime.api.ServiceManagement
08:33:50,973 DEBUG [ComponentManagerImpl] Dispatching event: COMPONENT_UNREGISTERED: service:org.nuxeo.runtime.api.ServiceManagement
08:33:50,973 INFO  [ComponentManagerImpl] Unregistering component: service:org.nuxeo.runtime.started
08:33:50,974 DEBUG [ComponentManagerImpl] Dispatching event: DEACTIVATING_COMPONENT: service:org.nuxeo.runtime.started
08:33:50,974 DEBUG [ComponentManagerImpl] Dispatching event: COMPONENT_DEACTIVATED: service:org.nuxeo.runtime.started
08:33:50,974 DEBUG [ComponentManagerImpl] Dispatching event: COMPONENT_UNRESOLVED: service:org.nuxeo.runtime.started
08:33:50,974 DEBUG [ComponentManagerImpl] Dispatching event: COMPONENT_UNREGISTERED: service:org.nuxeo.runtime.started
08:33:50,975 INFO  [ComponentManagerImpl] Unregistering component: service:org.nuxeo.ecm.core.api.blohodlers.adapters
08:33:50,975 DEBUG [ComponentManagerImpl] Dispatching event: DEACTIVATING_COMPONENT: service:org.nuxeo.ecm.core.api.blohodlers.adapters
08:33:50,975 DEBUG [ComponentManagerImpl] Unregister contributed extension: ExtensionImpl {target: service:org.nuxeo.ecm.core.api.DocumentAdapterService, point:adapters, contributor:RegistrationInfo: service:org.nuxeo.ecm.core.api.blohodlers.adapters}
08:33:50,975 INFO  [DocumentAdapterService] Unregistered document adapter factory: null: interface org.nuxeo.ecm.core.api.blobholder.BlobHolder
08:33:50,976 DEBUG [ComponentManagerImpl] Dispatching event: UNKNOWN_10: service:org.nuxeo.ecm.core.api.blohodlers.adapters
08:33:50,976 DEBUG [ComponentManagerImpl] Dispatching event: COMPONENT_DEACTIVATED: service:org.nuxeo.ecm.core.api.blohodlers.adapters
08:33:50,976 DEBUG [ComponentManagerImpl] Dispatching event: COMPONENT_UNRESOLVED: service:org.nuxeo.ecm.core.api.blohodlers.adapters
08:33:50,977 DEBUG [ComponentManagerImpl] Dispatching event: COMPONENT_UNREGISTERED: service:org.nuxeo.ecm.core.api.blohodlers.adapters
08:33:50,977 INFO  [ComponentManagerImpl] Unregistering component: service:org.nuxeo.ecm.core.security.SecurityService
08:33:50,977 DEBUG [ComponentManagerImpl] Dispatching event: DEACTIVATING_COMPONENT: service:org.nuxeo.ecm.core.security.SecurityService
08:33:50,977 DEBUG [ComponentManagerImpl] Dispatching event: COMPONENT_DEACTIVATED: service:org.nuxeo.ecm.core.security.SecurityService
08:33:50,978 DEBUG [ComponentManagerImpl] Dispatching event: COMPONENT_UNRESOLVED: service:org.nuxeo.ecm.core.security.SecurityService
08:33:50,978 DEBUG [ComponentManagerImpl] Dispatching event: COMPONENT_UNREGISTERED: service:org.nuxeo.ecm.core.security.SecurityService
08:33:50,978 INFO  [ComponentManagerImpl] Unregistering component: service:org.nuxeo.ecm.core.CoreService
08:33:50,978 DEBUG [ComponentManagerImpl] Dispatching event: DEACTIVATING_COMPONENT: service:org.nuxeo.ecm.core.CoreService
08:33:50,978 DEBUG [ComponentManagerImpl] Dispatching event: COMPONENT_DEACTIVATED: service:org.nuxeo.ecm.core.CoreService
08:33:50,979 DEBUG [ComponentManagerImpl] Dispatching event: COMPONENT_UNRESOLVED: service:org.nuxeo.ecm.core.CoreService
08:33:50,979 DEBUG [ComponentManagerImpl] Dispatching event: COMPONENT_UNREGISTERED: service:org.nuxeo.ecm.core.CoreService
08:33:50,979 INFO  [ComponentManagerImpl] Unregistering component: service:org.nuxeo.ecm.core.schema.TypeService
08:33:50,979 DEBUG [ComponentManagerImpl] Dispatching event: DEACTIVATING_COMPONENT: service:org.nuxeo.ecm.core.schema.TypeService
08:33:50,980 DEBUG [ComponentManagerImpl] Dispatching event: COMPONENT_DEACTIVATED: service:org.nuxeo.ecm.core.schema.TypeService
08:33:50,980 DEBUG [ComponentManagerImpl] Dispatching event: COMPONENT_UNRESOLVED: service:org.nuxeo.ecm.core.schema.TypeService
08:33:50,980 DEBUG [ComponentManagerImpl] Dispatching event: COMPONENT_UNREGISTERED: service:org.nuxeo.ecm.core.schema.TypeService
08:33:50,981 INFO  [ComponentManagerImpl] Unregistering component: service:org.nuxeo.ecm.core.event.EventServiceComponent
08:33:50,981 DEBUG [ComponentManagerImpl] Dispatching event: DEACTIVATING_COMPONENT: service:org.nuxeo.ecm.core.event.EventServiceComponent
08:33:50,981 DEBUG [ComponentManagerImpl] Dispatching event: COMPONENT_DEACTIVATED: service:org.nuxeo.ecm.core.event.EventServiceComponent
08:33:50,981 DEBUG [ComponentManagerImpl] Dispatching event: COMPONENT_UNRESOLVED: service:org.nuxeo.ecm.core.event.EventServiceComponent
08:33:50,982 DEBUG [ComponentManagerImpl] Dispatching event: COMPONENT_UNREGISTERED: service:org.nuxeo.ecm.core.event.EventServiceComponent
08:33:50,982 INFO  [ComponentManagerImpl] Unregistering component: service:org.nuxeo.ecm.core.CoreExtensions
08:33:50,982 DEBUG [ComponentManagerImpl] Dispatching event: DEACTIVATING_COMPONENT: service:org.nuxeo.ecm.core.CoreExtensions
08:33:50,983 DEBUG [ComponentManagerImpl] Unregister contributed extension: ExtensionImpl {target: service:org.nuxeo.ecm.core.CoreService, point:sessionFactory, contributor:RegistrationInfo: service:org.nuxeo.ecm.core.CoreExtensions}
08:33:50,983 DEBUG [ComponentManagerImpl] Dispatching event: UNKNOWN_10: service:org.nuxeo.ecm.core.CoreExtensions
08:33:50,983 DEBUG [ComponentManagerImpl] Unregister contributed extension: ExtensionImpl {target: service:org.nuxeo.ecm.core.schema.TypeService, point:schema, contributor:RegistrationInfo: service:org.nuxeo.ecm.core.CoreExtensions}
08:33:50,983 DEBUG [ComponentManagerImpl] Dispatching event: UNKNOWN_10: service:org.nuxeo.ecm.core.CoreExtensions
08:33:50,984 DEBUG [ComponentManagerImpl] Unregister contributed extension: ExtensionImpl {target: service:org.nuxeo.ecm.core.schema.TypeService, point:configuration, contributor:RegistrationInfo: service:org.nuxeo.ecm.core.CoreExtensions}
08:33:50,984 DEBUG [ComponentManagerImpl] Dispatching event: UNKNOWN_10: service:org.nuxeo.ecm.core.CoreExtensions
08:33:50,984 DEBUG [ComponentManagerImpl] Unregister contributed extension: ExtensionImpl {target: service:org.nuxeo.ecm.core.schema.TypeService, point:doctype, contributor:RegistrationInfo: service:org.nuxeo.ecm.core.CoreExtensions}
08:33:50,986 DEBUG [ComponentManagerImpl] Dispatching event: UNKNOWN_10: service:org.nuxeo.ecm.core.CoreExtensions
08:33:50,987 DEBUG [ComponentManagerImpl] Dispatching event: COMPONENT_DEACTIVATED: service:org.nuxeo.ecm.core.CoreExtensions
08:33:50,987 DEBUG [ComponentManagerImpl] Dispatching event: COMPONENT_UNRESOLVED: service:org.nuxeo.ecm.core.CoreExtensions
08:33:50,988 DEBUG [ComponentManagerImpl] Dispatching event: COMPONENT_UNREGISTERED: service:org.nuxeo.ecm.core.CoreExtensions
08:33:50,988 INFO  [ComponentManagerImpl] Unregistering component: service:org.nuxeo.ecm.core.trash.TrashService
08:33:50,988 DEBUG [ComponentManagerImpl] Dispatching event: DEACTIVATING_COMPONENT: service:org.nuxeo.ecm.core.trash.TrashService
08:33:50,989 DEBUG [ComponentManagerImpl] Dispatching event: COMPONENT_DEACTIVATED: service:org.nuxeo.ecm.core.trash.TrashService
08:33:50,989 DEBUG [ComponentManagerImpl] Dispatching event: COMPONENT_UNRESOLVED: service:org.nuxeo.ecm.core.trash.TrashService
08:33:50,989 DEBUG [ComponentManagerImpl] Dispatching event: COMPONENT_UNREGISTERED: service:org.nuxeo.ecm.core.trash.TrashService
08:33:50,989 INFO  [ComponentManagerImpl] Unregistering component: service:org.nuxeo.ecm.core.storage.sql.management
08:33:50,990 DEBUG [ComponentManagerImpl] Dispatching event: DEACTIVATING_COMPONENT: service:org.nuxeo.ecm.core.storage.sql.management
08:33:50,990 DEBUG [ComponentManagerImpl] Unregister contributed extension: ExtensionImpl {target: service:org.nuxeo.runtime.management.ResourcePublisher, point:factories, contributor:RegistrationInfo: service:org.nuxeo.ecm.core.storage.sql.management}
08:33:50,990 DEBUG [ComponentManagerImpl] Dispatching event: UNKNOWN_10: service:org.nuxeo.ecm.core.storage.sql.management
08:33:50,991 DEBUG [ComponentManagerImpl] Dispatching event: COMPONENT_DEACTIVATED: service:org.nuxeo.ecm.core.storage.sql.management
08:33:50,991 DEBUG [ComponentManagerImpl] Dispatching event: COMPONENT_UNRESOLVED: service:org.nuxeo.ecm.core.storage.sql.management
08:33:50,991 DEBUG [ComponentManagerImpl] Dispatching event: COMPONENT_UNREGISTERED: service:org.nuxeo.ecm.core.storage.sql.management
08:33:50,992 INFO  [ComponentManagerImpl] Unregistering component: service:org.nuxeo.ecm.core.storage.sql.jdbc.QueryMakerService
08:33:50,992 DEBUG [ComponentManagerImpl] Dispatching event: DEACTIVATING_COMPONENT: service:org.nuxeo.ecm.core.storage.sql.jdbc.QueryMakerService
08:33:50,992 DEBUG [ComponentManagerImpl] Dispatching event: COMPONENT_DEACTIVATED: service:org.nuxeo.ecm.core.storage.sql.jdbc.QueryMakerService
08:33:50,999 DEBUG [ComponentManagerImpl] Dispatching event: COMPONENT_UNRESOLVED: service:org.nuxeo.ecm.core.storage.sql.jdbc.QueryMakerService
08:33:50,999 DEBUG [ComponentManagerImpl] Dispatching event: COMPONENT_UNREGISTERED: service:org.nuxeo.ecm.core.storage.sql.jdbc.QueryMakerService
08:33:50,999 INFO  [ComponentManagerImpl] Unregistering component: service:org.nuxeo.ecm.core.api.DocumentAdapterService
08:33:50,999 DEBUG [ComponentManagerImpl] Dispatching event: DEACTIVATING_COMPONENT: service:org.nuxeo.ecm.core.api.DocumentAdapterService
08:33:51,000 DEBUG [ComponentManagerImpl] Dispatching event: COMPONENT_DEACTIVATED: service:org.nuxeo.ecm.core.api.DocumentAdapterService
08:33:51,000 DEBUG [ComponentManagerImpl] Dispatching event: COMPONENT_UNRESOLVED: service:org.nuxeo.ecm.core.api.DocumentAdapterService
08:33:51,000 DEBUG [ComponentManagerImpl] Dispatching event: COMPONENT_UNREGISTERED: service:org.nuxeo.ecm.core.api.DocumentAdapterService
08:33:51,000 INFO  [ComponentManagerImpl] Unregistering component: service:org.nuxeo.ecm.core.security.defaultPermissions
08:33:51,001 DEBUG [ComponentManagerImpl] Dispatching event: DEACTIVATING_COMPONENT: service:org.nuxeo.ecm.core.security.defaultPermissions
08:33:51,001 DEBUG [ComponentManagerImpl] Unregister contributed extension: ExtensionImpl {target: service:org.nuxeo.ecm.core.security.SecurityService, point:permissions, contributor:RegistrationInfo: service:org.nuxeo.ecm.core.security.defaultPermissions}
08:33:51,001 DEBUG [ComponentManagerImpl] Dispatching event: UNKNOWN_10: service:org.nuxeo.ecm.core.security.defaultPermissions
08:33:51,001 DEBUG [ComponentManagerImpl] Unregister contributed extension: ExtensionImpl {target: service:org.nuxeo.ecm.core.security.SecurityService, point:permissionsVisibility, contributor:RegistrationInfo: service:org.nuxeo.ecm.core.security.defaultPermissions}
08:33:51,002 DEBUG [ComponentManagerImpl] Dispatching event: UNKNOWN_10: service:org.nuxeo.ecm.core.security.defaultPermissions
08:33:51,002 DEBUG [ComponentManagerImpl] Dispatching event: COMPONENT_DEACTIVATED: service:org.nuxeo.ecm.core.security.defaultPermissions
08:33:51,002 DEBUG [ComponentManagerImpl] Dispatching event: COMPONENT_UNRESOLVED: service:org.nuxeo.ecm.core.security.defaultPermissions
08:33:51,003 DEBUG [ComponentManagerImpl] Dispatching event: COMPONENT_UNREGISTERED: service:org.nuxeo.ecm.core.security.defaultPermissions
08:33:51,003 INFO  [ComponentManagerImpl] Unregistering component: service:org.nuxeo.ecm.core.api.repository.RepositoryManager
08:33:51,003 DEBUG [ComponentManagerImpl] Dispatching event: DEACTIVATING_COMPONENT: service:org.nuxeo.ecm.core.api.repository.RepositoryManager
08:33:51,003 DEBUG [ComponentManagerImpl] Dispatching event: COMPONENT_DEACTIVATED: service:org.nuxeo.ecm.core.api.repository.RepositoryManager
08:33:51,003 DEBUG [ComponentManagerImpl] Dispatching event: COMPONENT_UNRESOLVED: service:org.nuxeo.ecm.core.api.repository.RepositoryManager
08:33:51,004 DEBUG [ComponentManagerImpl] Dispatching event: COMPONENT_UNREGISTERED: service:org.nuxeo.ecm.core.api.repository.RepositoryManager
08:33:51,004 INFO  [ComponentManagerImpl] Unregistering component: service:org.nuxeo.ecm.core.security.defaultPolicies
08:33:51,004 DEBUG [ComponentManagerImpl] Dispatching event: DEACTIVATING_COMPONENT: service:org.nuxeo.ecm.core.security.defaultPolicies
08:33:51,004 DEBUG [ComponentManagerImpl] Unregister contributed extension: ExtensionImpl {target: service:org.nuxeo.ecm.core.security.SecurityService, point:policies, contributor:RegistrationInfo: service:org.nuxeo.ecm.core.security.defaultPolicies}
08:33:51,005 DEBUG [ComponentManagerImpl] Dispatching event: UNKNOWN_10: service:org.nuxeo.ecm.core.security.defaultPolicies
08:33:51,005 DEBUG [ComponentManagerImpl] Dispatching event: COMPONENT_DEACTIVATED: service:org.nuxeo.ecm.core.security.defaultPolicies
08:33:51,005 DEBUG [ComponentManagerImpl] Dispatching event: COMPONENT_UNRESOLVED: service:org.nuxeo.ecm.core.security.defaultPolicies
08:33:51,005 DEBUG [ComponentManagerImpl] Dispatching event: COMPONENT_UNREGISTERED: service:org.nuxeo.ecm.core.security.defaultPolicies
08:33:51,006 INFO  [ComponentManagerImpl] Unregistering component: service:org.nuxeo.ecm.core.LifecycleCoreExtensions
08:33:51,006 DEBUG [ComponentManagerImpl] Dispatching event: DEACTIVATING_COMPONENT: service:org.nuxeo.ecm.core.LifecycleCoreExtensions
08:33:51,006 DEBUG [ComponentManagerImpl] Unregister contributed extension: ExtensionImpl {target: service:org.nuxeo.ecm.core.lifecycle.LifeCycleService, point:lifecycle, contributor:RegistrationInfo: service:org.nuxeo.ecm.core.LifecycleCoreExtensions}
08:33:51,006 DEBUG [LifeCycleServiceImpl] Unregistering lifecycle: default
08:33:51,007 DEBUG [ComponentManagerImpl] Dispatching event: UNKNOWN_10: service:org.nuxeo.ecm.core.LifecycleCoreExtensions
08:33:51,007 DEBUG [ComponentManagerImpl] Unregister contributed extension: ExtensionImpl {target: service:org.nuxeo.ecm.core.lifecycle.LifeCycleService, point:types, contributor:RegistrationInfo: service:org.nuxeo.ecm.core.LifecycleCoreExtensions}
08:33:51,007 DEBUG [ComponentManagerImpl] Dispatching event: UNKNOWN_10: service:org.nuxeo.ecm.core.LifecycleCoreExtensions
08:33:51,008 DEBUG [ComponentManagerImpl] Dispatching event: COMPONENT_DEACTIVATED: service:org.nuxeo.ecm.core.LifecycleCoreExtensions
08:33:51,008 DEBUG [ComponentManagerImpl] Dispatching event: COMPONENT_UNRESOLVED: service:org.nuxeo.ecm.core.LifecycleCoreExtensions
08:33:51,008 DEBUG [ComponentManagerImpl] Dispatching event: COMPONENT_UNREGISTERED: service:org.nuxeo.ecm.core.LifecycleCoreExtensions
08:33:51,008 INFO  [ComponentManagerImpl] Unregistering component: service:org.nuxeo.ecm.core.repository.RepositoryService
08:33:51,009 DEBUG [ComponentManagerImpl] Dispatching event: DEACTIVATING_COMPONENT: service:org.nuxeo.ecm.core.repository.RepositoryService
08:33:51,009 INFO  [RepositoryManager] Shutting down repository manager
08:33:51,009 DEBUG [ComponentManagerImpl] Dispatching event: COMPONENT_DEACTIVATED: service:org.nuxeo.ecm.core.repository.RepositoryService
08:33:51,010 DEBUG [ComponentManagerImpl] Dispatching event: COMPONENT_UNRESOLVED: service:org.nuxeo.ecm.core.repository.RepositoryService
08:33:51,010 DEBUG [ComponentManagerImpl] Dispatching event: COMPONENT_UNREGISTERED: service:org.nuxeo.ecm.core.repository.RepositoryService
08:33:51,010 INFO  [ComponentManagerImpl] Unregistering component: service:org.nuxeo.ecm.core.api.blobholder.BlobHolderAdapterComponent
08:33:51,010 DEBUG [ComponentManagerImpl] Dispatching event: DEACTIVATING_COMPONENT: service:org.nuxeo.ecm.core.api.blobholder.BlobHolderAdapterComponent
08:33:51,011 DEBUG [ComponentManagerImpl] Dispatching event: COMPONENT_DEACTIVATED: service:org.nuxeo.ecm.core.api.blobholder.BlobHolderAdapterComponent
08:33:51,011 DEBUG [ComponentManagerImpl] Dispatching event: COMPONENT_UNRESOLVED: service:org.nuxeo.ecm.core.api.blobholder.BlobHolderAdapterComponent
08:33:51,011 DEBUG [ComponentManagerImpl] Dispatching event: COMPONENT_UNREGISTERED: service:org.nuxeo.ecm.core.api.blobholder.BlobHolderAdapterComponent
08:33:51,011 INFO  [ComponentManagerImpl] Unregistering component: service:org.nuxeo.ecm.core.storage.sql.jdbc.querymaker.contrib
08:33:51,012 DEBUG [ComponentManagerImpl] Dispatching event: DEACTIVATING_COMPONENT: service:org.nuxeo.ecm.core.storage.sql.jdbc.querymaker.contrib
08:33:51,012 DEBUG [ComponentManagerImpl] Unregister contributed extension: ExtensionImpl {target: service:org.nuxeo.ecm.core.storage.sql.jdbc.QueryMakerService, point:queryMaker, contributor:RegistrationInfo: service:org.nuxeo.ecm.core.storage.sql.jdbc.querymaker.contrib}
08:33:51,012 DEBUG [ComponentManagerImpl] Dispatching event: UNKNOWN_10: service:org.nuxeo.ecm.core.storage.sql.jdbc.querymaker.contrib
08:33:51,012 DEBUG [ComponentManagerImpl] Dispatching event: COMPONENT_DEACTIVATED: service:org.nuxeo.ecm.core.storage.sql.jdbc.querymaker.contrib
08:33:51,013 DEBUG [ComponentManagerImpl] Dispatching event: COMPONENT_UNRESOLVED: service:org.nuxeo.ecm.core.storage.sql.jdbc.querymaker.contrib
08:33:51,013 DEBUG [ComponentManagerImpl] Dispatching event: COMPONENT_UNREGISTERED: service:org.nuxeo.ecm.core.storage.sql.jdbc.querymaker.contrib
08:33:51,013 INFO  [ComponentManagerImpl] Unregistering component: service:org.nuxeo.ecm.core.lifecycle.LifeCycleService
08:33:51,013 DEBUG [ComponentManagerImpl] Dispatching event: DEACTIVATING_COMPONENT: service:org.nuxeo.ecm.core.lifecycle.LifeCycleService
08:33:51,014 DEBUG [ComponentManagerImpl] Dispatching event: COMPONENT_DEACTIVATED: service:org.nuxeo.ecm.core.lifecycle.LifeCycleService
08:33:51,014 DEBUG [ComponentManagerImpl] Dispatching event: COMPONENT_UNRESOLVED: service:org.nuxeo.ecm.core.lifecycle.LifeCycleService
08:33:51,014 DEBUG [ComponentManagerImpl] Dispatching event: COMPONENT_UNREGISTERED: service:org.nuxeo.ecm.core.lifecycle.LifeCycleService
08:33:51,014 INFO  [ComponentManagerImpl] Unregistering component: service:org.nuxeo.ecm.core.event.lifecycle.listener
08:33:51,015 DEBUG [ComponentManagerImpl] Dispatching event: DEACTIVATING_COMPONENT: service:org.nuxeo.ecm.core.event.lifecycle.listener
08:33:51,015 DEBUG [ComponentManagerImpl] Unregister contributed extension: ExtensionImpl {target: service:org.nuxeo.ecm.core.event.EventServiceComponent, point:listener, contributor:RegistrationInfo: service:org.nuxeo.ecm.core.event.lifecycle.listener}
08:33:51,015 DEBUG [ComponentManagerImpl] Dispatching event: UNKNOWN_10: service:org.nuxeo.ecm.core.event.lifecycle.listener
08:33:51,015 DEBUG [ComponentManagerImpl] Dispatching event: COMPONENT_DEACTIVATED: service:org.nuxeo.ecm.core.event.lifecycle.listener
08:33:51,016 DEBUG [ComponentManagerImpl] Dispatching event: COMPONENT_UNRESOLVED: service:org.nuxeo.ecm.core.event.lifecycle.listener
08:33:51,016 DEBUG [ComponentManagerImpl] Dispatching event: COMPONENT_UNREGISTERED: service:org.nuxeo.ecm.core.event.lifecycle.listener
08:33:51,016 INFO  [ComponentManagerImpl] Unregistering component: service:org.nuxeo.ecm.event.management
08:33:51,016 DEBUG [ComponentManagerImpl] Dispatching event: DEACTIVATING_COMPONENT: service:org.nuxeo.ecm.event.management
08:33:51,017 DEBUG [ComponentManagerImpl] Unregister contributed extension: ExtensionImpl {target: service:org.nuxeo.runtime.management.ResourcePublisher, point:factories, contributor:RegistrationInfo: service:org.nuxeo.ecm.event.management}
08:33:51,017 DEBUG [ComponentManagerImpl] Dispatching event: UNKNOWN_10: service:org.nuxeo.ecm.event.management
08:33:51,017 DEBUG [ComponentManagerImpl] Dispatching event: COMPONENT_DEACTIVATED: service:org.nuxeo.ecm.event.management
08:33:51,018 DEBUG [ComponentManagerImpl] Dispatching event: COMPONENT_UNRESOLVED: service:org.nuxeo.ecm.event.management
08:33:51,018 DEBUG [ComponentManagerImpl] Dispatching event: COMPONENT_UNREGISTERED: service:org.nuxeo.ecm.event.management
08:33:51,018 INFO  [ComponentManagerImpl] Unregistering component: service:org.nuxeo.ecm.platform.heartbeat
08:33:51,018 DEBUG [ComponentManagerImpl] Dispatching event: DEACTIVATING_COMPONENT: service:org.nuxeo.ecm.platform.heartbeat
08:33:51,019 DEBUG [ComponentManagerImpl] Unregister contributed extension: ExtensionImpl {target: service:org.nuxeo.ecm.core.schema.TypeService, point:doctype, contributor:RegistrationInfo: service:org.nuxeo.ecm.platform.heartbeat}
08:33:51,019 DEBUG [ComponentManagerImpl] Dispatching event: UNKNOWN_10: service:org.nuxeo.ecm.platform.heartbeat
08:33:51,019 DEBUG [ComponentManagerImpl] Unregister contributed extension: ExtensionImpl {target: service:org.nuxeo.ecm.core.schema.TypeService, point:schema, contributor:RegistrationInfo: service:org.nuxeo.ecm.platform.heartbeat}
08:33:51,020 DEBUG [ComponentManagerImpl] Dispatching event: UNKNOWN_10: service:org.nuxeo.ecm.platform.heartbeat
08:33:51,020 INFO  [NuxeoServerHeartBeat] Heatbeat scheduler stopped
08:33:51,021 DEBUG [ComponentManagerImpl] Dispatching event: COMPONENT_DEACTIVATED: service:org.nuxeo.ecm.platform.heartbeat
08:33:51,021 DEBUG [ComponentManagerImpl] Dispatching event: COMPONENT_UNRESOLVED: service:org.nuxeo.ecm.platform.heartbeat
08:33:51,021 DEBUG [ComponentManagerImpl] Dispatching event: COMPONENT_UNREGISTERED: service:org.nuxeo.ecm.platform.heartbeat
Tests run: 1, Failures: 0, Errors: 0, Skipped: 0, Time elapsed: 24.476 sec

Results :

Tests run: 1, Failures: 0, Errors: 0, Skipped: 0

[INFO] [jar:jar {execution: default-jar}]
[INFO] Building jar: /usr/local/src/org.nuxeo.tests/nuxeo-service/nuxeo-platform-heartbeat-core/target/nuxeo-platform-heartbeat-core-5.3.2-APG-240-SNAPSHOT.jar
[INFO] Preparing source:jar
[WARNING] Removing: jar from forked lifecycle, to prevent recursive invocation.
[INFO] [buildnumber:create {execution: default}]
[INFO] Storing buildNumber: 20100722-083351 at timestamp: 1279780431748
[INFO] [source:jar {execution: attach-sources}]
[INFO] Building jar: /usr/local/src/org.nuxeo.tests/nuxeo-service/nuxeo-platform-heartbeat-core/target/nuxeo-platform-heartbeat-core-5.3.2-APG-240-SNAPSHOT-sources.jar
[INFO] [install:install {execution: default-install}]
[INFO] Installing /usr/local/src/org.nuxeo.tests/nuxeo-service/nuxeo-platform-heartbeat-core/target/nuxeo-platform-heartbeat-core-5.3.2-APG-240-SNAPSHOT.jar to /home/matic/.m2/repository/org/nuxeo/ecm/platform/nuxeo-platform-heartbeat-core/5.3.2-APG-240-SNAPSHOT/nuxeo-platform-heartbeat-core-5.3.2-APG-240-SNAPSHOT.jar
[INFO] Installing /usr/local/src/org.nuxeo.tests/nuxeo-service/nuxeo-platform-heartbeat-core/target/nuxeo-platform-heartbeat-core-5.3.2-APG-240-SNAPSHOT-sources.jar to /home/matic/.m2/repository/org/nuxeo/ecm/platform/nuxeo-platform-heartbeat-core/5.3.2-APG-240-SNAPSHOT/nuxeo-platform-heartbeat-core-5.3.2-APG-240-SNAPSHOT-sources.jar
[INFO] ------------------------------------------------------------------------
[INFO] Building Nuxeo Platform EL
[INFO]    task-segment: [clean, install]
[INFO] ------------------------------------------------------------------------
[INFO] [clean:clean {execution: default-clean}]
[INFO] Deleting /usr/local/src/org.nuxeo.tests/nuxeo-service/nuxeo-platform-el/target
[INFO] [buildnumber:create {execution: default}]
[INFO] Storing buildNumber: 20100722-083351 at timestamp: 1279780431771
[INFO] [nuxeo:eclipse-version {execution: eclipsize-version}]
[INFO] eclipseVersion:5.3.2.-APG-240-SNAPSHOT
[INFO] [resources:resources {execution: default-resources}]
[INFO] Using 'UTF-8' encoding to copy filtered resources.
[INFO] Copying 2 resources
[INFO] [compiler:compile {execution: default-compile}]
[INFO] Compiling 7 source files to /usr/local/src/org.nuxeo.tests/nuxeo-service/nuxeo-platform-el/target/classes
[INFO] [resources:testResources {execution: default-testResources}]
[INFO] Using 'UTF-8' encoding to copy filtered resources.
[INFO] skip non existing resourceDirectory /usr/local/src/org.nuxeo.tests/nuxeo-service/nuxeo-platform-el/src/test/resources
[INFO] [compiler:testCompile {execution: default-testCompile}]
[INFO] Compiling 1 source file to /usr/local/src/org.nuxeo.tests/nuxeo-service/nuxeo-platform-el/target/test-classes
[INFO] [surefire:test {execution: default-test}]
[INFO] Surefire report directory: /usr/local/src/org.nuxeo.tests/nuxeo-service/nuxeo-platform-el/target/surefire-reports

-------------------------------------------------------
 T E S T S
-------------------------------------------------------
Running org.nuxeo.platform.el.TestExpressionEvaluator
Tests run: 3, Failures: 0, Errors: 0, Skipped: 0, Time elapsed: 0.154 sec

Results :

Tests run: 3, Failures: 0, Errors: 0, Skipped: 0

[INFO] [jar:jar {execution: default-jar}]
[INFO] Building jar: /usr/local/src/org.nuxeo.tests/nuxeo-service/nuxeo-platform-el/target/nuxeo-platform-el-5.3.2-APG-240-SNAPSHOT.jar
[INFO] Preparing source:jar
[WARNING] Removing: jar from forked lifecycle, to prevent recursive invocation.
[INFO] [buildnumber:create {execution: default}]
[INFO] Storing buildNumber: 20100722-083354 at timestamp: 1279780434232
[INFO] [source:jar {execution: attach-sources}]
[INFO] Building jar: /usr/local/src/org.nuxeo.tests/nuxeo-service/nuxeo-platform-el/target/nuxeo-platform-el-5.3.2-APG-240-SNAPSHOT-sources.jar
[INFO] [install:install {execution: default-install}]
[INFO] Installing /usr/local/src/org.nuxeo.tests/nuxeo-service/nuxeo-platform-el/target/nuxeo-platform-el-5.3.2-APG-240-SNAPSHOT.jar to /home/matic/.m2/repository/org/nuxeo/ecm/platform/nuxeo-platform-el/5.3.2-APG-240-SNAPSHOT/nuxeo-platform-el-5.3.2-APG-240-SNAPSHOT.jar
[INFO] Installing /usr/local/src/org.nuxeo.tests/nuxeo-service/nuxeo-platform-el/target/nuxeo-platform-el-5.3.2-APG-240-SNAPSHOT-sources.jar to /home/matic/.m2/repository/org/nuxeo/ecm/platform/nuxeo-platform-el/5.3.2-APG-240-SNAPSHOT/nuxeo-platform-el-5.3.2-APG-240-SNAPSHOT-sources.jar
[INFO] ------------------------------------------------------------------------
[INFO] Building Nuxeo Conversion Platform service
[INFO]    task-segment: [clean, install]
[INFO] ------------------------------------------------------------------------
[INFO] [clean:clean {execution: default-clean}]
[INFO] Deleting /usr/local/src/org.nuxeo.tests/nuxeo-service/nuxeo-platform-convert/target
[INFO] [buildnumber:create {execution: default}]
[INFO] Storing buildNumber: 20100722-083354 at timestamp: 1279780434262
[INFO] [nuxeo:eclipse-version {execution: eclipsize-version}]
[INFO] eclipseVersion:5.3.2.-APG-240-SNAPSHOT
[INFO] [resources:resources {execution: default-resources}]
[INFO] Using 'UTF-8' encoding to copy filtered resources.
[INFO] Copying 9 resources
[INFO] [compiler:compile {execution: default-compile}]
[INFO] Compiling 37 source files to /usr/local/src/org.nuxeo.tests/nuxeo-service/nuxeo-platform-convert/target/classes
[INFO] [resources:testResources {execution: default-testResources}]
[INFO] Using 'UTF-8' encoding to copy filtered resources.
[INFO] Copying 18 resources
[INFO] [compiler:testCompile {execution: default-testCompile}]
[INFO] Compiling 9 source files to /usr/local/src/org.nuxeo.tests/nuxeo-service/nuxeo-platform-convert/target/test-classes
[INFO] [surefire:test {execution: default-test}]
[INFO] Surefire report directory: /usr/local/src/org.nuxeo.tests/nuxeo-service/nuxeo-platform-convert/target/surefire-reports

-------------------------------------------------------
 T E S T S
-------------------------------------------------------
Running org.nuxeo.ecm.platform.convert.tests.TestAnyToPDFConverters
08:33:57,730 DEBUG [OOoLauncherComponent] tcp connect succeeded => socket is not free => Ooo is listening 
08:33:57,737 INFO  [OOoLauncherComponent] OOo port is not free : OOo has been started from outside ?
08:33:57,764 DEBUG [OOoLauncherComponent$OOoConnectorThread] Try to connect using SocketOpenOfficeConnection is a separated thread
Exception in thread "Thread-1" java.lang.NoClassDefFoundError: com/sun/star/comp/loader/JavaLoader
	at com.sun.star.comp.helper.Bootstrap.createInitialComponentContext(Bootstrap.java:113)
	at com.artofsolving.jodconverter.openoffice.connection.AbstractOpenOfficeConnection.connect(AbstractOpenOfficeConnection.java:61)
	at org.nuxeo.ecm.platform.convert.ooolauncher.OOoLauncherComponent$OOoConnectorThread.run(OOoLauncherComponent.java:154)
	at java.lang.Thread.run(Thread.java:619)
Caused by: java.lang.ClassNotFoundException: com.sun.star.comp.loader.JavaLoader
	at java.net.URLClassLoader$1.run(URLClassLoader.java:202)
	at java.security.AccessController.doPrivileged(Native Method)
	at java.net.URLClassLoader.findClass(URLClassLoader.java:190)
	at java.lang.ClassLoader.loadClass(ClassLoader.java:307)
	at sun.misc.Launcher$AppClassLoader.loadClass(Launcher.java:301)
	at java.lang.ClassLoader.loadClass(ClassLoader.java:248)
	... 4 more
08:33:57,768 DEBUG [OOoLauncherComponent] Killing conn thread
08:33:57,768 DEBUG [OOoLauncherComponent] Conn Thread terminated
08:33:57,769 ERROR [OOoLauncherComponent] Unable to connect to OOo server
08:33:57,770 WARN  [TestAnyToPDFConverters] Skipping JOD based converter tests since OOo is not installed
08:33:57,770 WARN  [TestAnyToPDFConverters]   converter check output : OOo must be running in Listen mode
08:33:57,770 WARN  [TestAnyToPDFConverters]   converter check output : Can not open connection
08:33:57,772 DEBUG [OOoLauncherComponent] Can not stop OOo as it is not running (or not started by the launcher)
08:33:57,919 DEBUG [OOoLauncherComponent] tcp connect succeeded => socket is not free => Ooo is listening 
08:33:57,919 INFO  [OOoLauncherComponent] OOo port is not free : OOo has been started from outside ?
08:33:57,920 DEBUG [OOoLauncherComponent$OOoConnectorThread] Try to connect using SocketOpenOfficeConnection is a separated thread
Exception in thread "Thread-4" java.lang.NoClassDefFoundError: com/sun/star/comp/loader/JavaLoader
	at com.sun.star.comp.helper.Bootstrap.createInitialComponentContext(Bootstrap.java:113)
	at com.artofsolving.jodconverter.openoffice.connection.AbstractOpenOfficeConnection.connect(AbstractOpenOfficeConnection.java:61)
	at org.nuxeo.ecm.platform.convert.ooolauncher.OOoLauncherComponent$OOoConnectorThread.run(OOoLauncherComponent.java:154)
	at java.lang.Thread.run(Thread.java:619)
08:33:57,921 DEBUG [OOoLauncherComponent] Killing conn thread
08:33:57,921 DEBUG [OOoLauncherComponent] Conn Thread terminated
08:33:57,921 ERROR [OOoLauncherComponent] Unable to connect to OOo server
08:33:57,921 WARN  [TestAnyToPDFConverters] Skipping JOD based converter tests since OOo is not installed
08:33:57,921 WARN  [TestAnyToPDFConverters]   converter check output : OOo must be running in Listen mode
08:33:57,921 WARN  [TestAnyToPDFConverters]   converter check output : Can not open connection
08:33:57,922 DEBUG [OOoLauncherComponent] tcp connect succeeded => socket is not free => Ooo is listening 
08:33:57,922 INFO  [OOoLauncherComponent] OOo port is not free : OOo has been started from outside ?
08:33:57,923 DEBUG [OOoLauncherComponent$OOoConnectorThread] Try to connect using SocketOpenOfficeConnection is a separated thread
Exception in thread "Thread-5" java.lang.NoClassDefFoundError: com/sun/star/comp/loader/JavaLoader
	at com.sun.star.comp.helper.Bootstrap.createInitialComponentContext(Bootstrap.java:113)
	at com.artofsolving.jodconverter.openoffice.connection.AbstractOpenOfficeConnection.connect(AbstractOpenOfficeConnection.java:61)
	at org.nuxeo.ecm.platform.convert.ooolauncher.OOoLauncherComponent$OOoConnectorThread.run(OOoLauncherComponent.java:154)
	at java.lang.Thread.run(Thread.java:619)
08:33:57,923 DEBUG [OOoLauncherComponent] Killing conn thread
08:33:57,923 DEBUG [OOoLauncherComponent] Conn Thread terminated
08:33:57,924 ERROR [OOoLauncherComponent] Unable to connect to OOo server
08:33:57,924 WARN  [TestAnyToPDFConverters] Skipping JOD based converter tests since OOo is not installed
08:33:57,924 WARN  [TestAnyToPDFConverters]   converter check output : OOo must be running in Listen mode
08:33:57,924 WARN  [TestAnyToPDFConverters]   converter check output : Can not open connection
08:33:58,920 DEBUG [OOoLauncherComponent] Can not stop OOo as it is not running (or not started by the launcher)
Tests run: 2, Failures: 0, Errors: 0, Skipped: 0, Time elapsed: 1.949 sec
Running org.nuxeo.ecm.platform.convert.tests.TestPDFToImage
08:33:59,054 WARN  [CommandLineExecutorComponent] Command not available: wpd2text (command wpd2text not found in system path)
08:33:59,333 DEBUG [OOoLauncherComponent] Can not stop OOo as it is not running (or not started by the launcher)
Tests run: 1, Failures: 0, Errors: 0, Skipped: 0, Time elapsed: 0.406 sec
Running org.nuxeo.ecm.platform.convert.tests.TestPDFToHtml
08:33:59,462 WARN  [CommandLineExecutorComponent] Command not available: wpd2text (command wpd2text not found in system path)
08:33:59,616 DEBUG [OOoLauncherComponent] Can not stop OOo as it is not running (or not started by the launcher)
Tests run: 1, Failures: 0, Errors: 0, Skipped: 0, Time elapsed: 0.283 sec
Running org.nuxeo.ecm.platform.convert.tests.TestOOoLauncher
08:33:59,663 DEBUG [OOoLauncherComponent] Can not stop OOo as it is not running (or not started by the launcher)
08:33:59,708 INFO  [TestOOoLauncher] OOo detected, testing
08:33:59,709 DEBUG [TestOOoLauncher] Starting
08:33:59,714 DEBUG [TestOOoLauncher] Wait till server is ready
08:33:59,715 DEBUG [OOoLauncherComponent] tcp connect succeeded => socket is not free => Ooo is listening 
08:34:00,716 DEBUG [TestOOoLauncher] Should be ready, checking
08:34:00,716 DEBUG [OOoLauncherComponent] tcp connect succeeded => socket is not free => Ooo is listening 
08:34:01,717 DEBUG [TestOOoLauncher] Server is accepting connections : ready
08:34:01,717 DEBUG [TestOOoLauncher] Stopping Ooo process
08:34:01,718 DEBUG [OOoLauncherComponent] Can not stop OOo as it is not running (or not started by the launcher)
08:34:01,753 DEBUG [OOoLauncherComponent] tcp connect succeeded => socket is not free => Ooo is listening 
08:34:01,753 INFO  [OOoLauncherComponent] OOo port is not free : OOo has been started from outside ?
08:34:01,754 DEBUG [OOoLauncherComponent$OOoConnectorThread] Try to connect using SocketOpenOfficeConnection is a separated thread
Exception in thread "Thread-6" java.lang.NoClassDefFoundError: com/sun/star/comp/loader/JavaLoader
	at com.sun.star.comp.helper.Bootstrap.createInitialComponentContext(Bootstrap.java:113)
	at com.artofsolving.jodconverter.openoffice.connection.AbstractOpenOfficeConnection.connect(AbstractOpenOfficeConnection.java:61)
	at org.nuxeo.ecm.platform.convert.ooolauncher.OOoLauncherComponent$OOoConnectorThread.run(OOoLauncherComponent.java:154)
	at java.lang.Thread.run(Thread.java:619)
08:34:01,754 DEBUG [OOoLauncherComponent] Killing conn thread
08:34:01,754 DEBUG [OOoLauncherComponent] Conn Thread terminated
08:34:01,755 ERROR [OOoLauncherComponent] Unable to connect to OOo server
08:34:01,755 DEBUG [OOoLauncherComponent] Can not stop OOo as it is not running (or not started by the launcher)
08:34:01,796 DEBUG [OOoLauncherComponent] Can not stop OOo as it is not running (or not started by the launcher)
Tests run: 4, Failures: 1, Errors: 1, Skipped: 0, Time elapsed: 2.178 sec <<< FAILURE!
Running org.nuxeo.ecm.platform.convert.tests.TestWPD2TextConverter
08:34:02,018 WARN  [CommandLineExecutorComponent] Command not available: wpd2text (command wpd2text not found in system path)
Skipping Wordperfect conversion test since libpwd-tool is not installed converter check output : You need to install wpd2text (deb : libwpd-tools)  http://libwpd.sourceforge.net/download.html converter check output : command wpd2text not found in system path08:34:02,019 DEBUG [OOoLauncherComponent] Can not stop OOo as it is not running (or not started by the launcher)
Tests run: 1, Failures: 0, Errors: 0, Skipped: 0, Time elapsed: 0.228 sec

Results :

Failed tests: 
  testConnectionManager(org.nuxeo.ecm.platform.convert.tests.TestOOoLauncher)

Tests in error: 
  testLauncher(org.nuxeo.ecm.platform.convert.tests.TestOOoLauncher)

Tests run: 9, Failures: 1, Errors: 1, Skipped: 0

[ERROR] There are test failures.

Please refer to /usr/local/src/org.nuxeo.tests/nuxeo-service/nuxeo-platform-convert/target/surefire-reports for the individual test results.
[INFO] [jar:jar {execution: default-jar}]
[INFO] Building jar: /usr/local/src/org.nuxeo.tests/nuxeo-service/nuxeo-platform-convert/target/nuxeo-platform-convert-5.3.2-APG-240-SNAPSHOT.jar
[INFO] Preparing source:jar
[WARNING] Removing: jar from forked lifecycle, to prevent recursive invocation.
[INFO] [buildnumber:create {execution: default}]
[INFO] Storing buildNumber: 20100722-083402 at timestamp: 1279780442819
[INFO] [source:jar {execution: attach-sources}]
[INFO] Building jar: /usr/local/src/org.nuxeo.tests/nuxeo-service/nuxeo-platform-convert/target/nuxeo-platform-convert-5.3.2-APG-240-SNAPSHOT-sources.jar
[INFO] [install:install {execution: default-install}]
[INFO] Installing /usr/local/src/org.nuxeo.tests/nuxeo-service/nuxeo-platform-convert/target/nuxeo-platform-convert-5.3.2-APG-240-SNAPSHOT.jar to /home/matic/.m2/repository/org/nuxeo/ecm/platform/nuxeo-platform-convert/5.3.2-APG-240-SNAPSHOT/nuxeo-platform-convert-5.3.2-APG-240-SNAPSHOT.jar
[INFO] Installing /usr/local/src/org.nuxeo.tests/nuxeo-service/nuxeo-platform-convert/target/nuxeo-platform-convert-5.3.2-APG-240-SNAPSHOT-sources.jar to /home/matic/.m2/repository/org/nuxeo/ecm/platform/nuxeo-platform-convert/5.3.2-APG-240-SNAPSHOT/nuxeo-platform-convert-5.3.2-APG-240-SNAPSHOT-sources.jar
[INFO] ------------------------------------------------------------------------
[INFO] Building Nuxeo Search Service - Core
[INFO]    task-segment: [clean, install]
[INFO] ------------------------------------------------------------------------
[INFO] [clean:clean {execution: default-clean}]
[INFO] Deleting /usr/local/src/org.nuxeo.tests/nuxeo-service/nuxeo-platform-search-core/target
[INFO] [buildnumber:create {execution: default}]
[INFO] Storing buildNumber: 20100722-083402 at timestamp: 1279780442865
[INFO] [nuxeo:eclipse-version {execution: eclipsize-version}]
[INFO] eclipseVersion:5.3.2.-APG-240-SNAPSHOT
[INFO] [resources:resources {execution: default-resources}]
[INFO] Using 'UTF-8' encoding to copy filtered resources.
[INFO] Copying 4 resources
[INFO] [compiler:compile {execution: default-compile}]
[INFO] Compiling 7 source files to /usr/local/src/org.nuxeo.tests/nuxeo-service/nuxeo-platform-search-core/target/classes
[INFO] [resources:testResources {execution: default-testResources}]
[INFO] Using 'UTF-8' encoding to copy filtered resources.
[INFO] Copying 48 resources
[INFO] [compiler:testCompile {execution: default-testCompile}]
[INFO] Compiling 8 source files to /usr/local/src/org.nuxeo.tests/nuxeo-service/nuxeo-platform-search-core/target/test-classes
[INFO] [surefire:test {execution: default-test}]
[INFO] Surefire report directory: /usr/local/src/org.nuxeo.tests/nuxeo-service/nuxeo-platform-search-core/target/surefire-reports

-------------------------------------------------------
 T E S T S
-------------------------------------------------------
Running org.nuxeo.ecm.core.search.TestSearchEngine
Tests run: 17, Failures: 0, Errors: 0, Skipped: 0, Time elapsed: 3.861 sec
Running org.nuxeo.ecm.core.search.TestIndexableResources
Tests run: 2, Failures: 0, Errors: 0, Skipped: 0, Time elapsed: 0.085 sec

Results :

Tests run: 19, Failures: 0, Errors: 0, Skipped: 0

[INFO] [jar:jar {execution: default-jar}]
[INFO] Building jar: /usr/local/src/org.nuxeo.tests/nuxeo-service/nuxeo-platform-search-core/target/nuxeo-platform-search-core-5.3.2-APG-240-SNAPSHOT.jar
[INFO] Preparing source:jar
[WARNING] Removing: jar from forked lifecycle, to prevent recursive invocation.
[INFO] [buildnumber:create {execution: default}]
[INFO] Storing buildNumber: 20100722-083410 at timestamp: 1279780450140
[INFO] [source:jar {execution: attach-sources}]
[INFO] Building jar: /usr/local/src/org.nuxeo.tests/nuxeo-service/nuxeo-platform-search-core/target/nuxeo-platform-search-core-5.3.2-APG-240-SNAPSHOT-sources.jar
[INFO] [install:install {execution: default-install}]
[INFO] Installing /usr/local/src/org.nuxeo.tests/nuxeo-service/nuxeo-platform-search-core/target/nuxeo-platform-search-core-5.3.2-APG-240-SNAPSHOT.jar to /home/matic/.m2/repository/org/nuxeo/ecm/platform/nuxeo-platform-search-core/5.3.2-APG-240-SNAPSHOT/nuxeo-platform-search-core-5.3.2-APG-240-SNAPSHOT.jar
[INFO] Installing /usr/local/src/org.nuxeo.tests/nuxeo-service/nuxeo-platform-search-core/target/nuxeo-platform-search-core-5.3.2-APG-240-SNAPSHOT-sources.jar to /home/matic/.m2/repository/org/nuxeo/ecm/platform/nuxeo-platform-search-core/5.3.2-APG-240-SNAPSHOT/nuxeo-platform-search-core-5.3.2-APG-240-SNAPSHOT-sources.jar
[INFO] ------------------------------------------------------------------------
[INFO] Building Nuxeo Rendering Service
[INFO]    task-segment: [clean, install]
[INFO] ------------------------------------------------------------------------
[INFO] [clean:clean {execution: default-clean}]
[INFO] Deleting /usr/local/src/org.nuxeo.tests/nuxeo-service/nuxeo-platform-rendering/target
[INFO] [buildnumber:create {execution: default}]
[INFO] Storing buildNumber: 20100722-083410 at timestamp: 1279780450167
[INFO] [nuxeo:eclipse-version {execution: eclipsize-version}]
[INFO] eclipseVersion:5.3.2.-APG-240-SNAPSHOT
[INFO] [resources:resources {execution: default-resources}]
[INFO] Using 'UTF-8' encoding to copy filtered resources.
[INFO] Copying 3 resources
[INFO] [compiler:compile {execution: default-compile}]
[INFO] Compiling 43 source files to /usr/local/src/org.nuxeo.tests/nuxeo-service/nuxeo-platform-rendering/target/classes
[INFO] [resources:testResources {execution: default-testResources}]
[INFO] Using 'UTF-8' encoding to copy filtered resources.
[INFO] Copying 12 resources
[INFO] [compiler:testCompile {execution: default-testCompile}]
[INFO] Compiling 4 source files to /usr/local/src/org.nuxeo.tests/nuxeo-service/nuxeo-platform-rendering/target/test-classes
[INFO] [surefire:test {execution: default-test}]
[INFO] Surefire report directory: /usr/local/src/org.nuxeo.tests/nuxeo-service/nuxeo-platform-rendering/target/surefire-reports

-------------------------------------------------------
 T E S T S
-------------------------------------------------------
Running org.nuxeo.ecm.platform.rendering.test.TestWiki
08:34:12,749 WARN  [WikiSerializerHandler] Unknown wiki expression: jira
08:34:12,753 WARN  [WikiSerializerHandler] Unknown wiki expression: var
08:34:12,754 WARN  [WikiSerializerHandler] Unknown wiki macro: freemarker
<div class='doc'>
<p>This is text</p>
<p><img src='http://server/path/image.jpg' title='My Image'/></p>
<p>&lt;script&gt;alert("Hello XSS");&lt;/script&gt;</p>
</div>

Tests run: 3, Failures: 0, Errors: 0, Skipped: 0, Time elapsed: 0.381 sec
Running org.nuxeo.ecm.platform.rendering.test.TestFreemarkerRendering
Tests run: 1, Failures: 0, Errors: 0, Skipped: 0, Time elapsed: 1.343 sec
Running org.nuxeo.ecm.platform.rendering.test.TestPatternFilter
Tests run: 2, Failures: 0, Errors: 0, Skipped: 0, Time elapsed: 0.006 sec

Results :

Tests run: 6, Failures: 0, Errors: 0, Skipped: 0

[INFO] [jar:jar {execution: default-jar}]
[INFO] Building jar: /usr/local/src/org.nuxeo.tests/nuxeo-service/nuxeo-platform-rendering/target/nuxeo-platform-rendering-5.3.2-APG-240-SNAPSHOT.jar
[INFO] Preparing source:jar
[WARNING] Removing: jar from forked lifecycle, to prevent recursive invocation.
[INFO] [buildnumber:create {execution: default}]
[INFO] Storing buildNumber: 20100722-083415 at timestamp: 1279780455128
[INFO] [source:jar {execution: attach-sources}]
[INFO] Building jar: /usr/local/src/org.nuxeo.tests/nuxeo-service/nuxeo-platform-rendering/target/nuxeo-platform-rendering-5.3.2-APG-240-SNAPSHOT-sources.jar
[INFO] [install:install {execution: default-install}]
[INFO] Installing /usr/local/src/org.nuxeo.tests/nuxeo-service/nuxeo-platform-rendering/target/nuxeo-platform-rendering-5.3.2-APG-240-SNAPSHOT.jar to /home/matic/.m2/repository/org/nuxeo/ecm/platform/nuxeo-platform-rendering/5.3.2-APG-240-SNAPSHOT/nuxeo-platform-rendering-5.3.2-APG-240-SNAPSHOT.jar
[INFO] Installing /usr/local/src/org.nuxeo.tests/nuxeo-service/nuxeo-platform-rendering/target/nuxeo-platform-rendering-5.3.2-APG-240-SNAPSHOT-sources.jar to /home/matic/.m2/repository/org/nuxeo/ecm/platform/nuxeo-platform-rendering/5.3.2-APG-240-SNAPSHOT/nuxeo-platform-rendering-5.3.2-APG-240-SNAPSHOT-sources.jar
[INFO] ------------------------------------------------------------------------
[INFO] Building Nuxeo URL Service - Core
[INFO]    task-segment: [clean, install]
[INFO] ------------------------------------------------------------------------
[INFO] [clean:clean {execution: default-clean}]
[INFO] Deleting /usr/local/src/org.nuxeo.tests/nuxeo-service/nuxeo-platform-url-core/target
[INFO] [buildnumber:create {execution: default}]
[INFO] Storing buildNumber: 20100722-083415 at timestamp: 1279780455196
[INFO] [nuxeo:eclipse-version {execution: eclipsize-version}]
[INFO] eclipseVersion:5.3.2.-APG-240-SNAPSHOT
[INFO] [resources:resources {execution: default-resources}]
[INFO] Using 'UTF-8' encoding to copy filtered resources.
[INFO] Copying 4 resources
[INFO] [compiler:compile {execution: default-compile}]
[INFO] Compiling 4 source files to /usr/local/src/org.nuxeo.tests/nuxeo-service/nuxeo-platform-url-core/target/classes
[INFO] [resources:testResources {execution: default-testResources}]
[INFO] Using 'UTF-8' encoding to copy filtered resources.
[INFO] skip non existing resourceDirectory /usr/local/src/org.nuxeo.tests/nuxeo-service/nuxeo-platform-url-core/src/test/resources
[INFO] [compiler:testCompile {execution: default-testCompile}]
[INFO] Compiling 3 source files to /usr/local/src/org.nuxeo.tests/nuxeo-service/nuxeo-platform-url-core/target/test-classes
[INFO] [surefire:test {execution: default-test}]
[INFO] Surefire report directory: /usr/local/src/org.nuxeo.tests/nuxeo-service/nuxeo-platform-url-core/target/surefire-reports

-------------------------------------------------------
 T E S T S
-------------------------------------------------------
Running org.nuxeo.ecm.platform.url.codec.TestDocumentFileCodec
Tests run: 7, Failures: 0, Errors: 0, Skipped: 0, Time elapsed: 0.147 sec
Running org.nuxeo.ecm.platform.url.codec.TestDocumentPathCodec
Tests run: 2, Failures: 0, Errors: 0, Skipped: 0, Time elapsed: 0.057 sec
Running org.nuxeo.ecm.platform.url.codec.TestDocumentIdCodec
Tests run: 4, Failures: 0, Errors: 0, Skipped: 0, Time elapsed: 0.013 sec

Results :

Tests run: 13, Failures: 0, Errors: 0, Skipped: 0

[INFO] [jar:jar {execution: default-jar}]
[INFO] Building jar: /usr/local/src/org.nuxeo.tests/nuxeo-service/nuxeo-platform-url-core/target/nuxeo-platform-url-core-5.3.2-APG-240-SNAPSHOT.jar
[INFO] Preparing source:jar
[WARNING] Removing: jar from forked lifecycle, to prevent recursive invocation.
[INFO] [buildnumber:create {execution: default}]
[INFO] Storing buildNumber: 20100722-083418 at timestamp: 1279780458213
[INFO] [source:jar {execution: attach-sources}]
[INFO] Building jar: /usr/local/src/org.nuxeo.tests/nuxeo-service/nuxeo-platform-url-core/target/nuxeo-platform-url-core-5.3.2-APG-240-SNAPSHOT-sources.jar
[INFO] [install:install {execution: default-install}]
[INFO] Installing /usr/local/src/org.nuxeo.tests/nuxeo-service/nuxeo-platform-url-core/target/nuxeo-platform-url-core-5.3.2-APG-240-SNAPSHOT.jar to /home/matic/.m2/repository/org/nuxeo/ecm/platform/nuxeo-platform-url-core/5.3.2-APG-240-SNAPSHOT/nuxeo-platform-url-core-5.3.2-APG-240-SNAPSHOT.jar
[INFO] Installing /usr/local/src/org.nuxeo.tests/nuxeo-service/nuxeo-platform-url-core/target/nuxeo-platform-url-core-5.3.2-APG-240-SNAPSHOT-sources.jar to /home/matic/.m2/repository/org/nuxeo/ecm/platform/nuxeo-platform-url-core/5.3.2-APG-240-SNAPSHOT/nuxeo-platform-url-core-5.3.2-APG-240-SNAPSHOT-sources.jar
[INFO] ------------------------------------------------------------------------
[INFO] Building Nuxeo Platform API Tests
[INFO]    task-segment: [clean, install]
[INFO] ------------------------------------------------------------------------
[INFO] [clean:clean {execution: default-clean}]
[INFO] Deleting /usr/local/src/org.nuxeo.tests/nuxeo-service/nuxeo-platform-api-test/target
[INFO] [buildnumber:create {execution: default}]
[INFO] Storing buildNumber: 20100722-083418 at timestamp: 1279780458239
[INFO] [nuxeo:eclipse-version {execution: eclipsize-version}]
[INFO] eclipseVersion:5.3.2.-APG-240-SNAPSHOT
[INFO] [resources:resources {execution: default-resources}]
[INFO] Using 'UTF-8' encoding to copy filtered resources.
[INFO] Copying 1 resource
[INFO] [compiler:compile {execution: default-compile}]
[INFO] Compiling 1 source file to /usr/local/src/org.nuxeo.tests/nuxeo-service/nuxeo-platform-api-test/target/classes
[INFO] [resources:testResources {execution: default-testResources}]
[INFO] Using 'UTF-8' encoding to copy filtered resources.
[INFO] skip non existing resourceDirectory /usr/local/src/org.nuxeo.tests/nuxeo-service/nuxeo-platform-api-test/src/test/resources
[INFO] [compiler:testCompile {execution: default-testCompile}]
[INFO] No sources to compile
[INFO] [surefire:test {execution: default-test}]
[INFO] No tests to run.
[INFO] [jar:jar {execution: default-jar}]
[INFO] Building jar: /usr/local/src/org.nuxeo.tests/nuxeo-service/nuxeo-platform-api-test/target/nuxeo-platform-api-test-5.3.2-APG-240-SNAPSHOT.jar
[INFO] Preparing source:jar
[WARNING] Removing: jar from forked lifecycle, to prevent recursive invocation.
[INFO] [buildnumber:create {execution: default}]
[INFO] Storing buildNumber: 20100722-083419 at timestamp: 1279780459570
[INFO] [source:jar {execution: attach-sources}]
[INFO] Building jar: /usr/local/src/org.nuxeo.tests/nuxeo-service/nuxeo-platform-api-test/target/nuxeo-platform-api-test-5.3.2-APG-240-SNAPSHOT-sources.jar
[INFO] [install:install {execution: default-install}]
[INFO] Installing /usr/local/src/org.nuxeo.tests/nuxeo-service/nuxeo-platform-api-test/target/nuxeo-platform-api-test-5.3.2-APG-240-SNAPSHOT.jar to /home/matic/.m2/repository/org/nuxeo/ecm/platform/nuxeo-platform-api-test/5.3.2-APG-240-SNAPSHOT/nuxeo-platform-api-test-5.3.2-APG-240-SNAPSHOT.jar
[INFO] Installing /usr/local/src/org.nuxeo.tests/nuxeo-service/nuxeo-platform-api-test/target/nuxeo-platform-api-test-5.3.2-APG-240-SNAPSHOT-sources.jar to /home/matic/.m2/repository/org/nuxeo/ecm/platform/nuxeo-platform-api-test/5.3.2-APG-240-SNAPSHOT/nuxeo-platform-api-test-5.3.2-APG-240-SNAPSHOT-sources.jar
[INFO] ------------------------------------------------------------------------
[INFO] Building Nuxeo Search Service - Facade
[INFO]    task-segment: [clean, install]
[INFO] ------------------------------------------------------------------------
[INFO] [clean:clean {execution: default-clean}]
[INFO] Deleting /usr/local/src/org.nuxeo.tests/nuxeo-service/nuxeo-platform-search-facade/target
[INFO] [buildnumber:create {execution: default}]
[INFO] Storing buildNumber: 20100722-083419 at timestamp: 1279780459595
[INFO] [nuxeo:eclipse-version {execution: eclipsize-version}]
[INFO] eclipseVersion:5.3.2.-APG-240-SNAPSHOT
[INFO] [resources:resources {execution: default-resources}]
[INFO] Using 'UTF-8' encoding to copy filtered resources.
[INFO] Copying 4 resources
[INFO] [compiler:compile {execution: default-compile}]
[INFO] Compiling 2 source files to /usr/local/src/org.nuxeo.tests/nuxeo-service/nuxeo-platform-search-facade/target/classes
[INFO] [resources:testResources {execution: default-testResources}]
[INFO] Using 'UTF-8' encoding to copy filtered resources.
[INFO] Copying 5 resources
[INFO] [compiler:testCompile {execution: default-testCompile}]
[INFO] Compiling 3 source files to /usr/local/src/org.nuxeo.tests/nuxeo-service/nuxeo-platform-search-facade/target/test-classes
[INFO] [surefire:test {execution: default-test}]
[INFO] Surefire report directory: /usr/local/src/org.nuxeo.tests/nuxeo-service/nuxeo-platform-search-facade/target/surefire-reports

-------------------------------------------------------
 T E S T S
-------------------------------------------------------
Running org.nuxeo.ecm.core.search.ejb.TestSearchServiceBean
Tests run: 1, Failures: 0, Errors: 0, Skipped: 0, Time elapsed: 0.791 sec
Running org.nuxeo.ecm.core.search.ejb.TestSearchService
Tests run: 1, Failures: 0, Errors: 0, Skipped: 0, Time elapsed: 0.129 sec

Results :

Tests run: 2, Failures: 0, Errors: 0, Skipped: 0

[INFO] [jar:jar {execution: default-jar}]
[INFO] Building jar: /usr/local/src/org.nuxeo.tests/nuxeo-service/nuxeo-platform-search-facade/target/nuxeo-platform-search-facade-5.3.2-APG-240-SNAPSHOT.jar
[INFO] Preparing source:jar
[WARNING] Removing: jar from forked lifecycle, to prevent recursive invocation.
[INFO] [buildnumber:create {execution: default}]
[INFO] Storing buildNumber: 20100722-083423 at timestamp: 1279780463092
[INFO] [source:jar {execution: attach-sources}]
[INFO] Building jar: /usr/local/src/org.nuxeo.tests/nuxeo-service/nuxeo-platform-search-facade/target/nuxeo-platform-search-facade-5.3.2-APG-240-SNAPSHOT-sources.jar
[INFO] [install:install {execution: default-install}]
[INFO] Installing /usr/local/src/org.nuxeo.tests/nuxeo-service/nuxeo-platform-search-facade/target/nuxeo-platform-search-facade-5.3.2-APG-240-SNAPSHOT.jar to /home/matic/.m2/repository/org/nuxeo/ecm/platform/nuxeo-platform-search-facade/5.3.2-APG-240-SNAPSHOT/nuxeo-platform-search-facade-5.3.2-APG-240-SNAPSHOT.jar
[INFO] Installing /usr/local/src/org.nuxeo.tests/nuxeo-service/nuxeo-platform-search-facade/target/nuxeo-platform-search-facade-5.3.2-APG-240-SNAPSHOT-sources.jar to /home/matic/.m2/repository/org/nuxeo/ecm/platform/nuxeo-platform-search-facade/5.3.2-APG-240-SNAPSHOT/nuxeo-platform-search-facade-5.3.2-APG-240-SNAPSHOT-sources.jar
[INFO] ------------------------------------------------------------------------
[INFO] Building Nuxeo Core Search Backend
[INFO]    task-segment: [clean, install]
[INFO] ------------------------------------------------------------------------
[INFO] [clean:clean {execution: default-clean}]
[INFO] Deleting /usr/local/src/org.nuxeo.tests/nuxeo-service/nuxeo-platform-search-backend-core/target
[INFO] [buildnumber:create {execution: default}]
[INFO] Storing buildNumber: 20100722-083423 at timestamp: 1279780463118
[INFO] [nuxeo:eclipse-version {execution: eclipsize-version}]
[INFO] eclipseVersion:5.3.2.-APG-240-SNAPSHOT
[INFO] [resources:resources {execution: default-resources}]
[INFO] Using 'UTF-8' encoding to copy filtered resources.
[INFO] Copying 3 resources
[INFO] [compiler:compile {execution: default-compile}]
[INFO] Compiling 1 source file to /usr/local/src/org.nuxeo.tests/nuxeo-service/nuxeo-platform-search-backend-core/target/classes
[INFO] [resources:testResources {execution: default-testResources}]
[INFO] Using 'UTF-8' encoding to copy filtered resources.
[INFO] Copying 3 resources
[INFO] [compiler:testCompile {execution: default-testCompile}]
[INFO] Compiling 3 source files to /usr/local/src/org.nuxeo.tests/nuxeo-service/nuxeo-platform-search-backend-core/target/test-classes
[INFO] [surefire:test {execution: default-test}]
[INFO] Surefire report directory: /usr/local/src/org.nuxeo.tests/nuxeo-service/nuxeo-platform-search-backend-core/target/surefire-reports

-------------------------------------------------------
 T E S T S
-------------------------------------------------------
Running org.nuxeo.ecm.core.search.backend.core.TestCoreSearchBackendSQL
DatabaseHelper: Database used for VCS tests: org.nuxeo.ecm.core.storage.sql.DatabaseH2
Tests run: 3, Failures: 0, Errors: 0, Skipped: 0, Time elapsed: 5.013 sec
Running org.nuxeo.ecm.core.search.backend.core.TestCoreSearchBackendJCR
Tests run: 3, Failures: 0, Errors: 0, Skipped: 0, Time elapsed: 7.965 sec

Results :

Tests run: 6, Failures: 0, Errors: 0, Skipped: 0

[INFO] [jar:jar {execution: default-jar}]
[INFO] Building jar: /usr/local/src/org.nuxeo.tests/nuxeo-service/nuxeo-platform-search-backend-core/target/nuxeo-platform-search-backend-core-5.3.2-APG-240-SNAPSHOT.jar
[INFO] Preparing source:jar
[WARNING] Removing: jar from forked lifecycle, to prevent recursive invocation.
[INFO] [buildnumber:create {execution: default}]
[INFO] Storing buildNumber: 20100722-083439 at timestamp: 1279780479597
[INFO] [source:jar {execution: attach-sources}]
[INFO] Building jar: /usr/local/src/org.nuxeo.tests/nuxeo-service/nuxeo-platform-search-backend-core/target/nuxeo-platform-search-backend-core-5.3.2-APG-240-SNAPSHOT-sources.jar
[INFO] [install:install {execution: default-install}]
[INFO] Installing /usr/local/src/org.nuxeo.tests/nuxeo-service/nuxeo-platform-search-backend-core/target/nuxeo-platform-search-backend-core-5.3.2-APG-240-SNAPSHOT.jar to /home/matic/.m2/repository/org/nuxeo/ecm/platform/nuxeo-platform-search-backend-core/5.3.2-APG-240-SNAPSHOT/nuxeo-platform-search-backend-core-5.3.2-APG-240-SNAPSHOT.jar
[INFO] Installing /usr/local/src/org.nuxeo.tests/nuxeo-service/nuxeo-platform-search-backend-core/target/nuxeo-platform-search-backend-core-5.3.2-APG-240-SNAPSHOT-sources.jar to /home/matic/.m2/repository/org/nuxeo/ecm/platform/nuxeo-platform-search-backend-core/5.3.2-APG-240-SNAPSHOT/nuxeo-platform-search-backend-core-5.3.2-APG-240-SNAPSHOT-sources.jar
[INFO] ------------------------------------------------------------------------
[INFO] Building Nuxeo Search Service Tests
[INFO]    task-segment: [clean, install]
[INFO] ------------------------------------------------------------------------
[INFO] [clean:clean {execution: default-clean}]
[INFO] Deleting /usr/local/src/org.nuxeo.tests/nuxeo-service/nuxeo-platform-search-test/target
[INFO] [buildnumber:create {execution: default}]
[INFO] Storing buildNumber: 20100722-083439 at timestamp: 1279780479653
[INFO] [nuxeo:eclipse-version {execution: eclipsize-version}]
[INFO] eclipseVersion:5.3.2.-APG-240-SNAPSHOT
[INFO] [resources:resources {execution: default-resources}]
[INFO] Using 'UTF-8' encoding to copy filtered resources.
[INFO] Copying 8 resources
[INFO] [compiler:compile {execution: default-compile}]
[INFO] Compiling 4 source files to /usr/local/src/org.nuxeo.tests/nuxeo-service/nuxeo-platform-search-test/target/classes
[INFO] [resources:testResources {execution: default-testResources}]
[INFO] Using 'UTF-8' encoding to copy filtered resources.
[INFO] skip non existing resourceDirectory /usr/local/src/org.nuxeo.tests/nuxeo-service/nuxeo-platform-search-test/src/test/resources
[INFO] [compiler:testCompile {execution: default-testCompile}]
[INFO] No sources to compile
[INFO] [surefire:test {execution: default-test}]
[INFO] No tests to run.
[INFO] [jar:jar {execution: default-jar}]
[INFO] Building jar: /usr/local/src/org.nuxeo.tests/nuxeo-service/nuxeo-platform-search-test/target/nuxeo-platform-search-test-5.3.2-APG-240-SNAPSHOT.jar
[INFO] Preparing source:jar
[WARNING] Removing: jar from forked lifecycle, to prevent recursive invocation.
[INFO] [buildnumber:create {execution: default}]
[INFO] Storing buildNumber: 20100722-083444 at timestamp: 1279780484572
[INFO] [source:jar {execution: attach-sources}]
[INFO] Building jar: /usr/local/src/org.nuxeo.tests/nuxeo-service/nuxeo-platform-search-test/target/nuxeo-platform-search-test-5.3.2-APG-240-SNAPSHOT-sources.jar
[INFO] [install:install {execution: default-install}]
[INFO] Installing /usr/local/src/org.nuxeo.tests/nuxeo-service/nuxeo-platform-search-test/target/nuxeo-platform-search-test-5.3.2-APG-240-SNAPSHOT.jar to /home/matic/.m2/repository/org/nuxeo/ecm/platform/nuxeo-platform-search-test/5.3.2-APG-240-SNAPSHOT/nuxeo-platform-search-test-5.3.2-APG-240-SNAPSHOT.jar
[INFO] Installing /usr/local/src/org.nuxeo.tests/nuxeo-service/nuxeo-platform-search-test/target/nuxeo-platform-search-test-5.3.2-APG-240-SNAPSHOT-sources.jar to /home/matic/.m2/repository/org/nuxeo/ecm/platform/nuxeo-platform-search-test/5.3.2-APG-240-SNAPSHOT/nuxeo-platform-search-test-5.3.2-APG-240-SNAPSHOT-sources.jar
[INFO] ------------------------------------------------------------------------
[INFO] Building Nuxeo Platform File Manager Facade
[INFO]    task-segment: [clean, install]
[INFO] ------------------------------------------------------------------------
[INFO] [clean:clean {execution: default-clean}]
[INFO] Deleting /usr/local/src/org.nuxeo.tests/nuxeo-service/nuxeo-platform-filemanager-facade/target
[INFO] [buildnumber:create {execution: default}]
[INFO] Storing buildNumber: 20100722-083444 at timestamp: 1279780484606
[INFO] [nuxeo:eclipse-version {execution: eclipsize-version}]
[INFO] eclipseVersion:5.3.2.-APG-240-SNAPSHOT
[INFO] [resources:resources {execution: default-resources}]
[INFO] Using 'UTF-8' encoding to copy filtered resources.
[INFO] Copying 3 resources
[INFO] [compiler:compile {execution: default-compile}]
[INFO] Compiling 2 source files to /usr/local/src/org.nuxeo.tests/nuxeo-service/nuxeo-platform-filemanager-facade/target/classes
[INFO] [resources:testResources {execution: default-testResources}]
[INFO] Using 'UTF-8' encoding to copy filtered resources.
[INFO] skip non existing resourceDirectory /usr/local/src/org.nuxeo.tests/nuxeo-service/nuxeo-platform-filemanager-facade/src/test/resources
[INFO] [compiler:testCompile {execution: default-testCompile}]
[INFO] No sources to compile
[INFO] [surefire:test {execution: default-test}]
[INFO] No tests to run.
[INFO] [jar:jar {execution: default-jar}]
[INFO] Building jar: /usr/local/src/org.nuxeo.tests/nuxeo-service/nuxeo-platform-filemanager-facade/target/nuxeo-platform-filemanager-facade-5.3.2-APG-240-SNAPSHOT.jar
[INFO] Preparing source:jar
[WARNING] Removing: jar from forked lifecycle, to prevent recursive invocation.
[INFO] [buildnumber:create {execution: default}]
[INFO] Storing buildNumber: 20100722-083446 at timestamp: 1279780486837
[INFO] [source:jar {execution: attach-sources}]
[INFO] Building jar: /usr/local/src/org.nuxeo.tests/nuxeo-service/nuxeo-platform-filemanager-facade/target/nuxeo-platform-filemanager-facade-5.3.2-APG-240-SNAPSHOT-sources.jar
[INFO] [install:install {execution: default-install}]
[INFO] Installing /usr/local/src/org.nuxeo.tests/nuxeo-service/nuxeo-platform-filemanager-facade/target/nuxeo-platform-filemanager-facade-5.3.2-APG-240-SNAPSHOT.jar to /home/matic/.m2/repository/org/nuxeo/ecm/platform/nuxeo-platform-filemanager-facade/5.3.2-APG-240-SNAPSHOT/nuxeo-platform-filemanager-facade-5.3.2-APG-240-SNAPSHOT.jar
[INFO] Installing /usr/local/src/org.nuxeo.tests/nuxeo-service/nuxeo-platform-filemanager-facade/target/nuxeo-platform-filemanager-facade-5.3.2-APG-240-SNAPSHOT-sources.jar to /home/matic/.m2/repository/org/nuxeo/ecm/platform/nuxeo-platform-filemanager-facade/5.3.2-APG-240-SNAPSHOT/nuxeo-platform-filemanager-facade-5.3.2-APG-240-SNAPSHOT-sources.jar
[INFO] ------------------------------------------------------------------------
[INFO] Building Nuxeo Login Manager JBoss extension
[INFO]    task-segment: [clean, install]
[INFO] ------------------------------------------------------------------------
[INFO] [clean:clean {execution: default-clean}]
[INFO] Deleting /usr/local/src/org.nuxeo.tests/nuxeo-service/nuxeo-platform-login-jboss/target
[INFO] [buildnumber:create {execution: default}]
[INFO] Storing buildNumber: 20100722-083446 at timestamp: 1279780486887
[INFO] [nuxeo:eclipse-version {execution: eclipsize-version}]
[INFO] eclipseVersion:5.3.2.-APG-240-SNAPSHOT
[INFO] [resources:resources {execution: default-resources}]
[INFO] Using 'UTF-8' encoding to copy filtered resources.
[INFO] Copying 3 resources
[INFO] [compiler:compile {execution: default-compile}]
[INFO] Compiling 1 source file to /usr/local/src/org.nuxeo.tests/nuxeo-service/nuxeo-platform-login-jboss/target/classes
[INFO] [resources:testResources {execution: default-testResources}]
[INFO] Using 'UTF-8' encoding to copy filtered resources.
[INFO] skip non existing resourceDirectory /usr/local/src/org.nuxeo.tests/nuxeo-service/nuxeo-platform-login-jboss/src/test/resources
[INFO] [compiler:testCompile {execution: default-testCompile}]
[INFO] No sources to compile
[INFO] [surefire:test {execution: default-test}]
[INFO] No tests to run.
[INFO] [jar:jar {execution: default-jar}]
[INFO] Building jar: /usr/local/src/org.nuxeo.tests/nuxeo-service/nuxeo-platform-login-jboss/target/nuxeo-platform-login-jboss-5.3.2-APG-240-SNAPSHOT.jar
[INFO] Preparing source:jar
[WARNING] Removing: jar from forked lifecycle, to prevent recursive invocation.
[INFO] [buildnumber:create {execution: default}]
[INFO] Storing buildNumber: 20100722-083448 at timestamp: 1279780488647
[INFO] [source:jar {execution: attach-sources}]
[INFO] Building jar: /usr/local/src/org.nuxeo.tests/nuxeo-service/nuxeo-platform-login-jboss/target/nuxeo-platform-login-jboss-5.3.2-APG-240-SNAPSHOT-sources.jar
[INFO] [install:install {execution: default-install}]
[INFO] Installing /usr/local/src/org.nuxeo.tests/nuxeo-service/nuxeo-platform-login-jboss/target/nuxeo-platform-login-jboss-5.3.2-APG-240-SNAPSHOT.jar to /home/matic/.m2/repository/org/nuxeo/ecm/platform/nuxeo-platform-login-jboss/5.3.2-APG-240-SNAPSHOT/nuxeo-platform-login-jboss-5.3.2-APG-240-SNAPSHOT.jar
[INFO] Installing /usr/local/src/org.nuxeo.tests/nuxeo-service/nuxeo-platform-login-jboss/target/nuxeo-platform-login-jboss-5.3.2-APG-240-SNAPSHOT-sources.jar to /home/matic/.m2/repository/org/nuxeo/ecm/platform/nuxeo-platform-login-jboss/5.3.2-APG-240-SNAPSHOT/nuxeo-platform-login-jboss-5.3.2-APG-240-SNAPSHOT-sources.jar
[INFO] ------------------------------------------------------------------------
[INFO] Building Nuxeo JbossSX Web Authentication
[INFO]    task-segment: [clean, install]
[INFO] ------------------------------------------------------------------------
[INFO] [clean:clean {execution: default-clean}]
[INFO] Deleting /usr/local/src/org.nuxeo.tests/nuxeo-service/nuxeo-platform-auth-web-jboss/target
[INFO] [buildnumber:create {execution: default}]
[INFO] Storing buildNumber: 20100722-083448 at timestamp: 1279780488668
[INFO] [nuxeo:eclipse-version {execution: eclipsize-version}]
[INFO] eclipseVersion:5.3.2.-APG-240-SNAPSHOT
[INFO] [resources:resources {execution: default-resources}]
[INFO] Using 'UTF-8' encoding to copy filtered resources.
[INFO] Copying 3 resources
[INFO] [compiler:compile {execution: default-compile}]
[INFO] Compiling 3 source files to /usr/local/src/org.nuxeo.tests/nuxeo-service/nuxeo-platform-auth-web-jboss/target/classes
[INFO] [resources:testResources {execution: default-testResources}]
[INFO] Using 'UTF-8' encoding to copy filtered resources.
[INFO] skip non existing resourceDirectory /usr/local/src/org.nuxeo.tests/nuxeo-service/nuxeo-platform-auth-web-jboss/src/test/resources
[INFO] [compiler:testCompile {execution: default-testCompile}]
[INFO] No sources to compile
[INFO] [surefire:test {execution: default-test}]
[INFO] No tests to run.
[INFO] [jar:jar {execution: default-jar}]
[INFO] Building jar: /usr/local/src/org.nuxeo.tests/nuxeo-service/nuxeo-platform-auth-web-jboss/target/nuxeo-platform-auth-web-jboss-5.3.2-APG-240-SNAPSHOT.jar
[INFO] Preparing source:jar
[WARNING] Removing: jar from forked lifecycle, to prevent recursive invocation.
[INFO] [buildnumber:create {execution: default}]
[INFO] Storing buildNumber: 20100722-083450 at timestamp: 1279780490607
[INFO] [source:jar {execution: attach-sources}]
[INFO] Building jar: /usr/local/src/org.nuxeo.tests/nuxeo-service/nuxeo-platform-auth-web-jboss/target/nuxeo-platform-auth-web-jboss-5.3.2-APG-240-SNAPSHOT-sources.jar
[INFO] [install:install {execution: default-install}]
[INFO] Installing /usr/local/src/org.nuxeo.tests/nuxeo-service/nuxeo-platform-auth-web-jboss/target/nuxeo-platform-auth-web-jboss-5.3.2-APG-240-SNAPSHOT.jar to /home/matic/.m2/repository/org/nuxeo/ecm/platform/nuxeo-platform-auth-web-jboss/5.3.2-APG-240-SNAPSHOT/nuxeo-platform-auth-web-jboss-5.3.2-APG-240-SNAPSHOT.jar
[INFO] Installing /usr/local/src/org.nuxeo.tests/nuxeo-service/nuxeo-platform-auth-web-jboss/target/nuxeo-platform-auth-web-jboss-5.3.2-APG-240-SNAPSHOT-sources.jar to /home/matic/.m2/repository/org/nuxeo/ecm/platform/nuxeo-platform-auth-web-jboss/5.3.2-APG-240-SNAPSHOT/nuxeo-platform-auth-web-jboss-5.3.2-APG-240-SNAPSHOT-sources.jar
[INFO] ------------------------------------------------------------------------
[INFO] Building Nuxeo MimeType Service - Facade
[INFO]    task-segment: [clean, install]
[INFO] ------------------------------------------------------------------------
[INFO] [clean:clean {execution: default-clean}]
[INFO] Deleting /usr/local/src/org.nuxeo.tests/nuxeo-service/nuxeo-platform-mimetype-facade/target
[INFO] [buildnumber:create {execution: default}]
[INFO] Storing buildNumber: 20100722-083450 at timestamp: 1279780490648
[INFO] [nuxeo:eclipse-version {execution: eclipsize-version}]
[INFO] eclipseVersion:5.3.2.-APG-240-SNAPSHOT
[INFO] [resources:resources {execution: default-resources}]
[INFO] Using 'UTF-8' encoding to copy filtered resources.
[INFO] Copying 3 resources
[INFO] [compiler:compile {execution: default-compile}]
[INFO] Compiling 2 source files to /usr/local/src/org.nuxeo.tests/nuxeo-service/nuxeo-platform-mimetype-facade/target/classes
[INFO] [resources:testResources {execution: default-testResources}]
[INFO] Using 'UTF-8' encoding to copy filtered resources.
[INFO] Copying 25 resources
[INFO] [compiler:testCompile {execution: default-testCompile}]
[INFO] Compiling 1 source file to /usr/local/src/org.nuxeo.tests/nuxeo-service/nuxeo-platform-mimetype-facade/target/test-classes
[INFO] [surefire:test {execution: default-test}]
[INFO] Surefire report directory: /usr/local/src/org.nuxeo.tests/nuxeo-service/nuxeo-platform-mimetype-facade/target/surefire-reports

-------------------------------------------------------
 T E S T S
-------------------------------------------------------
Running org.nuxeo.ecm.platform.mimetype.TestMimetypeRegistryBean
Tests run: 4, Failures: 0, Errors: 0, Skipped: 0, Time elapsed: 3.522 sec

Results :

Tests run: 4, Failures: 0, Errors: 0, Skipped: 0

[INFO] [jar:jar {execution: default-jar}]
[INFO] Building jar: /usr/local/src/org.nuxeo.tests/nuxeo-service/nuxeo-platform-mimetype-facade/target/nuxeo-platform-mimetype-facade-5.3.2-APG-240-SNAPSHOT.jar
[INFO] Preparing source:jar
[WARNING] Removing: jar from forked lifecycle, to prevent recursive invocation.
[INFO] [buildnumber:create {execution: default}]
[INFO] Storing buildNumber: 20100722-083459 at timestamp: 1279780499797
[INFO] [source:jar {execution: attach-sources}]
[INFO] Building jar: /usr/local/src/org.nuxeo.tests/nuxeo-service/nuxeo-platform-mimetype-facade/target/nuxeo-platform-mimetype-facade-5.3.2-APG-240-SNAPSHOT-sources.jar
[INFO] [install:install {execution: default-install}]
[INFO] Installing /usr/local/src/org.nuxeo.tests/nuxeo-service/nuxeo-platform-mimetype-facade/target/nuxeo-platform-mimetype-facade-5.3.2-APG-240-SNAPSHOT.jar to /home/matic/.m2/repository/org/nuxeo/ecm/platform/nuxeo-platform-mimetype-facade/5.3.2-APG-240-SNAPSHOT/nuxeo-platform-mimetype-facade-5.3.2-APG-240-SNAPSHOT.jar
[INFO] Installing /usr/local/src/org.nuxeo.tests/nuxeo-service/nuxeo-platform-mimetype-facade/target/nuxeo-platform-mimetype-facade-5.3.2-APG-240-SNAPSHOT-sources.jar to /home/matic/.m2/repository/org/nuxeo/ecm/platform/nuxeo-platform-mimetype-facade/5.3.2-APG-240-SNAPSHOT/nuxeo-platform-mimetype-facade-5.3.2-APG-240-SNAPSHOT-sources.jar
[INFO] ------------------------------------------------------------------------
[INFO] Building Nuxeo Placeful Configuration Service - API
[INFO]    task-segment: [clean, install]
[INFO] ------------------------------------------------------------------------
[INFO] [clean:clean {execution: default-clean}]
[INFO] Deleting /usr/local/src/org.nuxeo.tests/nuxeo-service/nuxeo-platform-placeful-api/target
[INFO] [buildnumber:create {execution: default}]
[INFO] Storing buildNumber: 20100722-083459 at timestamp: 1279780499825
[INFO] [nuxeo:eclipse-version {execution: eclipsize-version}]
[INFO] eclipseVersion:5.3.2.-APG-240-SNAPSHOT
[INFO] [resources:resources {execution: default-resources}]
[INFO] Using 'UTF-8' encoding to copy filtered resources.
[INFO] Copying 2 resources
[INFO] [compiler:compile {execution: default-compile}]
[INFO] Compiling 5 source files to /usr/local/src/org.nuxeo.tests/nuxeo-service/nuxeo-platform-placeful-api/target/classes
[INFO] [resources:testResources {execution: default-testResources}]
[INFO] Using 'UTF-8' encoding to copy filtered resources.
[INFO] skip non existing resourceDirectory /usr/local/src/org.nuxeo.tests/nuxeo-service/nuxeo-platform-placeful-api/src/test/resources
[INFO] [compiler:testCompile {execution: default-testCompile}]
[INFO] No sources to compile
[INFO] [surefire:test {execution: default-test}]
[INFO] No tests to run.
[INFO] [jar:jar {execution: default-jar}]
[INFO] Building jar: /usr/local/src/org.nuxeo.tests/nuxeo-service/nuxeo-platform-placeful-api/target/nuxeo-platform-placeful-api-5.3.2-APG-240-SNAPSHOT.jar
[INFO] Preparing source:jar
[WARNING] Removing: jar from forked lifecycle, to prevent recursive invocation.
[INFO] [buildnumber:create {execution: default}]
[INFO] Storing buildNumber: 20100722-083503 at timestamp: 1279780503460
[INFO] [source:jar {execution: attach-sources}]
[INFO] Building jar: /usr/local/src/org.nuxeo.tests/nuxeo-service/nuxeo-platform-placeful-api/target/nuxeo-platform-placeful-api-5.3.2-APG-240-SNAPSHOT-sources.jar
[INFO] [install:install {execution: default-install}]
[INFO] Installing /usr/local/src/org.nuxeo.tests/nuxeo-service/nuxeo-platform-placeful-api/target/nuxeo-platform-placeful-api-5.3.2-APG-240-SNAPSHOT.jar to /home/matic/.m2/repository/org/nuxeo/ecm/platform/nuxeo-platform-placeful-api/5.3.2-APG-240-SNAPSHOT/nuxeo-platform-placeful-api-5.3.2-APG-240-SNAPSHOT.jar
[INFO] Installing /usr/local/src/org.nuxeo.tests/nuxeo-service/nuxeo-platform-placeful-api/target/nuxeo-platform-placeful-api-5.3.2-APG-240-SNAPSHOT-sources.jar to /home/matic/.m2/repository/org/nuxeo/ecm/platform/nuxeo-platform-placeful-api/5.3.2-APG-240-SNAPSHOT/nuxeo-platform-placeful-api-5.3.2-APG-240-SNAPSHOT-sources.jar
[INFO] ------------------------------------------------------------------------
[INFO] Building Nuxeo Placeful Configuration Service - Core
[INFO]    task-segment: [clean, install]
[INFO] ------------------------------------------------------------------------
[INFO] [clean:clean {execution: default-clean}]
[INFO] Deleting /usr/local/src/org.nuxeo.tests/nuxeo-service/nuxeo-platform-placeful-core/target
[INFO] [buildnumber:create {execution: default}]
[INFO] Storing buildNumber: 20100722-083503 at timestamp: 1279780503542
[INFO] [nuxeo:eclipse-version {execution: eclipsize-version}]
[INFO] eclipseVersion:5.3.2.-APG-240-SNAPSHOT
[INFO] [resources:resources {execution: default-resources}]
[INFO] Using 'UTF-8' encoding to copy filtered resources.
[INFO] Copying 5 resources
[INFO] [compiler:compile {execution: default-compile}]
[INFO] Compiling 3 source files to /usr/local/src/org.nuxeo.tests/nuxeo-service/nuxeo-platform-placeful-core/target/classes
[INFO] [resources:testResources {execution: default-testResources}]
[INFO] Using 'UTF-8' encoding to copy filtered resources.
[INFO] Copying 1 resource
[INFO] [compiler:testCompile {execution: default-testCompile}]
[INFO] Compiling 2 source files to /usr/local/src/org.nuxeo.tests/nuxeo-service/nuxeo-platform-placeful-core/target/test-classes
[INFO] [surefire:test {execution: default-test}]
[INFO] Surefire report directory: /usr/local/src/org.nuxeo.tests/nuxeo-service/nuxeo-platform-placeful-core/target/surefire-reports

-------------------------------------------------------
 T E S T S
-------------------------------------------------------
Running org.nuxeo.ecm.platform.ec.placeful.TestRegisterPlacefulService
08:35:17,172 ERROR [DataSourceHelper] Unknown JNDI Context class: null
Tests run: 1, Failures: 0, Errors: 0, Skipped: 0, Time elapsed: 2.15 sec
Running org.nuxeo.ecm.platform.ec.placeful.TestPlacefulServiceImpl
08:35:25,245 WARN  [ItemStateMap] overwriting map entry 0dc29fff-728e-51cd-f02a-754ca73468fa
08:35:25,500 WARN  [ItemStateMap] overwriting map entry 0dc29fff-728e-51cd-f02a-754ca73468fa
08:35:26,036 WARN  [ItemStateMap] overwriting map entry 0dc29fff-728e-51cd-f02a-754ca73468fa
Tests run: 1, Failures: 0, Errors: 0, Skipped: 0, Time elapsed: 13.126 sec

Results :

Tests run: 2, Failures: 0, Errors: 0, Skipped: 0

[INFO] [jar:jar {execution: default-jar}]
[INFO] Building jar: /usr/local/src/org.nuxeo.tests/nuxeo-service/nuxeo-platform-placeful-core/target/nuxeo-platform-placeful-core-5.3.2-APG-240-SNAPSHOT.jar
[INFO] Preparing source:jar
[WARNING] Removing: jar from forked lifecycle, to prevent recursive invocation.
[INFO] [buildnumber:create {execution: default}]
[INFO] Storing buildNumber: 20100722-083532 at timestamp: 1279780532416
[INFO] [source:jar {execution: attach-sources}]
[INFO] Building jar: /usr/local/src/org.nuxeo.tests/nuxeo-service/nuxeo-platform-placeful-core/target/nuxeo-platform-placeful-core-5.3.2-APG-240-SNAPSHOT-sources.jar
[INFO] [install:install {execution: default-install}]
[INFO] Installing /usr/local/src/org.nuxeo.tests/nuxeo-service/nuxeo-platform-placeful-core/target/nuxeo-platform-placeful-core-5.3.2-APG-240-SNAPSHOT.jar to /home/matic/.m2/repository/org/nuxeo/ecm/platform/nuxeo-platform-placeful-core/5.3.2-APG-240-SNAPSHOT/nuxeo-platform-placeful-core-5.3.2-APG-240-SNAPSHOT.jar
[INFO] Installing /usr/local/src/org.nuxeo.tests/nuxeo-service/nuxeo-platform-placeful-core/target/nuxeo-platform-placeful-core-5.3.2-APG-240-SNAPSHOT-sources.jar to /home/matic/.m2/repository/org/nuxeo/ecm/platform/nuxeo-platform-placeful-core/5.3.2-APG-240-SNAPSHOT/nuxeo-platform-placeful-core-5.3.2-APG-240-SNAPSHOT-sources.jar
[INFO] ------------------------------------------------------------------------
[INFO] Building Nuxeo Placeful Configuration Service - Facade
[INFO]    task-segment: [clean, install]
[INFO] ------------------------------------------------------------------------
[INFO] [clean:clean {execution: default-clean}]
[INFO] Deleting /usr/local/src/org.nuxeo.tests/nuxeo-service/nuxeo-platform-placeful-facade/target
[INFO] [buildnumber:create {execution: default}]
[INFO] Storing buildNumber: 20100722-083532 at timestamp: 1279780532516
[INFO] [nuxeo:eclipse-version {execution: eclipsize-version}]
[INFO] eclipseVersion:5.3.2.-APG-240-SNAPSHOT
[INFO] [resources:resources {execution: default-resources}]
[INFO] Using 'UTF-8' encoding to copy filtered resources.
[INFO] Copying 5 resources
[INFO] [compiler:compile {execution: default-compile}]
[INFO] Compiling 4 source files to /usr/local/src/org.nuxeo.tests/nuxeo-service/nuxeo-platform-placeful-facade/target/classes
[INFO] [resources:testResources {execution: default-testResources}]
[INFO] Using 'UTF-8' encoding to copy filtered resources.
[INFO] skip non existing resourceDirectory /usr/local/src/org.nuxeo.tests/nuxeo-service/nuxeo-platform-placeful-facade/src/test/resources
[INFO] [compiler:testCompile {execution: default-testCompile}]
[INFO] Compiling 1 source file to /usr/local/src/org.nuxeo.tests/nuxeo-service/nuxeo-platform-placeful-facade/target/test-classes
[INFO] [surefire:test {execution: default-test}]
[INFO] Surefire report directory: /usr/local/src/org.nuxeo.tests/nuxeo-service/nuxeo-platform-placeful-facade/target/surefire-reports

-------------------------------------------------------
 T E S T S
-------------------------------------------------------
There are no tests to run.

Results :

Tests run: 0, Failures: 0, Errors: 0, Skipped: 0

[INFO] [jar:jar {execution: default-jar}]
[INFO] Building jar: /usr/local/src/org.nuxeo.tests/nuxeo-service/nuxeo-platform-placeful-facade/target/nuxeo-platform-placeful-facade-5.3.2-APG-240-SNAPSHOT.jar
[INFO] Preparing source:jar
[WARNING] Removing: jar from forked lifecycle, to prevent recursive invocation.
[INFO] [buildnumber:create {execution: default}]
[INFO] Storing buildNumber: 20100722-083538 at timestamp: 1279780538092
[INFO] [source:jar {execution: attach-sources}]
[INFO] Building jar: /usr/local/src/org.nuxeo.tests/nuxeo-service/nuxeo-platform-placeful-facade/target/nuxeo-platform-placeful-facade-5.3.2-APG-240-SNAPSHOT-sources.jar
[INFO] [install:install {execution: default-install}]
[INFO] Installing /usr/local/src/org.nuxeo.tests/nuxeo-service/nuxeo-platform-placeful-facade/target/nuxeo-platform-placeful-facade-5.3.2-APG-240-SNAPSHOT.jar to /home/matic/.m2/repository/org/nuxeo/ecm/platform/nuxeo-platform-placeful-facade/5.3.2-APG-240-SNAPSHOT/nuxeo-platform-placeful-facade-5.3.2-APG-240-SNAPSHOT.jar
[INFO] Installing /usr/local/src/org.nuxeo.tests/nuxeo-service/nuxeo-platform-placeful-facade/target/nuxeo-platform-placeful-facade-5.3.2-APG-240-SNAPSHOT-sources.jar to /home/matic/.m2/repository/org/nuxeo/ecm/platform/nuxeo-platform-placeful-facade/5.3.2-APG-240-SNAPSHOT/nuxeo-platform-placeful-facade-5.3.2-APG-240-SNAPSHOT-sources.jar
[INFO] ------------------------------------------------------------------------
[INFO] Building Nuxeo Placeful Configuration Service - Theme
[INFO]    task-segment: [clean, install]
[INFO] ------------------------------------------------------------------------
[INFO] [clean:clean {execution: default-clean}]
[INFO] Deleting /usr/local/src/org.nuxeo.tests/nuxeo-service/nuxeo-platform-placeful-theme/target
[INFO] [buildnumber:create {execution: default}]
[INFO] Storing buildNumber: 20100722-083538 at timestamp: 1279780538140
[INFO] [nuxeo:eclipse-version {execution: eclipsize-version}]
[INFO] eclipseVersion:5.3.2.-APG-240-SNAPSHOT
[INFO] [resources:resources {execution: default-resources}]
[INFO] Using 'UTF-8' encoding to copy filtered resources.
[INFO] Copying 3 resources
[INFO] [compiler:compile {execution: default-compile}]
[INFO] Compiling 1 source file to /usr/local/src/org.nuxeo.tests/nuxeo-service/nuxeo-platform-placeful-theme/target/classes
[INFO] [resources:testResources {execution: default-testResources}]
[INFO] Using 'UTF-8' encoding to copy filtered resources.
[INFO] skip non existing resourceDirectory /usr/local/src/org.nuxeo.tests/nuxeo-service/nuxeo-platform-placeful-theme/src/test/resources
[INFO] [compiler:testCompile {execution: default-testCompile}]
[INFO] No sources to compile
[INFO] [surefire:test {execution: default-test}]
[INFO] No tests to run.
[INFO] [jar:jar {execution: default-jar}]
[INFO] Building jar: /usr/local/src/org.nuxeo.tests/nuxeo-service/nuxeo-platform-placeful-theme/target/nuxeo-platform-placeful-theme-5.3.2-APG-240-SNAPSHOT.jar
[INFO] Preparing source:jar
[WARNING] Removing: jar from forked lifecycle, to prevent recursive invocation.
[INFO] [buildnumber:create {execution: default}]
[INFO] Storing buildNumber: 20100722-083539 at timestamp: 1279780539915
[INFO] [source:jar {execution: attach-sources}]
[INFO] Building jar: /usr/local/src/org.nuxeo.tests/nuxeo-service/nuxeo-platform-placeful-theme/target/nuxeo-platform-placeful-theme-5.3.2-APG-240-SNAPSHOT-sources.jar
[INFO] [install:install {execution: default-install}]
[INFO] Installing /usr/local/src/org.nuxeo.tests/nuxeo-service/nuxeo-platform-placeful-theme/target/nuxeo-platform-placeful-theme-5.3.2-APG-240-SNAPSHOT.jar to /home/matic/.m2/repository/org/nuxeo/ecm/platform/nuxeo-platform-placeful-theme/5.3.2-APG-240-SNAPSHOT/nuxeo-platform-placeful-theme-5.3.2-APG-240-SNAPSHOT.jar
[INFO] Installing /usr/local/src/org.nuxeo.tests/nuxeo-service/nuxeo-platform-placeful-theme/target/nuxeo-platform-placeful-theme-5.3.2-APG-240-SNAPSHOT-sources.jar to /home/matic/.m2/repository/org/nuxeo/ecm/platform/nuxeo-platform-placeful-theme/5.3.2-APG-240-SNAPSHOT/nuxeo-platform-placeful-theme-5.3.2-APG-240-SNAPSHOT-sources.jar
[INFO] ------------------------------------------------------------------------
[INFO] Building Nuxeo Content Types Service - Facade
[INFO]    task-segment: [clean, install]
[INFO] ------------------------------------------------------------------------
[INFO] [clean:clean {execution: default-clean}]
[INFO] Deleting /usr/local/src/org.nuxeo.tests/nuxeo-service/nuxeo-platform-types-facade/target
[INFO] [buildnumber:create {execution: default}]
[INFO] Storing buildNumber: 20100722-083539 at timestamp: 1279780539936
[INFO] [nuxeo:eclipse-version {execution: eclipsize-version}]
[INFO] eclipseVersion:5.3.2.-APG-240-SNAPSHOT
[INFO] [resources:resources {execution: default-resources}]
[INFO] Using 'UTF-8' encoding to copy filtered resources.
[INFO] Copying 3 resources
[INFO] [compiler:compile {execution: default-compile}]
[INFO] Compiling 2 source files to /usr/local/src/org.nuxeo.tests/nuxeo-service/nuxeo-platform-types-facade/target/classes
[INFO] [resources:testResources {execution: default-testResources}]
[INFO] Using 'UTF-8' encoding to copy filtered resources.
[INFO] skip non existing resourceDirectory /usr/local/src/org.nuxeo.tests/nuxeo-service/nuxeo-platform-types-facade/src/test/resources
[INFO] [compiler:testCompile {execution: default-testCompile}]
[INFO] No sources to compile
[INFO] [surefire:test {execution: default-test}]
[INFO] No tests to run.
[INFO] [jar:jar {execution: default-jar}]
[INFO] Building jar: /usr/local/src/org.nuxeo.tests/nuxeo-service/nuxeo-platform-types-facade/target/nuxeo-platform-types-facade-5.3.2-APG-240-SNAPSHOT.jar
[INFO] Preparing source:jar
[WARNING] Removing: jar from forked lifecycle, to prevent recursive invocation.
[INFO] [buildnumber:create {execution: default}]
[INFO] Storing buildNumber: 20100722-083541 at timestamp: 1279780541584
[INFO] [source:jar {execution: attach-sources}]
[INFO] Building jar: /usr/local/src/org.nuxeo.tests/nuxeo-service/nuxeo-platform-types-facade/target/nuxeo-platform-types-facade-5.3.2-APG-240-SNAPSHOT-sources.jar
[INFO] [install:install {execution: default-install}]
[INFO] Installing /usr/local/src/org.nuxeo.tests/nuxeo-service/nuxeo-platform-types-facade/target/nuxeo-platform-types-facade-5.3.2-APG-240-SNAPSHOT.jar to /home/matic/.m2/repository/org/nuxeo/ecm/platform/nuxeo-platform-types-facade/5.3.2-APG-240-SNAPSHOT/nuxeo-platform-types-facade-5.3.2-APG-240-SNAPSHOT.jar
[INFO] Installing /usr/local/src/org.nuxeo.tests/nuxeo-service/nuxeo-platform-types-facade/target/nuxeo-platform-types-facade-5.3.2-APG-240-SNAPSHOT-sources.jar to /home/matic/.m2/repository/org/nuxeo/ecm/platform/nuxeo-platform-types-facade/5.3.2-APG-240-SNAPSHOT/nuxeo-platform-types-facade-5.3.2-APG-240-SNAPSHOT-sources.jar
[INFO] ------------------------------------------------------------------------
[INFO] Building Nuxeo UID Generator Service
[INFO]    task-segment: [clean, install]
[INFO] ------------------------------------------------------------------------
[INFO] [clean:clean {execution: default-clean}]
[INFO] Deleting /usr/local/src/org.nuxeo.tests/nuxeo-service/nuxeo-platform-uidgen-core/target
[INFO] [buildnumber:create {execution: default}]
[INFO] Storing buildNumber: 20100722-083541 at timestamp: 1279780541607
[INFO] [nuxeo:eclipse-version {execution: eclipsize-version}]
[INFO] eclipseVersion:5.3.2.-APG-240-SNAPSHOT
[INFO] [resources:resources {execution: default-resources}]
[INFO] Using 'UTF-8' encoding to copy filtered resources.
[INFO] Copying 5 resources
[INFO] [compiler:compile {execution: default-compile}]
[INFO] Compiling 14 source files to /usr/local/src/org.nuxeo.tests/nuxeo-service/nuxeo-platform-uidgen-core/target/classes
[INFO] [resources:testResources {execution: default-testResources}]
[INFO] Using 'UTF-8' encoding to copy filtered resources.
[INFO] Copying 8 resources
[INFO] [compiler:testCompile {execution: default-testCompile}]
[INFO] Compiling 6 source files to /usr/local/src/org.nuxeo.tests/nuxeo-service/nuxeo-platform-uidgen-core/target/test-classes
[INFO] [surefire:test {execution: default-test}]
[INFO] Surefire report directory: /usr/local/src/org.nuxeo.tests/nuxeo-service/nuxeo-platform-uidgen-core/target/surefire-reports

-------------------------------------------------------
 T E S T S
-------------------------------------------------------
Running org.nuxeo.ecm.platform.uidgen.TestGen
Tests run: 4, Failures: 0, Errors: 0, Skipped: 0, Time elapsed: 4.438 sec
Running org.nuxeo.ecm.platform.uidgen.DocUIDGeneratorListenerTest
08:35:53,777 WARN  [ItemStateMap] overwriting map entry 0dc29fff-728e-51cd-f02a-754ca73468fa
08:35:53,883 WARN  [ItemStateMap] overwriting map entry 0dc29fff-728e-51cd-f02a-754ca73468fa
08:35:54,029 WARN  [ItemStateMap] overwriting map entry 0dc29fff-728e-51cd-f02a-754ca73468fa
Tests run: 1, Failures: 0, Errors: 0, Skipped: 0, Time elapsed: 4.769 sec
Running org.nuxeo.ecm.platform.uidgen.TestUIDGeneratorService
Tests run: 1, Failures: 0, Errors: 0, Skipped: 0, Time elapsed: 0.177 sec

Results :

Tests run: 6, Failures: 0, Errors: 0, Skipped: 0

[INFO] [jar:jar {execution: default-jar}]
[INFO] Building jar: /usr/local/src/org.nuxeo.tests/nuxeo-service/nuxeo-platform-uidgen-core/target/nuxeo-platform-uidgen-core-5.3.2-APG-240-SNAPSHOT.jar
[INFO] Preparing source:jar
[WARNING] Removing: jar from forked lifecycle, to prevent recursive invocation.
[INFO] [buildnumber:create {execution: default}]
[INFO] Storing buildNumber: 20100722-083555 at timestamp: 1279780555644
[INFO] [source:jar {execution: attach-sources}]
[INFO] Building jar: /usr/local/src/org.nuxeo.tests/nuxeo-service/nuxeo-platform-uidgen-core/target/nuxeo-platform-uidgen-core-5.3.2-APG-240-SNAPSHOT-sources.jar
[INFO] [install:install {execution: default-install}]
[INFO] Installing /usr/local/src/org.nuxeo.tests/nuxeo-service/nuxeo-platform-uidgen-core/target/nuxeo-platform-uidgen-core-5.3.2-APG-240-SNAPSHOT.jar to /home/matic/.m2/repository/org/nuxeo/ecm/platform/nuxeo-platform-uidgen-core/5.3.2-APG-240-SNAPSHOT/nuxeo-platform-uidgen-core-5.3.2-APG-240-SNAPSHOT.jar
[INFO] Installing /usr/local/src/org.nuxeo.tests/nuxeo-service/nuxeo-platform-uidgen-core/target/nuxeo-platform-uidgen-core-5.3.2-APG-240-SNAPSHOT-sources.jar to /home/matic/.m2/repository/org/nuxeo/ecm/platform/nuxeo-platform-uidgen-core/5.3.2-APG-240-SNAPSHOT/nuxeo-platform-uidgen-core-5.3.2-APG-240-SNAPSHOT-sources.jar
[INFO] ------------------------------------------------------------------------
[INFO] Building Nuxeo URL Service - Facade
[INFO]    task-segment: [clean, install]
[INFO] ------------------------------------------------------------------------
[INFO] [clean:clean {execution: default-clean}]
[INFO] Deleting /usr/local/src/org.nuxeo.tests/nuxeo-service/nuxeo-platform-url-facade/target
[INFO] [buildnumber:create {execution: default}]
[INFO] Storing buildNumber: 20100722-083555 at timestamp: 1279780555676
[INFO] [nuxeo:eclipse-version {execution: eclipsize-version}]
[INFO] eclipseVersion:5.3.2.-APG-240-SNAPSHOT
[INFO] [resources:resources {execution: default-resources}]
[INFO] Using 'UTF-8' encoding to copy filtered resources.
[INFO] Copying 3 resources
[INFO] [compiler:compile {execution: default-compile}]
[INFO] Compiling 1 source file to /usr/local/src/org.nuxeo.tests/nuxeo-service/nuxeo-platform-url-facade/target/classes
[INFO] [resources:testResources {execution: default-testResources}]
[INFO] Using 'UTF-8' encoding to copy filtered resources.
[INFO] skip non existing resourceDirectory /usr/local/src/org.nuxeo.tests/nuxeo-service/nuxeo-platform-url-facade/src/test/resources
[INFO] [compiler:testCompile {execution: default-testCompile}]
[INFO] No sources to compile
[INFO] [surefire:test {execution: default-test}]
[INFO] No tests to run.
[INFO] [jar:jar {execution: default-jar}]
[INFO] Building jar: /usr/local/src/org.nuxeo.tests/nuxeo-service/nuxeo-platform-url-facade/target/nuxeo-platform-url-facade-5.3.2-APG-240-SNAPSHOT.jar
[INFO] Preparing source:jar
[WARNING] Removing: jar from forked lifecycle, to prevent recursive invocation.
[INFO] [buildnumber:create {execution: default}]
[INFO] Storing buildNumber: 20100722-083557 at timestamp: 1279780557028
[INFO] [source:jar {execution: attach-sources}]
[INFO] Building jar: /usr/local/src/org.nuxeo.tests/nuxeo-service/nuxeo-platform-url-facade/target/nuxeo-platform-url-facade-5.3.2-APG-240-SNAPSHOT-sources.jar
[INFO] [install:install {execution: default-install}]
[INFO] Installing /usr/local/src/org.nuxeo.tests/nuxeo-service/nuxeo-platform-url-facade/target/nuxeo-platform-url-facade-5.3.2-APG-240-SNAPSHOT.jar to /home/matic/.m2/repository/org/nuxeo/ecm/platform/nuxeo-platform-url-facade/5.3.2-APG-240-SNAPSHOT/nuxeo-platform-url-facade-5.3.2-APG-240-SNAPSHOT.jar
[INFO] Installing /usr/local/src/org.nuxeo.tests/nuxeo-service/nuxeo-platform-url-facade/target/nuxeo-platform-url-facade-5.3.2-APG-240-SNAPSHOT-sources.jar to /home/matic/.m2/repository/org/nuxeo/ecm/platform/nuxeo-platform-url-facade/5.3.2-APG-240-SNAPSHOT/nuxeo-platform-url-facade-5.3.2-APG-240-SNAPSHOT-sources.jar
[INFO] ------------------------------------------------------------------------
[INFO] Building Nuxeo User Manager - Facade
[INFO]    task-segment: [clean, install]
[INFO] ------------------------------------------------------------------------
[INFO] [clean:clean {execution: default-clean}]
[INFO] Deleting /usr/local/src/org.nuxeo.tests/nuxeo-service/nuxeo-platform-usermanager-facade/target
[INFO] [buildnumber:create {execution: default}]
[INFO] Storing buildNumber: 20100722-083557 at timestamp: 1279780557048
[INFO] [nuxeo:eclipse-version {execution: eclipsize-version}]
[INFO] eclipseVersion:5.3.2.-APG-240-SNAPSHOT
[INFO] [resources:resources {execution: default-resources}]
[INFO] Using 'UTF-8' encoding to copy filtered resources.
[INFO] Copying 3 resources
[INFO] [compiler:compile {execution: default-compile}]
[INFO] Compiling 2 source files to /usr/local/src/org.nuxeo.tests/nuxeo-service/nuxeo-platform-usermanager-facade/target/classes
[INFO] [resources:testResources {execution: default-testResources}]
[INFO] Using 'UTF-8' encoding to copy filtered resources.
[INFO] skip non existing resourceDirectory /usr/local/src/org.nuxeo.tests/nuxeo-service/nuxeo-platform-usermanager-facade/src/test/resources
[INFO] [compiler:testCompile {execution: default-testCompile}]
[INFO] No sources to compile
[INFO] [surefire:test {execution: default-test}]
[INFO] No tests to run.
[INFO] [jar:jar {execution: default-jar}]
[INFO] Building jar: /usr/local/src/org.nuxeo.tests/nuxeo-service/nuxeo-platform-usermanager-facade/target/nuxeo-platform-usermanager-facade-5.3.2-APG-240-SNAPSHOT.jar
[INFO] Preparing source:jar
[WARNING] Removing: jar from forked lifecycle, to prevent recursive invocation.
[INFO] [buildnumber:create {execution: default}]
[INFO] Storing buildNumber: 20100722-083558 at timestamp: 1279780558355
[INFO] [source:jar {execution: attach-sources}]
[INFO] Building jar: /usr/local/src/org.nuxeo.tests/nuxeo-service/nuxeo-platform-usermanager-facade/target/nuxeo-platform-usermanager-facade-5.3.2-APG-240-SNAPSHOT-sources.jar
[INFO] [install:install {execution: default-install}]
[INFO] Installing /usr/local/src/org.nuxeo.tests/nuxeo-service/nuxeo-platform-usermanager-facade/target/nuxeo-platform-usermanager-facade-5.3.2-APG-240-SNAPSHOT.jar to /home/matic/.m2/repository/org/nuxeo/ecm/platform/nuxeo-platform-usermanager-facade/5.3.2-APG-240-SNAPSHOT/nuxeo-platform-usermanager-facade-5.3.2-APG-240-SNAPSHOT.jar
[INFO] Installing /usr/local/src/org.nuxeo.tests/nuxeo-service/nuxeo-platform-usermanager-facade/target/nuxeo-platform-usermanager-facade-5.3.2-APG-240-SNAPSHOT-sources.jar to /home/matic/.m2/repository/org/nuxeo/ecm/platform/nuxeo-platform-usermanager-facade/5.3.2-APG-240-SNAPSHOT/nuxeo-platform-usermanager-facade-5.3.2-APG-240-SNAPSHOT-sources.jar
[INFO] ------------------------------------------------------------------------
[INFO] Building Nuxeo Platform WebService
[INFO]    task-segment: [clean, install]
[INFO] ------------------------------------------------------------------------
[INFO] [clean:clean {execution: default-clean}]
[INFO] Deleting /usr/local/src/org.nuxeo.tests/nuxeo-service/nuxeo-platform-ws/target
[INFO] [buildnumber:create {execution: default}]
[INFO] Storing buildNumber: 20100722-083558 at timestamp: 1279780558389
[INFO] [nuxeo:eclipse-version {execution: eclipsize-version}]
[INFO] eclipseVersion:5.3.2.-APG-240-SNAPSHOT
[INFO] [resources:resources {execution: default-resources}]
[INFO] Using 'UTF-8' encoding to copy filtered resources.
[INFO] Copying 4 resources
[INFO] [compiler:compile {execution: default-compile}]
[INFO] Compiling 19 source files to /usr/local/src/org.nuxeo.tests/nuxeo-service/nuxeo-platform-ws/target/classes
[INFO] [resources:testResources {execution: default-testResources}]
[INFO] Using 'UTF-8' encoding to copy filtered resources.
[INFO] Copying 8 resources
[INFO] [compiler:testCompile {execution: default-testCompile}]
[INFO] Compiling 1 source file to /usr/local/src/org.nuxeo.tests/nuxeo-service/nuxeo-platform-ws/target/test-classes
[INFO] [surefire:test {execution: default-test}]
[INFO] Surefire report directory: /usr/local/src/org.nuxeo.tests/nuxeo-service/nuxeo-platform-ws/target/surefire-reports

-------------------------------------------------------
 T E S T S
-------------------------------------------------------
Running org.nuxeo.ecm.platform.TestWSRemotingSessionManager
Tests run: 4, Failures: 0, Errors: 0, Skipped: 0, Time elapsed: 0.904 sec

Results :

Tests run: 4, Failures: 0, Errors: 0, Skipped: 0

[INFO] [jar:jar {execution: default-jar}]
[INFO] Building jar: /usr/local/src/org.nuxeo.tests/nuxeo-service/nuxeo-platform-ws/target/nuxeo-platform-ws-5.3.2-APG-240-SNAPSHOT.jar
[INFO] Preparing source:jar
[WARNING] Removing: jar from forked lifecycle, to prevent recursive invocation.
[INFO] [buildnumber:create {execution: default}]
[INFO] Storing buildNumber: 20100722-083601 at timestamp: 1279780561961
[INFO] [source:jar {execution: attach-sources}]
[INFO] Building jar: /usr/local/src/org.nuxeo.tests/nuxeo-service/nuxeo-platform-ws/target/nuxeo-platform-ws-5.3.2-APG-240-SNAPSHOT-sources.jar
[INFO] [install:install {execution: default-install}]
[INFO] Installing /usr/local/src/org.nuxeo.tests/nuxeo-service/nuxeo-platform-ws/target/nuxeo-platform-ws-5.3.2-APG-240-SNAPSHOT.jar to /home/matic/.m2/repository/org/nuxeo/ecm/platform/nuxeo-platform-ws/5.3.2-APG-240-SNAPSHOT/nuxeo-platform-ws-5.3.2-APG-240-SNAPSHOT.jar
[INFO] Installing /usr/local/src/org.nuxeo.tests/nuxeo-service/nuxeo-platform-ws/target/nuxeo-platform-ws-5.3.2-APG-240-SNAPSHOT-sources.jar to /home/matic/.m2/repository/org/nuxeo/ecm/platform/nuxeo-platform-ws/5.3.2-APG-240-SNAPSHOT/nuxeo-platform-ws-5.3.2-APG-240-SNAPSHOT-sources.jar
[INFO] ------------------------------------------------------------------------
[INFO] Building Nuxeo HTML Sanitizer Service
[INFO]    task-segment: [clean, install]
[INFO] ------------------------------------------------------------------------
[INFO] [clean:clean {execution: default-clean}]
[INFO] Deleting /usr/local/src/org.nuxeo.tests/nuxeo-service/nuxeo-platform-htmlsanitizer/target
[INFO] [buildnumber:create {execution: default}]
[INFO] Storing buildNumber: 20100722-083602 at timestamp: 1279780562217
[INFO] [nuxeo:eclipse-version {execution: eclipsize-version}]
[INFO] eclipseVersion:5.3.2.-APG-240-SNAPSHOT
[INFO] [resources:resources {execution: default-resources}]
[INFO] Using 'UTF-8' encoding to copy filtered resources.
[INFO] Copying 5 resources
[INFO] [compiler:compile {execution: default-compile}]
[INFO] Compiling 6 source files to /usr/local/src/org.nuxeo.tests/nuxeo-service/nuxeo-platform-htmlsanitizer/target/classes
[INFO] [resources:testResources {execution: default-testResources}]
[INFO] Using 'UTF-8' encoding to copy filtered resources.
[INFO] Copying 4 resources
[INFO] [compiler:testCompile {execution: default-testCompile}]
[INFO] Compiling 1 source file to /usr/local/src/org.nuxeo.tests/nuxeo-service/nuxeo-platform-htmlsanitizer/target/test-classes
[INFO] [surefire:test {execution: default-test}]
[INFO] Surefire report directory: /usr/local/src/org.nuxeo.tests/nuxeo-service/nuxeo-platform-htmlsanitizer/target/surefire-reports

-------------------------------------------------------
 T E S T S
-------------------------------------------------------
Running org.nuxeo.ecm.platform.htmlsanitizer.TestHtmlSanitizerServiceImpl
08:36:05,225 ERROR [OSGiRuntimeService] Nuxeo EP Started
======================================================================
= Nuxeo EP Started
======================================================================
= Component Loading Status: Pending: 1 / Unstarted: 0 / Total: 25
  * service:org.nuxeo.ecm.event.management requires [service:org.nuxeo.runtime.management.ResourcePublisher]
======================================================================
DatabaseHelper: Database used for VCS tests: org.nuxeo.ecm.core.storage.sql.DatabaseH2
08:36:06,636 ERROR [HtmlSanitizerServiceImpl] Cannot sanitize, no policy registered
08:36:06,671 ERROR [HtmlSanitizerServiceImpl] Cannot sanitize, no policy registered
Tests run: 2, Failures: 2, Errors: 0, Skipped: 0, Time elapsed: 2.916 sec <<< FAILURE!

Results :

Failed tests: 
  sanitizeNote(org.nuxeo.ecm.platform.htmlsanitizer.TestHtmlSanitizerServiceImpl)
  sanitizeWebPage(org.nuxeo.ecm.platform.htmlsanitizer.TestHtmlSanitizerServiceImpl)

Tests run: 2, Failures: 2, Errors: 0, Skipped: 0

[ERROR] There are test failures.

Please refer to /usr/local/src/org.nuxeo.tests/nuxeo-service/nuxeo-platform-htmlsanitizer/target/surefire-reports for the individual test results.
[INFO] [jar:jar {execution: default-jar}]
[INFO] Building jar: /usr/local/src/org.nuxeo.tests/nuxeo-service/nuxeo-platform-htmlsanitizer/target/nuxeo-platform-htmlsanitizer-5.3.2-APG-240-SNAPSHOT.jar
[INFO] Preparing source:jar
[WARNING] Removing: jar from forked lifecycle, to prevent recursive invocation.
[INFO] [buildnumber:create {execution: default}]
[INFO] Storing buildNumber: 20100722-083607 at timestamp: 1279780567400
[INFO] [source:jar {execution: attach-sources}]
[INFO] Building jar: /usr/local/src/org.nuxeo.tests/nuxeo-service/nuxeo-platform-htmlsanitizer/target/nuxeo-platform-htmlsanitizer-5.3.2-APG-240-SNAPSHOT-sources.jar
[INFO] [install:install {execution: default-install}]
[INFO] Installing /usr/local/src/org.nuxeo.tests/nuxeo-service/nuxeo-platform-htmlsanitizer/target/nuxeo-platform-htmlsanitizer-5.3.2-APG-240-SNAPSHOT.jar to /home/matic/.m2/repository/org/nuxeo/ecm/platform/nuxeo-platform-htmlsanitizer/5.3.2-APG-240-SNAPSHOT/nuxeo-platform-htmlsanitizer-5.3.2-APG-240-SNAPSHOT.jar
[INFO] Installing /usr/local/src/org.nuxeo.tests/nuxeo-service/nuxeo-platform-htmlsanitizer/target/nuxeo-platform-htmlsanitizer-5.3.2-APG-240-SNAPSHOT-sources.jar to /home/matic/.m2/repository/org/nuxeo/ecm/platform/nuxeo-platform-htmlsanitizer/5.3.2-APG-240-SNAPSHOT/nuxeo-platform-htmlsanitizer-5.3.2-APG-240-SNAPSHOT-sources.jar
[INFO] ------------------------------------------------------------------------
[INFO] Building Nuxeo Shell Base Commands
[INFO]    task-segment: [clean, install]
[INFO] ------------------------------------------------------------------------
[INFO] [clean:clean {execution: default-clean}]
[INFO] Deleting /usr/local/src/org.nuxeo.tests/nuxeo-service/nuxeo-shell-core/target
[INFO] [buildnumber:create {execution: default}]
[INFO] Storing buildNumber: 20100722-083607 at timestamp: 1279780567430
[INFO] [nuxeo:eclipse-version {execution: eclipsize-version}]
[INFO] eclipseVersion:5.3.2.-APG-240-SNAPSHOT
[INFO] [resources:resources {execution: default-resources}]
[INFO] Using 'UTF-8' encoding to copy filtered resources.
[INFO] Copying 25 resources
[INFO] [compiler:compile {execution: default-compile}]
[INFO] Compiling 65 source files to /usr/local/src/org.nuxeo.tests/nuxeo-service/nuxeo-shell-core/target/classes
[INFO] [resources:testResources {execution: default-testResources}]
[INFO] Using 'UTF-8' encoding to copy filtered resources.
[INFO] Copying 1 resource
[INFO] [compiler:testCompile {execution: default-testCompile}]
[INFO] Compiling 2 source files to /usr/local/src/org.nuxeo.tests/nuxeo-service/nuxeo-shell-core/target/test-classes
[INFO] [surefire:test {execution: default-test}]
[INFO] Surefire report directory: /usr/local/src/org.nuxeo.tests/nuxeo-service/nuxeo-shell-core/target/surefire-reports

-------------------------------------------------------
 T E S T S
-------------------------------------------------------
Running org.nuxeo.ecm.shell.commands.repository.TestInteractiveCommand
Tests run: 1, Failures: 0, Errors: 0, Skipped: 0, Time elapsed: 0.396 sec
Running org.nuxeo.ecm.shell.commands.repository.TestLocalAceCommands
DatabaseHelper: Database used for VCS tests: org.nuxeo.ecm.core.storage.sql.DatabaseH2
08:36:12,058 INFO  [DatabaseHelper] Database used for VCS tests: org.nuxeo.ecm.core.storage.sql.DatabaseH2
08:36:12,110 INFO  [NXRuntimeTestCase] Bundle 'org.nuxeo.ecm.shell.commands' has URL file:/usr/local/src/org.nuxeo.tests/nuxeo-service/nuxeo-shell-core/target/classes/
08:36:12,111 INFO  [NXRuntimeTestCase] Bundle 'org.nuxeo.common' has URL file:/home/matic/.m2/repository/org/nuxeo/common/nuxeo-common/1.6.2-APG-240-SNAPSHOT/nuxeo-common-1.6.2-APG-240-SNAPSHOT.jar
08:36:12,112 INFO  [NXRuntimeTestCase] Bundle 'org.nuxeo.runtime' has URL file:/home/matic/.m2/repository/org/nuxeo/runtime/nuxeo-runtime/1.6.2-APG-240-SNAPSHOT/nuxeo-runtime-1.6.2-APG-240-SNAPSHOT.jar
08:36:12,123 INFO  [OSGIRuntimeTestActivator] Starting Runtime Activator
08:36:12,215 INFO  [AbstractRuntimeService] Starting Nuxeo Runtime service OSGi NXRuntime; version: 1.4.0
08:36:12,217 INFO  [OSGiRuntimeService] Configuration: host application: null
08:36:12,219 INFO  [NXRuntimeTestCase] Deploying contribution from jar:file:/home/matic/.m2/repository/org/nuxeo/runtime/nuxeo-runtime/1.6.2-APG-240-SNAPSHOT/nuxeo-runtime-1.6.2-APG-240-SNAPSHOT.jar!/OSGI-INF/DeploymentService.xml
08:36:12,270 INFO  [ComponentManagerImpl] Registering component: service:org.nuxeo.runtime.services.deployment.DeploymentService
08:36:12,270 INFO  [ComponentManagerImpl] Registering service: org.nuxeo.runtime.services.deployment.DeploymentService
08:36:12,275 INFO  [NXRuntimeTestCase] Deploying contribution from jar:file:/home/matic/.m2/repository/org/nuxeo/runtime/nuxeo-runtime/1.6.2-APG-240-SNAPSHOT/nuxeo-runtime-1.6.2-APG-240-SNAPSHOT.jar!/OSGI-INF/LoginComponent.xml
08:36:12,279 INFO  [ComponentManagerImpl] Registering component: service:org.nuxeo.runtime.LoginComponent
08:36:12,279 INFO  [ComponentManagerImpl] Registering service: org.nuxeo.runtime.api.login.LoginService
08:36:12,290 INFO  [NXRuntimeTestCase] Deploying contribution from jar:file:/home/matic/.m2/repository/org/nuxeo/runtime/nuxeo-runtime/1.6.2-APG-240-SNAPSHOT/nuxeo-runtime-1.6.2-APG-240-SNAPSHOT.jar!/OSGI-INF/ServiceManagement.xml
08:36:12,302 INFO  [ComponentManagerImpl] Registering component: service:org.nuxeo.runtime.api.ServiceManagement
08:36:12,302 INFO  [ComponentManagerImpl] Registering service: org.nuxeo.runtime.api.ServiceManager
08:36:12,305 INFO  [NXRuntimeTestCase] Deploying contribution from jar:file:/home/matic/.m2/repository/org/nuxeo/runtime/nuxeo-runtime/1.6.2-APG-240-SNAPSHOT/nuxeo-runtime-1.6.2-APG-240-SNAPSHOT.jar!/OSGI-INF/EventService.xml
08:36:12,309 INFO  [ComponentManagerImpl] Registering component: service:org.nuxeo.runtime.EventService
08:36:12,309 INFO  [ComponentManagerImpl] Registering service: org.nuxeo.runtime.services.event.EventService
08:36:12,311 INFO  [NXRuntimeTestCase] Deploying contribution from jar:file:/home/matic/.m2/repository/org/nuxeo/runtime/nuxeo-runtime/1.6.2-APG-240-SNAPSHOT/nuxeo-runtime-1.6.2-APG-240-SNAPSHOT.jar!/OSGI-INF/DefaultJBossBindings.xml
08:36:12,317 INFO  [ComponentManagerImpl] Registering component: service:org.nuxeo.runtime.api.DefaultJBossBindings
08:36:12,332 INFO  [NXRuntimeTestCase] Bundle 'org.nuxeo.osgi' has URL file:/home/matic/.m2/repository/org/nuxeo/runtime/nuxeo-runtime-osgi/1.6.2-APG-240-SNAPSHOT/nuxeo-runtime-osgi-1.6.2-APG-240-SNAPSHOT.jar
08:36:12,333 INFO  [NXRuntimeTestCase] Bundle 'org.nuxeo.runtime.scripting' has URL file:/home/matic/.m2/repository/org/nuxeo/runtime/nuxeo-runtime-scripting/1.6.2-APG-240-SNAPSHOT/nuxeo-runtime-scripting-1.6.2-APG-240-SNAPSHOT.jar
08:36:12,344 INFO  [NXRuntimeTestCase] Bundle 'org.nuxeo.runtime.jtajca' has URL file:/home/matic/.m2/repository/org/nuxeo/runtime/nuxeo-runtime-jtajca/1.6.2-APG-240-SNAPSHOT/nuxeo-runtime-jtajca-1.6.2-APG-240-SNAPSHOT.jar
08:36:12,347 INFO  [NXRuntimeTestCase] Bundle 'org.nuxeo.ecm.core.client' has URL file:/home/matic/.m2/repository/org/nuxeo/ecm/core/nuxeo-core-client/1.6.2-APG-240-SNAPSHOT/nuxeo-core-client-1.6.2-APG-240-SNAPSHOT.jar
08:36:12,348 INFO  [NXRuntimeTestCase] Bundle 'org.nuxeo.ecm.core.api' has URL file:/home/matic/.m2/repository/org/nuxeo/ecm/core/nuxeo-core-api/1.6.2-APG-240-SNAPSHOT/nuxeo-core-api-1.6.2-APG-240-SNAPSHOT.jar
08:36:12,348 INFO  [NXRuntimeTestCase] Bundle 'org.nuxeo.ecm.core.schema' has URL file:/home/matic/.m2/repository/org/nuxeo/ecm/core/nuxeo-core-schema/1.6.2-APG-240-SNAPSHOT/nuxeo-core-schema-1.6.2-APG-240-SNAPSHOT.jar
08:36:12,357 INFO  [BundleRegistry] Registering resolved bundle: org.nuxeo.ecm.core.schema
08:36:12,372 INFO  [ComponentManagerImpl] Registering component: service:org.nuxeo.ecm.core.schema.TypeService
08:36:12,373 INFO  [ComponentManagerImpl] Registering service: org.nuxeo.ecm.core.schema.SchemaManager
08:36:12,390 INFO  [SchemaManagerImpl] Register document type: Document
08:36:12,396 INFO  [BundleRegistry] Registering resolved bundle: org.nuxeo.ecm.core.api
08:36:12,406 INFO  [ComponentManagerImpl] Registering component: service:org.nuxeo.ecm.core.api.DocumentAdapterService
08:36:12,406 INFO  [ComponentManagerImpl] Registering service: org.nuxeo.ecm.core.api.adapter.DocumentAdapterService
08:36:12,411 INFO  [ComponentManagerImpl] Registering component: service:org.nuxeo.ecm.core.api.repository.RepositoryManager
08:36:12,411 INFO  [ComponentManagerImpl] Registering service: org.nuxeo.ecm.core.api.repository.RepositoryManager
08:36:12,418 INFO  [ComponentManagerImpl] Registering component: service:org.nuxeo.ecm.core.api.blobholder.BlobHolderAdapterComponent
08:36:12,419 INFO  [ComponentManagerImpl] Registering service: org.nuxeo.ecm.core.api.blobholder.BlobHolderAdapterService
08:36:12,423 INFO  [ComponentManagerImpl] Registering component: service:org.nuxeo.ecm.core.api.blohodlers.adapters
08:36:12,425 INFO  [DocumentAdapterService] Registered document adapter factory null: interface org.nuxeo.ecm.core.api.blobholder.BlobHolder
08:36:12,430 INFO  [NXRuntimeTestCase] Bundle 'org.nuxeo.ecm.core.query' has URL file:/home/matic/.m2/repository/org/nuxeo/ecm/core/nuxeo-core-query/1.6.2-APG-240-SNAPSHOT/nuxeo-core-query-1.6.2-APG-240-SNAPSHOT.jar
08:36:12,431 INFO  [NXRuntimeTestCase] Bundle 'joda-time' has URL file:/home/matic/.m2/repository/joda-time/joda-time/1.6/joda-time-1.6.jar
08:36:12,431 INFO  [NXRuntimeTestCase] Bundle 'org.nuxeo.ecm.core.io' has URL file:/home/matic/.m2/repository/org/nuxeo/ecm/core/nuxeo-core-io/1.6.2-APG-240-SNAPSHOT/nuxeo-core-io-1.6.2-APG-240-SNAPSHOT.jar
08:36:12,432 INFO  [NXRuntimeTestCase] Bundle 'org.nuxeo.ecm.platform.search.api' has URL file:/usr/local/src/org.nuxeo.tests/nuxeo-service/nuxeo-platform-search-api/target/nuxeo-platform-search-api-5.3.2-APG-240-SNAPSHOT.jar
08:36:12,433 INFO  [NXRuntimeTestCase] Bundle 'org.nuxeo.ecm.core' has URL file:/home/matic/.m2/repository/org/nuxeo/ecm/core/nuxeo-core/1.6.2-APG-240-SNAPSHOT/nuxeo-core-1.6.2-APG-240-SNAPSHOT.jar
08:36:12,433 INFO  [BundleRegistry] Registering resolved bundle: org.nuxeo.ecm.core
08:36:12,455 INFO  [ComponentManagerImpl] Registering component: service:org.nuxeo.ecm.core.CoreService
08:36:12,456 INFO  [ComponentManagerImpl] Registering service: org.nuxeo.ecm.core.CoreService
08:36:12,466 INFO  [ComponentManagerImpl] Registering component: service:org.nuxeo.ecm.core.repository.RepositoryService
08:36:12,466 INFO  [ComponentManagerImpl] Registering service: org.nuxeo.ecm.core.api.CoreSession
08:36:12,481 INFO  [ComponentManagerImpl] Registering component: service:org.nuxeo.ecm.core.CoreExtensions
08:36:12,650 INFO  [TypeService] Registered schema: core-types from jar:file:/home/matic/.m2/repository/org/nuxeo/ecm/core/nuxeo-core/1.6.2-APG-240-SNAPSHOT/nuxeo-core-1.6.2-APG-240-SNAPSHOT.jar!/schema/core-types.xsd
08:36:12,670 INFO  [TypeService] Registered schema: base from jar:file:/home/matic/.m2/repository/org/nuxeo/ecm/core/nuxeo-core/1.6.2-APG-240-SNAPSHOT/nuxeo-core-1.6.2-APG-240-SNAPSHOT.jar!/schema/base.xsd
08:36:12,704 INFO  [TypeService] Registered schema: relation from jar:file:/home/matic/.m2/repository/org/nuxeo/ecm/core/nuxeo-core/1.6.2-APG-240-SNAPSHOT/nuxeo-core-1.6.2-APG-240-SNAPSHOT.jar!/schema/relation.xsd
08:36:12,724 INFO  [TypeService] Registered schema: common from jar:file:/home/matic/.m2/repository/org/nuxeo/ecm/core/nuxeo-core/1.6.2-APG-240-SNAPSHOT/nuxeo-core-1.6.2-APG-240-SNAPSHOT.jar!/schema/common.xsd
08:36:12,747 INFO  [TypeService] Registered schema: dublincore from jar:file:/home/matic/.m2/repository/org/nuxeo/ecm/core/nuxeo-core/1.6.2-APG-240-SNAPSHOT/nuxeo-core-1.6.2-APG-240-SNAPSHOT.jar!/schema/dublincore.xsd
08:36:12,764 INFO  [TypeService] Registered schema: uid from jar:file:/home/matic/.m2/repository/org/nuxeo/ecm/core/nuxeo-core/1.6.2-APG-240-SNAPSHOT/nuxeo-core-1.6.2-APG-240-SNAPSHOT.jar!/schema/uid.xsd
08:36:12,790 INFO  [TypeService] Registered schema: file from jar:file:/home/matic/.m2/repository/org/nuxeo/ecm/core/nuxeo-core/1.6.2-APG-240-SNAPSHOT/nuxeo-core-1.6.2-APG-240-SNAPSHOT.jar!/schema/file.xsd
08:36:12,808 INFO  [TypeService] Registered schema: files from jar:file:/home/matic/.m2/repository/org/nuxeo/ecm/core/nuxeo-core/1.6.2-APG-240-SNAPSHOT/nuxeo-core-1.6.2-APG-240-SNAPSHOT.jar!/schema/files.xsd
08:36:12,822 INFO  [TypeService] Registered schema: note from jar:file:/home/matic/.m2/repository/org/nuxeo/ecm/core/nuxeo-core/1.6.2-APG-240-SNAPSHOT/nuxeo-core-1.6.2-APG-240-SNAPSHOT.jar!/schema/note.xsd
08:36:12,834 INFO  [TypeService] Registered schema: domain from jar:file:/home/matic/.m2/repository/org/nuxeo/ecm/core/nuxeo-core/1.6.2-APG-240-SNAPSHOT/nuxeo-core-1.6.2-APG-240-SNAPSHOT.jar!/schema/domain.xsd
08:36:12,845 INFO  [TypeService] Registered schema: publishing from jar:file:/home/matic/.m2/repository/org/nuxeo/ecm/core/nuxeo-core/1.6.2-APG-240-SNAPSHOT/nuxeo-core-1.6.2-APG-240-SNAPSHOT.jar!/schema/publishing.xsd
08:36:12,858 INFO  [TypeService] Registered schema: webcontainer from jar:file:/home/matic/.m2/repository/org/nuxeo/ecm/core/nuxeo-core/1.6.2-APG-240-SNAPSHOT/nuxeo-core-1.6.2-APG-240-SNAPSHOT.jar!/schema/webcontainer.xsd
08:36:12,865 INFO  [SchemaManagerImpl] Registered document type: Folder
08:36:12,865 INFO  [SchemaManagerImpl] Registered document type: OrderedFolder
08:36:12,865 INFO  [SchemaManagerImpl] Registered document type: Root
08:36:12,866 INFO  [SchemaManagerImpl] Registered document type: Relation
08:36:12,866 INFO  [SchemaManagerImpl] Registered document type: Domain
08:36:12,866 INFO  [SchemaManagerImpl] Registered document type: WorkspaceRoot
08:36:12,866 INFO  [SchemaManagerImpl] Registered document type: Workspace
08:36:12,867 INFO  [SchemaManagerImpl] Registered document type: TemplateRoot
08:36:12,867 INFO  [SchemaManagerImpl] Registered document type: SectionRoot
08:36:12,867 INFO  [SchemaManagerImpl] Registered document type: Section
08:36:12,867 INFO  [SchemaManagerImpl] Registered document type: File
08:36:12,868 INFO  [SchemaManagerImpl] Registered document type: Note
08:36:12,873 INFO  [ComponentManagerImpl] Registering component: service:org.nuxeo.ecm.core.lifecycle.LifeCycleService
08:36:12,879 INFO  [ComponentManagerImpl] Registering component: service:org.nuxeo.ecm.core.LifecycleCoreExtensions
08:36:12,882 INFO  [LifeCycleServiceImpl] Registering lifecycle: default
08:36:12,888 INFO  [LifeCycleServiceImpl] Registering lifecycle types mapping: {Section=default, TemplateRoot=default, Folder=default, Domain=default, SectionRoot=default, WorkspaceRoot=default, Root=default, Workspace=default, File=default, Note=default, OrderedFolder=default, Calendar=default}
08:36:12,902 INFO  [ComponentManagerImpl] Registering component: service:org.nuxeo.ecm.core.event.lifecycle.listener
08:36:12,929 INFO  [ComponentManagerImpl] Registering component: service:org.nuxeo.ecm.core.security.SecurityService
08:36:12,929 INFO  [ComponentManagerImpl] Registering service: org.nuxeo.ecm.core.security.SecurityService
08:36:12,930 INFO  [ComponentManagerImpl] Registering service: org.nuxeo.ecm.core.api.security.PermissionProvider
08:36:12,930 INFO  [ComponentManagerImpl] Registering service: org.nuxeo.ecm.core.security.SecurityPolicyService
08:36:12,945 INFO  [ComponentManagerImpl] Registering component: service:org.nuxeo.ecm.core.security.defaultPermissions
08:36:12,966 INFO  [ComponentManagerImpl] Registering component: service:org.nuxeo.ecm.core.security.defaultPolicies
08:36:12,981 INFO  [ComponentManagerImpl] Registering component: service:org.nuxeo.ecm.core.trash.TrashService
08:36:12,981 INFO  [ComponentManagerImpl] Registering service: org.nuxeo.ecm.core.trash.TrashService
08:36:12,985 INFO  [NXCoreActivator] ---------------- Starting Nuxeo Core ------------------
08:36:12,991 INFO  [NXRuntimeTestCase] Bundle 'org.nuxeo.ecm.core.event' has URL file:/home/matic/.m2/repository/org/nuxeo/ecm/core/nuxeo-core-event/1.6.2-APG-240-SNAPSHOT/nuxeo-core-event-1.6.2-APG-240-SNAPSHOT.jar
08:36:12,991 INFO  [BundleRegistry] Registering resolved bundle: org.nuxeo.ecm.core.event
08:36:12,999 INFO  [ComponentManagerImpl] Registering component: service:org.nuxeo.ecm.core.event.EventServiceComponent
08:36:12,999 INFO  [ComponentManagerImpl] Registering service: org.nuxeo.ecm.core.event.EventService
08:36:12,999 INFO  [ComponentManagerImpl] Registering service: org.nuxeo.ecm.core.event.EventProducer
08:36:12,999 INFO  [ComponentManagerImpl] Registering service: org.nuxeo.ecm.core.event.EventServiceAdmin
08:36:13,023 INFO  [ComponentManagerImpl] Registering component: service:org.nuxeo.ecm.event.management
08:36:13,024 INFO  [NXRuntimeTestCase] Bundle 'org.nuxeo.runtime.management' has URL file:/home/matic/.m2/repository/org/nuxeo/runtime/nuxeo-runtime-management/1.6.2-APG-240-SNAPSHOT/nuxeo-runtime-management-1.6.2-APG-240-SNAPSHOT.jar
08:36:13,027 INFO  [NXRuntimeTestCase] Bundle 'org.nuxeo.ecm.directory.api' has URL file:/usr/local/src/org.nuxeo.tests/nuxeo-service/nuxeo-platform-directory/nuxeo-platform-directory-api/target/nuxeo-platform-directory-api-5.3.2-APG-240-SNAPSHOT.jar
08:36:13,027 INFO  [NXRuntimeTestCase] Bundle 'org.nuxeo.ecm.platform.login' has URL file:/usr/local/src/org.nuxeo.tests/nuxeo-service/nuxeo-platform-login/target/nuxeo-platform-login-5.3.2-APG-240-SNAPSHOT.jar
08:36:13,028 INFO  [NXRuntimeTestCase] Bundle 'org.nuxeo.ecm.platform.api' has URL file:/usr/local/src/org.nuxeo.tests/nuxeo-service/nuxeo-platform-api/target/nuxeo-platform-api-5.3.2-APG-240-SNAPSHOT.jar
08:36:13,028 INFO  [NXRuntimeTestCase] Bundle 'org.nuxeo.ecm.platform.usermanager.api' has URL file:/usr/local/src/org.nuxeo.tests/nuxeo-service/nuxeo-platform-usermanager-api/target/nuxeo-platform-usermanager-api-5.3.2-APG-240-SNAPSHOT.jar
08:36:13,029 INFO  [NXRuntimeTestCase] Bundle 'org.nuxeo.ecm.core.storage.sql.test' has URL file:/home/matic/.m2/repository/org/nuxeo/ecm/core/nuxeo-core-storage-sql-test/1.6.2-APG-240-SNAPSHOT/nuxeo-core-storage-sql-test-1.6.2-APG-240-SNAPSHOT.jar
08:36:13,030 INFO  [NXRuntimeTestCase] Bundle 'org.nuxeo.runtime.nuxeo-runtime-test' has URL file:/home/matic/.m2/repository/org/nuxeo/runtime/nuxeo-runtime-test/1.6.2-APG-240-SNAPSHOT/nuxeo-runtime-test-1.6.2-APG-240-SNAPSHOT.jar
08:36:13,031 INFO  [NXRuntimeTestCase] Bundle 'com.google.inject' has URL file:/home/matic/.m2/repository/com/google/code/guice/guice/2.0/guice-2.0.jar
08:36:13,033 INFO  [NXRuntimeTestCase] Bundle 'osgi.core' has URL file:/home/matic/.m2/repository/org/osgi/osgi-core/4.1/osgi-core-4.1.jar
08:36:13,034 INFO  [NXRuntimeTestCase] Bundle 'org.apache.commons.io' has URL file:/home/matic/.m2/repository/commons-io/commons-io/1.4/commons-io-1.4.jar
08:36:13,034 INFO  [NXRuntimeTestCase] Bundle 'org.nuxeo.runtime.jetty' has URL file:/home/matic/.m2/repository/org/nuxeo/runtime/nuxeo-runtime-jetty-adapter/1.6.2-APG-240-SNAPSHOT/nuxeo-runtime-jetty-adapter-1.6.2-APG-240-SNAPSHOT.jar
08:36:13,038 INFO  [NXRuntimeTestCase] Bundle 'log4j' has URL file:/home/matic/.m2/repository/log4j/log4j/1.2.16/log4j-1.2.16.jar
08:36:13,042 INFO  [NXRuntimeTestCase] Bundle 'org.w3c.css.sac' has URL file:/home/matic/.m2/repository/org/w3c/sac/1.3/sac-1.3.jar
08:36:13,044 INFO  [NXRuntimeTestCase] Bundle 'slf4j.log4j12' has URL file:/home/matic/.m2/repository/org/slf4j/slf4j-log4j12/1.6.0/slf4j-log4j12-1.6.0.jar
08:36:13,044 INFO  [NXRuntimeTestCase] Bundle 'slf4j.api' has URL file:/home/matic/.m2/repository/org/slf4j/slf4j-api/1.6.0/slf4j-api-1.6.0.jar
08:36:13,045 INFO  [NXRuntimeTestCase] Bundle 'org.nuxeo.ecm.core.convert.api' has URL file:/home/matic/.m2/repository/org/nuxeo/ecm/core/nuxeo-core-convert-api/1.6.2-APG-240-SNAPSHOT/nuxeo-core-convert-api-1.6.2-APG-240-SNAPSHOT.jar
08:36:13,046 INFO  [NXRuntimeTestCase] Bundle 'org.nuxeo.ecm.core.storage.sql' has URL file:/home/matic/.m2/repository/org/nuxeo/ecm/core/nuxeo-core-storage-sql/1.6.2-APG-240-SNAPSHOT/nuxeo-core-storage-sql-1.6.2-APG-240-SNAPSHOT.jar
08:36:13,046 INFO  [BundleRegistry] Registering resolved bundle: org.nuxeo.ecm.core.storage.sql
08:36:13,051 INFO  [ComponentManagerImpl] Registering component: service:org.nuxeo.ecm.core.storage.sql.management
08:36:13,053 INFO  [ComponentManagerImpl] Registration delayed for component: service:org.nuxeo.ecm.core.storage.sql.listener. Waiting for: [service:org.nuxeo.ecm.core.convert.service.ConversionServiceImpl]
08:36:13,057 INFO  [ComponentManagerImpl] Registering component: service:org.nuxeo.ecm.core.storage.sql.jdbc.QueryMakerService
08:36:13,057 INFO  [ComponentManagerImpl] Registering service: org.nuxeo.ecm.core.storage.sql.jdbc.QueryMakerService
08:36:13,061 INFO  [ComponentManagerImpl] Registering component: service:org.nuxeo.ecm.core.storage.sql.jdbc.querymaker.contrib
08:36:13,070 INFO  [QueryMakerServiceImpl] Registering QueryMaker 'NXQL': org.nuxeo.ecm.core.storage.sql.jdbc.NXQLQueryMaker
08:36:13,083 INFO  [NXRuntimeTestCase] Deploying contribution from jar:file:/home/matic/.m2/repository/org/nuxeo/ecm/core/nuxeo-core-storage-sql-test/1.6.2-APG-240-SNAPSHOT/nuxeo-core-storage-sql-test-1.6.2-APG-240-SNAPSHOT.jar!/OSGI-INF/test-repo-repository-h2-contrib.xml
08:36:13,086 INFO  [ComponentManagerImpl] Registering component: service:org.nuxeo.ecm.core.storage.sql.test.repo.repository
08:36:13,092 INFO  [RepositoryManager] Registering repository: test
08:36:13,175 INFO  [DefaultBinaryManager] Repository 'test' using binary store: /tmp/NXOSGITestFramework6990800172615416588129f8ddcbb2-5629279.1/binaries
08:36:14,564 ERROR [AbstractCommand] java.lang.NullPointerException
08:36:15,186 INFO  [AbstractRuntimeService] Stopping Nuxeo Runtime service OSGi NXRuntime; version: 1.4.0
08:36:15,187 INFO  [ComponentManagerImpl] Unregistering component: service:org.nuxeo.runtime.services.deployment.DeploymentService
08:36:15,187 INFO  [ComponentManagerImpl] Unregistering component: service:org.nuxeo.ecm.core.storage.sql.test.repo.repository
08:36:15,187 INFO  [RepositoryManager] Unregistering repository: test
08:36:15,187 INFO  [RepositoryManager] Unregistering repository: test
08:36:15,188 INFO  [ComponentManagerImpl] Unregistering component: service:org.nuxeo.runtime.LoginComponent
08:36:15,188 INFO  [ComponentManagerImpl] Unregistering component: service:org.nuxeo.runtime.api.DefaultJBossBindings
08:36:15,188 INFO  [ComponentManagerImpl] Unregistering component: service:org.nuxeo.runtime.EventService
08:36:15,188 INFO  [ComponentManagerImpl] Unregistering component: service:org.nuxeo.runtime.api.ServiceManagement
08:36:15,189 INFO  [ComponentManagerImpl] Unregistering component: service:org.nuxeo.ecm.core.api.blohodlers.adapters
08:36:15,189 INFO  [DocumentAdapterService] Unregistered document adapter factory: null: interface org.nuxeo.ecm.core.api.blobholder.BlobHolder
08:36:15,189 INFO  [ComponentManagerImpl] Unregistering component: service:org.nuxeo.ecm.core.security.SecurityService
08:36:15,189 INFO  [ComponentManagerImpl] Unregistering component: service:org.nuxeo.ecm.core.CoreService
08:36:15,189 INFO  [ComponentManagerImpl] Unregistering component: service:org.nuxeo.ecm.core.schema.TypeService
08:36:15,189 INFO  [ComponentManagerImpl] Unregistering component: service:org.nuxeo.ecm.core.event.EventServiceComponent
08:36:15,190 INFO  [ComponentManagerImpl] Unregistering component: service:org.nuxeo.ecm.core.CoreExtensions
08:36:15,190 INFO  [ComponentManagerImpl] Unregistering component: service:org.nuxeo.ecm.core.trash.TrashService
08:36:15,190 INFO  [ComponentManagerImpl] Unregistering component: service:org.nuxeo.ecm.core.storage.sql.management
08:36:15,190 INFO  [ComponentManagerImpl] Unregistering component: service:org.nuxeo.ecm.core.storage.sql.jdbc.QueryMakerService
08:36:15,190 INFO  [ComponentManagerImpl] Unregistering component: service:org.nuxeo.ecm.core.api.DocumentAdapterService
08:36:15,191 INFO  [ComponentManagerImpl] Unregistering component: service:org.nuxeo.ecm.core.security.defaultPermissions
08:36:15,191 INFO  [ComponentManagerImpl] Unregistering component: service:org.nuxeo.ecm.core.api.repository.RepositoryManager
08:36:15,191 INFO  [ComponentManagerImpl] Unregistering component: service:org.nuxeo.ecm.core.security.defaultPolicies
08:36:15,191 INFO  [ComponentManagerImpl] Unregistering component: service:org.nuxeo.ecm.core.LifecycleCoreExtensions
08:36:15,192 INFO  [ComponentManagerImpl] Unregistering component: service:org.nuxeo.ecm.core.repository.RepositoryService
08:36:15,192 INFO  [RepositoryManager] Shutting down repository manager
08:36:15,192 INFO  [ComponentManagerImpl] Unregistering component: service:org.nuxeo.ecm.core.api.blobholder.BlobHolderAdapterComponent
08:36:15,192 INFO  [ComponentManagerImpl] Unregistering component: service:org.nuxeo.ecm.core.storage.sql.jdbc.querymaker.contrib
08:36:15,193 INFO  [ComponentManagerImpl] Unregistering component: service:org.nuxeo.ecm.core.lifecycle.LifeCycleService
08:36:15,193 INFO  [ComponentManagerImpl] Unregistering component: service:org.nuxeo.ecm.core.event.lifecycle.listener
08:36:15,193 INFO  [ComponentManagerImpl] Unregistering component: service:org.nuxeo.ecm.event.management
08:36:15,263 INFO  [NXRuntimeTestCase] Bundle 'org.nuxeo.ecm.shell.commands' has URL file:/usr/local/src/org.nuxeo.tests/nuxeo-service/nuxeo-shell-core/target/classes/
08:36:15,264 INFO  [NXRuntimeTestCase] Bundle 'org.nuxeo.common' has URL file:/home/matic/.m2/repository/org/nuxeo/common/nuxeo-common/1.6.2-APG-240-SNAPSHOT/nuxeo-common-1.6.2-APG-240-SNAPSHOT.jar
08:36:15,264 INFO  [NXRuntimeTestCase] Bundle 'org.nuxeo.runtime' has URL file:/home/matic/.m2/repository/org/nuxeo/runtime/nuxeo-runtime/1.6.2-APG-240-SNAPSHOT/nuxeo-runtime-1.6.2-APG-240-SNAPSHOT.jar
08:36:15,264 INFO  [OSGIRuntimeTestActivator] Starting Runtime Activator
08:36:15,268 INFO  [AbstractRuntimeService] Starting Nuxeo Runtime service OSGi NXRuntime; version: 1.4.0
08:36:15,268 INFO  [OSGiRuntimeService] Configuration: host application: null
08:36:15,268 INFO  [NXRuntimeTestCase] Deploying contribution from jar:file:/home/matic/.m2/repository/org/nuxeo/runtime/nuxeo-runtime/1.6.2-APG-240-SNAPSHOT/nuxeo-runtime-1.6.2-APG-240-SNAPSHOT.jar!/OSGI-INF/DeploymentService.xml
08:36:15,271 INFO  [ComponentManagerImpl] Registering component: service:org.nuxeo.runtime.services.deployment.DeploymentService
08:36:15,271 INFO  [ComponentManagerImpl] Registering service: org.nuxeo.runtime.services.deployment.DeploymentService
08:36:15,272 INFO  [NXRuntimeTestCase] Deploying contribution from jar:file:/home/matic/.m2/repository/org/nuxeo/runtime/nuxeo-runtime/1.6.2-APG-240-SNAPSHOT/nuxeo-runtime-1.6.2-APG-240-SNAPSHOT.jar!/OSGI-INF/LoginComponent.xml
08:36:15,274 INFO  [ComponentManagerImpl] Registering component: service:org.nuxeo.runtime.LoginComponent
08:36:15,275 INFO  [ComponentManagerImpl] Registering service: org.nuxeo.runtime.api.login.LoginService
08:36:15,275 INFO  [NXRuntimeTestCase] Deploying contribution from jar:file:/home/matic/.m2/repository/org/nuxeo/runtime/nuxeo-runtime/1.6.2-APG-240-SNAPSHOT/nuxeo-runtime-1.6.2-APG-240-SNAPSHOT.jar!/OSGI-INF/ServiceManagement.xml
08:36:15,278 INFO  [ComponentManagerImpl] Registering component: service:org.nuxeo.runtime.api.ServiceManagement
08:36:15,278 INFO  [ComponentManagerImpl] Registering service: org.nuxeo.runtime.api.ServiceManager
08:36:15,279 INFO  [NXRuntimeTestCase] Deploying contribution from jar:file:/home/matic/.m2/repository/org/nuxeo/runtime/nuxeo-runtime/1.6.2-APG-240-SNAPSHOT/nuxeo-runtime-1.6.2-APG-240-SNAPSHOT.jar!/OSGI-INF/EventService.xml
08:36:15,281 INFO  [ComponentManagerImpl] Registering component: service:org.nuxeo.runtime.EventService
08:36:15,281 INFO  [ComponentManagerImpl] Registering service: org.nuxeo.runtime.services.event.EventService
08:36:15,281 INFO  [NXRuntimeTestCase] Deploying contribution from jar:file:/home/matic/.m2/repository/org/nuxeo/runtime/nuxeo-runtime/1.6.2-APG-240-SNAPSHOT/nuxeo-runtime-1.6.2-APG-240-SNAPSHOT.jar!/OSGI-INF/DefaultJBossBindings.xml
08:36:15,283 INFO  [ComponentManagerImpl] Registering component: service:org.nuxeo.runtime.api.DefaultJBossBindings
08:36:15,285 INFO  [NXRuntimeTestCase] Bundle 'org.nuxeo.osgi' has URL file:/home/matic/.m2/repository/org/nuxeo/runtime/nuxeo-runtime-osgi/1.6.2-APG-240-SNAPSHOT/nuxeo-runtime-osgi-1.6.2-APG-240-SNAPSHOT.jar
08:36:15,286 INFO  [NXRuntimeTestCase] Bundle 'org.nuxeo.runtime.scripting' has URL file:/home/matic/.m2/repository/org/nuxeo/runtime/nuxeo-runtime-scripting/1.6.2-APG-240-SNAPSHOT/nuxeo-runtime-scripting-1.6.2-APG-240-SNAPSHOT.jar
08:36:15,289 INFO  [NXRuntimeTestCase] Bundle 'org.nuxeo.runtime.jtajca' has URL file:/home/matic/.m2/repository/org/nuxeo/runtime/nuxeo-runtime-jtajca/1.6.2-APG-240-SNAPSHOT/nuxeo-runtime-jtajca-1.6.2-APG-240-SNAPSHOT.jar
08:36:15,289 INFO  [NXRuntimeTestCase] Bundle 'org.nuxeo.ecm.core.client' has URL file:/home/matic/.m2/repository/org/nuxeo/ecm/core/nuxeo-core-client/1.6.2-APG-240-SNAPSHOT/nuxeo-core-client-1.6.2-APG-240-SNAPSHOT.jar
08:36:15,290 INFO  [NXRuntimeTestCase] Bundle 'org.nuxeo.ecm.core.api' has URL file:/home/matic/.m2/repository/org/nuxeo/ecm/core/nuxeo-core-api/1.6.2-APG-240-SNAPSHOT/nuxeo-core-api-1.6.2-APG-240-SNAPSHOT.jar
08:36:15,290 INFO  [NXRuntimeTestCase] Bundle 'org.nuxeo.ecm.core.schema' has URL file:/home/matic/.m2/repository/org/nuxeo/ecm/core/nuxeo-core-schema/1.6.2-APG-240-SNAPSHOT/nuxeo-core-schema-1.6.2-APG-240-SNAPSHOT.jar
08:36:15,291 INFO  [BundleRegistry] Registering resolved bundle: org.nuxeo.ecm.core.schema
08:36:15,300 INFO  [ComponentManagerImpl] Registering component: service:org.nuxeo.ecm.core.schema.TypeService
08:36:15,300 INFO  [ComponentManagerImpl] Registering service: org.nuxeo.ecm.core.schema.SchemaManager
08:36:15,301 INFO  [SchemaManagerImpl] Register document type: Document
08:36:15,301 INFO  [BundleRegistry] Registering resolved bundle: org.nuxeo.ecm.core.api
08:36:15,307 INFO  [ComponentManagerImpl] Registering component: service:org.nuxeo.ecm.core.api.DocumentAdapterService
08:36:15,308 INFO  [ComponentManagerImpl] Registering service: org.nuxeo.ecm.core.api.adapter.DocumentAdapterService
08:36:15,310 INFO  [ComponentManagerImpl] Registering component: service:org.nuxeo.ecm.core.api.repository.RepositoryManager
08:36:15,311 INFO  [ComponentManagerImpl] Registering service: org.nuxeo.ecm.core.api.repository.RepositoryManager
08:36:15,314 INFO  [ComponentManagerImpl] Registering component: service:org.nuxeo.ecm.core.api.blobholder.BlobHolderAdapterComponent
08:36:15,314 INFO  [ComponentManagerImpl] Registering service: org.nuxeo.ecm.core.api.blobholder.BlobHolderAdapterService
08:36:15,316 INFO  [ComponentManagerImpl] Registering component: service:org.nuxeo.ecm.core.api.blohodlers.adapters
08:36:15,317 INFO  [DocumentAdapterService] Registered document adapter factory null: interface org.nuxeo.ecm.core.api.blobholder.BlobHolder
08:36:15,319 INFO  [NXRuntimeTestCase] Bundle 'org.nuxeo.ecm.core.query' has URL file:/home/matic/.m2/repository/org/nuxeo/ecm/core/nuxeo-core-query/1.6.2-APG-240-SNAPSHOT/nuxeo-core-query-1.6.2-APG-240-SNAPSHOT.jar
08:36:15,319 INFO  [NXRuntimeTestCase] Bundle 'joda-time' has URL file:/home/matic/.m2/repository/joda-time/joda-time/1.6/joda-time-1.6.jar
08:36:15,320 INFO  [NXRuntimeTestCase] Bundle 'org.nuxeo.ecm.core.io' has URL file:/home/matic/.m2/repository/org/nuxeo/ecm/core/nuxeo-core-io/1.6.2-APG-240-SNAPSHOT/nuxeo-core-io-1.6.2-APG-240-SNAPSHOT.jar
08:36:15,321 INFO  [NXRuntimeTestCase] Bundle 'org.nuxeo.ecm.platform.search.api' has URL file:/usr/local/src/org.nuxeo.tests/nuxeo-service/nuxeo-platform-search-api/target/nuxeo-platform-search-api-5.3.2-APG-240-SNAPSHOT.jar
08:36:15,321 INFO  [NXRuntimeTestCase] Bundle 'org.nuxeo.ecm.core' has URL file:/home/matic/.m2/repository/org/nuxeo/ecm/core/nuxeo-core/1.6.2-APG-240-SNAPSHOT/nuxeo-core-1.6.2-APG-240-SNAPSHOT.jar
08:36:15,322 INFO  [BundleRegistry] Registering resolved bundle: org.nuxeo.ecm.core
08:36:15,328 INFO  [ComponentManagerImpl] Registering component: service:org.nuxeo.ecm.core.CoreService
08:36:15,328 INFO  [ComponentManagerImpl] Registering service: org.nuxeo.ecm.core.CoreService
08:36:15,331 INFO  [ComponentManagerImpl] Registering component: service:org.nuxeo.ecm.core.repository.RepositoryService
08:36:15,332 INFO  [ComponentManagerImpl] Registering service: org.nuxeo.ecm.core.api.CoreSession
08:36:15,337 INFO  [ComponentManagerImpl] Registering component: service:org.nuxeo.ecm.core.CoreExtensions
08:36:15,350 INFO  [TypeService] Registered schema: core-types from jar:file:/home/matic/.m2/repository/org/nuxeo/ecm/core/nuxeo-core/1.6.2-APG-240-SNAPSHOT/nuxeo-core-1.6.2-APG-240-SNAPSHOT.jar!/schema/core-types.xsd
08:36:15,361 INFO  [TypeService] Registered schema: base from jar:file:/home/matic/.m2/repository/org/nuxeo/ecm/core/nuxeo-core/1.6.2-APG-240-SNAPSHOT/nuxeo-core-1.6.2-APG-240-SNAPSHOT.jar!/schema/base.xsd
08:36:15,371 INFO  [TypeService] Registered schema: relation from jar:file:/home/matic/.m2/repository/org/nuxeo/ecm/core/nuxeo-core/1.6.2-APG-240-SNAPSHOT/nuxeo-core-1.6.2-APG-240-SNAPSHOT.jar!/schema/relation.xsd
08:36:15,382 INFO  [TypeService] Registered schema: common from jar:file:/home/matic/.m2/repository/org/nuxeo/ecm/core/nuxeo-core/1.6.2-APG-240-SNAPSHOT/nuxeo-core-1.6.2-APG-240-SNAPSHOT.jar!/schema/common.xsd
08:36:15,394 INFO  [TypeService] Registered schema: dublincore from jar:file:/home/matic/.m2/repository/org/nuxeo/ecm/core/nuxeo-core/1.6.2-APG-240-SNAPSHOT/nuxeo-core-1.6.2-APG-240-SNAPSHOT.jar!/schema/dublincore.xsd
08:36:15,405 INFO  [TypeService] Registered schema: uid from jar:file:/home/matic/.m2/repository/org/nuxeo/ecm/core/nuxeo-core/1.6.2-APG-240-SNAPSHOT/nuxeo-core-1.6.2-APG-240-SNAPSHOT.jar!/schema/uid.xsd
08:36:15,420 INFO  [TypeService] Registered schema: file from jar:file:/home/matic/.m2/repository/org/nuxeo/ecm/core/nuxeo-core/1.6.2-APG-240-SNAPSHOT/nuxeo-core-1.6.2-APG-240-SNAPSHOT.jar!/schema/file.xsd
08:36:15,439 INFO  [TypeService] Registered schema: files from jar:file:/home/matic/.m2/repository/org/nuxeo/ecm/core/nuxeo-core/1.6.2-APG-240-SNAPSHOT/nuxeo-core-1.6.2-APG-240-SNAPSHOT.jar!/schema/files.xsd
08:36:15,481 INFO  [TypeService] Registered schema: note from jar:file:/home/matic/.m2/repository/org/nuxeo/ecm/core/nuxeo-core/1.6.2-APG-240-SNAPSHOT/nuxeo-core-1.6.2-APG-240-SNAPSHOT.jar!/schema/note.xsd
08:36:15,500 INFO  [TypeService] Registered schema: domain from jar:file:/home/matic/.m2/repository/org/nuxeo/ecm/core/nuxeo-core/1.6.2-APG-240-SNAPSHOT/nuxeo-core-1.6.2-APG-240-SNAPSHOT.jar!/schema/domain.xsd
08:36:15,528 INFO  [TypeService] Registered schema: publishing from jar:file:/home/matic/.m2/repository/org/nuxeo/ecm/core/nuxeo-core/1.6.2-APG-240-SNAPSHOT/nuxeo-core-1.6.2-APG-240-SNAPSHOT.jar!/schema/publishing.xsd
08:36:15,555 INFO  [TypeService] Registered schema: webcontainer from jar:file:/home/matic/.m2/repository/org/nuxeo/ecm/core/nuxeo-core/1.6.2-APG-240-SNAPSHOT/nuxeo-core-1.6.2-APG-240-SNAPSHOT.jar!/schema/webcontainer.xsd
08:36:15,569 INFO  [SchemaManagerImpl] Registered document type: Folder
08:36:15,570 INFO  [SchemaManagerImpl] Registered document type: OrderedFolder
08:36:15,570 INFO  [SchemaManagerImpl] Registered document type: Root
08:36:15,570 INFO  [SchemaManagerImpl] Registered document type: Relation
08:36:15,570 INFO  [SchemaManagerImpl] Registered document type: Domain
08:36:15,571 INFO  [SchemaManagerImpl] Registered document type: WorkspaceRoot
08:36:15,571 INFO  [SchemaManagerImpl] Registered document type: Workspace
08:36:15,571 INFO  [SchemaManagerImpl] Registered document type: TemplateRoot
08:36:15,571 INFO  [SchemaManagerImpl] Registered document type: SectionRoot
08:36:15,572 INFO  [SchemaManagerImpl] Registered document type: Section
08:36:15,572 INFO  [SchemaManagerImpl] Registered document type: File
08:36:15,572 INFO  [SchemaManagerImpl] Registered document type: Note
08:36:15,594 INFO  [ComponentManagerImpl] Registering component: service:org.nuxeo.ecm.core.lifecycle.LifeCycleService
08:36:15,601 INFO  [ComponentManagerImpl] Registering component: service:org.nuxeo.ecm.core.LifecycleCoreExtensions
08:36:15,602 INFO  [LifeCycleServiceImpl] Registering lifecycle: default
08:36:15,604 INFO  [LifeCycleServiceImpl] Registering lifecycle types mapping: {Section=default, TemplateRoot=default, Folder=default, Domain=default, SectionRoot=default, WorkspaceRoot=default, Root=default, Workspace=default, File=default, Note=default, OrderedFolder=default, Calendar=default}
08:36:15,606 INFO  [ComponentManagerImpl] Registering component: service:org.nuxeo.ecm.core.event.lifecycle.listener
08:36:15,632 INFO  [ComponentManagerImpl] Registering component: service:org.nuxeo.ecm.core.security.SecurityService
08:36:15,641 INFO  [ComponentManagerImpl] Registering service: org.nuxeo.ecm.core.security.SecurityService
08:36:15,645 INFO  [ComponentManagerImpl] Registering service: org.nuxeo.ecm.core.api.security.PermissionProvider
08:36:15,646 INFO  [ComponentManagerImpl] Registering service: org.nuxeo.ecm.core.security.SecurityPolicyService
08:36:15,649 INFO  [ComponentManagerImpl] Registering component: service:org.nuxeo.ecm.core.security.defaultPermissions
08:36:15,655 INFO  [ComponentManagerImpl] Registering component: service:org.nuxeo.ecm.core.security.defaultPolicies
08:36:15,658 INFO  [ComponentManagerImpl] Registering component: service:org.nuxeo.ecm.core.trash.TrashService
08:36:15,659 INFO  [ComponentManagerImpl] Registering service: org.nuxeo.ecm.core.trash.TrashService
08:36:15,659 INFO  [NXCoreActivator] ---------------- Starting Nuxeo Core ------------------
08:36:15,660 INFO  [NXRuntimeTestCase] Bundle 'org.nuxeo.ecm.core.event' has URL file:/home/matic/.m2/repository/org/nuxeo/ecm/core/nuxeo-core-event/1.6.2-APG-240-SNAPSHOT/nuxeo-core-event-1.6.2-APG-240-SNAPSHOT.jar
08:36:15,661 INFO  [BundleRegistry] Registering resolved bundle: org.nuxeo.ecm.core.event
08:36:15,666 INFO  [ComponentManagerImpl] Registering component: service:org.nuxeo.ecm.core.event.EventServiceComponent
08:36:15,667 INFO  [ComponentManagerImpl] Registering service: org.nuxeo.ecm.core.event.EventService
08:36:15,667 INFO  [ComponentManagerImpl] Registering service: org.nuxeo.ecm.core.event.EventProducer
08:36:15,667 INFO  [ComponentManagerImpl] Registering service: org.nuxeo.ecm.core.event.EventServiceAdmin
08:36:15,670 INFO  [ComponentManagerImpl] Registering component: service:org.nuxeo.ecm.event.management
08:36:15,671 INFO  [NXRuntimeTestCase] Bundle 'org.nuxeo.runtime.management' has URL file:/home/matic/.m2/repository/org/nuxeo/runtime/nuxeo-runtime-management/1.6.2-APG-240-SNAPSHOT/nuxeo-runtime-management-1.6.2-APG-240-SNAPSHOT.jar
08:36:15,673 INFO  [NXRuntimeTestCase] Bundle 'org.nuxeo.ecm.directory.api' has URL file:/usr/local/src/org.nuxeo.tests/nuxeo-service/nuxeo-platform-directory/nuxeo-platform-directory-api/target/nuxeo-platform-directory-api-5.3.2-APG-240-SNAPSHOT.jar
08:36:15,673 INFO  [NXRuntimeTestCase] Bundle 'org.nuxeo.ecm.platform.login' has URL file:/usr/local/src/org.nuxeo.tests/nuxeo-service/nuxeo-platform-login/target/nuxeo-platform-login-5.3.2-APG-240-SNAPSHOT.jar
08:36:15,673 INFO  [NXRuntimeTestCase] Bundle 'org.nuxeo.ecm.platform.api' has URL file:/usr/local/src/org.nuxeo.tests/nuxeo-service/nuxeo-platform-api/target/nuxeo-platform-api-5.3.2-APG-240-SNAPSHOT.jar
08:36:15,674 INFO  [NXRuntimeTestCase] Bundle 'org.nuxeo.ecm.platform.usermanager.api' has URL file:/usr/local/src/org.nuxeo.tests/nuxeo-service/nuxeo-platform-usermanager-api/target/nuxeo-platform-usermanager-api-5.3.2-APG-240-SNAPSHOT.jar
08:36:15,674 INFO  [NXRuntimeTestCase] Bundle 'org.nuxeo.ecm.core.storage.sql.test' has URL file:/home/matic/.m2/repository/org/nuxeo/ecm/core/nuxeo-core-storage-sql-test/1.6.2-APG-240-SNAPSHOT/nuxeo-core-storage-sql-test-1.6.2-APG-240-SNAPSHOT.jar
08:36:15,675 INFO  [NXRuntimeTestCase] Bundle 'org.nuxeo.runtime.nuxeo-runtime-test' has URL file:/home/matic/.m2/repository/org/nuxeo/runtime/nuxeo-runtime-test/1.6.2-APG-240-SNAPSHOT/nuxeo-runtime-test-1.6.2-APG-240-SNAPSHOT.jar
08:36:15,675 INFO  [NXRuntimeTestCase] Bundle 'com.google.inject' has URL file:/home/matic/.m2/repository/com/google/code/guice/guice/2.0/guice-2.0.jar
08:36:15,676 INFO  [NXRuntimeTestCase] Bundle 'osgi.core' has URL file:/home/matic/.m2/repository/org/osgi/osgi-core/4.1/osgi-core-4.1.jar
08:36:15,677 INFO  [NXRuntimeTestCase] Bundle 'org.apache.commons.io' has URL file:/home/matic/.m2/repository/commons-io/commons-io/1.4/commons-io-1.4.jar
08:36:15,677 INFO  [NXRuntimeTestCase] Bundle 'org.nuxeo.runtime.jetty' has URL file:/home/matic/.m2/repository/org/nuxeo/runtime/nuxeo-runtime-jetty-adapter/1.6.2-APG-240-SNAPSHOT/nuxeo-runtime-jetty-adapter-1.6.2-APG-240-SNAPSHOT.jar
08:36:15,680 INFO  [NXRuntimeTestCase] Bundle 'log4j' has URL file:/home/matic/.m2/repository/log4j/log4j/1.2.16/log4j-1.2.16.jar
08:36:15,683 INFO  [NXRuntimeTestCase] Bundle 'org.w3c.css.sac' has URL file:/home/matic/.m2/repository/org/w3c/sac/1.3/sac-1.3.jar
08:36:15,687 INFO  [NXRuntimeTestCase] Bundle 'slf4j.log4j12' has URL file:/home/matic/.m2/repository/org/slf4j/slf4j-log4j12/1.6.0/slf4j-log4j12-1.6.0.jar
08:36:15,687 INFO  [NXRuntimeTestCase] Bundle 'slf4j.api' has URL file:/home/matic/.m2/repository/org/slf4j/slf4j-api/1.6.0/slf4j-api-1.6.0.jar
08:36:15,688 INFO  [NXRuntimeTestCase] Bundle 'org.nuxeo.ecm.core.convert.api' has URL file:/home/matic/.m2/repository/org/nuxeo/ecm/core/nuxeo-core-convert-api/1.6.2-APG-240-SNAPSHOT/nuxeo-core-convert-api-1.6.2-APG-240-SNAPSHOT.jar
08:36:15,688 INFO  [NXRuntimeTestCase] Bundle 'org.nuxeo.ecm.core.storage.sql' has URL file:/home/matic/.m2/repository/org/nuxeo/ecm/core/nuxeo-core-storage-sql/1.6.2-APG-240-SNAPSHOT/nuxeo-core-storage-sql-1.6.2-APG-240-SNAPSHOT.jar
08:36:15,689 INFO  [BundleRegistry] Registering resolved bundle: org.nuxeo.ecm.core.storage.sql
08:36:15,700 INFO  [ComponentManagerImpl] Registering component: service:org.nuxeo.ecm.core.storage.sql.management
08:36:15,703 INFO  [ComponentManagerImpl] Registration delayed for component: service:org.nuxeo.ecm.core.storage.sql.listener. Waiting for: [service:org.nuxeo.ecm.core.convert.service.ConversionServiceImpl]
08:36:15,725 INFO  [ComponentManagerImpl] Registering component: service:org.nuxeo.ecm.core.storage.sql.jdbc.QueryMakerService
08:36:15,731 INFO  [ComponentManagerImpl] Registering service: org.nuxeo.ecm.core.storage.sql.jdbc.QueryMakerService
08:36:15,736 INFO  [ComponentManagerImpl] Registering component: service:org.nuxeo.ecm.core.storage.sql.jdbc.querymaker.contrib
08:36:15,737 INFO  [QueryMakerServiceImpl] Registering QueryMaker 'NXQL': org.nuxeo.ecm.core.storage.sql.jdbc.NXQLQueryMaker
08:36:15,739 INFO  [NXRuntimeTestCase] Deploying contribution from jar:file:/home/matic/.m2/repository/org/nuxeo/ecm/core/nuxeo-core-storage-sql-test/1.6.2-APG-240-SNAPSHOT/nuxeo-core-storage-sql-test-1.6.2-APG-240-SNAPSHOT.jar!/OSGI-INF/test-repo-repository-h2-contrib.xml
08:36:15,742 INFO  [ComponentManagerImpl] Registering component: service:org.nuxeo.ecm.core.storage.sql.test.repo.repository
08:36:15,746 INFO  [RepositoryManager] Registering repository: test
08:36:15,752 INFO  [DefaultBinaryManager] Repository 'test' using binary store: /tmp/NXOSGITestFramework966660602494860886129f8ddd81e-5629279.2/binaries
08:36:16,375 ERROR [AbstractCommand] java.lang.NullPointerException
08:36:16,672 ERROR [AbstractCommand] java.lang.NullPointerException
08:36:16,778 INFO  [AbstractRuntimeService] Stopping Nuxeo Runtime service OSGi NXRuntime; version: 1.4.0
08:36:16,778 INFO  [ComponentManagerImpl] Unregistering component: service:org.nuxeo.runtime.services.deployment.DeploymentService
08:36:16,778 INFO  [ComponentManagerImpl] Unregistering component: service:org.nuxeo.ecm.core.storage.sql.test.repo.repository
08:36:16,778 INFO  [RepositoryManager] Unregistering repository: test
08:36:16,779 INFO  [RepositoryManager] Unregistering repository: test
08:36:16,783 INFO  [ComponentManagerImpl] Unregistering component: service:org.nuxeo.runtime.LoginComponent
08:36:16,783 INFO  [ComponentManagerImpl] Unregistering component: service:org.nuxeo.runtime.api.DefaultJBossBindings
08:36:16,783 INFO  [ComponentManagerImpl] Unregistering component: service:org.nuxeo.runtime.EventService
08:36:16,783 INFO  [ComponentManagerImpl] Unregistering component: service:org.nuxeo.runtime.api.ServiceManagement
08:36:16,783 INFO  [ComponentManagerImpl] Unregistering component: service:org.nuxeo.ecm.core.api.blohodlers.adapters
08:36:16,784 INFO  [DocumentAdapterService] Unregistered document adapter factory: null: interface org.nuxeo.ecm.core.api.blobholder.BlobHolder
08:36:16,784 INFO  [ComponentManagerImpl] Unregistering component: service:org.nuxeo.ecm.core.security.SecurityService
08:36:16,784 INFO  [ComponentManagerImpl] Unregistering component: service:org.nuxeo.ecm.core.CoreService
08:36:16,784 INFO  [ComponentManagerImpl] Unregistering component: service:org.nuxeo.ecm.core.schema.TypeService
08:36:16,785 INFO  [ComponentManagerImpl] Unregistering component: service:org.nuxeo.ecm.core.event.EventServiceComponent
08:36:16,785 INFO  [ComponentManagerImpl] Unregistering component: service:org.nuxeo.ecm.core.CoreExtensions
08:36:16,785 INFO  [ComponentManagerImpl] Unregistering component: service:org.nuxeo.ecm.core.trash.TrashService
08:36:16,785 INFO  [ComponentManagerImpl] Unregistering component: service:org.nuxeo.ecm.core.storage.sql.management
08:36:16,785 INFO  [ComponentManagerImpl] Unregistering component: service:org.nuxeo.ecm.core.storage.sql.jdbc.QueryMakerService
08:36:16,785 INFO  [ComponentManagerImpl] Unregistering component: service:org.nuxeo.ecm.core.api.DocumentAdapterService
08:36:16,785 INFO  [ComponentManagerImpl] Unregistering component: service:org.nuxeo.ecm.core.security.defaultPermissions
08:36:16,786 INFO  [ComponentManagerImpl] Unregistering component: service:org.nuxeo.ecm.core.api.repository.RepositoryManager
08:36:16,786 INFO  [ComponentManagerImpl] Unregistering component: service:org.nuxeo.ecm.core.security.defaultPolicies
08:36:16,786 INFO  [ComponentManagerImpl] Unregistering component: service:org.nuxeo.ecm.core.LifecycleCoreExtensions
08:36:16,786 INFO  [ComponentManagerImpl] Unregistering component: service:org.nuxeo.ecm.core.repository.RepositoryService
08:36:16,786 INFO  [RepositoryManager] Shutting down repository manager
08:36:16,787 INFO  [ComponentManagerImpl] Unregistering component: service:org.nuxeo.ecm.core.api.blobholder.BlobHolderAdapterComponent
08:36:16,787 INFO  [ComponentManagerImpl] Unregistering component: service:org.nuxeo.ecm.core.storage.sql.jdbc.querymaker.contrib
08:36:16,787 INFO  [ComponentManagerImpl] Unregistering component: service:org.nuxeo.ecm.core.lifecycle.LifeCycleService
08:36:16,787 INFO  [ComponentManagerImpl] Unregistering component: service:org.nuxeo.ecm.core.event.lifecycle.listener
08:36:16,787 INFO  [ComponentManagerImpl] Unregistering component: service:org.nuxeo.ecm.event.management
Tests run: 2, Failures: 0, Errors: 0, Skipped: 0, Time elapsed: 4.837 sec

Results :

Tests run: 3, Failures: 0, Errors: 0, Skipped: 0

[INFO] [jar:jar {execution: default-jar}]
[INFO] Building jar: /usr/local/src/org.nuxeo.tests/nuxeo-service/nuxeo-shell-core/target/nuxeo-shell-core-5.3.2-APG-240-SNAPSHOT.jar
[INFO] Preparing source:jar
[WARNING] Removing: jar from forked lifecycle, to prevent recursive invocation.
[INFO] [buildnumber:create {execution: default}]
[INFO] Storing buildNumber: 20100722-083617 at timestamp: 1279780577561
[INFO] [source:jar {execution: attach-sources}]
[INFO] Building jar: /usr/local/src/org.nuxeo.tests/nuxeo-service/nuxeo-shell-core/target/nuxeo-shell-core-5.3.2-APG-240-SNAPSHOT-sources.jar
[INFO] [install:install {execution: default-install}]
[INFO] Installing /usr/local/src/org.nuxeo.tests/nuxeo-service/nuxeo-shell-core/target/nuxeo-shell-core-5.3.2-APG-240-SNAPSHOT.jar to /home/matic/.m2/repository/org/nuxeo/ecm/platform/nuxeo-shell-core/5.3.2-APG-240-SNAPSHOT/nuxeo-shell-core-5.3.2-APG-240-SNAPSHOT.jar
[INFO] Installing /usr/local/src/org.nuxeo.tests/nuxeo-service/nuxeo-shell-core/target/nuxeo-shell-core-5.3.2-APG-240-SNAPSHOT-sources.jar to /home/matic/.m2/repository/org/nuxeo/ecm/platform/nuxeo-shell-core/5.3.2-APG-240-SNAPSHOT/nuxeo-shell-core-5.3.2-APG-240-SNAPSHOT-sources.jar
[INFO] ------------------------------------------------------------------------
[INFO] Building Nuxeo Platform Test Framework
[INFO]    task-segment: [clean, install]
[INFO] ------------------------------------------------------------------------
[INFO] [clean:clean {execution: default-clean}]
[INFO] Deleting /usr/local/src/org.nuxeo.tests/nuxeo-service/nuxeo-platform-test/target
[INFO] [buildnumber:create {execution: default}]
[INFO] Storing buildNumber: 20100722-083617 at timestamp: 1279780577626
[INFO] [nuxeo:eclipse-version {execution: eclipsize-version}]
[INFO] eclipseVersion:5.3.2.-APG-240-SNAPSHOT
[INFO] [resources:resources {execution: default-resources}]
[INFO] Using 'UTF-8' encoding to copy filtered resources.
[INFO] Copying 11 resources
[INFO] [compiler:compile {execution: default-compile}]
[INFO] Compiling 1 source file to /usr/local/src/org.nuxeo.tests/nuxeo-service/nuxeo-platform-test/target/classes
[INFO] [resources:testResources {execution: default-testResources}]
[INFO] Using 'UTF-8' encoding to copy filtered resources.
[INFO] Copying 1 resource
[INFO] [compiler:testCompile {execution: default-testCompile}]
[INFO] Compiling 3 source files to /usr/local/src/org.nuxeo.tests/nuxeo-service/nuxeo-platform-test/target/test-classes
[INFO] [surefire:test {execution: default-test}]
[INFO] Surefire report directory: /usr/local/src/org.nuxeo.tests/nuxeo-service/nuxeo-platform-test/target/surefire-reports

-------------------------------------------------------
 T E S T S
-------------------------------------------------------
Running org.nuxeo.ecm.platform.test.RunnerTest
log4j:WARN No appenders could be found for logger (org.nuxeo.runtime.test.NXRuntimeTestCase).
log4j:WARN Please initialize the log4j system properly.
DatabaseHelper: Database used for VCS tests: org.nuxeo.ecm.core.storage.sql.DatabaseH2
Tests run: 3, Failures: 0, Errors: 0, Skipped: 0, Time elapsed: 3.044 sec
Running org.nuxeo.ecm.platform.test.DirectoryServiceTest
Tests run: 1, Failures: 0, Errors: 0, Skipped: 0, Time elapsed: 0.877 sec
Running org.nuxeo.ecm.platform.test.UserManagerTest
Tests run: 2, Failures: 0, Errors: 0, Skipped: 0, Time elapsed: 1.311 sec

Results :

Tests run: 6, Failures: 0, Errors: 0, Skipped: 0

[INFO] [jar:jar {execution: default-jar}]
[INFO] Building jar: /usr/local/src/org.nuxeo.tests/nuxeo-service/nuxeo-platform-test/target/nuxeo-platform-test-5.3.2-APG-240-SNAPSHOT.jar
[INFO] Preparing source:jar
[WARNING] Removing: jar from forked lifecycle, to prevent recursive invocation.
[INFO] [buildnumber:create {execution: default}]
[INFO] Storing buildNumber: 20100722-083625 at timestamp: 1279780585441
[INFO] [source:jar {execution: attach-sources}]
[INFO] Building jar: /usr/local/src/org.nuxeo.tests/nuxeo-service/nuxeo-platform-test/target/nuxeo-platform-test-5.3.2-APG-240-SNAPSHOT-sources.jar
[INFO] [install:install {execution: default-install}]
[INFO] Installing /usr/local/src/org.nuxeo.tests/nuxeo-service/nuxeo-platform-test/target/nuxeo-platform-test-5.3.2-APG-240-SNAPSHOT.jar to /home/matic/.m2/repository/org/nuxeo/ecm/platform/nuxeo-platform-test/5.3.2-APG-240-SNAPSHOT/nuxeo-platform-test-5.3.2-APG-240-SNAPSHOT.jar
[INFO] Installing /usr/local/src/org.nuxeo.tests/nuxeo-service/nuxeo-platform-test/target/nuxeo-platform-test-5.3.2-APG-240-SNAPSHOT-sources.jar to /home/matic/.m2/repository/org/nuxeo/ecm/platform/nuxeo-platform-test/5.3.2-APG-240-SNAPSHOT/nuxeo-platform-test-5.3.2-APG-240-SNAPSHOT-sources.jar
[INFO] 
[INFO] 
[INFO] ------------------------------------------------------------------------
[INFO] Reactor Summary:
[INFO] ------------------------------------------------------------------------
[INFO] Nuxeo Services Parent ................................. SUCCESS [5.369s]
[INFO] Nuxeo Platform API .................................... SUCCESS [3.768s]
[INFO] Nuxeo Platform Base ................................... SUCCESS [2.518s]
[INFO] Nuxeo Actions Service - Core .......................... SUCCESS [6.433s]
[INFO] Nuxeo CommandLine executor service .................... SUCCESS [4.391s]
[INFO] Nuxeo Platform directory service parent ............... SUCCESS [0.106s]
[INFO] Nuxeo Directory Management Service - API .............. SUCCESS [1.439s]
[INFO] Nuxeo Directory Management Service - Core ............. SUCCESS [5.561s]
[INFO] Nuxeo Directory - SQL Storage ......................... SUCCESS [10.460s]
[INFO] Nuxeo Directory Management Service - Types contribution  SUCCESS [0.876s]
[INFO] Nuxeo Directory - Facade .............................. SUCCESS [1.645s]
[INFO] Nuxeo Directory - LDAP Storage ........................ SUCCESS [25.615s]
[INFO] Nuxeo Directory - Multi-Directory Storage ............. SUCCESS [8.259s]
[INFO] Nuxeo Directory Management Service - Web .............. SUCCESS [4.853s]
[INFO] Nuxeo Dublin Core Support ............................. SUCCESS [12.859s]
[INFO] Nuxeo MimeType Service - API .......................... SUCCESS [1.341s]
[INFO] Nuxeo Platform File Manager API ....................... SUCCESS [2.748s]
[INFO] Nuxeo Search Service - API ............................ SUCCESS [8.018s]
[INFO] Nuxeo Versioning Service - API ........................ SUCCESS [1.328s]
[INFO] Nuxeo Forms Layout API ................................ SUCCESS [1.234s]
[INFO] Nuxeo Content Types Service - API ..................... SUCCESS [1.378s]
[INFO] Nuxeo MimeType Service - Core ......................... SUCCESS [5.995s]
[INFO] Nuxeo Content Types Service - Core .................... SUCCESS [3.346s]
[INFO] Nuxeo Content Template Managager ...................... SUCCESS [20.242s]
[INFO] Nuxeo EP Versioning Service Core ...................... SUCCESS [15.029s]
[INFO] Nuxeo Platform File Manager ........................... SUCCESS [18.999s]
[INFO] Nuxeo Platform File Manager Core Listener ............. SUCCESS [9.832s]
[INFO] Nuxeo Lock Service - API .............................. SUCCESS [1.504s]
[INFO] Nuxeo Lock Service - Core and service implementation .. SUCCESS [6.244s]
[INFO] Nuxeo User Manager - Api .............................. SUCCESS [5.798s]
[INFO] Nuxeo Login Manager ................................... SUCCESS [1.500s]
[INFO] Nuxeo URL Service - API ............................... SUCCESS [1.784s]
[INFO] Nuxeo Common Web Framework ............................ SUCCESS [6.970s]
[INFO] Nuxeo Scheduler - Core ................................ SUCCESS [12.527s]
[INFO] Nuxeo User Manager - Core ............................. SUCCESS [15.221s]
[INFO] Nuxeo Platform Management ............................. SUCCESS [14.230s]
[INFO] Nuxeo HeartBeat Service - API ......................... SUCCESS [1.178s]
[INFO] Nuxeo Heartbeat Service - Core Implementation ......... SUCCESS [29.314s]
[INFO] Nuxeo Platform EL ..................................... SUCCESS [2.489s]
[INFO] Nuxeo Conversion Platform service ..................... SUCCESS [8.605s]
[INFO] Nuxeo Search Service - Core ........................... SUCCESS [7.301s]
[INFO] Nuxeo Rendering Service ............................... SUCCESS [5.030s]
[INFO] Nuxeo URL Service - Core .............................. SUCCESS [3.040s]
[INFO] Nuxeo Platform API Tests .............................. SUCCESS [1.355s]
[INFO] Nuxeo Search Service - Facade ......................... SUCCESS [3.522s]
[INFO] Nuxeo Core Search Backend ............................. SUCCESS [16.530s]
[INFO] Nuxeo Search Service Tests ............................ SUCCESS [4.962s]
[INFO] Nuxeo Platform File Manager Facade .................... SUCCESS [2.279s]
[INFO] Nuxeo Login Manager JBoss extension ................... SUCCESS [1.783s]
[INFO] Nuxeo JbossSX Web Authentication ...................... SUCCESS [1.979s]
[INFO] Nuxeo MimeType Service - Facade ....................... SUCCESS [9.178s]
[INFO] Nuxeo Placeful Configuration Service - API ............ SUCCESS [3.700s]
[INFO] Nuxeo Placeful Configuration Service - Core ........... SUCCESS [28.971s]
[INFO] Nuxeo Placeful Configuration Service - Facade ......... SUCCESS [5.642s]
[INFO] Nuxeo Placeful Configuration Service - Theme .......... SUCCESS [1.796s]
[INFO] Nuxeo Content Types Service - Facade .................. SUCCESS [1.669s]
[INFO] Nuxeo UID Generator Service ........................... SUCCESS [14.071s]
[INFO] Nuxeo URL Service - Facade ............................ SUCCESS [1.371s]
[INFO] Nuxeo User Manager - Facade ........................... SUCCESS [1.337s]
[INFO] Nuxeo Platform WebService ............................. SUCCESS [3.616s]
[INFO] Nuxeo HTML Sanitizer Service .......................... SUCCESS [5.424s]
[INFO] Nuxeo Shell Base Commands ............................. SUCCESS [10.199s]
[INFO] Nuxeo Platform Test Framework ......................... SUCCESS [7.838s]
[INFO] ------------------------------------------------------------------------
[INFO] ------------------------------------------------------------------------
[INFO] BUILD SUCCESSFUL
[INFO] ------------------------------------------------------------------------
[INFO] Total time: 7 minutes 18 seconds
[INFO] Finished at: Thu Jul 22 08:36:25 CEST 2010
[INFO] Final Memory: 196M/817M
[INFO] ------------------------------------------------------------------------
